Sat 09 May 2026 19:07:22 INFO  
General Hyper Parameters:
gpu_id = 0
use_gpu = True
seed = 2020
state = INFO
reproducibility = True
data_path = dataset/30music__days[365-305]_pcount[25]_ptime[60-1000000]_length[2-100]_recent[100]
checkpoint_dir = saved/NARM_30music__days[365-305]_pcount[25]_ptime[60-1000000]_length[2-100]_recent[100]
show_progress = True
save_dataset = False
dataset_save_path = None
save_dataloaders = False
dataloaders_save_path = None
log_wandb = False

Training Hyper Parameters:
epochs = 20
train_batch_size = 2048
learner = adam
learning_rate = 0.001
train_neg_sample_args = {'distribution': 'none', 'sample_num': 'none', 'alpha': 'none', 'dynamic': False, 'candidate_num': 0}
eval_step = 1
stopping_step = 3
clip_grad_norm = None
weight_decay = 0.0
loss_decimal_place = 4

Evaluation Hyper Parameters:
eval_args = {'split': {'RS': [8, 1, 1]}, 'order': 'TO', 'group_by': 'user', 'mode': {'valid': 'full', 'test': 'full'}}
repeatable = True
metrics = ['Recall', 'Precision', 'MRR', 'MAP', 'Hit', 'NDCG', 'AveragePopularity', 'ItemCoverage', 'GiniIndex']
topk = [5, 10, 15, 20]
valid_metric = MRR@10
valid_metric_bigger = True
eval_batch_size = 2048
metric_decimal_place = 4

Dataset Hyper Parameters:
gpu_id = 0
worker = 0
use_gpu = True
seed = 2020
state = INFO
reproducibility = True
data_path = dataset/30music__days[365-305]_pcount[25]_ptime[60-1000000]_length[2-100]_recent[100]
checkpoint_dir = saved/NARM_30music__days[365-305]_pcount[25]_ptime[60-1000000]_length[2-100]_recent[100]
show_progress = True
save_dataset = False
dataset_save_path = None
save_dataloaders = False
dataloaders_save_path = None
log_wandb = False
wandb_project = recbole
shuffle = True
epochs = 20
train_batch_size = 2048
learner = adam
learning_rate = 0.001
train_neg_sample_args = {'distribution': 'none', 'sample_num': 'none', 'alpha': 'none', 'dynamic': False, 'candidate_num': 0}
eval_step = 1
stopping_step = 3
clip_grad_norm = None
weight_decay = 0.0
loss_decimal_place = 4
require_pow = False
enable_amp = False
enable_scaler = False
transform = None
eval_args = {'split': {'RS': [8, 1, 1]}, 'order': 'TO', 'group_by': 'user', 'mode': {'valid': 'full', 'test': 'full'}}
repeatable = True
metrics = ['Recall', 'Precision', 'MRR', 'MAP', 'Hit', 'NDCG', 'AveragePopularity', 'ItemCoverage', 'GiniIndex']
topk = [5, 10, 15, 20]
valid_metric = MRR@10
valid_metric_bigger = True
eval_batch_size = 2048
metric_decimal_place = 4
field_separator = 	
seq_separator =  
USER_ID_FIELD = session_id
ITEM_ID_FIELD = item_id
RATING_FIELD = rating
TIME_FIELD = timestamp
seq_len = None
LABEL_FIELD = label
threshold = None
NEG_PREFIX = neg_
numerical_features = []
load_col = {'inter': ['session_id', 'item_id', 'timestamp']}
unload_col = None
unused_col = None
additional_feat_suffix = None
rm_dup_inter = None
val_interval = None
filter_inter_by_user_or_item = True
user_inter_num_interval = [0,inf)
item_inter_num_interval = [0,inf)
alias_of_user_id = None
alias_of_item_id = None
alias_of_entity_id = None
alias_of_relation_id = None
preload_weight = None
normalize_field = None
normalize_all = None
discretization = None
ITEM_LIST_LENGTH_FIELD = item_length
LIST_SUFFIX = _list
MAX_ITEM_LIST_LENGTH = 100
POSITION_FIELD = position_id
HEAD_ENTITY_ID_FIELD = head_id
TAIL_ENTITY_ID_FIELD = tail_id
RELATION_ID_FIELD = relation_id
ENTITY_ID_FIELD = entity_id
benchmark_filename = None

Other Hyper Parameters: 
embedding_size = 64
hidden_size = 128
n_layers = 1
dropout_probs = [0.3, 0.5]
loss_type = CE
kg_reverse_r = False
entity_kg_num_interval = [0,inf)
relation_kg_num_interval = [0,inf)
MODEL_TYPE = ModelType.SEQUENTIAL
neg_sampling = None
MODEL_INPUT_TYPE = InputType.POINTWISE
eval_type = EvaluatorType.RANKING
single_spec = True
local_rank = 0
device = cuda
valid_neg_sample_args = {'distribution': 'uniform', 'sample_num': 'none'}
test_neg_sample_args = {'distribution': 'uniform', 'sample_num': 'none'}


Sat 09 May 2026 19:07:33 INFO  30music__days[365-305]_pcount[25]_ptime[60-1000000]_length[2-100]_recent[100]
The number of users: 222038
Average actions of users: 9.921346442259624
The number of items: 115198
Average actions of items: 19.12294591004974
The number of inters: 2202906
The sparsity of the dataset: 99.99138760936896%
Remain Fields: ['session_id', 'item_id', 'timestamp']
Sat 09 May 2026 19:08:01 INFO  [Training]: train_batch_size = [2048] train_neg_sample_args: [{'distribution': 'none', 'sample_num': 'none', 'alpha': 'none', 'dynamic': False, 'candidate_num': 0}]
Sat 09 May 2026 19:08:01 INFO  [Evaluation]: eval_batch_size = [2048] eval_args: [{'split': {'RS': [8, 1, 1]}, 'order': 'TO', 'group_by': 'user', 'mode': {'valid': 'full', 'test': 'full'}}]
Sat 09 May 2026 19:08:01 INFO  NARM(
  (item_embedding): Embedding(115198, 64, padding_idx=0)
  (emb_dropout): Dropout(p=0.3, inplace=False)
  (gru): GRU(64, 128, bias=False, batch_first=True)
  (a_1): Linear(in_features=128, out_features=128, bias=False)
  (a_2): Linear(in_features=128, out_features=128, bias=False)
  (v_t): Linear(in_features=128, out_features=1, bias=False)
  (ct_dropout): Dropout(p=0.5, inplace=False)
  (b): Linear(in_features=256, out_features=64, bias=False)
  (loss_fct): CrossEntropyLoss()
)
Trainable parameters: 7495680
Sat 09 May 2026 19:10:48 INFO  epoch 0 training [time: 166.87s, train loss: 7177.2450]
Sat 09 May 2026 19:11:00 INFO  epoch 0 evaluating [time: 12.35s, valid_score: 0.093200]
Sat 09 May 2026 19:11:00 INFO  valid result: 
recall@5 : 0.1432
recall@10 : 0.2158
recall@15 : 0.2539
recall@20 : 0.2769
precision@5 : 0.0286
precision@10 : 0.0216
precision@15 : 0.0169
precision@20 : 0.0138
mrr@5 : 0.0835
mrr@10 : 0.0932
mrr@15 : 0.0962
mrr@20 : 0.0975
map@5 : 0.0835
map@10 : 0.0932
map@15 : 0.0962
map@20 : 0.0975
hit@5 : 0.1432
hit@10 : 0.2158
hit@15 : 0.2539
hit@20 : 0.2769
ndcg@5 : 0.0982
ndcg@10 : 0.1217
ndcg@15 : 0.1318
ndcg@20 : 0.1372
averagepopularity@5 : 150.0756
averagepopularity@10 : 140.526
averagepopularity@15 : 133.5281
averagepopularity@20 : 128.4667
itemcoverage@5 : 0.2239
itemcoverage@10 : 0.2895
itemcoverage@15 : 0.3261
itemcoverage@20 : 0.3515
giniindex@5 : 0.9462
giniindex@10 : 0.9313
giniindex@15 : 0.9235
giniindex@20 : 0.9182
Sat 09 May 2026 19:11:01 INFO  Saving current: saved/NARM_30music__days[365-305]_pcount[25]_ptime[60-1000000]_length[2-100]_recent[100]/NARM-May-09-2026_19-08-01.pth
Sat 09 May 2026 19:13:48 INFO  epoch 1 training [time: 167.11s, train loss: 5605.1895]
Sat 09 May 2026 19:14:00 INFO  epoch 1 evaluating [time: 12.28s, valid_score: 0.140500]
Sat 09 May 2026 19:14:00 INFO  valid result: 
recall@5 : 0.2228
recall@10 : 0.3102
recall@15 : 0.3557
recall@20 : 0.3823
precision@5 : 0.0446
precision@10 : 0.031
precision@15 : 0.0237
precision@20 : 0.0191
mrr@5 : 0.1288
mrr@10 : 0.1405
mrr@15 : 0.1441
mrr@20 : 0.1456
map@5 : 0.1288
map@10 : 0.1405
map@15 : 0.1441
map@20 : 0.1456
hit@5 : 0.2228
hit@10 : 0.3102
hit@15 : 0.3557
hit@20 : 0.3823
ndcg@5 : 0.152
ndcg@10 : 0.1804
ndcg@15 : 0.1924
ndcg@20 : 0.1987
averagepopularity@5 : 121.4144
averagepopularity@10 : 114.5483
averagepopularity@15 : 109.7315
averagepopularity@20 : 106.0186
itemcoverage@5 : 0.386
itemcoverage@10 : 0.486
itemcoverage@15 : 0.5362
itemcoverage@20 : 0.568
giniindex@5 : 0.8962
giniindex@10 : 0.8717
giniindex@15 : 0.8601
giniindex@20 : 0.8529
Sat 09 May 2026 19:14:00 INFO  Saving current: saved/NARM_30music__days[365-305]_pcount[25]_ptime[60-1000000]_length[2-100]_recent[100]/NARM-May-09-2026_19-08-01.pth
Sat 09 May 2026 19:16:47 INFO  epoch 2 training [time: 167.07s, train loss: 5076.8959]
Sat 09 May 2026 19:17:00 INFO  epoch 2 evaluating [time: 12.40s, valid_score: 0.174600]
Sat 09 May 2026 19:17:00 INFO  valid result: 
recall@5 : 0.2735
recall@10 : 0.3579
recall@15 : 0.4003
recall@20 : 0.4261
precision@5 : 0.0547
precision@10 : 0.0358
precision@15 : 0.0267
precision@20 : 0.0213
mrr@5 : 0.1633
mrr@10 : 0.1746
mrr@15 : 0.178
mrr@20 : 0.1795
map@5 : 0.1633
map@10 : 0.1746
map@15 : 0.178
map@20 : 0.1795
hit@5 : 0.2735
hit@10 : 0.3579
hit@15 : 0.4003
hit@20 : 0.4261
ndcg@5 : 0.1906
ndcg@10 : 0.218
ndcg@15 : 0.2292
ndcg@20 : 0.2353
averagepopularity@5 : 109.6874
averagepopularity@10 : 104.6986
averagepopularity@15 : 100.8039
averagepopularity@20 : 97.7416
itemcoverage@5 : 0.4958
itemcoverage@10 : 0.6028
itemcoverage@15 : 0.6531
itemcoverage@20 : 0.6856
giniindex@5 : 0.8589
giniindex@10 : 0.8334
giniindex@15 : 0.8217
giniindex@20 : 0.8141
Sat 09 May 2026 19:17:00 INFO  Saving current: saved/NARM_30music__days[365-305]_pcount[25]_ptime[60-1000000]_length[2-100]_recent[100]/NARM-May-09-2026_19-08-01.pth
Sat 09 May 2026 19:19:47 INFO  epoch 3 training [time: 166.53s, train loss: 4803.8189]
Sat 09 May 2026 19:19:59 INFO  epoch 3 evaluating [time: 12.37s, valid_score: 0.200600]
Sat 09 May 2026 19:19:59 INFO  valid result: 
recall@5 : 0.308
recall@10 : 0.3855
recall@15 : 0.424
recall@20 : 0.4476
precision@5 : 0.0616
precision@10 : 0.0386
precision@15 : 0.0283
precision@20 : 0.0224
mrr@5 : 0.1902
mrr@10 : 0.2006
mrr@15 : 0.2036
mrr@20 : 0.205
map@5 : 0.1902
map@10 : 0.2006
map@15 : 0.2036
map@20 : 0.205
hit@5 : 0.308
hit@10 : 0.3855
hit@15 : 0.424
hit@20 : 0.4476
ndcg@5 : 0.2194
ndcg@10 : 0.2446
ndcg@15 : 0.2548
ndcg@20 : 0.2604
averagepopularity@5 : 111.3301
averagepopularity@10 : 105.4056
averagepopularity@15 : 101.1238
averagepopularity@20 : 97.8621
itemcoverage@5 : 0.5679
itemcoverage@10 : 0.6724
itemcoverage@15 : 0.7201
itemcoverage@20 : 0.7504
giniindex@5 : 0.834
giniindex@10 : 0.8114
giniindex@15 : 0.8007
giniindex@20 : 0.7935
Sat 09 May 2026 19:20:00 INFO  Saving current: saved/NARM_30music__days[365-305]_pcount[25]_ptime[60-1000000]_length[2-100]_recent[100]/NARM-May-09-2026_19-08-01.pth
Sat 09 May 2026 19:22:46 INFO  epoch 4 training [time: 166.82s, train loss: 4619.4401]
Sat 09 May 2026 19:22:59 INFO  epoch 4 evaluating [time: 12.43s, valid_score: 0.220500]
Sat 09 May 2026 19:22:59 INFO  valid result: 
recall@5 : 0.3312
recall@10 : 0.4039
recall@15 : 0.4392
recall@20 : 0.4617
precision@5 : 0.0662
precision@10 : 0.0404
precision@15 : 0.0293
precision@20 : 0.0231
mrr@5 : 0.2107
mrr@10 : 0.2205
mrr@15 : 0.2233
mrr@20 : 0.2246
map@5 : 0.2107
map@10 : 0.2205
map@15 : 0.2233
map@20 : 0.2246
hit@5 : 0.3312
hit@10 : 0.4039
hit@15 : 0.4392
hit@20 : 0.4617
ndcg@5 : 0.2407
ndcg@10 : 0.2644
ndcg@15 : 0.2737
ndcg@20 : 0.279
averagepopularity@5 : 103.805
averagepopularity@10 : 99.0508
averagepopularity@15 : 95.1921
averagepopularity@20 : 92.108
itemcoverage@5 : 0.6188
itemcoverage@10 : 0.7188
itemcoverage@15 : 0.7643
itemcoverage@20 : 0.7924
giniindex@5 : 0.8134
giniindex@10 : 0.792
giniindex@15 : 0.7814
giniindex@20 : 0.7738
Sat 09 May 2026 19:22:59 INFO  Saving current: saved/NARM_30music__days[365-305]_pcount[25]_ptime[60-1000000]_length[2-100]_recent[100]/NARM-May-09-2026_19-08-01.pth
Sat 09 May 2026 19:25:48 INFO  epoch 5 training [time: 168.34s, train loss: 4478.2180]
Sat 09 May 2026 19:26:00 INFO  epoch 5 evaluating [time: 12.34s, valid_score: 0.238800]
Sat 09 May 2026 19:26:00 INFO  valid result: 
recall@5 : 0.3503
recall@10 : 0.4166
recall@15 : 0.4502
recall@20 : 0.4714
precision@5 : 0.0701
precision@10 : 0.0417
precision@15 : 0.03
precision@20 : 0.0236
mrr@5 : 0.2299
mrr@10 : 0.2388
mrr@15 : 0.2415
mrr@20 : 0.2427
map@5 : 0.2299
map@10 : 0.2388
map@15 : 0.2415
map@20 : 0.2427
hit@5 : 0.3503
hit@10 : 0.4166
hit@15 : 0.4502
hit@20 : 0.4714
ndcg@5 : 0.2599
ndcg@10 : 0.2815
ndcg@15 : 0.2904
ndcg@20 : 0.2954
averagepopularity@5 : 101.4267
averagepopularity@10 : 97.6297
averagepopularity@15 : 94.2944
averagepopularity@20 : 91.4555
itemcoverage@5 : 0.6528
itemcoverage@10 : 0.7467
itemcoverage@15 : 0.7895
itemcoverage@20 : 0.8158
giniindex@5 : 0.8004
giniindex@10 : 0.782
giniindex@15 : 0.7723
giniindex@20 : 0.765
Sat 09 May 2026 19:26:00 INFO  Saving current: saved/NARM_30music__days[365-305]_pcount[25]_ptime[60-1000000]_length[2-100]_recent[100]/NARM-May-09-2026_19-08-01.pth
Sat 09 May 2026 19:28:50 INFO  epoch 6 training [time: 169.77s, train loss: 4367.5333]
Sat 09 May 2026 19:29:04 INFO  epoch 6 evaluating [time: 13.89s, valid_score: 0.251800]
Sat 09 May 2026 19:29:04 INFO  valid result: 
recall@5 : 0.3608
recall@10 : 0.4242
recall@15 : 0.456
recall@20 : 0.4765
precision@5 : 0.0722
precision@10 : 0.0424
precision@15 : 0.0304
precision@20 : 0.0238
mrr@5 : 0.2432
mrr@10 : 0.2518
mrr@15 : 0.2543
mrr@20 : 0.2554
map@5 : 0.2432
map@10 : 0.2518
map@15 : 0.2543
map@20 : 0.2554
hit@5 : 0.3608
hit@10 : 0.4242
hit@15 : 0.456
hit@20 : 0.4765
ndcg@5 : 0.2726
ndcg@10 : 0.2932
ndcg@15 : 0.3016
ndcg@20 : 0.3065
averagepopularity@5 : 105.0548
averagepopularity@10 : 100.3976
averagepopularity@15 : 96.4964
averagepopularity@20 : 93.5357
itemcoverage@5 : 0.6714
itemcoverage@10 : 0.7633
itemcoverage@15 : 0.8052
itemcoverage@20 : 0.832
giniindex@5 : 0.7949
giniindex@10 : 0.7783
giniindex@15 : 0.769
giniindex@20 : 0.7617
Sat 09 May 2026 19:29:04 INFO  Saving current: saved/NARM_30music__days[365-305]_pcount[25]_ptime[60-1000000]_length[2-100]_recent[100]/NARM-May-09-2026_19-08-01.pth
Sat 09 May 2026 19:31:57 INFO  epoch 7 training [time: 172.26s, train loss: 4269.6350]
Sat 09 May 2026 19:32:09 INFO  epoch 7 evaluating [time: 12.69s, valid_score: 0.267300]
Sat 09 May 2026 19:32:09 INFO  valid result: 
recall@5 : 0.372
recall@10 : 0.4322
recall@15 : 0.4628
recall@20 : 0.4827
precision@5 : 0.0744
precision@10 : 0.0432
precision@15 : 0.0309
precision@20 : 0.0241
mrr@5 : 0.2592
mrr@10 : 0.2673
mrr@15 : 0.2697
mrr@20 : 0.2708
map@5 : 0.2592
map@10 : 0.2673
map@15 : 0.2697
map@20 : 0.2708
hit@5 : 0.372
hit@10 : 0.4322
hit@15 : 0.4628
hit@20 : 0.4827
ndcg@5 : 0.2874
ndcg@10 : 0.3069
ndcg@15 : 0.3151
ndcg@20 : 0.3197
averagepopularity@5 : 97.498
averagepopularity@10 : 93.9181
averagepopularity@15 : 90.5759
averagepopularity@20 : 87.8638
itemcoverage@5 : 0.6924
itemcoverage@10 : 0.7812
itemcoverage@15 : 0.8216
itemcoverage@20 : 0.8467
giniindex@5 : 0.7825
giniindex@10 : 0.7667
giniindex@15 : 0.7571
giniindex@20 : 0.7496
Sat 09 May 2026 19:32:10 INFO  Saving current: saved/NARM_30music__days[365-305]_pcount[25]_ptime[60-1000000]_length[2-100]_recent[100]/NARM-May-09-2026_19-08-01.pth
Sat 09 May 2026 19:35:00 INFO  epoch 8 training [time: 169.89s, train loss: 4188.1216]
Sat 09 May 2026 19:35:12 INFO  epoch 8 evaluating [time: 12.25s, valid_score: 0.277100]
Sat 09 May 2026 19:35:12 INFO  valid result: 
recall@5 : 0.3774
recall@10 : 0.435
recall@15 : 0.465
recall@20 : 0.4844
precision@5 : 0.0755
precision@10 : 0.0435
precision@15 : 0.031
precision@20 : 0.0242
mrr@5 : 0.2694
mrr@10 : 0.2771
mrr@15 : 0.2795
mrr@20 : 0.2806
map@5 : 0.2694
map@10 : 0.2771
map@15 : 0.2795
map@20 : 0.2806
hit@5 : 0.3774
hit@10 : 0.435
hit@15 : 0.465
hit@20 : 0.4844
ndcg@5 : 0.2964
ndcg@10 : 0.3151
ndcg@15 : 0.323
ndcg@20 : 0.3276
averagepopularity@5 : 94.9275
averagepopularity@10 : 91.7352
averagepopularity@15 : 88.5131
averagepopularity@20 : 85.8953
itemcoverage@5 : 0.7094
itemcoverage@10 : 0.7957
itemcoverage@15 : 0.8351
itemcoverage@20 : 0.8594
giniindex@5 : 0.774
giniindex@10 : 0.7586
giniindex@15 : 0.7489
giniindex@20 : 0.7412
Sat 09 May 2026 19:35:12 INFO  Saving current: saved/NARM_30music__days[365-305]_pcount[25]_ptime[60-1000000]_length[2-100]_recent[100]/NARM-May-09-2026_19-08-01.pth
Sat 09 May 2026 19:37:58 INFO  epoch 9 training [time: 165.25s, train loss: 4115.5820]
Sat 09 May 2026 19:38:10 INFO  epoch 9 evaluating [time: 12.28s, valid_score: 0.286600]
Sat 09 May 2026 19:38:10 INFO  valid result: 
recall@5 : 0.3831
recall@10 : 0.4381
recall@15 : 0.4677
recall@20 : 0.4861
precision@5 : 0.0766
precision@10 : 0.0438
precision@15 : 0.0312
precision@20 : 0.0243
mrr@5 : 0.2792
mrr@10 : 0.2866
mrr@15 : 0.289
mrr@20 : 0.29
map@5 : 0.2792
map@10 : 0.2866
map@15 : 0.289
map@20 : 0.29
hit@5 : 0.3831
hit@10 : 0.4381
hit@15 : 0.4677
hit@20 : 0.4861
ndcg@5 : 0.3052
ndcg@10 : 0.3231
ndcg@15 : 0.3309
ndcg@20 : 0.3353
averagepopularity@5 : 97.2748
averagepopularity@10 : 93.8904
averagepopularity@15 : 90.4574
averagepopularity@20 : 87.7447
itemcoverage@5 : 0.7173
itemcoverage@10 : 0.8041
itemcoverage@15 : 0.8425
itemcoverage@20 : 0.867
giniindex@5 : 0.7711
giniindex@10 : 0.756
giniindex@15 : 0.7464
giniindex@20 : 0.7387
Sat 09 May 2026 19:38:10 INFO  Saving current: saved/NARM_30music__days[365-305]_pcount[25]_ptime[60-1000000]_length[2-100]_recent[100]/NARM-May-09-2026_19-08-01.pth
Sat 09 May 2026 19:40:59 INFO  epoch 10 training [time: 168.13s, train loss: 4049.2803]
Sat 09 May 2026 19:41:11 INFO  epoch 10 evaluating [time: 12.89s, valid_score: 0.293900]
Sat 09 May 2026 19:41:11 INFO  valid result: 
recall@5 : 0.3867
recall@10 : 0.4414
recall@15 : 0.4696
recall@20 : 0.488
precision@5 : 0.0773
precision@10 : 0.0441
precision@15 : 0.0313
precision@20 : 0.0244
mrr@5 : 0.2866
mrr@10 : 0.2939
mrr@15 : 0.2961
mrr@20 : 0.2972
map@5 : 0.2866
map@10 : 0.2939
map@15 : 0.2961
map@20 : 0.2972
hit@5 : 0.3867
hit@10 : 0.4414
hit@15 : 0.4696
hit@20 : 0.488
ndcg@5 : 0.3116
ndcg@10 : 0.3293
ndcg@15 : 0.3368
ndcg@20 : 0.3412
averagepopularity@5 : 91.3317
averagepopularity@10 : 88.6206
averagepopularity@15 : 85.7194
averagepopularity@20 : 83.3338
itemcoverage@5 : 0.7321
itemcoverage@10 : 0.8166
itemcoverage@15 : 0.8546
itemcoverage@20 : 0.8773
giniindex@5 : 0.7603
giniindex@10 : 0.7448
giniindex@15 : 0.7347
giniindex@20 : 0.7267
Sat 09 May 2026 19:41:12 INFO  Saving current: saved/NARM_30music__days[365-305]_pcount[25]_ptime[60-1000000]_length[2-100]_recent[100]/NARM-May-09-2026_19-08-01.pth
Sat 09 May 2026 19:44:03 INFO  epoch 11 training [time: 171.57s, train loss: 3991.4060]
Sat 09 May 2026 19:44:16 INFO  epoch 11 evaluating [time: 12.56s, valid_score: 0.302400]
Sat 09 May 2026 19:44:16 INFO  valid result: 
recall@5 : 0.3906
recall@10 : 0.4437
recall@15 : 0.4718
recall@20 : 0.4897
precision@5 : 0.0781
precision@10 : 0.0444
precision@15 : 0.0315
precision@20 : 0.0245
mrr@5 : 0.2953
mrr@10 : 0.3024
mrr@15 : 0.3046
mrr@20 : 0.3056
map@5 : 0.2953
map@10 : 0.3024
map@15 : 0.3046
map@20 : 0.3056
hit@5 : 0.3906
hit@10 : 0.4437
hit@15 : 0.4718
hit@20 : 0.4897
ndcg@5 : 0.3191
ndcg@10 : 0.3364
ndcg@15 : 0.3438
ndcg@20 : 0.348
averagepopularity@5 : 90.4602
averagepopularity@10 : 87.9693
averagepopularity@15 : 85.0627
averagepopularity@20 : 82.6426
itemcoverage@5 : 0.738
itemcoverage@10 : 0.8224
itemcoverage@15 : 0.8593
itemcoverage@20 : 0.8817
giniindex@5 : 0.7579
giniindex@10 : 0.7432
giniindex@15 : 0.7332
giniindex@20 : 0.7253
Sat 09 May 2026 19:44:16 INFO  Saving current: saved/NARM_30music__days[365-305]_pcount[25]_ptime[60-1000000]_length[2-100]_recent[100]/NARM-May-09-2026_19-08-01.pth
Sat 09 May 2026 19:47:05 INFO  epoch 12 training [time: 169.04s, train loss: 3939.3287]
Sat 09 May 2026 19:47:18 INFO  epoch 12 evaluating [time: 12.82s, valid_score: 0.305400]
Sat 09 May 2026 19:47:18 INFO  valid result: 
recall@5 : 0.3912
recall@10 : 0.4437
recall@15 : 0.4716
recall@20 : 0.4901
precision@5 : 0.0782
precision@10 : 0.0444
precision@15 : 0.0314
precision@20 : 0.0245
mrr@5 : 0.2983
mrr@10 : 0.3054
mrr@15 : 0.3076
mrr@20 : 0.3086
map@5 : 0.2983
map@10 : 0.3054
map@15 : 0.3076
map@20 : 0.3086
hit@5 : 0.3912
hit@10 : 0.4437
hit@15 : 0.4716
hit@20 : 0.4901
ndcg@5 : 0.3216
ndcg@10 : 0.3386
ndcg@15 : 0.346
ndcg@20 : 0.3503
averagepopularity@5 : 93.6246
averagepopularity@10 : 90.5704
averagepopularity@15 : 87.4389
averagepopularity@20 : 84.8946
itemcoverage@5 : 0.7443
itemcoverage@10 : 0.8283
itemcoverage@15 : 0.8659
itemcoverage@20 : 0.8877
giniindex@5 : 0.7558
giniindex@10 : 0.7409
giniindex@15 : 0.7309
giniindex@20 : 0.7229
Sat 09 May 2026 19:47:19 INFO  Saving current: saved/NARM_30music__days[365-305]_pcount[25]_ptime[60-1000000]_length[2-100]_recent[100]/NARM-May-09-2026_19-08-01.pth
Sat 09 May 2026 19:50:04 INFO  epoch 13 training [time: 165.71s, train loss: 3891.0467]
Sat 09 May 2026 19:50:17 INFO  epoch 13 evaluating [time: 12.28s, valid_score: 0.310100]
Sat 09 May 2026 19:50:17 INFO  valid result: 
recall@5 : 0.3933
recall@10 : 0.4447
recall@15 : 0.4727
recall@20 : 0.4911
precision@5 : 0.0787
precision@10 : 0.0445
precision@15 : 0.0315
precision@20 : 0.0246
mrr@5 : 0.3032
mrr@10 : 0.3101
mrr@15 : 0.3123
mrr@20 : 0.3133
map@5 : 0.3032
map@10 : 0.3101
map@15 : 0.3123
map@20 : 0.3133
hit@5 : 0.3933
hit@10 : 0.4447
hit@15 : 0.4727
hit@20 : 0.4911
ndcg@5 : 0.3257
ndcg@10 : 0.3424
ndcg@15 : 0.3498
ndcg@20 : 0.3541
averagepopularity@5 : 92.0854
averagepopularity@10 : 89.1048
averagepopularity@15 : 85.9383
averagepopularity@20 : 83.4206
itemcoverage@5 : 0.7519
itemcoverage@10 : 0.8347
itemcoverage@15 : 0.8714
itemcoverage@20 : 0.8929
giniindex@5 : 0.751
giniindex@10 : 0.736
giniindex@15 : 0.726
giniindex@20 : 0.718
Sat 09 May 2026 19:50:17 INFO  Saving current: saved/NARM_30music__days[365-305]_pcount[25]_ptime[60-1000000]_length[2-100]_recent[100]/NARM-May-09-2026_19-08-01.pth
Sat 09 May 2026 19:53:04 INFO  epoch 14 training [time: 167.14s, train loss: 3850.4315]
Sat 09 May 2026 19:53:18 INFO  epoch 14 evaluating [time: 13.17s, valid_score: 0.314600]
Sat 09 May 2026 19:53:18 INFO  valid result: 
recall@5 : 0.3955
recall@10 : 0.4462
recall@15 : 0.4737
recall@20 : 0.491
precision@5 : 0.0791
precision@10 : 0.0446
precision@15 : 0.0316
precision@20 : 0.0245
mrr@5 : 0.3078
mrr@10 : 0.3146
mrr@15 : 0.3168
mrr@20 : 0.3178
map@5 : 0.3078
map@10 : 0.3146
map@15 : 0.3168
map@20 : 0.3178
hit@5 : 0.3955
hit@10 : 0.4462
hit@15 : 0.4737
hit@20 : 0.491
ndcg@5 : 0.3298
ndcg@10 : 0.3462
ndcg@15 : 0.3535
ndcg@20 : 0.3576
averagepopularity@5 : 91.4848
averagepopularity@10 : 89.0105
averagepopularity@15 : 86.1061
averagepopularity@20 : 83.6703
itemcoverage@5 : 0.756
itemcoverage@10 : 0.8377
itemcoverage@15 : 0.8749
itemcoverage@20 : 0.896
giniindex@5 : 0.7494
giniindex@10 : 0.7348
giniindex@15 : 0.7246
giniindex@20 : 0.7166
Sat 09 May 2026 19:53:18 INFO  Saving current: saved/NARM_30music__days[365-305]_pcount[25]_ptime[60-1000000]_length[2-100]_recent[100]/NARM-May-09-2026_19-08-01.pth
Sat 09 May 2026 19:56:13 INFO  epoch 15 training [time: 174.93s, train loss: 3811.1885]
Sat 09 May 2026 19:56:26 INFO  epoch 15 evaluating [time: 13.45s, valid_score: 0.319200]
Sat 09 May 2026 19:56:26 INFO  valid result: 
recall@5 : 0.3974
recall@10 : 0.4478
recall@15 : 0.4748
recall@20 : 0.4921
precision@5 : 0.0795
precision@10 : 0.0448
precision@15 : 0.0317
precision@20 : 0.0246
mrr@5 : 0.3124
mrr@10 : 0.3192
mrr@15 : 0.3213
mrr@20 : 0.3223
map@5 : 0.3124
map@10 : 0.3192
map@15 : 0.3213
map@20 : 0.3223
hit@5 : 0.3974
hit@10 : 0.4478
hit@15 : 0.4748
hit@20 : 0.4921
ndcg@5 : 0.3337
ndcg@10 : 0.35
ndcg@15 : 0.3572
ndcg@20 : 0.3612
averagepopularity@5 : 90.9427
averagepopularity@10 : 88.1707
averagepopularity@15 : 85.0987
averagepopularity@20 : 82.6785
itemcoverage@5 : 0.7614
itemcoverage@10 : 0.8432
itemcoverage@15 : 0.8802
itemcoverage@20 : 0.9012
giniindex@5 : 0.7463
giniindex@10 : 0.7314
giniindex@15 : 0.7211
giniindex@20 : 0.713
Sat 09 May 2026 19:56:27 INFO  Saving current: saved/NARM_30music__days[365-305]_pcount[25]_ptime[60-1000000]_length[2-100]_recent[100]/NARM-May-09-2026_19-08-01.pth
Sat 09 May 2026 19:59:23 INFO  epoch 16 training [time: 175.85s, train loss: 3775.4211]
Sat 09 May 2026 19:59:35 INFO  epoch 16 evaluating [time: 12.57s, valid_score: 0.322600]
Sat 09 May 2026 19:59:35 INFO  valid result: 
recall@5 : 0.3996
recall@10 : 0.4483
recall@15 : 0.4753
recall@20 : 0.4929
precision@5 : 0.0799
precision@10 : 0.0448
precision@15 : 0.0317
precision@20 : 0.0246
mrr@5 : 0.3161
mrr@10 : 0.3226
mrr@15 : 0.3247
mrr@20 : 0.3257
map@5 : 0.3161
map@10 : 0.3226
map@15 : 0.3247
map@20 : 0.3257
hit@5 : 0.3996
hit@10 : 0.4483
hit@15 : 0.4753
hit@20 : 0.4929
ndcg@5 : 0.337
ndcg@10 : 0.3527
ndcg@15 : 0.3599
ndcg@20 : 0.3641
averagepopularity@5 : 89.821
averagepopularity@10 : 87.1949
averagepopularity@15 : 84.2706
averagepopularity@20 : 81.8608
itemcoverage@5 : 0.7626
itemcoverage@10 : 0.8453
itemcoverage@15 : 0.8819
itemcoverage@20 : 0.9029
giniindex@5 : 0.745
giniindex@10 : 0.7308
giniindex@15 : 0.7207
giniindex@20 : 0.7127
Sat 09 May 2026 19:59:36 INFO  Saving current: saved/NARM_30music__days[365-305]_pcount[25]_ptime[60-1000000]_length[2-100]_recent[100]/NARM-May-09-2026_19-08-01.pth
Sat 09 May 2026 20:02:31 INFO  epoch 17 training [time: 174.99s, train loss: 3745.8100]
Sat 09 May 2026 20:02:44 INFO  epoch 17 evaluating [time: 13.54s, valid_score: 0.324600]
Sat 09 May 2026 20:02:44 INFO  valid result: 
recall@5 : 0.3998
recall@10 : 0.4488
recall@15 : 0.4751
recall@20 : 0.4924
precision@5 : 0.08
precision@10 : 0.0449
precision@15 : 0.0317
precision@20 : 0.0246
mrr@5 : 0.318
mrr@10 : 0.3246
mrr@15 : 0.3267
mrr@20 : 0.3276
map@5 : 0.318
map@10 : 0.3246
map@15 : 0.3267
map@20 : 0.3276
hit@5 : 0.3998
hit@10 : 0.4488
hit@15 : 0.4751
hit@20 : 0.4924
ndcg@5 : 0.3385
ndcg@10 : 0.3544
ndcg@15 : 0.3613
ndcg@20 : 0.3654
averagepopularity@5 : 87.6986
averagepopularity@10 : 85.177
averagepopularity@15 : 82.3755
averagepopularity@20 : 79.9212
itemcoverage@5 : 0.7684
itemcoverage@10 : 0.8496
itemcoverage@15 : 0.886
itemcoverage@20 : 0.9072
giniindex@5 : 0.7389
giniindex@10 : 0.7241
giniindex@15 : 0.7137
giniindex@20 : 0.7054
Sat 09 May 2026 20:02:45 INFO  Saving current: saved/NARM_30music__days[365-305]_pcount[25]_ptime[60-1000000]_length[2-100]_recent[100]/NARM-May-09-2026_19-08-01.pth
Sat 09 May 2026 20:05:39 INFO  epoch 18 training [time: 174.16s, train loss: 3713.3075]
Sat 09 May 2026 20:05:52 INFO  epoch 18 evaluating [time: 13.72s, valid_score: 0.328500]
Sat 09 May 2026 20:05:52 INFO  valid result: 
recall@5 : 0.4027
recall@10 : 0.4505
recall@15 : 0.4767
recall@20 : 0.4939
precision@5 : 0.0805
precision@10 : 0.0451
precision@15 : 0.0318
precision@20 : 0.0247
mrr@5 : 0.3222
mrr@10 : 0.3285
mrr@15 : 0.3306
mrr@20 : 0.3316
map@5 : 0.3222
map@10 : 0.3285
map@15 : 0.3306
map@20 : 0.3316
hit@5 : 0.4027
hit@10 : 0.4505
hit@15 : 0.4767
hit@20 : 0.4939
ndcg@5 : 0.3423
ndcg@10 : 0.3578
ndcg@15 : 0.3647
ndcg@20 : 0.3688
averagepopularity@5 : 86.8118
averagepopularity@10 : 84.5707
averagepopularity@15 : 81.7582
averagepopularity@20 : 79.4174
itemcoverage@5 : 0.7746
itemcoverage@10 : 0.8551
itemcoverage@15 : 0.8902
itemcoverage@20 : 0.9099
giniindex@5 : 0.7352
giniindex@10 : 0.7206
giniindex@15 : 0.71
giniindex@20 : 0.7015
Sat 09 May 2026 20:05:53 INFO  Saving current: saved/NARM_30music__days[365-305]_pcount[25]_ptime[60-1000000]_length[2-100]_recent[100]/NARM-May-09-2026_19-08-01.pth
Sat 09 May 2026 20:08:50 INFO  epoch 19 training [time: 177.03s, train loss: 3685.5969]
Sat 09 May 2026 20:09:04 INFO  epoch 19 evaluating [time: 13.66s, valid_score: 0.329400]
Sat 09 May 2026 20:09:04 INFO  valid result: 
recall@5 : 0.402
recall@10 : 0.4502
recall@15 : 0.4765
recall@20 : 0.494
precision@5 : 0.0804
precision@10 : 0.045
precision@15 : 0.0318
precision@20 : 0.0247
mrr@5 : 0.323
mrr@10 : 0.3294
mrr@15 : 0.3315
mrr@20 : 0.3325
map@5 : 0.323
map@10 : 0.3294
map@15 : 0.3315
map@20 : 0.3325
hit@5 : 0.402
hit@10 : 0.4502
hit@15 : 0.4765
hit@20 : 0.494
ndcg@5 : 0.3428
ndcg@10 : 0.3584
ndcg@15 : 0.3653
ndcg@20 : 0.3695
averagepopularity@5 : 88.441
averagepopularity@10 : 86.031
averagepopularity@15 : 83.0451
averagepopularity@20 : 80.6622
itemcoverage@5 : 0.7735
itemcoverage@10 : 0.8553
itemcoverage@15 : 0.8912
itemcoverage@20 : 0.9112
giniindex@5 : 0.7375
giniindex@10 : 0.7226
giniindex@15 : 0.7121
giniindex@20 : 0.704
Sat 09 May 2026 20:09:04 INFO  Saving current: saved/NARM_30music__days[365-305]_pcount[25]_ptime[60-1000000]_length[2-100]_recent[100]/NARM-May-09-2026_19-08-01.pth
Sat 09 May 2026 20:09:04 INFO  Loading model structure and parameters from saved/NARM_30music__days[365-305]_pcount[25]_ptime[60-1000000]_length[2-100]_recent[100]/NARM-May-09-2026_19-08-01.pth
