Sat 09 May 2026 15:22:27 INFO  
General Hyper Parameters:
gpu_id = 0
use_gpu = True
seed = 2020
state = INFO
reproducibility = True
data_path = dataset/30music__days[125-65]_pcount[25]_ptime[60-1000000]_length[2-100]_recent[100]
checkpoint_dir = saved/NARM_30music__days[125-65]_pcount[25]_ptime[60-1000000]_length[2-100]_recent[100]
show_progress = True
save_dataset = False
dataset_save_path = None
save_dataloaders = False
dataloaders_save_path = None
log_wandb = False

Training Hyper Parameters:
epochs = 20
train_batch_size = 2048
learner = adam
learning_rate = 0.001
train_neg_sample_args = {'distribution': 'none', 'sample_num': 'none', 'alpha': 'none', 'dynamic': False, 'candidate_num': 0}
eval_step = 1
stopping_step = 3
clip_grad_norm = None
weight_decay = 0.0
loss_decimal_place = 4

Evaluation Hyper Parameters:
eval_args = {'split': {'RS': [8, 1, 1]}, 'order': 'TO', 'group_by': 'user', 'mode': {'valid': 'full', 'test': 'full'}}
repeatable = True
metrics = ['Recall', 'Precision', 'MRR', 'MAP', 'Hit', 'NDCG', 'AveragePopularity', 'ItemCoverage', 'GiniIndex']
topk = [5, 10, 15, 20]
valid_metric = MRR@10
valid_metric_bigger = True
eval_batch_size = 2048
metric_decimal_place = 4

Dataset Hyper Parameters:
gpu_id = 0
worker = 0
use_gpu = True
seed = 2020
state = INFO
reproducibility = True
data_path = dataset/30music__days[125-65]_pcount[25]_ptime[60-1000000]_length[2-100]_recent[100]
checkpoint_dir = saved/NARM_30music__days[125-65]_pcount[25]_ptime[60-1000000]_length[2-100]_recent[100]
show_progress = True
save_dataset = False
dataset_save_path = None
save_dataloaders = False
dataloaders_save_path = None
log_wandb = False
wandb_project = recbole
shuffle = True
epochs = 20
train_batch_size = 2048
learner = adam
learning_rate = 0.001
train_neg_sample_args = {'distribution': 'none', 'sample_num': 'none', 'alpha': 'none', 'dynamic': False, 'candidate_num': 0}
eval_step = 1
stopping_step = 3
clip_grad_norm = None
weight_decay = 0.0
loss_decimal_place = 4
require_pow = False
enable_amp = False
enable_scaler = False
transform = None
eval_args = {'split': {'RS': [8, 1, 1]}, 'order': 'TO', 'group_by': 'user', 'mode': {'valid': 'full', 'test': 'full'}}
repeatable = True
metrics = ['Recall', 'Precision', 'MRR', 'MAP', 'Hit', 'NDCG', 'AveragePopularity', 'ItemCoverage', 'GiniIndex']
topk = [5, 10, 15, 20]
valid_metric = MRR@10
valid_metric_bigger = True
eval_batch_size = 2048
metric_decimal_place = 4
field_separator = 	
seq_separator =  
USER_ID_FIELD = session_id
ITEM_ID_FIELD = item_id
RATING_FIELD = rating
TIME_FIELD = timestamp
seq_len = None
LABEL_FIELD = label
threshold = None
NEG_PREFIX = neg_
numerical_features = []
load_col = {'inter': ['session_id', 'item_id', 'timestamp']}
unload_col = None
unused_col = None
additional_feat_suffix = None
rm_dup_inter = None
val_interval = None
filter_inter_by_user_or_item = True
user_inter_num_interval = [0,inf)
item_inter_num_interval = [0,inf)
alias_of_user_id = None
alias_of_item_id = None
alias_of_entity_id = None
alias_of_relation_id = None
preload_weight = None
normalize_field = None
normalize_all = None
discretization = None
ITEM_LIST_LENGTH_FIELD = item_length
LIST_SUFFIX = _list
MAX_ITEM_LIST_LENGTH = 100
POSITION_FIELD = position_id
HEAD_ENTITY_ID_FIELD = head_id
TAIL_ENTITY_ID_FIELD = tail_id
RELATION_ID_FIELD = relation_id
ENTITY_ID_FIELD = entity_id
benchmark_filename = None

Other Hyper Parameters: 
embedding_size = 64
hidden_size = 128
n_layers = 1
dropout_probs = [0.3, 0.5]
loss_type = CE
kg_reverse_r = False
entity_kg_num_interval = [0,inf)
relation_kg_num_interval = [0,inf)
MODEL_TYPE = ModelType.SEQUENTIAL
neg_sampling = None
MODEL_INPUT_TYPE = InputType.POINTWISE
eval_type = EvaluatorType.RANKING
single_spec = True
local_rank = 0
device = cuda
valid_neg_sample_args = {'distribution': 'uniform', 'sample_num': 'none'}
test_neg_sample_args = {'distribution': 'uniform', 'sample_num': 'none'}


Sat 09 May 2026 15:22:43 INFO  30music__days[125-65]_pcount[25]_ptime[60-1000000]_length[2-100]_recent[100]
The number of users: 221312
Average actions of users: 9.805495434027229
The number of items: 124576
Average actions of items: 17.419739112984146
The number of inters: 2170064
The sparsity of the dataset: 99.9921289404638%
Remain Fields: ['session_id', 'item_id', 'timestamp']
Sat 09 May 2026 15:23:13 INFO  [Training]: train_batch_size = [2048] train_neg_sample_args: [{'distribution': 'none', 'sample_num': 'none', 'alpha': 'none', 'dynamic': False, 'candidate_num': 0}]
Sat 09 May 2026 15:23:13 INFO  [Evaluation]: eval_batch_size = [2048] eval_args: [{'split': {'RS': [8, 1, 1]}, 'order': 'TO', 'group_by': 'user', 'mode': {'valid': 'full', 'test': 'full'}}]
Sat 09 May 2026 15:23:13 INFO  NARM(
  (item_embedding): Embedding(124576, 64, padding_idx=0)
  (emb_dropout): Dropout(p=0.3, inplace=False)
  (gru): GRU(64, 128, bias=False, batch_first=True)
  (a_1): Linear(in_features=128, out_features=128, bias=False)
  (a_2): Linear(in_features=128, out_features=128, bias=False)
  (v_t): Linear(in_features=128, out_features=1, bias=False)
  (ct_dropout): Dropout(p=0.5, inplace=False)
  (b): Linear(in_features=256, out_features=64, bias=False)
  (loss_fct): CrossEntropyLoss()
)
Trainable parameters: 8095872
Sat 09 May 2026 15:25:53 INFO  epoch 0 training [time: 159.38s, train loss: 7063.9036]
Sat 09 May 2026 15:26:06 INFO  epoch 0 evaluating [time: 12.91s, valid_score: 0.088800]
Sat 09 May 2026 15:26:06 INFO  valid result: 
recall@5 : 0.1371
recall@10 : 0.2041
recall@15 : 0.2403
recall@20 : 0.2628
precision@5 : 0.0274
precision@10 : 0.0204
precision@15 : 0.016
precision@20 : 0.0131
mrr@5 : 0.0799
mrr@10 : 0.0888
mrr@15 : 0.0917
mrr@20 : 0.093
map@5 : 0.0799
map@10 : 0.0888
map@15 : 0.0917
map@20 : 0.093
hit@5 : 0.1371
hit@10 : 0.2041
hit@15 : 0.2403
hit@20 : 0.2628
ndcg@5 : 0.094
ndcg@10 : 0.1156
ndcg@15 : 0.1252
ndcg@20 : 0.1306
averagepopularity@5 : 142.2055
averagepopularity@10 : 134.0727
averagepopularity@15 : 128.6049
averagepopularity@20 : 124.2702
itemcoverage@5 : 0.1996
itemcoverage@10 : 0.2568
itemcoverage@15 : 0.2903
itemcoverage@20 : 0.3144
giniindex@5 : 0.9535
giniindex@10 : 0.9406
giniindex@15 : 0.9336
giniindex@20 : 0.929
Sat 09 May 2026 15:26:06 INFO  Saving current: saved/NARM_30music__days[125-65]_pcount[25]_ptime[60-1000000]_length[2-100]_recent[100]/NARM-May-09-2026_15-23-13.pth
Sat 09 May 2026 15:28:56 INFO  epoch 1 training [time: 169.51s, train loss: 5543.4594]
Sat 09 May 2026 15:29:15 INFO  epoch 1 evaluating [time: 19.70s, valid_score: 0.137600]
Sat 09 May 2026 15:29:15 INFO  valid result: 
recall@5 : 0.2162
recall@10 : 0.3006
recall@15 : 0.345
recall@20 : 0.3718
precision@5 : 0.0432
precision@10 : 0.0301
precision@15 : 0.023
precision@20 : 0.0186
mrr@5 : 0.1263
mrr@10 : 0.1376
mrr@15 : 0.1411
mrr@20 : 0.1426
map@5 : 0.1263
map@10 : 0.1376
map@15 : 0.1411
map@20 : 0.1426
hit@5 : 0.2162
hit@10 : 0.3006
hit@15 : 0.345
hit@20 : 0.3718
ndcg@5 : 0.1485
ndcg@10 : 0.1758
ndcg@15 : 0.1876
ndcg@20 : 0.1939
averagepopularity@5 : 112.6893
averagepopularity@10 : 107.3152
averagepopularity@15 : 103.3966
averagepopularity@20 : 100.3377
itemcoverage@5 : 0.3614
itemcoverage@10 : 0.4568
itemcoverage@15 : 0.506
itemcoverage@20 : 0.5383
giniindex@5 : 0.9045
giniindex@10 : 0.8826
giniindex@15 : 0.8721
giniindex@20 : 0.8658
Sat 09 May 2026 15:29:16 INFO  Saving current: saved/NARM_30music__days[125-65]_pcount[25]_ptime[60-1000000]_length[2-100]_recent[100]/NARM-May-09-2026_15-23-13.pth
Sat 09 May 2026 15:33:44 INFO  epoch 2 training [time: 268.48s, train loss: 4986.8302]
Sat 09 May 2026 15:34:11 INFO  epoch 2 evaluating [time: 26.90s, valid_score: 0.169000]
Sat 09 May 2026 15:34:11 INFO  valid result: 
recall@5 : 0.2638
recall@10 : 0.3464
recall@15 : 0.3889
recall@20 : 0.4143
precision@5 : 0.0528
precision@10 : 0.0346
precision@15 : 0.0259
precision@20 : 0.0207
mrr@5 : 0.1579
mrr@10 : 0.169
mrr@15 : 0.1723
mrr@20 : 0.1738
map@5 : 0.1579
map@10 : 0.169
map@15 : 0.1723
map@20 : 0.1738
hit@5 : 0.2638
hit@10 : 0.3464
hit@15 : 0.3889
hit@20 : 0.4143
ndcg@5 : 0.1841
ndcg@10 : 0.2109
ndcg@15 : 0.2222
ndcg@20 : 0.2282
averagepopularity@5 : 102.8442
averagepopularity@10 : 98.9492
averagepopularity@15 : 95.8842
averagepopularity@20 : 93.3587
itemcoverage@5 : 0.4683
itemcoverage@10 : 0.5731
itemcoverage@15 : 0.6247
itemcoverage@20 : 0.6568
giniindex@5 : 0.8679
giniindex@10 : 0.8446
giniindex@15 : 0.8336
giniindex@20 : 0.8267
Sat 09 May 2026 15:34:12 INFO  Saving current: saved/NARM_30music__days[125-65]_pcount[25]_ptime[60-1000000]_length[2-100]_recent[100]/NARM-May-09-2026_15-23-13.pth
Sat 09 May 2026 15:38:41 INFO  epoch 3 training [time: 268.82s, train loss: 4704.7431]
Sat 09 May 2026 15:39:06 INFO  epoch 3 evaluating [time: 25.33s, valid_score: 0.196800]
Sat 09 May 2026 15:39:06 INFO  valid result: 
recall@5 : 0.2993
recall@10 : 0.3769
recall@15 : 0.4158
recall@20 : 0.44
precision@5 : 0.0599
precision@10 : 0.0377
precision@15 : 0.0277
precision@20 : 0.022
mrr@5 : 0.1863
mrr@10 : 0.1968
mrr@15 : 0.1998
mrr@20 : 0.2012
map@5 : 0.1863
map@10 : 0.1968
map@15 : 0.1998
map@20 : 0.2012
hit@5 : 0.2993
hit@10 : 0.3769
hit@15 : 0.4158
hit@20 : 0.44
ndcg@5 : 0.2144
ndcg@10 : 0.2396
ndcg@15 : 0.2499
ndcg@20 : 0.2556
averagepopularity@5 : 96.9195
averagepopularity@10 : 94.1459
averagepopularity@15 : 91.5696
averagepopularity@20 : 89.321
itemcoverage@5 : 0.539
itemcoverage@10 : 0.6443
itemcoverage@15 : 0.6944
itemcoverage@20 : 0.7256
giniindex@5 : 0.8438
giniindex@10 : 0.8223
giniindex@15 : 0.8122
giniindex@20 : 0.8055
Sat 09 May 2026 15:39:06 INFO  Saving current: saved/NARM_30music__days[125-65]_pcount[25]_ptime[60-1000000]_length[2-100]_recent[100]/NARM-May-09-2026_15-23-13.pth
Sat 09 May 2026 15:43:01 INFO  epoch 4 training [time: 234.09s, train loss: 4515.4119]
Sat 09 May 2026 15:43:14 INFO  epoch 4 evaluating [time: 13.32s, valid_score: 0.216700]
Sat 09 May 2026 15:43:14 INFO  valid result: 
recall@5 : 0.3221
recall@10 : 0.3932
recall@15 : 0.4293
recall@20 : 0.4527
precision@5 : 0.0644
precision@10 : 0.0393
precision@15 : 0.0286
precision@20 : 0.0226
mrr@5 : 0.2071
mrr@10 : 0.2167
mrr@15 : 0.2196
mrr@20 : 0.2209
map@5 : 0.2071
map@10 : 0.2167
map@15 : 0.2196
map@20 : 0.2209
hit@5 : 0.3221
hit@10 : 0.3932
hit@15 : 0.4293
hit@20 : 0.4527
ndcg@5 : 0.2357
ndcg@10 : 0.2588
ndcg@15 : 0.2684
ndcg@20 : 0.274
averagepopularity@5 : 94.9264
averagepopularity@10 : 92.1155
averagepopularity@15 : 89.4144
averagepopularity@20 : 87.0954
itemcoverage@5 : 0.5922
itemcoverage@10 : 0.6955
itemcoverage@15 : 0.7433
itemcoverage@20 : 0.7735
giniindex@5 : 0.824
giniindex@10 : 0.804
giniindex@15 : 0.7938
giniindex@20 : 0.787
Sat 09 May 2026 15:43:14 INFO  Saving current: saved/NARM_30music__days[125-65]_pcount[25]_ptime[60-1000000]_length[2-100]_recent[100]/NARM-May-09-2026_15-23-13.pth
Sat 09 May 2026 15:45:50 INFO  epoch 5 training [time: 155.75s, train loss: 4370.5299]
Sat 09 May 2026 15:46:03 INFO  epoch 5 evaluating [time: 13.36s, valid_score: 0.237100]
Sat 09 May 2026 15:46:03 INFO  valid result: 
recall@5 : 0.3432
recall@10 : 0.4097
recall@15 : 0.4433
recall@20 : 0.4646
precision@5 : 0.0686
precision@10 : 0.041
precision@15 : 0.0296
precision@20 : 0.0232
mrr@5 : 0.2281
mrr@10 : 0.2371
mrr@15 : 0.2397
mrr@20 : 0.2409
map@5 : 0.2281
map@10 : 0.2371
map@15 : 0.2397
map@20 : 0.2409
hit@5 : 0.3432
hit@10 : 0.4097
hit@15 : 0.4433
hit@20 : 0.4646
ndcg@5 : 0.2568
ndcg@10 : 0.2784
ndcg@15 : 0.2873
ndcg@20 : 0.2923
averagepopularity@5 : 95.1053
averagepopularity@10 : 91.5529
averagepopularity@15 : 88.5313
averagepopularity@20 : 85.9873
itemcoverage@5 : 0.6327
itemcoverage@10 : 0.7305
itemcoverage@15 : 0.7764
itemcoverage@20 : 0.8041
giniindex@5 : 0.8088
giniindex@10 : 0.7911
giniindex@15 : 0.782
giniindex@20 : 0.7753
Sat 09 May 2026 15:46:04 INFO  Saving current: saved/NARM_30music__days[125-65]_pcount[25]_ptime[60-1000000]_length[2-100]_recent[100]/NARM-May-09-2026_15-23-13.pth
Sat 09 May 2026 15:48:40 INFO  epoch 6 training [time: 156.62s, train loss: 4256.2742]
Sat 09 May 2026 15:48:54 INFO  epoch 6 evaluating [time: 13.32s, valid_score: 0.245100]
Sat 09 May 2026 15:48:54 INFO  valid result: 
recall@5 : 0.348
recall@10 : 0.4122
recall@15 : 0.4456
recall@20 : 0.4671
precision@5 : 0.0696
precision@10 : 0.0412
precision@15 : 0.0297
precision@20 : 0.0234
mrr@5 : 0.2365
mrr@10 : 0.2451
mrr@15 : 0.2478
mrr@20 : 0.249
map@5 : 0.2365
map@10 : 0.2451
map@15 : 0.2478
map@20 : 0.249
hit@5 : 0.348
hit@10 : 0.4122
hit@15 : 0.4456
hit@20 : 0.4671
ndcg@5 : 0.2644
ndcg@10 : 0.2852
ndcg@15 : 0.294
ndcg@20 : 0.2991
averagepopularity@5 : 91.164
averagepopularity@10 : 88.9724
averagepopularity@15 : 86.5198
averagepopularity@20 : 84.238
itemcoverage@5 : 0.6543
itemcoverage@10 : 0.751
itemcoverage@15 : 0.7956
itemcoverage@20 : 0.823
giniindex@5 : 0.8002
giniindex@10 : 0.7826
giniindex@15 : 0.773
giniindex@20 : 0.7661
Sat 09 May 2026 15:48:54 INFO  Saving current: saved/NARM_30music__days[125-65]_pcount[25]_ptime[60-1000000]_length[2-100]_recent[100]/NARM-May-09-2026_15-23-13.pth
Sat 09 May 2026 15:51:26 INFO  epoch 7 training [time: 152.10s, train loss: 4158.3299]
Sat 09 May 2026 15:51:39 INFO  epoch 7 evaluating [time: 12.93s, valid_score: 0.260500]
Sat 09 May 2026 15:51:39 INFO  valid result: 
recall@5 : 0.3599
recall@10 : 0.4209
recall@15 : 0.453
recall@20 : 0.4733
precision@5 : 0.072
precision@10 : 0.0421
precision@15 : 0.0302
precision@20 : 0.0237
mrr@5 : 0.2523
mrr@10 : 0.2605
mrr@15 : 0.263
mrr@20 : 0.2642
map@5 : 0.2523
map@10 : 0.2605
map@15 : 0.263
map@20 : 0.2642
hit@5 : 0.3599
hit@10 : 0.4209
hit@15 : 0.453
hit@20 : 0.4733
ndcg@5 : 0.2792
ndcg@10 : 0.299
ndcg@15 : 0.3075
ndcg@20 : 0.3123
averagepopularity@5 : 87.8019
averagepopularity@10 : 85.6659
averagepopularity@15 : 83.372
averagepopularity@20 : 81.2271
itemcoverage@5 : 0.6751
itemcoverage@10 : 0.7686
itemcoverage@15 : 0.8131
itemcoverage@20 : 0.8396
giniindex@5 : 0.7895
giniindex@10 : 0.7733
giniindex@15 : 0.7642
giniindex@20 : 0.7571
Sat 09 May 2026 15:51:40 INFO  Saving current: saved/NARM_30music__days[125-65]_pcount[25]_ptime[60-1000000]_length[2-100]_recent[100]/NARM-May-09-2026_15-23-13.pth
Sat 09 May 2026 15:54:10 INFO  epoch 8 training [time: 150.56s, train loss: 4072.0766]
Sat 09 May 2026 15:54:23 INFO  epoch 8 evaluating [time: 12.77s, valid_score: 0.271700]
Sat 09 May 2026 15:54:23 INFO  valid result: 
recall@5 : 0.3673
recall@10 : 0.4253
recall@15 : 0.4572
recall@20 : 0.4769
precision@5 : 0.0735
precision@10 : 0.0425
precision@15 : 0.0305
precision@20 : 0.0238
mrr@5 : 0.2639
mrr@10 : 0.2717
mrr@15 : 0.2742
mrr@20 : 0.2753
map@5 : 0.2639
map@10 : 0.2717
map@15 : 0.2742
map@20 : 0.2753
hit@5 : 0.3673
hit@10 : 0.4253
hit@15 : 0.4572
hit@20 : 0.4769
ndcg@5 : 0.2898
ndcg@10 : 0.3086
ndcg@15 : 0.317
ndcg@20 : 0.3217
averagepopularity@5 : 90.1909
averagepopularity@10 : 87.346
averagepopularity@15 : 84.5957
averagepopularity@20 : 82.1647
itemcoverage@5 : 0.6907
itemcoverage@10 : 0.7843
itemcoverage@15 : 0.8263
itemcoverage@20 : 0.852
giniindex@5 : 0.7807
giniindex@10 : 0.7657
giniindex@15 : 0.7563
giniindex@20 : 0.7493
Sat 09 May 2026 15:54:23 INFO  Saving current: saved/NARM_30music__days[125-65]_pcount[25]_ptime[60-1000000]_length[2-100]_recent[100]/NARM-May-09-2026_15-23-13.pth
Sat 09 May 2026 15:56:54 INFO  epoch 9 training [time: 150.68s, train loss: 3998.4567]
Sat 09 May 2026 15:57:07 INFO  epoch 9 evaluating [time: 12.88s, valid_score: 0.278000]
Sat 09 May 2026 15:57:07 INFO  valid result: 
recall@5 : 0.3706
recall@10 : 0.4268
recall@15 : 0.4573
recall@20 : 0.4773
precision@5 : 0.0741
precision@10 : 0.0427
precision@15 : 0.0305
precision@20 : 0.0239
mrr@5 : 0.2705
mrr@10 : 0.278
mrr@15 : 0.2804
mrr@20 : 0.2815
map@5 : 0.2705
map@10 : 0.278
map@15 : 0.2804
map@20 : 0.2815
hit@5 : 0.3706
hit@10 : 0.4268
hit@15 : 0.4573
hit@20 : 0.4773
ndcg@5 : 0.2955
ndcg@10 : 0.3137
ndcg@15 : 0.3218
ndcg@20 : 0.3265
averagepopularity@5 : 89.2701
averagepopularity@10 : 87.2475
averagepopularity@15 : 84.8317
averagepopularity@20 : 82.6662
itemcoverage@5 : 0.699
itemcoverage@10 : 0.7911
itemcoverage@15 : 0.8336
itemcoverage@20 : 0.8584
giniindex@5 : 0.7798
giniindex@10 : 0.7648
giniindex@15 : 0.7554
giniindex@20 : 0.7482
Sat 09 May 2026 15:57:07 INFO  Saving current: saved/NARM_30music__days[125-65]_pcount[25]_ptime[60-1000000]_length[2-100]_recent[100]/NARM-May-09-2026_15-23-13.pth
Sat 09 May 2026 15:59:38 INFO  epoch 10 training [time: 150.57s, train loss: 3932.3137]
Sat 09 May 2026 15:59:51 INFO  epoch 10 evaluating [time: 12.81s, valid_score: 0.284300]
Sat 09 May 2026 15:59:51 INFO  valid result: 
recall@5 : 0.373
recall@10 : 0.4288
recall@15 : 0.459
recall@20 : 0.4788
precision@5 : 0.0746
precision@10 : 0.0429
precision@15 : 0.0306
precision@20 : 0.0239
mrr@5 : 0.2768
mrr@10 : 0.2843
mrr@15 : 0.2867
mrr@20 : 0.2878
map@5 : 0.2768
map@10 : 0.2843
map@15 : 0.2867
map@20 : 0.2878
hit@5 : 0.373
hit@10 : 0.4288
hit@15 : 0.459
hit@20 : 0.4788
ndcg@5 : 0.3009
ndcg@10 : 0.319
ndcg@15 : 0.3269
ndcg@20 : 0.3316
averagepopularity@5 : 88.6991
averagepopularity@10 : 86.425
averagepopularity@15 : 84.0161
averagepopularity@20 : 81.7848
itemcoverage@5 : 0.7068
itemcoverage@10 : 0.7978
itemcoverage@15 : 0.8393
itemcoverage@20 : 0.8646
giniindex@5 : 0.7751
giniindex@10 : 0.7604
giniindex@15 : 0.7514
giniindex@20 : 0.7442
Sat 09 May 2026 15:59:51 INFO  Saving current: saved/NARM_30music__days[125-65]_pcount[25]_ptime[60-1000000]_length[2-100]_recent[100]/NARM-May-09-2026_15-23-13.pth
Sat 09 May 2026 16:02:22 INFO  epoch 11 training [time: 150.42s, train loss: 3872.1484]
Sat 09 May 2026 16:02:34 INFO  epoch 11 evaluating [time: 12.86s, valid_score: 0.292100]
Sat 09 May 2026 16:02:34 INFO  valid result: 
recall@5 : 0.3774
recall@10 : 0.4321
recall@15 : 0.4618
recall@20 : 0.4805
precision@5 : 0.0755
precision@10 : 0.0432
precision@15 : 0.0308
precision@20 : 0.024
mrr@5 : 0.2848
mrr@10 : 0.2921
mrr@15 : 0.2945
mrr@20 : 0.2955
map@5 : 0.2848
map@10 : 0.2921
map@15 : 0.2945
map@20 : 0.2955
hit@5 : 0.3774
hit@10 : 0.4321
hit@15 : 0.4618
hit@20 : 0.4805
ndcg@5 : 0.308
ndcg@10 : 0.3257
ndcg@15 : 0.3336
ndcg@20 : 0.338
averagepopularity@5 : 84.8758
averagepopularity@10 : 83.0266
averagepopularity@15 : 80.7517
averagepopularity@20 : 78.623
itemcoverage@5 : 0.7197
itemcoverage@10 : 0.81
itemcoverage@15 : 0.8506
itemcoverage@20 : 0.8752
giniindex@5 : 0.7654
giniindex@10 : 0.7501
giniindex@15 : 0.7404
giniindex@20 : 0.7328
Sat 09 May 2026 16:02:35 INFO  Saving current: saved/NARM_30music__days[125-65]_pcount[25]_ptime[60-1000000]_length[2-100]_recent[100]/NARM-May-09-2026_15-23-13.pth
Sat 09 May 2026 16:05:05 INFO  epoch 12 training [time: 150.03s, train loss: 3820.9852]
Sat 09 May 2026 16:05:18 INFO  epoch 12 evaluating [time: 12.84s, valid_score: 0.299000]
Sat 09 May 2026 16:05:18 INFO  valid result: 
recall@5 : 0.3817
recall@10 : 0.4347
recall@15 : 0.4637
recall@20 : 0.4824
precision@5 : 0.0763
precision@10 : 0.0435
precision@15 : 0.0309
precision@20 : 0.0241
mrr@5 : 0.2919
mrr@10 : 0.299
mrr@15 : 0.3013
mrr@20 : 0.3023
map@5 : 0.2919
map@10 : 0.299
map@15 : 0.3013
map@20 : 0.3023
hit@5 : 0.3817
hit@10 : 0.4347
hit@15 : 0.4637
hit@20 : 0.4824
ndcg@5 : 0.3144
ndcg@10 : 0.3315
ndcg@15 : 0.3392
ndcg@20 : 0.3436
averagepopularity@5 : 84.7079
averagepopularity@10 : 82.8674
averagepopularity@15 : 80.5959
averagepopularity@20 : 78.533
itemcoverage@5 : 0.7286
itemcoverage@10 : 0.8174
itemcoverage@15 : 0.8576
itemcoverage@20 : 0.881
giniindex@5 : 0.761
giniindex@10 : 0.7464
giniindex@15 : 0.7368
giniindex@20 : 0.7291
Sat 09 May 2026 16:05:18 INFO  Saving current: saved/NARM_30music__days[125-65]_pcount[25]_ptime[60-1000000]_length[2-100]_recent[100]/NARM-May-09-2026_15-23-13.pth
Sat 09 May 2026 16:07:48 INFO  epoch 13 training [time: 150.27s, train loss: 3774.6170]
Sat 09 May 2026 16:08:01 INFO  epoch 13 evaluating [time: 12.93s, valid_score: 0.305000]
Sat 09 May 2026 16:08:01 INFO  valid result: 
recall@5 : 0.3862
recall@10 : 0.438
recall@15 : 0.4659
recall@20 : 0.4846
precision@5 : 0.0772
precision@10 : 0.0438
precision@15 : 0.0311
precision@20 : 0.0242
mrr@5 : 0.2981
mrr@10 : 0.305
mrr@15 : 0.3072
mrr@20 : 0.3083
map@5 : 0.2981
map@10 : 0.305
map@15 : 0.3072
map@20 : 0.3083
hit@5 : 0.3862
hit@10 : 0.438
hit@15 : 0.4659
hit@20 : 0.4846
ndcg@5 : 0.3201
ndcg@10 : 0.3369
ndcg@15 : 0.3443
ndcg@20 : 0.3487
averagepopularity@5 : 81.3525
averagepopularity@10 : 79.6445
averagepopularity@15 : 77.5468
averagepopularity@20 : 75.6136
itemcoverage@5 : 0.7357
itemcoverage@10 : 0.8232
itemcoverage@15 : 0.8617
itemcoverage@20 : 0.8849
giniindex@5 : 0.7542
giniindex@10 : 0.7394
giniindex@15 : 0.7301
giniindex@20 : 0.7224
Sat 09 May 2026 16:08:02 INFO  Saving current: saved/NARM_30music__days[125-65]_pcount[25]_ptime[60-1000000]_length[2-100]_recent[100]/NARM-May-09-2026_15-23-13.pth
Sat 09 May 2026 16:10:32 INFO  epoch 14 training [time: 150.54s, train loss: 3730.5503]
Sat 09 May 2026 16:10:45 INFO  epoch 14 evaluating [time: 12.90s, valid_score: 0.305600]
Sat 09 May 2026 16:10:45 INFO  valid result: 
recall@5 : 0.3843
recall@10 : 0.4364
recall@15 : 0.4647
recall@20 : 0.4835
precision@5 : 0.0769
precision@10 : 0.0436
precision@15 : 0.031
precision@20 : 0.0242
mrr@5 : 0.2986
mrr@10 : 0.3056
mrr@15 : 0.3078
mrr@20 : 0.3089
map@5 : 0.2986
map@10 : 0.3056
map@15 : 0.3078
map@20 : 0.3089
hit@5 : 0.3843
hit@10 : 0.4364
hit@15 : 0.4647
hit@20 : 0.4835
ndcg@5 : 0.3201
ndcg@10 : 0.3369
ndcg@15 : 0.3444
ndcg@20 : 0.3489
averagepopularity@5 : 84.0368
averagepopularity@10 : 82.2292
averagepopularity@15 : 79.9649
averagepopularity@20 : 77.9378
itemcoverage@5 : 0.7338
itemcoverage@10 : 0.8242
itemcoverage@15 : 0.8634
itemcoverage@20 : 0.8871
giniindex@5 : 0.7576
giniindex@10 : 0.7424
giniindex@15 : 0.7328
giniindex@20 : 0.7252
Sat 09 May 2026 16:10:46 INFO  Saving current: saved/NARM_30music__days[125-65]_pcount[25]_ptime[60-1000000]_length[2-100]_recent[100]/NARM-May-09-2026_15-23-13.pth
Sat 09 May 2026 16:13:16 INFO  epoch 15 training [time: 150.55s, train loss: 3691.6484]
Sat 09 May 2026 16:13:29 INFO  epoch 15 evaluating [time: 12.96s, valid_score: 0.306200]
Sat 09 May 2026 16:13:29 INFO  valid result: 
recall@5 : 0.3837
recall@10 : 0.4344
recall@15 : 0.4634
recall@20 : 0.4825
precision@5 : 0.0767
precision@10 : 0.0434
precision@15 : 0.0309
precision@20 : 0.0241
mrr@5 : 0.2994
mrr@10 : 0.3062
mrr@15 : 0.3085
mrr@20 : 0.3096
map@5 : 0.2994
map@10 : 0.3062
map@15 : 0.3085
map@20 : 0.3096
hit@5 : 0.3837
hit@10 : 0.4344
hit@15 : 0.4634
hit@20 : 0.4825
ndcg@5 : 0.3205
ndcg@10 : 0.3369
ndcg@15 : 0.3446
ndcg@20 : 0.3491
averagepopularity@5 : 84.5878
averagepopularity@10 : 82.9081
averagepopularity@15 : 80.6799
averagepopularity@20 : 78.6644
itemcoverage@5 : 0.7359
itemcoverage@10 : 0.8258
itemcoverage@15 : 0.8661
itemcoverage@20 : 0.8893
giniindex@5 : 0.7591
giniindex@10 : 0.744
giniindex@15 : 0.7338
giniindex@20 : 0.7259
Sat 09 May 2026 16:13:29 INFO  Saving current: saved/NARM_30music__days[125-65]_pcount[25]_ptime[60-1000000]_length[2-100]_recent[100]/NARM-May-09-2026_15-23-13.pth
Sat 09 May 2026 16:16:00 INFO  epoch 16 training [time: 150.67s, train loss: 3655.2858]
Sat 09 May 2026 16:16:13 INFO  epoch 16 evaluating [time: 12.90s, valid_score: 0.309900]
Sat 09 May 2026 16:16:13 INFO  valid result: 
recall@5 : 0.3854
recall@10 : 0.4362
recall@15 : 0.4645
recall@20 : 0.4835
precision@5 : 0.0771
precision@10 : 0.0436
precision@15 : 0.031
precision@20 : 0.0242
mrr@5 : 0.3031
mrr@10 : 0.3099
mrr@15 : 0.3122
mrr@20 : 0.3132
map@5 : 0.3031
map@10 : 0.3099
map@15 : 0.3122
map@20 : 0.3132
hit@5 : 0.3854
hit@10 : 0.4362
hit@15 : 0.4645
hit@20 : 0.4835
ndcg@5 : 0.3237
ndcg@10 : 0.3401
ndcg@15 : 0.3477
ndcg@20 : 0.3521
averagepopularity@5 : 84.1112
averagepopularity@10 : 82.4837
averagepopularity@15 : 80.3363
averagepopularity@20 : 78.3568
itemcoverage@5 : 0.7417
itemcoverage@10 : 0.8294
itemcoverage@15 : 0.8695
itemcoverage@20 : 0.8923
giniindex@5 : 0.7561
giniindex@10 : 0.7417
giniindex@15 : 0.7321
giniindex@20 : 0.7245
Sat 09 May 2026 16:16:13 INFO  Saving current: saved/NARM_30music__days[125-65]_pcount[25]_ptime[60-1000000]_length[2-100]_recent[100]/NARM-May-09-2026_15-23-13.pth
Sat 09 May 2026 16:18:44 INFO  epoch 17 training [time: 150.30s, train loss: 3623.4975]
Sat 09 May 2026 16:18:57 INFO  epoch 17 evaluating [time: 12.98s, valid_score: 0.314500]
Sat 09 May 2026 16:18:57 INFO  valid result: 
recall@5 : 0.3889
recall@10 : 0.4387
recall@15 : 0.4662
recall@20 : 0.4845
precision@5 : 0.0778
precision@10 : 0.0439
precision@15 : 0.0311
precision@20 : 0.0242
mrr@5 : 0.3079
mrr@10 : 0.3145
mrr@15 : 0.3167
mrr@20 : 0.3177
map@5 : 0.3079
map@10 : 0.3145
map@15 : 0.3167
map@20 : 0.3177
hit@5 : 0.3889
hit@10 : 0.4387
hit@15 : 0.4662
hit@20 : 0.4845
ndcg@5 : 0.3281
ndcg@10 : 0.3442
ndcg@15 : 0.3515
ndcg@20 : 0.3559
averagepopularity@5 : 80.776
averagepopularity@10 : 79.2826
averagepopularity@15 : 77.2296
averagepopularity@20 : 75.2413
itemcoverage@5 : 0.7491
itemcoverage@10 : 0.8374
itemcoverage@15 : 0.8757
itemcoverage@20 : 0.8976
giniindex@5 : 0.7477
giniindex@10 : 0.7332
giniindex@15 : 0.7232
giniindex@20 : 0.7154
Sat 09 May 2026 16:18:57 INFO  Saving current: saved/NARM_30music__days[125-65]_pcount[25]_ptime[60-1000000]_length[2-100]_recent[100]/NARM-May-09-2026_15-23-13.pth
Sat 09 May 2026 16:21:27 INFO  epoch 18 training [time: 149.99s, train loss: 3590.9980]
Sat 09 May 2026 16:21:40 INFO  epoch 18 evaluating [time: 12.92s, valid_score: 0.316300]
Sat 09 May 2026 16:21:40 INFO  valid result: 
recall@5 : 0.3897
recall@10 : 0.4391
recall@15 : 0.4668
recall@20 : 0.4846
precision@5 : 0.0779
precision@10 : 0.0439
precision@15 : 0.0311
precision@20 : 0.0242
mrr@5 : 0.3096
mrr@10 : 0.3163
mrr@15 : 0.3185
mrr@20 : 0.3195
map@5 : 0.3096
map@10 : 0.3163
map@15 : 0.3185
map@20 : 0.3195
hit@5 : 0.3897
hit@10 : 0.4391
hit@15 : 0.4668
hit@20 : 0.4846
ndcg@5 : 0.3297
ndcg@10 : 0.3457
ndcg@15 : 0.353
ndcg@20 : 0.3572
averagepopularity@5 : 82.1389
averagepopularity@10 : 80.6312
averagepopularity@15 : 78.6584
averagepopularity@20 : 76.7286
itemcoverage@5 : 0.7497
itemcoverage@10 : 0.8382
itemcoverage@15 : 0.8759
itemcoverage@20 : 0.8979
giniindex@5 : 0.7487
giniindex@10 : 0.7337
giniindex@15 : 0.7237
giniindex@20 : 0.7162
Sat 09 May 2026 16:21:40 INFO  Saving current: saved/NARM_30music__days[125-65]_pcount[25]_ptime[60-1000000]_length[2-100]_recent[100]/NARM-May-09-2026_15-23-13.pth
Sat 09 May 2026 16:24:11 INFO  epoch 19 training [time: 150.24s, train loss: 3565.4754]
Sat 09 May 2026 16:24:24 INFO  epoch 19 evaluating [time: 12.88s, valid_score: 0.319500]
Sat 09 May 2026 16:24:24 INFO  valid result: 
recall@5 : 0.3916
recall@10 : 0.44
recall@15 : 0.4666
recall@20 : 0.4846
precision@5 : 0.0783
precision@10 : 0.044
precision@15 : 0.0311
precision@20 : 0.0242
mrr@5 : 0.313
mrr@10 : 0.3195
mrr@15 : 0.3216
mrr@20 : 0.3226
map@5 : 0.313
map@10 : 0.3195
map@15 : 0.3216
map@20 : 0.3226
hit@5 : 0.3916
hit@10 : 0.44
hit@15 : 0.4666
hit@20 : 0.4846
ndcg@5 : 0.3327
ndcg@10 : 0.3483
ndcg@15 : 0.3554
ndcg@20 : 0.3596
averagepopularity@5 : 82.5191
averagepopularity@10 : 80.944
averagepopularity@15 : 78.9154
averagepopularity@20 : 77.0228
itemcoverage@5 : 0.7533
itemcoverage@10 : 0.8394
itemcoverage@15 : 0.8779
itemcoverage@20 : 0.9001
giniindex@5 : 0.7459
giniindex@10 : 0.731
giniindex@15 : 0.7215
giniindex@20 : 0.7136
Sat 09 May 2026 16:24:24 INFO  Saving current: saved/NARM_30music__days[125-65]_pcount[25]_ptime[60-1000000]_length[2-100]_recent[100]/NARM-May-09-2026_15-23-13.pth
Sat 09 May 2026 16:24:24 INFO  Loading model structure and parameters from saved/NARM_30music__days[125-65]_pcount[25]_ptime[60-1000000]_length[2-100]_recent[100]/NARM-May-09-2026_15-23-13.pth
