Sat 09 May 2026 16:24:59 INFO  
General Hyper Parameters:
gpu_id = 0
use_gpu = True
seed = 2020
state = INFO
reproducibility = True
data_path = dataset/30music__days[185-125]_pcount[25]_ptime[60-1000000]_length[2-100]_recent[100]
checkpoint_dir = saved/NARM_30music__days[185-125]_pcount[25]_ptime[60-1000000]_length[2-100]_recent[100]
show_progress = True
save_dataset = False
dataset_save_path = None
save_dataloaders = False
dataloaders_save_path = None
log_wandb = False

Training Hyper Parameters:
epochs = 20
train_batch_size = 2048
learner = adam
learning_rate = 0.001
train_neg_sample_args = {'distribution': 'none', 'sample_num': 'none', 'alpha': 'none', 'dynamic': False, 'candidate_num': 0}
eval_step = 1
stopping_step = 3
clip_grad_norm = None
weight_decay = 0.0
loss_decimal_place = 4

Evaluation Hyper Parameters:
eval_args = {'split': {'RS': [8, 1, 1]}, 'order': 'TO', 'group_by': 'user', 'mode': {'valid': 'full', 'test': 'full'}}
repeatable = True
metrics = ['Recall', 'Precision', 'MRR', 'MAP', 'Hit', 'NDCG', 'AveragePopularity', 'ItemCoverage', 'GiniIndex']
topk = [5, 10, 15, 20]
valid_metric = MRR@10
valid_metric_bigger = True
eval_batch_size = 2048
metric_decimal_place = 4

Dataset Hyper Parameters:
gpu_id = 0
worker = 0
use_gpu = True
seed = 2020
state = INFO
reproducibility = True
data_path = dataset/30music__days[185-125]_pcount[25]_ptime[60-1000000]_length[2-100]_recent[100]
checkpoint_dir = saved/NARM_30music__days[185-125]_pcount[25]_ptime[60-1000000]_length[2-100]_recent[100]
show_progress = True
save_dataset = False
dataset_save_path = None
save_dataloaders = False
dataloaders_save_path = None
log_wandb = False
wandb_project = recbole
shuffle = True
epochs = 20
train_batch_size = 2048
learner = adam
learning_rate = 0.001
train_neg_sample_args = {'distribution': 'none', 'sample_num': 'none', 'alpha': 'none', 'dynamic': False, 'candidate_num': 0}
eval_step = 1
stopping_step = 3
clip_grad_norm = None
weight_decay = 0.0
loss_decimal_place = 4
require_pow = False
enable_amp = False
enable_scaler = False
transform = None
eval_args = {'split': {'RS': [8, 1, 1]}, 'order': 'TO', 'group_by': 'user', 'mode': {'valid': 'full', 'test': 'full'}}
repeatable = True
metrics = ['Recall', 'Precision', 'MRR', 'MAP', 'Hit', 'NDCG', 'AveragePopularity', 'ItemCoverage', 'GiniIndex']
topk = [5, 10, 15, 20]
valid_metric = MRR@10
valid_metric_bigger = True
eval_batch_size = 2048
metric_decimal_place = 4
field_separator = 	
seq_separator =  
USER_ID_FIELD = session_id
ITEM_ID_FIELD = item_id
RATING_FIELD = rating
TIME_FIELD = timestamp
seq_len = None
LABEL_FIELD = label
threshold = None
NEG_PREFIX = neg_
numerical_features = []
load_col = {'inter': ['session_id', 'item_id', 'timestamp']}
unload_col = None
unused_col = None
additional_feat_suffix = None
rm_dup_inter = None
val_interval = None
filter_inter_by_user_or_item = True
user_inter_num_interval = [0,inf)
item_inter_num_interval = [0,inf)
alias_of_user_id = None
alias_of_item_id = None
alias_of_entity_id = None
alias_of_relation_id = None
preload_weight = None
normalize_field = None
normalize_all = None
discretization = None
ITEM_LIST_LENGTH_FIELD = item_length
LIST_SUFFIX = _list
MAX_ITEM_LIST_LENGTH = 100
POSITION_FIELD = position_id
HEAD_ENTITY_ID_FIELD = head_id
TAIL_ENTITY_ID_FIELD = tail_id
RELATION_ID_FIELD = relation_id
ENTITY_ID_FIELD = entity_id
benchmark_filename = None

Other Hyper Parameters: 
embedding_size = 64
hidden_size = 128
n_layers = 1
dropout_probs = [0.3, 0.5]
loss_type = CE
kg_reverse_r = False
entity_kg_num_interval = [0,inf)
relation_kg_num_interval = [0,inf)
MODEL_TYPE = ModelType.SEQUENTIAL
neg_sampling = None
MODEL_INPUT_TYPE = InputType.POINTWISE
eval_type = EvaluatorType.RANKING
single_spec = True
local_rank = 0
device = cuda
valid_neg_sample_args = {'distribution': 'uniform', 'sample_num': 'none'}
test_neg_sample_args = {'distribution': 'uniform', 'sample_num': 'none'}


Sat 09 May 2026 16:25:09 INFO  30music__days[185-125]_pcount[25]_ptime[60-1000000]_length[2-100]_recent[100]
The number of users: 202731
Average actions of users: 9.907759088442756
The number of items: 123058
Average actions of items: 16.32251720747296
The number of inters: 2008600
The sparsity of the dataset: 99.99194874756864%
Remain Fields: ['session_id', 'item_id', 'timestamp']
Sat 09 May 2026 16:25:35 INFO  [Training]: train_batch_size = [2048] train_neg_sample_args: [{'distribution': 'none', 'sample_num': 'none', 'alpha': 'none', 'dynamic': False, 'candidate_num': 0}]
Sat 09 May 2026 16:25:35 INFO  [Evaluation]: eval_batch_size = [2048] eval_args: [{'split': {'RS': [8, 1, 1]}, 'order': 'TO', 'group_by': 'user', 'mode': {'valid': 'full', 'test': 'full'}}]
Sat 09 May 2026 16:25:35 INFO  NARM(
  (item_embedding): Embedding(123058, 64, padding_idx=0)
  (emb_dropout): Dropout(p=0.3, inplace=False)
  (gru): GRU(64, 128, bias=False, batch_first=True)
  (a_1): Linear(in_features=128, out_features=128, bias=False)
  (a_2): Linear(in_features=128, out_features=128, bias=False)
  (v_t): Linear(in_features=128, out_features=1, bias=False)
  (ct_dropout): Dropout(p=0.5, inplace=False)
  (b): Linear(in_features=256, out_features=64, bias=False)
  (loss_fct): CrossEntropyLoss()
)
Trainable parameters: 7998720
Sat 09 May 2026 16:27:56 INFO  epoch 0 training [time: 140.52s, train loss: 6762.7352]
Sat 09 May 2026 16:28:07 INFO  epoch 0 evaluating [time: 11.45s, valid_score: 0.077800]
Sat 09 May 2026 16:28:07 INFO  valid result: 
recall@5 : 0.1168
recall@10 : 0.1714
recall@15 : 0.2035
recall@20 : 0.2236
precision@5 : 0.0234
precision@10 : 0.0171
precision@15 : 0.0136
precision@20 : 0.0112
mrr@5 : 0.0706
mrr@10 : 0.0778
mrr@15 : 0.0804
mrr@20 : 0.0815
map@5 : 0.0706
map@10 : 0.0778
map@15 : 0.0804
map@20 : 0.0815
hit@5 : 0.1168
hit@10 : 0.1714
hit@15 : 0.2035
hit@20 : 0.2236
ndcg@5 : 0.082
ndcg@10 : 0.0996
ndcg@15 : 0.1081
ndcg@20 : 0.1128
averagepopularity@5 : 134.1836
averagepopularity@10 : 128.0255
averagepopularity@15 : 123.5602
averagepopularity@20 : 120.3215
itemcoverage@5 : 0.1749
itemcoverage@10 : 0.2274
itemcoverage@15 : 0.26
itemcoverage@20 : 0.2826
giniindex@5 : 0.9601
giniindex@10 : 0.9491
giniindex@15 : 0.9429
giniindex@20 : 0.9386
Sat 09 May 2026 16:28:08 INFO  Saving current: saved/NARM_30music__days[185-125]_pcount[25]_ptime[60-1000000]_length[2-100]_recent[100]/NARM-May-09-2026_16-25-35.pth
Sat 09 May 2026 16:30:28 INFO  epoch 1 training [time: 140.34s, train loss: 5305.7163]
Sat 09 May 2026 16:30:40 INFO  epoch 1 evaluating [time: 11.54s, valid_score: 0.121600]
Sat 09 May 2026 16:30:40 INFO  valid result: 
recall@5 : 0.1902
recall@10 : 0.2708
recall@15 : 0.3141
recall@20 : 0.3408
precision@5 : 0.038
precision@10 : 0.0271
precision@15 : 0.0209
precision@20 : 0.017
mrr@5 : 0.1108
mrr@10 : 0.1216
mrr@15 : 0.125
mrr@20 : 0.1265
map@5 : 0.1108
map@10 : 0.1216
map@15 : 0.125
map@20 : 0.1265
hit@5 : 0.1902
hit@10 : 0.2708
hit@15 : 0.3141
hit@20 : 0.3408
ndcg@5 : 0.1304
ndcg@10 : 0.1564
ndcg@15 : 0.1679
ndcg@20 : 0.1742
averagepopularity@5 : 107.3662
averagepopularity@10 : 102.0875
averagepopularity@15 : 98.6485
averagepopularity@20 : 95.8633
itemcoverage@5 : 0.3387
itemcoverage@10 : 0.4337
itemcoverage@15 : 0.4821
itemcoverage@20 : 0.5147
giniindex@5 : 0.9113
giniindex@10 : 0.8897
giniindex@15 : 0.8792
giniindex@20 : 0.8725
Sat 09 May 2026 16:30:40 INFO  Saving current: saved/NARM_30music__days[185-125]_pcount[25]_ptime[60-1000000]_length[2-100]_recent[100]/NARM-May-09-2026_16-25-35.pth
Sat 09 May 2026 16:33:01 INFO  epoch 2 training [time: 140.94s, train loss: 4761.6803]
Sat 09 May 2026 16:33:13 INFO  epoch 2 evaluating [time: 11.63s, valid_score: 0.152800]
Sat 09 May 2026 16:33:13 INFO  valid result: 
recall@5 : 0.239
recall@10 : 0.3213
recall@15 : 0.3633
recall@20 : 0.3893
precision@5 : 0.0478
precision@10 : 0.0321
precision@15 : 0.0242
precision@20 : 0.0195
mrr@5 : 0.1418
mrr@10 : 0.1528
mrr@15 : 0.1561
mrr@20 : 0.1576
map@5 : 0.1418
map@10 : 0.1528
map@15 : 0.1561
map@20 : 0.1576
hit@5 : 0.239
hit@10 : 0.3213
hit@15 : 0.3633
hit@20 : 0.3893
ndcg@5 : 0.1658
ndcg@10 : 0.1925
ndcg@15 : 0.2036
ndcg@20 : 0.2098
averagepopularity@5 : 100.306
averagepopularity@10 : 95.4003
averagepopularity@15 : 91.9946
averagepopularity@20 : 89.3465
itemcoverage@5 : 0.4529
itemcoverage@10 : 0.5595
itemcoverage@15 : 0.6124
itemcoverage@20 : 0.6452
giniindex@5 : 0.873
giniindex@10 : 0.8488
giniindex@15 : 0.8377
giniindex@20 : 0.8305
Sat 09 May 2026 16:33:13 INFO  Saving current: saved/NARM_30music__days[185-125]_pcount[25]_ptime[60-1000000]_length[2-100]_recent[100]/NARM-May-09-2026_16-25-35.pth
Sat 09 May 2026 16:35:34 INFO  epoch 3 training [time: 140.88s, train loss: 4482.2328]
Sat 09 May 2026 16:35:46 INFO  epoch 3 evaluating [time: 11.68s, valid_score: 0.177200]
Sat 09 May 2026 16:35:46 INFO  valid result: 
recall@5 : 0.2743
recall@10 : 0.3522
recall@15 : 0.3911
recall@20 : 0.4156
precision@5 : 0.0549
precision@10 : 0.0352
precision@15 : 0.0261
precision@20 : 0.0208
mrr@5 : 0.1667
mrr@10 : 0.1772
mrr@15 : 0.1802
mrr@20 : 0.1816
map@5 : 0.1667
map@10 : 0.1772
map@15 : 0.1802
map@20 : 0.1816
hit@5 : 0.2743
hit@10 : 0.3522
hit@15 : 0.3911
hit@20 : 0.4156
ndcg@5 : 0.1934
ndcg@10 : 0.2187
ndcg@15 : 0.229
ndcg@20 : 0.2348
averagepopularity@5 : 90.074
averagepopularity@10 : 86.6802
averagepopularity@15 : 84.137
averagepopularity@20 : 82.1027
itemcoverage@5 : 0.5333
itemcoverage@10 : 0.6409
itemcoverage@15 : 0.6913
itemcoverage@20 : 0.7232
giniindex@5 : 0.8429
giniindex@10 : 0.8194
giniindex@15 : 0.8088
giniindex@20 : 0.8018
Sat 09 May 2026 16:35:46 INFO  Saving current: saved/NARM_30music__days[185-125]_pcount[25]_ptime[60-1000000]_length[2-100]_recent[100]/NARM-May-09-2026_16-25-35.pth
Sat 09 May 2026 16:38:06 INFO  epoch 4 training [time: 140.32s, train loss: 4293.2319]
Sat 09 May 2026 16:38:18 INFO  epoch 4 evaluating [time: 11.68s, valid_score: 0.198900]
Sat 09 May 2026 16:38:18 INFO  valid result: 
recall@5 : 0.3029
recall@10 : 0.3743
recall@15 : 0.4108
recall@20 : 0.4336
precision@5 : 0.0606
precision@10 : 0.0374
precision@15 : 0.0274
precision@20 : 0.0217
mrr@5 : 0.1892
mrr@10 : 0.1989
mrr@15 : 0.2018
mrr@20 : 0.203
map@5 : 0.1892
map@10 : 0.1989
map@15 : 0.2018
map@20 : 0.203
hit@5 : 0.3029
hit@10 : 0.3743
hit@15 : 0.4108
hit@20 : 0.4336
ndcg@5 : 0.2175
ndcg@10 : 0.2407
ndcg@15 : 0.2504
ndcg@20 : 0.2558
averagepopularity@5 : 90.1805
averagepopularity@10 : 87.2593
averagepopularity@15 : 84.8269
averagepopularity@20 : 82.9508
itemcoverage@5 : 0.5896
itemcoverage@10 : 0.6938
itemcoverage@15 : 0.7422
itemcoverage@20 : 0.7718
giniindex@5 : 0.8236
giniindex@10 : 0.803
giniindex@15 : 0.7931
giniindex@20 : 0.7862
Sat 09 May 2026 16:38:18 INFO  Saving current: saved/NARM_30music__days[185-125]_pcount[25]_ptime[60-1000000]_length[2-100]_recent[100]/NARM-May-09-2026_16-25-35.pth
Sat 09 May 2026 16:40:39 INFO  epoch 5 training [time: 140.29s, train loss: 4151.6018]
Sat 09 May 2026 16:40:50 INFO  epoch 5 evaluating [time: 11.72s, valid_score: 0.216500]
Sat 09 May 2026 16:40:50 INFO  valid result: 
recall@5 : 0.3213
recall@10 : 0.3882
recall@15 : 0.4218
recall@20 : 0.4441
precision@5 : 0.0643
precision@10 : 0.0388
precision@15 : 0.0281
precision@20 : 0.0222
mrr@5 : 0.2075
mrr@10 : 0.2165
mrr@15 : 0.2191
mrr@20 : 0.2204
map@5 : 0.2075
map@10 : 0.2165
map@15 : 0.2191
map@20 : 0.2204
hit@5 : 0.3213
hit@10 : 0.3882
hit@15 : 0.4218
hit@20 : 0.4441
ndcg@5 : 0.2358
ndcg@10 : 0.2576
ndcg@15 : 0.2665
ndcg@20 : 0.2717
averagepopularity@5 : 85.4829
averagepopularity@10 : 82.9803
averagepopularity@15 : 80.6624
averagepopularity@20 : 78.7877
itemcoverage@5 : 0.6272
itemcoverage@10 : 0.7281
itemcoverage@15 : 0.7749
itemcoverage@20 : 0.8036
giniindex@5 : 0.8061
giniindex@10 : 0.7868
giniindex@15 : 0.7771
giniindex@20 : 0.7703
Sat 09 May 2026 16:40:51 INFO  Saving current: saved/NARM_30music__days[185-125]_pcount[25]_ptime[60-1000000]_length[2-100]_recent[100]/NARM-May-09-2026_16-25-35.pth
Sat 09 May 2026 16:43:12 INFO  epoch 6 training [time: 140.84s, train loss: 4040.8200]
Sat 09 May 2026 16:43:23 INFO  epoch 6 evaluating [time: 11.79s, valid_score: 0.229500]
Sat 09 May 2026 16:43:23 INFO  valid result: 
recall@5 : 0.3312
recall@10 : 0.3956
recall@15 : 0.4286
recall@20 : 0.4499
precision@5 : 0.0662
precision@10 : 0.0396
precision@15 : 0.0286
precision@20 : 0.0225
mrr@5 : 0.2208
mrr@10 : 0.2295
mrr@15 : 0.2321
mrr@20 : 0.2333
map@5 : 0.2208
map@10 : 0.2295
map@15 : 0.2321
map@20 : 0.2333
hit@5 : 0.3312
hit@10 : 0.3956
hit@15 : 0.4286
hit@20 : 0.4499
ndcg@5 : 0.2483
ndcg@10 : 0.2693
ndcg@15 : 0.278
ndcg@20 : 0.283
averagepopularity@5 : 85.5752
averagepopularity@10 : 83.1618
averagepopularity@15 : 80.7947
averagepopularity@20 : 78.8378
itemcoverage@5 : 0.6524
itemcoverage@10 : 0.7503
itemcoverage@15 : 0.7963
itemcoverage@20 : 0.8236
giniindex@5 : 0.7965
giniindex@10 : 0.7792
giniindex@15 : 0.7698
giniindex@20 : 0.763
Sat 09 May 2026 16:43:24 INFO  Saving current: saved/NARM_30music__days[185-125]_pcount[25]_ptime[60-1000000]_length[2-100]_recent[100]/NARM-May-09-2026_16-25-35.pth
Sat 09 May 2026 16:45:44 INFO  epoch 7 training [time: 140.48s, train loss: 3945.5723]
Sat 09 May 2026 16:45:56 INFO  epoch 7 evaluating [time: 11.81s, valid_score: 0.243700]
Sat 09 May 2026 16:45:56 INFO  valid result: 
recall@5 : 0.3424
recall@10 : 0.402
recall@15 : 0.4336
recall@20 : 0.4542
precision@5 : 0.0685
precision@10 : 0.0402
precision@15 : 0.0289
precision@20 : 0.0227
mrr@5 : 0.2357
mrr@10 : 0.2437
mrr@15 : 0.2462
mrr@20 : 0.2473
map@5 : 0.2357
map@10 : 0.2437
map@15 : 0.2462
map@20 : 0.2473
hit@5 : 0.3424
hit@10 : 0.402
hit@15 : 0.4336
hit@20 : 0.4542
ndcg@5 : 0.2623
ndcg@10 : 0.2817
ndcg@15 : 0.29
ndcg@20 : 0.2949
averagepopularity@5 : 84.0621
averagepopularity@10 : 81.7569
averagepopularity@15 : 79.586
averagepopularity@20 : 77.7415
itemcoverage@5 : 0.6685
itemcoverage@10 : 0.7636
itemcoverage@15 : 0.8076
itemcoverage@20 : 0.8348
giniindex@5 : 0.7889
giniindex@10 : 0.7724
giniindex@15 : 0.7633
giniindex@20 : 0.7564
Sat 09 May 2026 16:45:57 INFO  Saving current: saved/NARM_30music__days[185-125]_pcount[25]_ptime[60-1000000]_length[2-100]_recent[100]/NARM-May-09-2026_16-25-35.pth
Sat 09 May 2026 16:48:17 INFO  epoch 8 training [time: 140.51s, train loss: 3874.1578]
Sat 09 May 2026 16:48:29 INFO  epoch 8 evaluating [time: 11.73s, valid_score: 0.252400]
Sat 09 May 2026 16:48:29 INFO  valid result: 
recall@5 : 0.3467
recall@10 : 0.4051
recall@15 : 0.4363
recall@20 : 0.4566
precision@5 : 0.0693
precision@10 : 0.0405
precision@15 : 0.0291
precision@20 : 0.0228
mrr@5 : 0.2446
mrr@10 : 0.2524
mrr@15 : 0.2549
mrr@20 : 0.256
map@5 : 0.2446
map@10 : 0.2524
map@15 : 0.2549
map@20 : 0.256
hit@5 : 0.3467
hit@10 : 0.4051
hit@15 : 0.4363
hit@20 : 0.4566
ndcg@5 : 0.2701
ndcg@10 : 0.289
ndcg@15 : 0.2973
ndcg@20 : 0.3021
averagepopularity@5 : 83.487
averagepopularity@10 : 81.2399
averagepopularity@15 : 79.078
averagepopularity@20 : 77.2721
itemcoverage@5 : 0.6809
itemcoverage@10 : 0.7766
itemcoverage@15 : 0.8209
itemcoverage@20 : 0.8475
giniindex@5 : 0.7829
giniindex@10 : 0.7664
giniindex@15 : 0.7569
giniindex@20 : 0.7497
Sat 09 May 2026 16:48:29 INFO  Saving current: saved/NARM_30music__days[185-125]_pcount[25]_ptime[60-1000000]_length[2-100]_recent[100]/NARM-May-09-2026_16-25-35.pth
Sat 09 May 2026 16:50:50 INFO  epoch 9 training [time: 141.04s, train loss: 3795.0754]
Sat 09 May 2026 16:51:02 INFO  epoch 9 evaluating [time: 11.80s, valid_score: 0.263400]
Sat 09 May 2026 16:51:02 INFO  valid result: 
recall@5 : 0.3549
recall@10 : 0.41
recall@15 : 0.44
recall@20 : 0.4598
precision@5 : 0.071
precision@10 : 0.041
precision@15 : 0.0293
precision@20 : 0.023
mrr@5 : 0.256
mrr@10 : 0.2634
mrr@15 : 0.2658
mrr@20 : 0.2669
map@5 : 0.256
map@10 : 0.2634
map@15 : 0.2658
map@20 : 0.2669
hit@5 : 0.3549
hit@10 : 0.41
hit@15 : 0.44
hit@20 : 0.4598
ndcg@5 : 0.2807
ndcg@10 : 0.2986
ndcg@15 : 0.3065
ndcg@20 : 0.3112
averagepopularity@5 : 84.4612
averagepopularity@10 : 82.0572
averagepopularity@15 : 79.772
averagepopularity@20 : 77.8896
itemcoverage@5 : 0.6944
itemcoverage@10 : 0.7881
itemcoverage@15 : 0.8294
itemcoverage@20 : 0.8555
giniindex@5 : 0.7761
giniindex@10 : 0.7606
giniindex@15 : 0.7513
giniindex@20 : 0.7442
Sat 09 May 2026 16:51:02 INFO  Saving current: saved/NARM_30music__days[185-125]_pcount[25]_ptime[60-1000000]_length[2-100]_recent[100]/NARM-May-09-2026_16-25-35.pth
Sat 09 May 2026 16:53:23 INFO  epoch 10 training [time: 140.34s, train loss: 3733.3873]
Sat 09 May 2026 16:53:35 INFO  epoch 10 evaluating [time: 11.79s, valid_score: 0.270200]
Sat 09 May 2026 16:53:35 INFO  valid result: 
recall@5 : 0.359
recall@10 : 0.4127
recall@15 : 0.4418
recall@20 : 0.4608
precision@5 : 0.0718
precision@10 : 0.0413
precision@15 : 0.0295
precision@20 : 0.023
mrr@5 : 0.2629
mrr@10 : 0.2702
mrr@15 : 0.2725
mrr@20 : 0.2735
map@5 : 0.2629
map@10 : 0.2702
map@15 : 0.2725
map@20 : 0.2735
hit@5 : 0.359
hit@10 : 0.4127
hit@15 : 0.4418
hit@20 : 0.4608
ndcg@5 : 0.287
ndcg@10 : 0.3044
ndcg@15 : 0.3121
ndcg@20 : 0.3166
averagepopularity@5 : 80.5745
averagepopularity@10 : 78.7429
averagepopularity@15 : 76.8092
averagepopularity@20 : 75.1843
itemcoverage@5 : 0.7027
itemcoverage@10 : 0.7955
itemcoverage@15 : 0.8379
itemcoverage@20 : 0.8642
giniindex@5 : 0.771
giniindex@10 : 0.7557
giniindex@15 : 0.7462
giniindex@20 : 0.7389
Sat 09 May 2026 16:53:35 INFO  Saving current: saved/NARM_30music__days[185-125]_pcount[25]_ptime[60-1000000]_length[2-100]_recent[100]/NARM-May-09-2026_16-25-35.pth
Sat 09 May 2026 16:55:55 INFO  epoch 11 training [time: 140.46s, train loss: 3679.3093]
Sat 09 May 2026 16:56:07 INFO  epoch 11 evaluating [time: 11.78s, valid_score: 0.275600]
Sat 09 May 2026 16:56:07 INFO  valid result: 
recall@5 : 0.3603
recall@10 : 0.414
recall@15 : 0.4429
recall@20 : 0.4621
precision@5 : 0.0721
precision@10 : 0.0414
precision@15 : 0.0295
precision@20 : 0.0231
mrr@5 : 0.2684
mrr@10 : 0.2756
mrr@15 : 0.2779
mrr@20 : 0.279
map@5 : 0.2684
map@10 : 0.2756
map@15 : 0.2779
map@20 : 0.279
hit@5 : 0.3603
hit@10 : 0.414
hit@15 : 0.4429
hit@20 : 0.4621
ndcg@5 : 0.2914
ndcg@10 : 0.3088
ndcg@15 : 0.3165
ndcg@20 : 0.321
averagepopularity@5 : 81.5168
averagepopularity@10 : 79.677
averagepopularity@15 : 77.7061
averagepopularity@20 : 76.0071
itemcoverage@5 : 0.7107
itemcoverage@10 : 0.8022
itemcoverage@15 : 0.8442
itemcoverage@20 : 0.8695
giniindex@5 : 0.7673
giniindex@10 : 0.7514
giniindex@15 : 0.7417
giniindex@20 : 0.7343
Sat 09 May 2026 16:56:08 INFO  Saving current: saved/NARM_30music__days[185-125]_pcount[25]_ptime[60-1000000]_length[2-100]_recent[100]/NARM-May-09-2026_16-25-35.pth
Sat 09 May 2026 16:58:28 INFO  epoch 12 training [time: 140.30s, train loss: 3629.2186]
Sat 09 May 2026 16:58:40 INFO  epoch 12 evaluating [time: 11.81s, valid_score: 0.281900]
Sat 09 May 2026 16:58:40 INFO  valid result: 
recall@5 : 0.3638
recall@10 : 0.4161
recall@15 : 0.4444
recall@20 : 0.4635
precision@5 : 0.0728
precision@10 : 0.0416
precision@15 : 0.0296
precision@20 : 0.0232
mrr@5 : 0.2748
mrr@10 : 0.2819
mrr@15 : 0.2841
mrr@20 : 0.2852
map@5 : 0.2748
map@10 : 0.2819
map@15 : 0.2841
map@20 : 0.2852
hit@5 : 0.3638
hit@10 : 0.4161
hit@15 : 0.4444
hit@20 : 0.4635
ndcg@5 : 0.2971
ndcg@10 : 0.314
ndcg@15 : 0.3216
ndcg@20 : 0.3261
averagepopularity@5 : 78.1611
averagepopularity@10 : 76.3239
averagepopularity@15 : 74.4355
averagepopularity@20 : 72.8402
itemcoverage@5 : 0.7162
itemcoverage@10 : 0.8075
itemcoverage@15 : 0.8494
itemcoverage@20 : 0.8746
giniindex@5 : 0.7632
giniindex@10 : 0.7479
giniindex@15 : 0.738
giniindex@20 : 0.7303
Sat 09 May 2026 16:58:40 INFO  Saving current: saved/NARM_30music__days[185-125]_pcount[25]_ptime[60-1000000]_length[2-100]_recent[100]/NARM-May-09-2026_16-25-35.pth
Sat 09 May 2026 17:01:01 INFO  epoch 13 training [time: 140.81s, train loss: 3584.6436]
Sat 09 May 2026 17:01:13 INFO  epoch 13 evaluating [time: 11.84s, valid_score: 0.286900]
Sat 09 May 2026 17:01:13 INFO  valid result: 
recall@5 : 0.366
recall@10 : 0.4172
recall@15 : 0.4449
recall@20 : 0.4638
precision@5 : 0.0732
precision@10 : 0.0417
precision@15 : 0.0297
precision@20 : 0.0232
mrr@5 : 0.2801
mrr@10 : 0.2869
mrr@15 : 0.2891
mrr@20 : 0.2902
map@5 : 0.2801
map@10 : 0.2869
map@15 : 0.2891
map@20 : 0.2902
hit@5 : 0.366
hit@10 : 0.4172
hit@15 : 0.4449
hit@20 : 0.4638
ndcg@5 : 0.3016
ndcg@10 : 0.3182
ndcg@15 : 0.3255
ndcg@20 : 0.33
averagepopularity@5 : 79.2397
averagepopularity@10 : 77.6434
averagepopularity@15 : 75.7849
averagepopularity@20 : 74.2388
itemcoverage@5 : 0.7233
itemcoverage@10 : 0.8145
itemcoverage@15 : 0.855
itemcoverage@20 : 0.8796
giniindex@5 : 0.7598
giniindex@10 : 0.7447
giniindex@15 : 0.7351
giniindex@20 : 0.7275
Sat 09 May 2026 17:01:13 INFO  Saving current: saved/NARM_30music__days[185-125]_pcount[25]_ptime[60-1000000]_length[2-100]_recent[100]/NARM-May-09-2026_16-25-35.pth
Sat 09 May 2026 17:03:34 INFO  epoch 14 training [time: 140.86s, train loss: 3541.9194]
Sat 09 May 2026 17:03:46 INFO  epoch 14 evaluating [time: 11.92s, valid_score: 0.290200]
Sat 09 May 2026 17:03:46 INFO  valid result: 
recall@5 : 0.3671
recall@10 : 0.4179
recall@15 : 0.4454
recall@20 : 0.4632
precision@5 : 0.0734
precision@10 : 0.0418
precision@15 : 0.0297
precision@20 : 0.0232
mrr@5 : 0.2835
mrr@10 : 0.2902
mrr@15 : 0.2924
mrr@20 : 0.2934
map@5 : 0.2835
map@10 : 0.2902
map@15 : 0.2924
map@20 : 0.2934
hit@5 : 0.3671
hit@10 : 0.4179
hit@15 : 0.4454
hit@20 : 0.4632
ndcg@5 : 0.3044
ndcg@10 : 0.3208
ndcg@15 : 0.3281
ndcg@20 : 0.3323
averagepopularity@5 : 77.6117
averagepopularity@10 : 75.9957
averagepopularity@15 : 74.0796
averagepopularity@20 : 72.4816
itemcoverage@5 : 0.728
itemcoverage@10 : 0.8185
itemcoverage@15 : 0.8591
itemcoverage@20 : 0.8829
giniindex@5 : 0.7572
giniindex@10 : 0.7415
giniindex@15 : 0.7316
giniindex@20 : 0.724
Sat 09 May 2026 17:03:46 INFO  Saving current: saved/NARM_30music__days[185-125]_pcount[25]_ptime[60-1000000]_length[2-100]_recent[100]/NARM-May-09-2026_16-25-35.pth
Sat 09 May 2026 17:06:07 INFO  epoch 15 training [time: 140.89s, train loss: 3503.2292]
Sat 09 May 2026 17:06:19 INFO  epoch 15 evaluating [time: 11.84s, valid_score: 0.296100]
Sat 09 May 2026 17:06:19 INFO  valid result: 
recall@5 : 0.3711
recall@10 : 0.419
recall@15 : 0.4464
recall@20 : 0.4645
precision@5 : 0.0742
precision@10 : 0.0419
precision@15 : 0.0298
precision@20 : 0.0232
mrr@5 : 0.2897
mrr@10 : 0.2961
mrr@15 : 0.2983
mrr@20 : 0.2993
map@5 : 0.2897
map@10 : 0.2961
map@15 : 0.2983
map@20 : 0.2993
hit@5 : 0.3711
hit@10 : 0.419
hit@15 : 0.4464
hit@20 : 0.4645
ndcg@5 : 0.3101
ndcg@10 : 0.3255
ndcg@15 : 0.3328
ndcg@20 : 0.3371
averagepopularity@5 : 76.634
averagepopularity@10 : 74.782
averagepopularity@15 : 72.9183
averagepopularity@20 : 71.3406
itemcoverage@5 : 0.7354
itemcoverage@10 : 0.8258
itemcoverage@15 : 0.8659
itemcoverage@20 : 0.8898
giniindex@5 : 0.7501
giniindex@10 : 0.7344
giniindex@15 : 0.7248
giniindex@20 : 0.7169
Sat 09 May 2026 17:06:20 INFO  Saving current: saved/NARM_30music__days[185-125]_pcount[25]_ptime[60-1000000]_length[2-100]_recent[100]/NARM-May-09-2026_16-25-35.pth
Sat 09 May 2026 17:08:40 INFO  epoch 16 training [time: 140.47s, train loss: 3469.0551]
Sat 09 May 2026 17:08:52 INFO  epoch 16 evaluating [time: 11.87s, valid_score: 0.297800]
Sat 09 May 2026 17:08:52 INFO  valid result: 
recall@5 : 0.3723
recall@10 : 0.4205
recall@15 : 0.448
recall@20 : 0.466
precision@5 : 0.0745
precision@10 : 0.0421
precision@15 : 0.0299
precision@20 : 0.0233
mrr@5 : 0.2913
mrr@10 : 0.2978
mrr@15 : 0.3
mrr@20 : 0.301
map@5 : 0.2913
map@10 : 0.2978
map@15 : 0.3
map@20 : 0.301
hit@5 : 0.3723
hit@10 : 0.4205
hit@15 : 0.448
hit@20 : 0.466
ndcg@5 : 0.3116
ndcg@10 : 0.3272
ndcg@15 : 0.3345
ndcg@20 : 0.3387
averagepopularity@5 : 77.0027
averagepopularity@10 : 75.5635
averagepopularity@15 : 73.7159
averagepopularity@20 : 72.1656
itemcoverage@5 : 0.7396
itemcoverage@10 : 0.8288
itemcoverage@15 : 0.8689
itemcoverage@20 : 0.8919
giniindex@5 : 0.749
giniindex@10 : 0.7339
giniindex@15 : 0.7241
giniindex@20 : 0.7164
Sat 09 May 2026 17:08:52 INFO  Saving current: saved/NARM_30music__days[185-125]_pcount[25]_ptime[60-1000000]_length[2-100]_recent[100]/NARM-May-09-2026_16-25-35.pth
Sat 09 May 2026 17:11:13 INFO  epoch 17 training [time: 140.53s, train loss: 3438.0507]
Sat 09 May 2026 17:11:25 INFO  epoch 17 evaluating [time: 11.87s, valid_score: 0.298300]
Sat 09 May 2026 17:11:25 INFO  valid result: 
recall@5 : 0.3711
recall@10 : 0.4197
recall@15 : 0.4463
recall@20 : 0.4645
precision@5 : 0.0742
precision@10 : 0.042
precision@15 : 0.0298
precision@20 : 0.0232
mrr@5 : 0.2918
mrr@10 : 0.2983
mrr@15 : 0.3004
mrr@20 : 0.3014
map@5 : 0.2918
map@10 : 0.2983
map@15 : 0.3004
map@20 : 0.3014
hit@5 : 0.3711
hit@10 : 0.4197
hit@15 : 0.4463
hit@20 : 0.4645
ndcg@5 : 0.3116
ndcg@10 : 0.3274
ndcg@15 : 0.3344
ndcg@20 : 0.3387
averagepopularity@5 : 76.2238
averagepopularity@10 : 74.7212
averagepopularity@15 : 72.9596
averagepopularity@20 : 71.456
itemcoverage@5 : 0.7407
itemcoverage@10 : 0.8321
itemcoverage@15 : 0.8725
itemcoverage@20 : 0.8949
giniindex@5 : 0.7491
giniindex@10 : 0.7328
giniindex@15 : 0.7229
giniindex@20 : 0.7152
Sat 09 May 2026 17:11:25 INFO  Saving current: saved/NARM_30music__days[185-125]_pcount[25]_ptime[60-1000000]_length[2-100]_recent[100]/NARM-May-09-2026_16-25-35.pth
Sat 09 May 2026 17:13:46 INFO  epoch 18 training [time: 140.52s, train loss: 3407.2364]
Sat 09 May 2026 17:13:57 INFO  epoch 18 evaluating [time: 11.81s, valid_score: 0.303600]
Sat 09 May 2026 17:13:57 INFO  valid result: 
recall@5 : 0.3738
recall@10 : 0.4216
recall@15 : 0.4482
recall@20 : 0.4657
precision@5 : 0.0748
precision@10 : 0.0422
precision@15 : 0.0299
precision@20 : 0.0233
mrr@5 : 0.2972
mrr@10 : 0.3036
mrr@15 : 0.3057
mrr@20 : 0.3067
map@5 : 0.2972
map@10 : 0.3036
map@15 : 0.3057
map@20 : 0.3067
hit@5 : 0.3738
hit@10 : 0.4216
hit@15 : 0.4482
hit@20 : 0.4657
ndcg@5 : 0.3164
ndcg@10 : 0.3319
ndcg@15 : 0.3389
ndcg@20 : 0.343
averagepopularity@5 : 74.3762
averagepopularity@10 : 73.1702
averagepopularity@15 : 71.5648
averagepopularity@20 : 70.1628
itemcoverage@5 : 0.7471
itemcoverage@10 : 0.8367
itemcoverage@15 : 0.8758
itemcoverage@20 : 0.898
giniindex@5 : 0.7442
giniindex@10 : 0.7286
giniindex@15 : 0.7189
giniindex@20 : 0.7111
Sat 09 May 2026 17:13:58 INFO  Saving current: saved/NARM_30music__days[185-125]_pcount[25]_ptime[60-1000000]_length[2-100]_recent[100]/NARM-May-09-2026_16-25-35.pth
Sat 09 May 2026 17:16:18 INFO  epoch 19 training [time: 140.48s, train loss: 3379.2258]
Sat 09 May 2026 17:16:30 INFO  epoch 19 evaluating [time: 11.81s, valid_score: 0.305500]
Sat 09 May 2026 17:16:30 INFO  valid result: 
recall@5 : 0.3751
recall@10 : 0.4224
recall@15 : 0.4488
recall@20 : 0.466
precision@5 : 0.075
precision@10 : 0.0422
precision@15 : 0.0299
precision@20 : 0.0233
mrr@5 : 0.2992
mrr@10 : 0.3055
mrr@15 : 0.3076
mrr@20 : 0.3085
map@5 : 0.2992
map@10 : 0.3055
map@15 : 0.3076
map@20 : 0.3085
hit@5 : 0.3751
hit@10 : 0.4224
hit@15 : 0.4488
hit@20 : 0.466
ndcg@5 : 0.3181
ndcg@10 : 0.3335
ndcg@15 : 0.3405
ndcg@20 : 0.3445
averagepopularity@5 : 77.6306
averagepopularity@10 : 75.9863
averagepopularity@15 : 74.1252
averagepopularity@20 : 72.5883
itemcoverage@5 : 0.7453
itemcoverage@10 : 0.8359
itemcoverage@15 : 0.8745
itemcoverage@20 : 0.8976
giniindex@5 : 0.747
giniindex@10 : 0.7314
giniindex@15 : 0.7215
giniindex@20 : 0.7139
Sat 09 May 2026 17:16:31 INFO  Saving current: saved/NARM_30music__days[185-125]_pcount[25]_ptime[60-1000000]_length[2-100]_recent[100]/NARM-May-09-2026_16-25-35.pth
Sat 09 May 2026 17:16:31 INFO  Loading model structure and parameters from saved/NARM_30music__days[185-125]_pcount[25]_ptime[60-1000000]_length[2-100]_recent[100]/NARM-May-09-2026_16-25-35.pth
