Tue 12 May 2026 20:13:01 INFO  
General Hyper Parameters:
gpu_id = 0
use_gpu = True
seed = 2020
state = INFO
reproducibility = True
data_path = dataset/30music__days[305-245]_pcount[25]_ptime[60-1000000]_length[2-100]_recent[100]
checkpoint_dir = saved/SRGNN_30music__days[305-245]_pcount[25]_ptime[60-1000000]_length[2-100]_recent[100]
show_progress = True
save_dataset = False
dataset_save_path = None
save_dataloaders = False
dataloaders_save_path = None
log_wandb = False

Training Hyper Parameters:
epochs = 20
train_batch_size = 4096
learner = adam
learning_rate = 0.001
train_neg_sample_args = {'distribution': 'none', 'sample_num': 'none', 'alpha': 'none', 'dynamic': False, 'candidate_num': 0}
eval_step = 1
stopping_step = 3
clip_grad_norm = None
weight_decay = 0.0
loss_decimal_place = 4

Evaluation Hyper Parameters:
eval_args = {'split': {'RS': [8, 1, 1]}, 'order': 'TO', 'group_by': 'user', 'mode': {'valid': 'full', 'test': 'full'}}
repeatable = True
metrics = ['Recall', 'Precision', 'MRR', 'MAP', 'Hit', 'NDCG', 'AveragePopularity', 'ItemCoverage', 'GiniIndex']
topk = [5, 10, 15, 20]
valid_metric = MRR@10
valid_metric_bigger = True
eval_batch_size = 2048
metric_decimal_place = 4

Dataset Hyper Parameters:
gpu_id = 0
worker = 0
use_gpu = True
seed = 2020
state = INFO
reproducibility = True
data_path = dataset/30music__days[305-245]_pcount[25]_ptime[60-1000000]_length[2-100]_recent[100]
checkpoint_dir = saved/SRGNN_30music__days[305-245]_pcount[25]_ptime[60-1000000]_length[2-100]_recent[100]
show_progress = True
save_dataset = False
dataset_save_path = None
save_dataloaders = False
dataloaders_save_path = None
log_wandb = False
wandb_project = recbole
shuffle = True
epochs = 20
train_batch_size = 4096
learner = adam
learning_rate = 0.001
train_neg_sample_args = {'distribution': 'none', 'sample_num': 'none', 'alpha': 'none', 'dynamic': False, 'candidate_num': 0}
eval_step = 1
stopping_step = 3
clip_grad_norm = None
weight_decay = 0.0
loss_decimal_place = 4
require_pow = False
enable_amp = False
enable_scaler = False
transform = None
eval_args = {'split': {'RS': [8, 1, 1]}, 'order': 'TO', 'group_by': 'user', 'mode': {'valid': 'full', 'test': 'full'}}
repeatable = True
metrics = ['Recall', 'Precision', 'MRR', 'MAP', 'Hit', 'NDCG', 'AveragePopularity', 'ItemCoverage', 'GiniIndex']
topk = [5, 10, 15, 20]
valid_metric = MRR@10
valid_metric_bigger = True
eval_batch_size = 2048
metric_decimal_place = 4
field_separator = 	
seq_separator =  
USER_ID_FIELD = session_id
ITEM_ID_FIELD = item_id
RATING_FIELD = rating
TIME_FIELD = timestamp
seq_len = None
LABEL_FIELD = label
threshold = None
NEG_PREFIX = neg_
numerical_features = []
load_col = {'inter': ['session_id', 'item_id', 'timestamp']}
unload_col = None
unused_col = None
additional_feat_suffix = None
rm_dup_inter = None
val_interval = None
filter_inter_by_user_or_item = True
user_inter_num_interval = [0,inf)
item_inter_num_interval = [0,inf)
alias_of_user_id = None
alias_of_item_id = None
alias_of_entity_id = None
alias_of_relation_id = None
preload_weight = None
normalize_field = None
normalize_all = None
discretization = None
ITEM_LIST_LENGTH_FIELD = item_length
LIST_SUFFIX = _list
MAX_ITEM_LIST_LENGTH = 100
POSITION_FIELD = position_id
HEAD_ENTITY_ID_FIELD = head_id
TAIL_ENTITY_ID_FIELD = tail_id
RELATION_ID_FIELD = relation_id
ENTITY_ID_FIELD = entity_id
benchmark_filename = None

Other Hyper Parameters: 
embedding_size = 64
step = 1
loss_type = CE
kg_reverse_r = False
entity_kg_num_interval = [0,inf)
relation_kg_num_interval = [0,inf)
MODEL_TYPE = ModelType.SEQUENTIAL
neg_sampling = None
MODEL_INPUT_TYPE = InputType.POINTWISE
eval_type = EvaluatorType.RANKING
single_spec = True
local_rank = 0
device = cuda
valid_neg_sample_args = {'distribution': 'uniform', 'sample_num': 'none'}
test_neg_sample_args = {'distribution': 'uniform', 'sample_num': 'none'}


Tue 12 May 2026 20:13:10 INFO  30music__days[305-245]_pcount[25]_ptime[60-1000000]_length[2-100]_recent[100]
The number of users: 215174
Average actions of users: 9.983771198059236
The number of items: 119226
Average actions of items: 18.018351855734956
The number of inters: 2148238
The sparsity of the dataset: 99.99162621844273%
Remain Fields: ['session_id', 'item_id', 'timestamp']
Tue 12 May 2026 20:13:37 INFO  [Training]: train_batch_size = [4096] train_neg_sample_args: [{'distribution': 'none', 'sample_num': 'none', 'alpha': 'none', 'dynamic': False, 'candidate_num': 0}]
Tue 12 May 2026 20:13:37 INFO  [Evaluation]: eval_batch_size = [2048] eval_args: [{'split': {'RS': [8, 1, 1]}, 'order': 'TO', 'group_by': 'user', 'mode': {'valid': 'full', 'test': 'full'}}]
Tue 12 May 2026 20:13:38 INFO  SRGNN(
  (item_embedding): Embedding(119226, 64, padding_idx=0)
  (gnn): GNN(
    (linear_edge_in): Linear(in_features=64, out_features=64, bias=True)
    (linear_edge_out): Linear(in_features=64, out_features=64, bias=True)
  )
  (linear_one): Linear(in_features=64, out_features=64, bias=True)
  (linear_two): Linear(in_features=64, out_features=64, bias=True)
  (linear_three): Linear(in_features=64, out_features=1, bias=False)
  (linear_transform): Linear(in_features=128, out_features=64, bias=True)
  (loss_fct): CrossEntropyLoss()
)
Trainable parameters: 7692800
Tue 12 May 2026 20:26:39 INFO  epoch 0 training [time: 779.11s, train loss: 3759.1588]
Tue 12 May 2026 20:28:18 INFO  epoch 0 evaluating [time: 98.94s, valid_score: 0.071500]
Tue 12 May 2026 20:28:18 INFO  valid result: 
recall@5 : 0.0987
recall@10 : 0.145
recall@15 : 0.1698
recall@20 : 0.1842
precision@5 : 0.0197
precision@10 : 0.0145
precision@15 : 0.0113
precision@20 : 0.0092
mrr@5 : 0.0654
mrr@10 : 0.0715
mrr@15 : 0.0734
mrr@20 : 0.0743
map@5 : 0.0654
map@10 : 0.0715
map@15 : 0.0734
map@20 : 0.0743
hit@5 : 0.0987
hit@10 : 0.145
hit@15 : 0.1698
hit@20 : 0.1842
ndcg@5 : 0.0736
ndcg@10 : 0.0885
ndcg@15 : 0.095
ndcg@20 : 0.0984
averagepopularity@5 : 213.3337
averagepopularity@10 : 197.0936
averagepopularity@15 : 187.4916
averagepopularity@20 : 180.4704
itemcoverage@5 : 0.2739
itemcoverage@10 : 0.3325
itemcoverage@15 : 0.3719
itemcoverage@20 : 0.4033
giniindex@5 : 0.9425
giniindex@10 : 0.9351
giniindex@15 : 0.9315
giniindex@20 : 0.9287
Tue 12 May 2026 20:28:18 INFO  Saving current: saved/SRGNN_30music__days[305-245]_pcount[25]_ptime[60-1000000]_length[2-100]_recent[100]/SRGNN-May-12-2026_20-13-38.pth
Tue 12 May 2026 20:41:35 INFO  epoch 1 training [time: 796.87s, train loss: 2926.3178]
Tue 12 May 2026 20:43:12 INFO  epoch 1 evaluating [time: 96.86s, valid_score: 0.153900]
Tue 12 May 2026 20:43:12 INFO  valid result: 
recall@5 : 0.2514
recall@10 : 0.332
recall@15 : 0.3687
recall@20 : 0.3889
precision@5 : 0.0503
precision@10 : 0.0332
precision@15 : 0.0246
precision@20 : 0.0194
mrr@5 : 0.1431
mrr@10 : 0.1539
mrr@15 : 0.1568
mrr@20 : 0.158
map@5 : 0.1431
map@10 : 0.1539
map@15 : 0.1568
map@20 : 0.158
hit@5 : 0.2514
hit@10 : 0.332
hit@15 : 0.3687
hit@20 : 0.3889
ndcg@5 : 0.1699
ndcg@10 : 0.1961
ndcg@15 : 0.2058
ndcg@20 : 0.2106
averagepopularity@5 : 91.0039
averagepopularity@10 : 90.34
averagepopularity@15 : 89.0604
averagepopularity@20 : 87.946
itemcoverage@5 : 0.5731
itemcoverage@10 : 0.634
itemcoverage@15 : 0.6646
itemcoverage@20 : 0.6849
giniindex@5 : 0.8224
giniindex@10 : 0.8146
giniindex@15 : 0.8119
giniindex@20 : 0.8103
Tue 12 May 2026 20:43:13 INFO  Saving current: saved/SRGNN_30music__days[305-245]_pcount[25]_ptime[60-1000000]_length[2-100]_recent[100]/SRGNN-May-12-2026_20-13-38.pth
Tue 12 May 2026 20:55:49 INFO  epoch 2 training [time: 756.83s, train loss: 2362.6679]
Tue 12 May 2026 20:57:22 INFO  epoch 2 evaluating [time: 93.00s, valid_score: 0.210200]
Tue 12 May 2026 20:57:22 INFO  valid result: 
recall@5 : 0.3126
recall@10 : 0.3861
recall@15 : 0.4199
recall@20 : 0.4405
precision@5 : 0.0625
precision@10 : 0.0386
precision@15 : 0.028
precision@20 : 0.022
mrr@5 : 0.2003
mrr@10 : 0.2102
mrr@15 : 0.2129
mrr@20 : 0.2141
map@5 : 0.2003
map@10 : 0.2102
map@15 : 0.2129
map@20 : 0.2141
hit@5 : 0.3126
hit@10 : 0.3861
hit@15 : 0.4199
hit@20 : 0.4405
ndcg@5 : 0.2283
ndcg@10 : 0.2521
ndcg@15 : 0.2611
ndcg@20 : 0.266
averagepopularity@5 : 82.9966
averagepopularity@10 : 83.0459
averagepopularity@15 : 82.0099
averagepopularity@20 : 81.0122
itemcoverage@5 : 0.6741
itemcoverage@10 : 0.744
itemcoverage@15 : 0.7759
itemcoverage@20 : 0.7959
giniindex@5 : 0.7732
giniindex@10 : 0.7621
giniindex@15 : 0.7569
giniindex@20 : 0.7532
Tue 12 May 2026 20:57:23 INFO  Saving current: saved/SRGNN_30music__days[305-245]_pcount[25]_ptime[60-1000000]_length[2-100]_recent[100]/SRGNN-May-12-2026_20-13-38.pth
Tue 12 May 2026 21:09:35 INFO  epoch 3 training [time: 732.59s, train loss: 2099.1750]
Tue 12 May 2026 21:11:09 INFO  epoch 3 evaluating [time: 93.30s, valid_score: 0.252300]
Tue 12 May 2026 21:11:09 INFO  valid result: 
recall@5 : 0.3455
recall@10 : 0.4091
recall@15 : 0.4409
recall@20 : 0.4597
precision@5 : 0.0691
precision@10 : 0.0409
precision@15 : 0.0294
precision@20 : 0.023
mrr@5 : 0.2437
mrr@10 : 0.2523
mrr@15 : 0.2548
mrr@20 : 0.2559
map@5 : 0.2437
map@10 : 0.2523
map@15 : 0.2548
map@20 : 0.2559
hit@5 : 0.3455
hit@10 : 0.4091
hit@15 : 0.4409
hit@20 : 0.4597
ndcg@5 : 0.2691
ndcg@10 : 0.2897
ndcg@15 : 0.2982
ndcg@20 : 0.3026
averagepopularity@5 : 79.0983
averagepopularity@10 : 78.7317
averagepopularity@15 : 77.4722
averagepopularity@20 : 76.2146
itemcoverage@5 : 0.7316
itemcoverage@10 : 0.8072
itemcoverage@15 : 0.8425
itemcoverage@20 : 0.8632
giniindex@5 : 0.7453
giniindex@10 : 0.733
giniindex@15 : 0.7261
giniindex@20 : 0.7205
Tue 12 May 2026 21:11:09 INFO  Saving current: saved/SRGNN_30music__days[305-245]_pcount[25]_ptime[60-1000000]_length[2-100]_recent[100]/SRGNN-May-12-2026_20-13-38.pth
Tue 12 May 2026 21:23:23 INFO  epoch 4 training [time: 733.92s, train loss: 1929.4119]
Tue 12 May 2026 21:24:56 INFO  epoch 4 evaluating [time: 92.97s, valid_score: 0.280700]
Tue 12 May 2026 21:24:56 INFO  valid result: 
recall@5 : 0.3635
recall@10 : 0.4203
recall@15 : 0.4494
recall@20 : 0.4678
precision@5 : 0.0727
precision@10 : 0.042
precision@15 : 0.03
precision@20 : 0.0234
mrr@5 : 0.2731
mrr@10 : 0.2807
mrr@15 : 0.283
mrr@20 : 0.2841
map@5 : 0.2731
map@10 : 0.2807
map@15 : 0.283
map@20 : 0.2841
hit@5 : 0.3635
hit@10 : 0.4203
hit@15 : 0.4494
hit@20 : 0.4678
ndcg@5 : 0.2957
ndcg@10 : 0.3141
ndcg@15 : 0.3218
ndcg@20 : 0.3261
averagepopularity@5 : 74.1352
averagepopularity@10 : 74.0379
averagepopularity@15 : 72.8813
averagepopularity@20 : 71.7289
itemcoverage@5 : 0.7662
itemcoverage@10 : 0.8461
itemcoverage@15 : 0.8815
itemcoverage@20 : 0.9022
giniindex@5 : 0.7272
giniindex@10 : 0.714
giniindex@15 : 0.7059
giniindex@20 : 0.6995
Tue 12 May 2026 21:24:56 INFO  Saving current: saved/SRGNN_30music__days[305-245]_pcount[25]_ptime[60-1000000]_length[2-100]_recent[100]/SRGNN-May-12-2026_20-13-38.pth
Tue 12 May 2026 21:37:07 INFO  epoch 5 training [time: 730.99s, train loss: 1804.4490]
Tue 12 May 2026 21:38:41 INFO  epoch 5 evaluating [time: 93.11s, valid_score: 0.300800]
Tue 12 May 2026 21:38:41 INFO  valid result: 
recall@5 : 0.3767
recall@10 : 0.4274
recall@15 : 0.4543
recall@20 : 0.4711
precision@5 : 0.0753
precision@10 : 0.0427
precision@15 : 0.0303
precision@20 : 0.0236
mrr@5 : 0.294
mrr@10 : 0.3008
mrr@15 : 0.3029
mrr@20 : 0.3038
map@5 : 0.294
map@10 : 0.3008
map@15 : 0.3029
map@20 : 0.3038
hit@5 : 0.3767
hit@10 : 0.4274
hit@15 : 0.4543
hit@20 : 0.4711
ndcg@5 : 0.3146
ndcg@10 : 0.3311
ndcg@15 : 0.3382
ndcg@20 : 0.3421
averagepopularity@5 : 72.4449
averagepopularity@10 : 72.3532
averagepopularity@15 : 71.1922
averagepopularity@20 : 70.0498
itemcoverage@5 : 0.7882
itemcoverage@10 : 0.8702
itemcoverage@15 : 0.9036
itemcoverage@20 : 0.9239
giniindex@5 : 0.7143
giniindex@10 : 0.7
giniindex@15 : 0.6911
giniindex@20 : 0.6839
Tue 12 May 2026 21:38:41 INFO  Saving current: saved/SRGNN_30music__days[305-245]_pcount[25]_ptime[60-1000000]_length[2-100]_recent[100]/SRGNN-May-12-2026_20-13-38.pth
Tue 12 May 2026 21:50:55 INFO  epoch 6 training [time: 733.85s, train loss: 1704.3415]
Tue 12 May 2026 21:52:35 INFO  epoch 6 evaluating [time: 99.95s, valid_score: 0.312000]
Tue 12 May 2026 21:52:35 INFO  valid result: 
recall@5 : 0.3823
recall@10 : 0.4294
recall@15 : 0.4546
recall@20 : 0.47
precision@5 : 0.0765
precision@10 : 0.0429
precision@15 : 0.0303
precision@20 : 0.0235
mrr@5 : 0.3057
mrr@10 : 0.312
mrr@15 : 0.314
mrr@20 : 0.3149
map@5 : 0.3057
map@10 : 0.312
map@15 : 0.314
map@20 : 0.3149
hit@5 : 0.3823
hit@10 : 0.4294
hit@15 : 0.4546
hit@20 : 0.47
ndcg@5 : 0.3248
ndcg@10 : 0.3401
ndcg@15 : 0.3468
ndcg@20 : 0.3504
averagepopularity@5 : 72.337
averagepopularity@10 : 72.1033
averagepopularity@15 : 70.9011
averagepopularity@20 : 69.7563
itemcoverage@5 : 0.797
itemcoverage@10 : 0.8791
itemcoverage@15 : 0.9129
itemcoverage@20 : 0.9322
giniindex@5 : 0.7111
giniindex@10 : 0.6971
giniindex@15 : 0.6878
giniindex@20 : 0.6805
Tue 12 May 2026 21:52:35 INFO  Saving current: saved/SRGNN_30music__days[305-245]_pcount[25]_ptime[60-1000000]_length[2-100]_recent[100]/SRGNN-May-12-2026_20-13-38.pth
Tue 12 May 2026 22:05:37 INFO  epoch 7 training [time: 781.72s, train loss: 1619.1348]
Tue 12 May 2026 22:07:18 INFO  epoch 7 evaluating [time: 101.17s, valid_score: 0.317500]
Tue 12 May 2026 22:07:18 INFO  valid result: 
recall@5 : 0.3833
recall@10 : 0.4289
recall@15 : 0.453
recall@20 : 0.4684
precision@5 : 0.0767
precision@10 : 0.0429
precision@15 : 0.0302
precision@20 : 0.0234
mrr@5 : 0.3114
mrr@10 : 0.3175
mrr@15 : 0.3194
mrr@20 : 0.3202
map@5 : 0.3114
map@10 : 0.3175
map@15 : 0.3194
map@20 : 0.3202
hit@5 : 0.3833
hit@10 : 0.4289
hit@15 : 0.453
hit@20 : 0.4684
ndcg@5 : 0.3293
ndcg@10 : 0.3441
ndcg@15 : 0.3505
ndcg@20 : 0.3541
averagepopularity@5 : 73.1595
averagepopularity@10 : 72.6475
averagepopularity@15 : 71.299
averagepopularity@20 : 70.1004
itemcoverage@5 : 0.8067
itemcoverage@10 : 0.8888
itemcoverage@15 : 0.9218
itemcoverage@20 : 0.9383
giniindex@5 : 0.7046
giniindex@10 : 0.6888
giniindex@15 : 0.6791
giniindex@20 : 0.6714
Tue 12 May 2026 22:07:18 INFO  Saving current: saved/SRGNN_30music__days[305-245]_pcount[25]_ptime[60-1000000]_length[2-100]_recent[100]/SRGNN-May-12-2026_20-13-38.pth
Tue 12 May 2026 22:20:19 INFO  epoch 8 training [time: 780.64s, train loss: 1545.9716]
Tue 12 May 2026 22:21:54 INFO  epoch 8 evaluating [time: 95.11s, valid_score: 0.320000]
Tue 12 May 2026 22:21:54 INFO  valid result: 
recall@5 : 0.3832
recall@10 : 0.4269
recall@15 : 0.4499
recall@20 : 0.4655
precision@5 : 0.0766
precision@10 : 0.0427
precision@15 : 0.03
precision@20 : 0.0233
mrr@5 : 0.3141
mrr@10 : 0.32
mrr@15 : 0.3218
mrr@20 : 0.3227
map@5 : 0.3141
map@10 : 0.32
map@15 : 0.3218
map@20 : 0.3227
hit@5 : 0.3832
hit@10 : 0.4269
hit@15 : 0.4499
hit@20 : 0.4655
ndcg@5 : 0.3314
ndcg@10 : 0.3456
ndcg@15 : 0.3516
ndcg@20 : 0.3554
averagepopularity@5 : 71.5561
averagepopularity@10 : 71.1248
averagepopularity@15 : 69.7941
averagepopularity@20 : 68.6002
itemcoverage@5 : 0.8137
itemcoverage@10 : 0.8954
itemcoverage@15 : 0.927
itemcoverage@20 : 0.9431
giniindex@5 : 0.6994
giniindex@10 : 0.6822
giniindex@15 : 0.6718
giniindex@20 : 0.6639
Tue 12 May 2026 22:21:55 INFO  Saving current: saved/SRGNN_30music__days[305-245]_pcount[25]_ptime[60-1000000]_length[2-100]_recent[100]/SRGNN-May-12-2026_20-13-38.pth
Tue 12 May 2026 22:34:28 INFO  epoch 9 training [time: 753.24s, train loss: 1482.0947]
Tue 12 May 2026 22:36:04 INFO  epoch 9 evaluating [time: 96.09s, valid_score: 0.322600]
Tue 12 May 2026 22:36:04 INFO  valid result: 
recall@5 : 0.3837
recall@10 : 0.4247
recall@15 : 0.4467
recall@20 : 0.4616
precision@5 : 0.0767
precision@10 : 0.0425
precision@15 : 0.0298
precision@20 : 0.0231
mrr@5 : 0.3171
mrr@10 : 0.3226
mrr@15 : 0.3243
mrr@20 : 0.3251
map@5 : 0.3171
map@10 : 0.3226
map@15 : 0.3243
map@20 : 0.3251
hit@5 : 0.3837
hit@10 : 0.4247
hit@15 : 0.4467
hit@20 : 0.4616
ndcg@5 : 0.3337
ndcg@10 : 0.347
ndcg@15 : 0.3528
ndcg@20 : 0.3564
averagepopularity@5 : 68.6128
averagepopularity@10 : 68.017
averagepopularity@15 : 66.7097
averagepopularity@20 : 65.4511
itemcoverage@5 : 0.8189
itemcoverage@10 : 0.8987
itemcoverage@15 : 0.9285
itemcoverage@20 : 0.944
giniindex@5 : 0.692
giniindex@10 : 0.6748
giniindex@15 : 0.6643
giniindex@20 : 0.6563
Tue 12 May 2026 22:36:04 INFO  Saving current: saved/SRGNN_30music__days[305-245]_pcount[25]_ptime[60-1000000]_length[2-100]_recent[100]/SRGNN-May-12-2026_20-13-38.pth
Tue 12 May 2026 22:48:18 INFO  epoch 10 training [time: 734.01s, train loss: 1425.8293]
Tue 12 May 2026 22:49:54 INFO  epoch 10 evaluating [time: 95.59s, valid_score: 0.324600]
Tue 12 May 2026 22:49:54 INFO  valid result: 
recall@5 : 0.3837
recall@10 : 0.4236
recall@15 : 0.4451
recall@20 : 0.4593
precision@5 : 0.0767
precision@10 : 0.0424
precision@15 : 0.0297
precision@20 : 0.023
mrr@5 : 0.3193
mrr@10 : 0.3246
mrr@15 : 0.3263
mrr@20 : 0.3271
map@5 : 0.3193
map@10 : 0.3246
map@15 : 0.3263
map@20 : 0.3271
hit@5 : 0.3837
hit@10 : 0.4236
hit@15 : 0.4451
hit@20 : 0.4593
ndcg@5 : 0.3354
ndcg@10 : 0.3483
ndcg@15 : 0.354
ndcg@20 : 0.3574
averagepopularity@5 : 70.9679
averagepopularity@10 : 70.391
averagepopularity@15 : 69.1589
averagepopularity@20 : 68.0439
itemcoverage@5 : 0.8227
itemcoverage@10 : 0.9022
itemcoverage@15 : 0.9324
itemcoverage@20 : 0.9464
giniindex@5 : 0.6916
giniindex@10 : 0.6737
giniindex@15 : 0.6634
giniindex@20 : 0.6557
Tue 12 May 2026 22:49:54 INFO  Saving current: saved/SRGNN_30music__days[305-245]_pcount[25]_ptime[60-1000000]_length[2-100]_recent[100]/SRGNN-May-12-2026_20-13-38.pth
Tue 12 May 2026 23:02:18 INFO  epoch 11 training [time: 743.53s, train loss: 1377.0073]
Tue 12 May 2026 23:03:53 INFO  epoch 11 evaluating [time: 94.92s, valid_score: 0.323300]
Tue 12 May 2026 23:03:53 INFO  valid result: 
recall@5 : 0.3813
recall@10 : 0.4209
recall@15 : 0.4421
recall@20 : 0.4564
precision@5 : 0.0763
precision@10 : 0.0421
precision@15 : 0.0295
precision@20 : 0.0228
mrr@5 : 0.318
mrr@10 : 0.3233
mrr@15 : 0.3249
mrr@20 : 0.3257
map@5 : 0.318
map@10 : 0.3233
map@15 : 0.3249
map@20 : 0.3257
hit@5 : 0.3813
hit@10 : 0.4209
hit@15 : 0.4421
hit@20 : 0.4564
ndcg@5 : 0.3338
ndcg@10 : 0.3466
ndcg@15 : 0.3522
ndcg@20 : 0.3556
averagepopularity@5 : 66.4796
averagepopularity@10 : 65.7166
averagepopularity@15 : 64.3344
averagepopularity@20 : 63.2096
itemcoverage@5 : 0.8305
itemcoverage@10 : 0.9064
itemcoverage@15 : 0.9339
itemcoverage@20 : 0.9474
giniindex@5 : 0.6797
giniindex@10 : 0.6602
giniindex@15 : 0.6489
giniindex@20 : 0.6406
Tue 12 May 2026 23:16:20 INFO  epoch 12 training [time: 746.89s, train loss: 1333.8339]
Tue 12 May 2026 23:17:54 INFO  epoch 12 evaluating [time: 94.70s, valid_score: 0.324000]
Tue 12 May 2026 23:17:54 INFO  valid result: 
recall@5 : 0.3809
recall@10 : 0.4184
recall@15 : 0.4394
recall@20 : 0.4529
precision@5 : 0.0762
precision@10 : 0.0418
precision@15 : 0.0293
precision@20 : 0.0226
mrr@5 : 0.319
mrr@10 : 0.324
mrr@15 : 0.3257
mrr@20 : 0.3264
map@5 : 0.319
map@10 : 0.324
map@15 : 0.3257
map@20 : 0.3264
hit@5 : 0.3809
hit@10 : 0.4184
hit@15 : 0.4394
hit@20 : 0.4529
ndcg@5 : 0.3345
ndcg@10 : 0.3466
ndcg@15 : 0.3522
ndcg@20 : 0.3554
averagepopularity@5 : 70.8577
averagepopularity@10 : 70.0991
averagepopularity@15 : 68.6769
averagepopularity@20 : 67.4939
itemcoverage@5 : 0.8229
itemcoverage@10 : 0.9019
itemcoverage@15 : 0.9305
itemcoverage@20 : 0.9446
giniindex@5 : 0.6913
giniindex@10 : 0.6731
giniindex@15 : 0.6626
giniindex@20 : 0.6551
Tue 12 May 2026 23:30:22 INFO  epoch 13 training [time: 747.71s, train loss: 1295.8585]
Tue 12 May 2026 23:31:57 INFO  epoch 13 evaluating [time: 95.14s, valid_score: 0.323400]
Tue 12 May 2026 23:31:57 INFO  valid result: 
recall@5 : 0.3795
recall@10 : 0.4167
recall@15 : 0.4371
recall@20 : 0.4509
precision@5 : 0.0759
precision@10 : 0.0417
precision@15 : 0.0291
precision@20 : 0.0225
mrr@5 : 0.3185
mrr@10 : 0.3234
mrr@15 : 0.3251
mrr@20 : 0.3258
map@5 : 0.3185
map@10 : 0.3234
map@15 : 0.3251
map@20 : 0.3258
hit@5 : 0.3795
hit@10 : 0.4167
hit@15 : 0.4371
hit@20 : 0.4509
ndcg@5 : 0.3337
ndcg@10 : 0.3458
ndcg@15 : 0.3512
ndcg@20 : 0.3544
averagepopularity@5 : 67.0132
averagepopularity@10 : 66.093
averagepopularity@15 : 64.6771
averagepopularity@20 : 63.5618
itemcoverage@5 : 0.8319
itemcoverage@10 : 0.9073
itemcoverage@15 : 0.9344
itemcoverage@20 : 0.9474
giniindex@5 : 0.6779
giniindex@10 : 0.6589
giniindex@15 : 0.6479
giniindex@20 : 0.6402
Tue 12 May 2026 23:44:33 INFO  epoch 14 training [time: 756.07s, train loss: 1262.2274]
Tue 12 May 2026 23:46:10 INFO  epoch 14 evaluating [time: 96.50s, valid_score: 0.322100]
Tue 12 May 2026 23:46:10 INFO  valid result: 
recall@5 : 0.3769
recall@10 : 0.4135
recall@15 : 0.4344
recall@20 : 0.4481
precision@5 : 0.0754
precision@10 : 0.0414
precision@15 : 0.029
precision@20 : 0.0224
mrr@5 : 0.3172
mrr@10 : 0.3221
mrr@15 : 0.3237
mrr@20 : 0.3245
map@5 : 0.3172
map@10 : 0.3221
map@15 : 0.3237
map@20 : 0.3245
hit@5 : 0.3769
hit@10 : 0.4135
hit@15 : 0.4344
hit@20 : 0.4481
ndcg@5 : 0.3321
ndcg@10 : 0.344
ndcg@15 : 0.3495
ndcg@20 : 0.3527
averagepopularity@5 : 66.4484
averagepopularity@10 : 65.695
averagepopularity@15 : 64.3652
averagepopularity@20 : 63.2532
itemcoverage@5 : 0.8345
itemcoverage@10 : 0.9079
itemcoverage@15 : 0.9343
itemcoverage@20 : 0.9472
giniindex@5 : 0.6749
giniindex@10 : 0.6561
giniindex@15 : 0.6453
giniindex@20 : 0.6376
Tue 12 May 2026 23:46:10 INFO  Finished training, best eval result in epoch 10
Tue 12 May 2026 23:46:10 INFO  Loading model structure and parameters from saved/SRGNN_30music__days[305-245]_pcount[25]_ptime[60-1000000]_length[2-100]_recent[100]/SRGNN-May-12-2026_20-13-38.pth
