Wed 13 May 2026 14:56:54 INFO  
General Hyper Parameters:
gpu_id = 0
use_gpu = True
seed = 2020
state = INFO
reproducibility = True
data_path = dataset/30music__days[365-305]_pcount[25]_ptime[60-1000000]_length[2-100]_recent[100]
checkpoint_dir = saved/SRGNN_30music__days[365-305]_pcount[25]_ptime[60-1000000]_length[2-100]_recent[100]
show_progress = True
save_dataset = False
dataset_save_path = None
save_dataloaders = False
dataloaders_save_path = None
log_wandb = False

Training Hyper Parameters:
epochs = 20
train_batch_size = 4096
learner = adam
learning_rate = 0.001
train_neg_sample_args = {'distribution': 'none', 'sample_num': 'none', 'alpha': 'none', 'dynamic': False, 'candidate_num': 0}
eval_step = 1
stopping_step = 3
clip_grad_norm = None
weight_decay = 0.0
loss_decimal_place = 4

Evaluation Hyper Parameters:
eval_args = {'split': {'RS': [8, 1, 1]}, 'order': 'TO', 'group_by': 'user', 'mode': {'valid': 'full', 'test': 'full'}}
repeatable = True
metrics = ['Recall', 'Precision', 'MRR', 'MAP', 'Hit', 'NDCG', 'AveragePopularity', 'ItemCoverage', 'GiniIndex']
topk = [5, 10, 15, 20]
valid_metric = MRR@10
valid_metric_bigger = True
eval_batch_size = 2048
metric_decimal_place = 4

Dataset Hyper Parameters:
gpu_id = 0
worker = 0
use_gpu = True
seed = 2020
state = INFO
reproducibility = True
data_path = dataset/30music__days[365-305]_pcount[25]_ptime[60-1000000]_length[2-100]_recent[100]
checkpoint_dir = saved/SRGNN_30music__days[365-305]_pcount[25]_ptime[60-1000000]_length[2-100]_recent[100]
show_progress = True
save_dataset = False
dataset_save_path = None
save_dataloaders = False
dataloaders_save_path = None
log_wandb = False
wandb_project = recbole
shuffle = True
epochs = 20
train_batch_size = 4096
learner = adam
learning_rate = 0.001
train_neg_sample_args = {'distribution': 'none', 'sample_num': 'none', 'alpha': 'none', 'dynamic': False, 'candidate_num': 0}
eval_step = 1
stopping_step = 3
clip_grad_norm = None
weight_decay = 0.0
loss_decimal_place = 4
require_pow = False
enable_amp = False
enable_scaler = False
transform = None
eval_args = {'split': {'RS': [8, 1, 1]}, 'order': 'TO', 'group_by': 'user', 'mode': {'valid': 'full', 'test': 'full'}}
repeatable = True
metrics = ['Recall', 'Precision', 'MRR', 'MAP', 'Hit', 'NDCG', 'AveragePopularity', 'ItemCoverage', 'GiniIndex']
topk = [5, 10, 15, 20]
valid_metric = MRR@10
valid_metric_bigger = True
eval_batch_size = 2048
metric_decimal_place = 4
field_separator = 	
seq_separator =  
USER_ID_FIELD = session_id
ITEM_ID_FIELD = item_id
RATING_FIELD = rating
TIME_FIELD = timestamp
seq_len = None
LABEL_FIELD = label
threshold = None
NEG_PREFIX = neg_
numerical_features = []
load_col = {'inter': ['session_id', 'item_id', 'timestamp']}
unload_col = None
unused_col = None
additional_feat_suffix = None
rm_dup_inter = None
val_interval = None
filter_inter_by_user_or_item = True
user_inter_num_interval = [0,inf)
item_inter_num_interval = [0,inf)
alias_of_user_id = None
alias_of_item_id = None
alias_of_entity_id = None
alias_of_relation_id = None
preload_weight = None
normalize_field = None
normalize_all = None
discretization = None
ITEM_LIST_LENGTH_FIELD = item_length
LIST_SUFFIX = _list
MAX_ITEM_LIST_LENGTH = 100
POSITION_FIELD = position_id
HEAD_ENTITY_ID_FIELD = head_id
TAIL_ENTITY_ID_FIELD = tail_id
RELATION_ID_FIELD = relation_id
ENTITY_ID_FIELD = entity_id
benchmark_filename = None

Other Hyper Parameters: 
embedding_size = 64
step = 1
loss_type = CE
kg_reverse_r = False
entity_kg_num_interval = [0,inf)
relation_kg_num_interval = [0,inf)
MODEL_TYPE = ModelType.SEQUENTIAL
neg_sampling = None
MODEL_INPUT_TYPE = InputType.POINTWISE
eval_type = EvaluatorType.RANKING
single_spec = True
local_rank = 0
device = cuda
valid_neg_sample_args = {'distribution': 'uniform', 'sample_num': 'none'}
test_neg_sample_args = {'distribution': 'uniform', 'sample_num': 'none'}


Wed 13 May 2026 14:57:03 INFO  30music__days[365-305]_pcount[25]_ptime[60-1000000]_length[2-100]_recent[100]
The number of users: 222038
Average actions of users: 9.921346442259624
The number of items: 115198
Average actions of items: 19.12294591004974
The number of inters: 2202906
The sparsity of the dataset: 99.99138760936896%
Remain Fields: ['session_id', 'item_id', 'timestamp']
Wed 13 May 2026 14:57:31 INFO  [Training]: train_batch_size = [4096] train_neg_sample_args: [{'distribution': 'none', 'sample_num': 'none', 'alpha': 'none', 'dynamic': False, 'candidate_num': 0}]
Wed 13 May 2026 14:57:31 INFO  [Evaluation]: eval_batch_size = [2048] eval_args: [{'split': {'RS': [8, 1, 1]}, 'order': 'TO', 'group_by': 'user', 'mode': {'valid': 'full', 'test': 'full'}}]
Wed 13 May 2026 14:57:32 INFO  SRGNN(
  (item_embedding): Embedding(115198, 64, padding_idx=0)
  (gnn): GNN(
    (linear_edge_in): Linear(in_features=64, out_features=64, bias=True)
    (linear_edge_out): Linear(in_features=64, out_features=64, bias=True)
  )
  (linear_one): Linear(in_features=64, out_features=64, bias=True)
  (linear_two): Linear(in_features=64, out_features=64, bias=True)
  (linear_three): Linear(in_features=64, out_features=1, bias=False)
  (linear_transform): Linear(in_features=128, out_features=64, bias=True)
  (loss_fct): CrossEntropyLoss()
)
Trainable parameters: 7435008
Wed 13 May 2026 15:10:49 INFO  epoch 0 training [time: 794.66s, train loss: 3838.5308]
Wed 13 May 2026 15:12:31 INFO  epoch 0 evaluating [time: 102.57s, valid_score: 0.073700]
Wed 13 May 2026 15:12:31 INFO  valid result: 
recall@5 : 0.1018
recall@10 : 0.1497
recall@15 : 0.1751
recall@20 : 0.1893
precision@5 : 0.0204
precision@10 : 0.015
precision@15 : 0.0117
precision@20 : 0.0095
mrr@5 : 0.0675
mrr@10 : 0.0737
mrr@15 : 0.0757
mrr@20 : 0.0765
map@5 : 0.0675
map@10 : 0.0737
map@15 : 0.0757
map@20 : 0.0765
hit@5 : 0.1018
hit@10 : 0.1497
hit@15 : 0.1751
hit@20 : 0.1893
ndcg@5 : 0.0759
ndcg@10 : 0.0913
ndcg@15 : 0.098
ndcg@20 : 0.1014
averagepopularity@5 : 246.0685
averagepopularity@10 : 225.9002
averagepopularity@15 : 214.6243
averagepopularity@20 : 206.3137
itemcoverage@5 : 0.2704
itemcoverage@10 : 0.3279
itemcoverage@15 : 0.3664
itemcoverage@20 : 0.3967
giniindex@5 : 0.9447
giniindex@10 : 0.9379
giniindex@15 : 0.9343
giniindex@20 : 0.9317
Wed 13 May 2026 15:12:32 INFO  Saving current: saved/SRGNN_30music__days[365-305]_pcount[25]_ptime[60-1000000]_length[2-100]_recent[100]/SRGNN-May-13-2026_14-57-32.pth
Wed 13 May 2026 15:26:51 INFO  epoch 1 training [time: 858.98s, train loss: 2984.4741]
Wed 13 May 2026 15:28:39 INFO  epoch 1 evaluating [time: 108.12s, valid_score: 0.158800]
Wed 13 May 2026 15:28:39 INFO  valid result: 
recall@5 : 0.2617
recall@10 : 0.3439
recall@15 : 0.3811
recall@20 : 0.4014
precision@5 : 0.0523
precision@10 : 0.0344
precision@15 : 0.0254
precision@20 : 0.0201
mrr@5 : 0.1478
mrr@10 : 0.1588
mrr@15 : 0.1618
mrr@20 : 0.1629
map@5 : 0.1478
map@10 : 0.1588
map@15 : 0.1618
map@20 : 0.1629
hit@5 : 0.2617
hit@10 : 0.3439
hit@15 : 0.3811
hit@20 : 0.4014
ndcg@5 : 0.176
ndcg@10 : 0.2027
ndcg@15 : 0.2126
ndcg@20 : 0.2174
averagepopularity@5 : 101.7101
averagepopularity@10 : 101.3468
averagepopularity@15 : 99.7747
averagepopularity@20 : 98.1804
itemcoverage@5 : 0.5941
itemcoverage@10 : 0.6525
itemcoverage@15 : 0.6821
itemcoverage@20 : 0.702
giniindex@5 : 0.8162
giniindex@10 : 0.8102
giniindex@15 : 0.8081
giniindex@20 : 0.8066
Wed 13 May 2026 15:28:39 INFO  Saving current: saved/SRGNN_30music__days[365-305]_pcount[25]_ptime[60-1000000]_length[2-100]_recent[100]/SRGNN-May-13-2026_14-57-32.pth
Wed 13 May 2026 15:42:19 INFO  epoch 2 training [time: 819.64s, train loss: 2403.9980]
Wed 13 May 2026 15:43:59 INFO  epoch 2 evaluating [time: 100.41s, valid_score: 0.218100]
Wed 13 May 2026 15:43:59 INFO  valid result: 
recall@5 : 0.3268
recall@10 : 0.3995
recall@15 : 0.4329
recall@20 : 0.4526
precision@5 : 0.0654
precision@10 : 0.04
precision@15 : 0.0289
precision@20 : 0.0226
mrr@5 : 0.2083
mrr@10 : 0.2181
mrr@15 : 0.2207
mrr@20 : 0.2218
map@5 : 0.2083
map@10 : 0.2181
map@15 : 0.2207
map@20 : 0.2218
hit@5 : 0.3268
hit@10 : 0.3995
hit@15 : 0.4329
hit@20 : 0.4526
ndcg@5 : 0.2378
ndcg@10 : 0.2614
ndcg@15 : 0.2703
ndcg@20 : 0.2749
averagepopularity@5 : 94.3249
averagepopularity@10 : 94.9812
averagepopularity@15 : 93.5683
averagepopularity@20 : 92.1377
itemcoverage@5 : 0.6908
itemcoverage@10 : 0.7572
itemcoverage@15 : 0.787
itemcoverage@20 : 0.806
giniindex@5 : 0.7697
giniindex@10 : 0.7611
giniindex@15 : 0.7572
giniindex@20 : 0.7542
Wed 13 May 2026 15:44:00 INFO  Saving current: saved/SRGNN_30music__days[365-305]_pcount[25]_ptime[60-1000000]_length[2-100]_recent[100]/SRGNN-May-13-2026_14-57-32.pth
Wed 13 May 2026 15:57:36 INFO  epoch 3 training [time: 816.04s, train loss: 2135.9571]
Wed 13 May 2026 15:59:17 INFO  epoch 3 evaluating [time: 101.30s, valid_score: 0.264300]
Wed 13 May 2026 15:59:17 INFO  valid result: 
recall@5 : 0.3601
recall@10 : 0.4222
recall@15 : 0.4526
recall@20 : 0.471
precision@5 : 0.072
precision@10 : 0.0422
precision@15 : 0.0302
precision@20 : 0.0236
mrr@5 : 0.2559
mrr@10 : 0.2643
mrr@15 : 0.2667
mrr@20 : 0.2678
map@5 : 0.2559
map@10 : 0.2643
map@15 : 0.2667
map@20 : 0.2678
hit@5 : 0.3601
hit@10 : 0.4222
hit@15 : 0.4526
hit@20 : 0.471
ndcg@5 : 0.2819
ndcg@10 : 0.3021
ndcg@15 : 0.3101
ndcg@20 : 0.3145
averagepopularity@5 : 88.1251
averagepopularity@10 : 88.3984
averagepopularity@15 : 86.8776
averagepopularity@20 : 85.2361
itemcoverage@5 : 0.7447
itemcoverage@10 : 0.8166
itemcoverage@15 : 0.8485
itemcoverage@20 : 0.8691
giniindex@5 : 0.7427
giniindex@10 : 0.7339
giniindex@15 : 0.7286
giniindex@20 : 0.7242
Wed 13 May 2026 15:59:17 INFO  Saving current: saved/SRGNN_30music__days[365-305]_pcount[25]_ptime[60-1000000]_length[2-100]_recent[100]/SRGNN-May-13-2026_14-57-32.pth
Wed 13 May 2026 16:13:01 INFO  epoch 4 training [time: 823.19s, train loss: 1962.9859]
Wed 13 May 2026 16:14:41 INFO  epoch 4 evaluating [time: 100.67s, valid_score: 0.292600]
Wed 13 May 2026 16:14:41 INFO  valid result: 
recall@5 : 0.3784
recall@10 : 0.4332
recall@15 : 0.4616
recall@20 : 0.4794
precision@5 : 0.0757
precision@10 : 0.0433
precision@15 : 0.0308
precision@20 : 0.024
mrr@5 : 0.2852
mrr@10 : 0.2926
mrr@15 : 0.2948
mrr@20 : 0.2958
map@5 : 0.2852
map@10 : 0.2926
map@15 : 0.2948
map@20 : 0.2958
hit@5 : 0.3784
hit@10 : 0.4332
hit@15 : 0.4616
hit@20 : 0.4794
ndcg@5 : 0.3085
ndcg@10 : 0.3262
ndcg@15 : 0.3338
ndcg@20 : 0.338
averagepopularity@5 : 85.9811
averagepopularity@10 : 86.0442
averagepopularity@15 : 84.3503
averagepopularity@20 : 82.6488
itemcoverage@5 : 0.7804
itemcoverage@10 : 0.8541
itemcoverage@15 : 0.8871
itemcoverage@20 : 0.906
giniindex@5 : 0.7235
giniindex@10 : 0.7138
giniindex@15 : 0.707
giniindex@20 : 0.7013
Wed 13 May 2026 16:14:42 INFO  Saving current: saved/SRGNN_30music__days[365-305]_pcount[25]_ptime[60-1000000]_length[2-100]_recent[100]/SRGNN-May-13-2026_14-57-32.pth
Wed 13 May 2026 16:28:14 INFO  epoch 5 training [time: 812.45s, train loss: 1836.1439]
Wed 13 May 2026 16:29:56 INFO  epoch 5 evaluating [time: 102.13s, valid_score: 0.310700]
Wed 13 May 2026 16:29:56 INFO  valid result: 
recall@5 : 0.3874
recall@10 : 0.4386
recall@15 : 0.4656
recall@20 : 0.4821
precision@5 : 0.0775
precision@10 : 0.0439
precision@15 : 0.031
precision@20 : 0.0241
mrr@5 : 0.3038
mrr@10 : 0.3107
mrr@15 : 0.3128
mrr@20 : 0.3137
map@5 : 0.3038
map@10 : 0.3107
map@15 : 0.3128
map@20 : 0.3137
hit@5 : 0.3874
hit@10 : 0.4386
hit@15 : 0.4656
hit@20 : 0.4821
ndcg@5 : 0.3247
ndcg@10 : 0.3413
ndcg@15 : 0.3484
ndcg@20 : 0.3523
averagepopularity@5 : 80.2742
averagepopularity@10 : 80.3101
averagepopularity@15 : 78.7371
averagepopularity@20 : 77.1408
itemcoverage@5 : 0.7992
itemcoverage@10 : 0.8747
itemcoverage@15 : 0.9067
itemcoverage@20 : 0.9244
giniindex@5 : 0.7115
giniindex@10 : 0.7001
giniindex@15 : 0.6929
giniindex@20 : 0.6865
Wed 13 May 2026 16:29:57 INFO  Saving current: saved/SRGNN_30music__days[365-305]_pcount[25]_ptime[60-1000000]_length[2-100]_recent[100]/SRGNN-May-13-2026_14-57-32.pth
Wed 13 May 2026 16:44:30 INFO  epoch 6 training [time: 873.76s, train loss: 1735.2559]
Wed 13 May 2026 16:46:09 INFO  epoch 6 evaluating [time: 98.72s, valid_score: 0.320600]
Wed 13 May 2026 16:46:09 INFO  valid result: 
recall@5 : 0.3921
recall@10 : 0.4394
recall@15 : 0.4644
recall@20 : 0.481
precision@5 : 0.0784
precision@10 : 0.0439
precision@15 : 0.031
precision@20 : 0.024
mrr@5 : 0.3142
mrr@10 : 0.3206
mrr@15 : 0.3226
mrr@20 : 0.3235
map@5 : 0.3142
map@10 : 0.3206
map@15 : 0.3226
map@20 : 0.3235
hit@5 : 0.3921
hit@10 : 0.4394
hit@15 : 0.4644
hit@20 : 0.481
ndcg@5 : 0.3337
ndcg@10 : 0.349
ndcg@15 : 0.3557
ndcg@20 : 0.3596
averagepopularity@5 : 83.093
averagepopularity@10 : 82.9051
averagepopularity@15 : 81.2315
averagepopularity@20 : 79.5045
itemcoverage@5 : 0.8082
itemcoverage@10 : 0.8858
itemcoverage@15 : 0.9176
itemcoverage@20 : 0.9351
giniindex@5 : 0.7095
giniindex@10 : 0.6979
giniindex@15 : 0.69
giniindex@20 : 0.6835
Wed 13 May 2026 16:46:10 INFO  Saving current: saved/SRGNN_30music__days[365-305]_pcount[25]_ptime[60-1000000]_length[2-100]_recent[100]/SRGNN-May-13-2026_14-57-32.pth
Wed 13 May 2026 16:58:35 INFO  epoch 7 training [time: 745.40s, train loss: 1650.6454]
Wed 13 May 2026 17:00:13 INFO  epoch 7 evaluating [time: 97.85s, valid_score: 0.325800]
Wed 13 May 2026 17:00:13 INFO  valid result: 
recall@5 : 0.3935
recall@10 : 0.4393
recall@15 : 0.4637
recall@20 : 0.4787
precision@5 : 0.0787
precision@10 : 0.0439
precision@15 : 0.0309
precision@20 : 0.0239
mrr@5 : 0.3196
mrr@10 : 0.3258
mrr@15 : 0.3277
mrr@20 : 0.3286
map@5 : 0.3196
map@10 : 0.3258
map@15 : 0.3277
map@20 : 0.3286
hit@5 : 0.3935
hit@10 : 0.4393
hit@15 : 0.4637
hit@20 : 0.4787
ndcg@5 : 0.3381
ndcg@10 : 0.353
ndcg@15 : 0.3594
ndcg@20 : 0.363
averagepopularity@5 : 78.8602
averagepopularity@10 : 78.3969
averagepopularity@15 : 76.5613
averagepopularity@20 : 74.7749
itemcoverage@5 : 0.82
itemcoverage@10 : 0.8971
itemcoverage@15 : 0.9271
itemcoverage@20 : 0.9424
giniindex@5 : 0.6968
giniindex@10 : 0.682
giniindex@15 : 0.6724
giniindex@20 : 0.6651
Wed 13 May 2026 17:00:13 INFO  Saving current: saved/SRGNN_30music__days[365-305]_pcount[25]_ptime[60-1000000]_length[2-100]_recent[100]/SRGNN-May-13-2026_14-57-32.pth
Wed 13 May 2026 17:12:39 INFO  epoch 8 training [time: 746.15s, train loss: 1578.0406]
Wed 13 May 2026 17:14:17 INFO  epoch 8 evaluating [time: 97.81s, valid_score: 0.329900]
Wed 13 May 2026 17:14:17 INFO  valid result: 
recall@5 : 0.3943
recall@10 : 0.438
recall@15 : 0.4611
recall@20 : 0.4763
precision@5 : 0.0789
precision@10 : 0.0438
precision@15 : 0.0307
precision@20 : 0.0238
mrr@5 : 0.3241
mrr@10 : 0.3299
mrr@15 : 0.3318
mrr@20 : 0.3326
map@5 : 0.3241
map@10 : 0.3299
map@15 : 0.3318
map@20 : 0.3326
hit@5 : 0.3943
hit@10 : 0.438
hit@15 : 0.4611
hit@20 : 0.4763
ndcg@5 : 0.3416
ndcg@10 : 0.3558
ndcg@15 : 0.3619
ndcg@20 : 0.3655
averagepopularity@5 : 78.1945
averagepopularity@10 : 77.9268
averagepopularity@15 : 76.0651
averagepopularity@20 : 74.3424
itemcoverage@5 : 0.8274
itemcoverage@10 : 0.9028
itemcoverage@15 : 0.9316
itemcoverage@20 : 0.9458
giniindex@5 : 0.6914
giniindex@10 : 0.6764
giniindex@15 : 0.6664
giniindex@20 : 0.659
Wed 13 May 2026 17:14:18 INFO  Saving current: saved/SRGNN_30music__days[365-305]_pcount[25]_ptime[60-1000000]_length[2-100]_recent[100]/SRGNN-May-13-2026_14-57-32.pth
Wed 13 May 2026 17:26:53 INFO  epoch 9 training [time: 755.23s, train loss: 1515.3311]
Wed 13 May 2026 17:28:32 INFO  epoch 9 evaluating [time: 98.68s, valid_score: 0.332900]
Wed 13 May 2026 17:28:32 INFO  valid result: 
recall@5 : 0.3948
recall@10 : 0.4367
recall@15 : 0.4595
recall@20 : 0.4737
precision@5 : 0.079
precision@10 : 0.0437
precision@15 : 0.0306
precision@20 : 0.0237
mrr@5 : 0.3273
mrr@10 : 0.3329
mrr@15 : 0.3347
mrr@20 : 0.3355
map@5 : 0.3273
map@10 : 0.3329
map@15 : 0.3347
map@20 : 0.3355
hit@5 : 0.3948
hit@10 : 0.4367
hit@15 : 0.4595
hit@20 : 0.4737
ndcg@5 : 0.3442
ndcg@10 : 0.3578
ndcg@15 : 0.3638
ndcg@20 : 0.3672
averagepopularity@5 : 79.675
averagepopularity@10 : 79.1187
averagepopularity@15 : 77.2166
averagepopularity@20 : 75.455
itemcoverage@5 : 0.8298
itemcoverage@10 : 0.9047
itemcoverage@15 : 0.9322
itemcoverage@20 : 0.9464
giniindex@5 : 0.6921
giniindex@10 : 0.6765
giniindex@15 : 0.6666
giniindex@20 : 0.6593
Wed 13 May 2026 17:28:32 INFO  Saving current: saved/SRGNN_30music__days[365-305]_pcount[25]_ptime[60-1000000]_length[2-100]_recent[100]/SRGNN-May-13-2026_14-57-32.pth
Wed 13 May 2026 17:41:06 INFO  epoch 10 training [time: 754.24s, train loss: 1460.9949]
Wed 13 May 2026 17:43:09 INFO  epoch 10 evaluating [time: 122.84s, valid_score: 0.333900]
Wed 13 May 2026 17:43:09 INFO  valid result: 
recall@5 : 0.3939
recall@10 : 0.4348
recall@15 : 0.4565
recall@20 : 0.4706
precision@5 : 0.0788
precision@10 : 0.0435
precision@15 : 0.0304
precision@20 : 0.0235
mrr@5 : 0.3284
mrr@10 : 0.3339
mrr@15 : 0.3357
mrr@20 : 0.3364
map@5 : 0.3284
map@10 : 0.3339
map@15 : 0.3357
map@20 : 0.3364
hit@5 : 0.3939
hit@10 : 0.4348
hit@15 : 0.4565
hit@20 : 0.4706
ndcg@5 : 0.3448
ndcg@10 : 0.3581
ndcg@15 : 0.3638
ndcg@20 : 0.3672
averagepopularity@5 : 78.5225
averagepopularity@10 : 78.0463
averagepopularity@15 : 76.1781
averagepopularity@20 : 74.4599
itemcoverage@5 : 0.8293
itemcoverage@10 : 0.9036
itemcoverage@15 : 0.9318
itemcoverage@20 : 0.9446
giniindex@5 : 0.6906
giniindex@10 : 0.6747
giniindex@15 : 0.6649
giniindex@20 : 0.6574
Wed 13 May 2026 17:43:09 INFO  Saving current: saved/SRGNN_30music__days[365-305]_pcount[25]_ptime[60-1000000]_length[2-100]_recent[100]/SRGNN-May-13-2026_14-57-32.pth
Wed 13 May 2026 17:56:53 INFO  epoch 11 training [time: 823.40s, train loss: 1413.3013]
Wed 13 May 2026 17:58:40 INFO  epoch 11 evaluating [time: 107.33s, valid_score: 0.334400]
Wed 13 May 2026 17:58:40 INFO  valid result: 
recall@5 : 0.3923
recall@10 : 0.432
recall@15 : 0.4534
recall@20 : 0.4673
precision@5 : 0.0785
precision@10 : 0.0432
precision@15 : 0.0302
precision@20 : 0.0234
mrr@5 : 0.3291
mrr@10 : 0.3344
mrr@15 : 0.3361
mrr@20 : 0.3369
map@5 : 0.3291
map@10 : 0.3344
map@15 : 0.3361
map@20 : 0.3369
hit@5 : 0.3923
hit@10 : 0.432
hit@15 : 0.4534
hit@20 : 0.4673
ndcg@5 : 0.3449
ndcg@10 : 0.3578
ndcg@15 : 0.3635
ndcg@20 : 0.3667
averagepopularity@5 : 76.4699
averagepopularity@10 : 75.7484
averagepopularity@15 : 73.8541
averagepopularity@20 : 72.1782
itemcoverage@5 : 0.8347
itemcoverage@10 : 0.9075
itemcoverage@15 : 0.934
itemcoverage@20 : 0.9473
giniindex@5 : 0.6822
giniindex@10 : 0.6655
giniindex@15 : 0.6549
giniindex@20 : 0.6473
Wed 13 May 2026 17:58:41 INFO  Saving current: saved/SRGNN_30music__days[365-305]_pcount[25]_ptime[60-1000000]_length[2-100]_recent[100]/SRGNN-May-13-2026_14-57-32.pth
Wed 13 May 2026 18:11:20 INFO  epoch 12 training [time: 759.26s, train loss: 1371.9506]
Wed 13 May 2026 18:13:00 INFO  epoch 12 evaluating [time: 100.27s, valid_score: 0.333900]
Wed 13 May 2026 18:13:00 INFO  valid result: 
recall@5 : 0.3912
recall@10 : 0.4297
recall@15 : 0.451
recall@20 : 0.4652
precision@5 : 0.0782
precision@10 : 0.043
precision@15 : 0.0301
precision@20 : 0.0233
mrr@5 : 0.3288
mrr@10 : 0.3339
mrr@15 : 0.3356
mrr@20 : 0.3364
map@5 : 0.3288
map@10 : 0.3339
map@15 : 0.3356
map@20 : 0.3364
hit@5 : 0.3912
hit@10 : 0.4297
hit@15 : 0.451
hit@20 : 0.4652
ndcg@5 : 0.3444
ndcg@10 : 0.3569
ndcg@15 : 0.3625
ndcg@20 : 0.3659
averagepopularity@5 : 80.5656
averagepopularity@10 : 79.7413
averagepopularity@15 : 77.7366
averagepopularity@20 : 76.0266
itemcoverage@5 : 0.8305
itemcoverage@10 : 0.9052
itemcoverage@15 : 0.9318
itemcoverage@20 : 0.9449
giniindex@5 : 0.6906
giniindex@10 : 0.6747
giniindex@15 : 0.665
giniindex@20 : 0.6577
Wed 13 May 2026 18:25:47 INFO  epoch 13 training [time: 766.84s, train loss: 1335.3040]
Wed 13 May 2026 18:27:27 INFO  epoch 13 evaluating [time: 100.33s, valid_score: 0.332500]
Wed 13 May 2026 18:27:27 INFO  valid result: 
recall@5 : 0.3896
recall@10 : 0.428
recall@15 : 0.4487
recall@20 : 0.4623
precision@5 : 0.0779
precision@10 : 0.0428
precision@15 : 0.0299
precision@20 : 0.0231
mrr@5 : 0.3274
mrr@10 : 0.3325
mrr@15 : 0.3341
mrr@20 : 0.3349
map@5 : 0.3274
map@10 : 0.3325
map@15 : 0.3341
map@20 : 0.3349
hit@5 : 0.3896
hit@10 : 0.428
hit@15 : 0.4487
hit@20 : 0.4623
ndcg@5 : 0.3429
ndcg@10 : 0.3554
ndcg@15 : 0.3608
ndcg@20 : 0.364
averagepopularity@5 : 77.9056
averagepopularity@10 : 76.9835
averagepopularity@15 : 74.9659
averagepopularity@20 : 73.3007
itemcoverage@5 : 0.8395
itemcoverage@10 : 0.9107
itemcoverage@15 : 0.9361
itemcoverage@20 : 0.948
giniindex@5 : 0.679
giniindex@10 : 0.6617
giniindex@15 : 0.6515
giniindex@20 : 0.6442
Wed 13 May 2026 18:40:00 INFO  epoch 14 training [time: 752.45s, train loss: 1302.8631]
Wed 13 May 2026 18:41:37 INFO  epoch 14 evaluating [time: 97.80s, valid_score: 0.331800]
Wed 13 May 2026 18:41:37 INFO  valid result: 
recall@5 : 0.3884
recall@10 : 0.4256
recall@15 : 0.4466
recall@20 : 0.4598
precision@5 : 0.0777
precision@10 : 0.0426
precision@15 : 0.0298
precision@20 : 0.023
mrr@5 : 0.3269
mrr@10 : 0.3318
mrr@15 : 0.3335
mrr@20 : 0.3342
map@5 : 0.3269
map@10 : 0.3318
map@15 : 0.3335
map@20 : 0.3342
hit@5 : 0.3884
hit@10 : 0.4256
hit@15 : 0.4466
hit@20 : 0.4598
ndcg@5 : 0.3423
ndcg@10 : 0.3543
ndcg@15 : 0.3599
ndcg@20 : 0.363
averagepopularity@5 : 75.4276
averagepopularity@10 : 74.7776
averagepopularity@15 : 73.0551
averagepopularity@20 : 71.4268
itemcoverage@5 : 0.8388
itemcoverage@10 : 0.9094
itemcoverage@15 : 0.9342
itemcoverage@20 : 0.9471
giniindex@5 : 0.6777
giniindex@10 : 0.6603
giniindex@15 : 0.65
giniindex@20 : 0.6425
Wed 13 May 2026 18:54:21 INFO  epoch 15 training [time: 763.11s, train loss: 1274.2533]
Wed 13 May 2026 18:55:59 INFO  epoch 15 evaluating [time: 98.42s, valid_score: 0.333500]
Wed 13 May 2026 18:55:59 INFO  valid result: 
recall@5 : 0.3887
recall@10 : 0.4255
recall@15 : 0.4452
recall@20 : 0.4587
precision@5 : 0.0777
precision@10 : 0.0425
precision@15 : 0.0297
precision@20 : 0.0229
mrr@5 : 0.3286
mrr@10 : 0.3335
mrr@15 : 0.3351
mrr@20 : 0.3358
map@5 : 0.3286
map@10 : 0.3335
map@15 : 0.3351
map@20 : 0.3358
hit@5 : 0.3887
hit@10 : 0.4255
hit@15 : 0.4452
hit@20 : 0.4587
ndcg@5 : 0.3436
ndcg@10 : 0.3555
ndcg@15 : 0.3608
ndcg@20 : 0.3639
averagepopularity@5 : 76.9329
averagepopularity@10 : 76.3414
averagepopularity@15 : 74.4788
averagepopularity@20 : 72.8588
itemcoverage@5 : 0.8402
itemcoverage@10 : 0.91
itemcoverage@15 : 0.9353
itemcoverage@20 : 0.9471
giniindex@5 : 0.6781
giniindex@10 : 0.6613
giniindex@15 : 0.6512
giniindex@20 : 0.6439
Wed 13 May 2026 18:55:59 INFO  Finished training, best eval result in epoch 11
Wed 13 May 2026 18:55:59 INFO  Loading model structure and parameters from saved/SRGNN_30music__days[365-305]_pcount[25]_ptime[60-1000000]_length[2-100]_recent[100]/SRGNN-May-13-2026_14-57-32.pth
