Mon 11 May 2026 21:08:41 INFO  
General Hyper Parameters:
gpu_id = 0
use_gpu = True
seed = 2020
state = INFO
reproducibility = True
data_path = dataset/30music__days[245-185]_pcount[25]_ptime[60-1000000]_length[2-100]_recent[100]
checkpoint_dir = saved/SRGNN_30music__days[245-185]_pcount[25]_ptime[60-1000000]_length[2-100]_recent[100]
show_progress = True
save_dataset = False
dataset_save_path = None
save_dataloaders = False
dataloaders_save_path = None
log_wandb = False

Training Hyper Parameters:
epochs = 20
train_batch_size = 4096
learner = adam
learning_rate = 0.001
train_neg_sample_args = {'distribution': 'none', 'sample_num': 'none', 'alpha': 'none', 'dynamic': False, 'candidate_num': 0}
eval_step = 1
stopping_step = 3
clip_grad_norm = None
weight_decay = 0.0
loss_decimal_place = 4

Evaluation Hyper Parameters:
eval_args = {'split': {'RS': [8, 1, 1]}, 'order': 'TO', 'group_by': 'user', 'mode': {'valid': 'full', 'test': 'full'}}
repeatable = True
metrics = ['Recall', 'Precision', 'MRR', 'MAP', 'Hit', 'NDCG', 'AveragePopularity', 'ItemCoverage', 'GiniIndex']
topk = [5, 10, 15, 20]
valid_metric = MRR@10
valid_metric_bigger = True
eval_batch_size = 2048
metric_decimal_place = 4

Dataset Hyper Parameters:
gpu_id = 0
worker = 0
use_gpu = True
seed = 2020
state = INFO
reproducibility = True
data_path = dataset/30music__days[245-185]_pcount[25]_ptime[60-1000000]_length[2-100]_recent[100]
checkpoint_dir = saved/SRGNN_30music__days[245-185]_pcount[25]_ptime[60-1000000]_length[2-100]_recent[100]
show_progress = True
save_dataset = False
dataset_save_path = None
save_dataloaders = False
dataloaders_save_path = None
log_wandb = False
wandb_project = recbole
shuffle = True
epochs = 20
train_batch_size = 4096
learner = adam
learning_rate = 0.001
train_neg_sample_args = {'distribution': 'none', 'sample_num': 'none', 'alpha': 'none', 'dynamic': False, 'candidate_num': 0}
eval_step = 1
stopping_step = 3
clip_grad_norm = None
weight_decay = 0.0
loss_decimal_place = 4
require_pow = False
enable_amp = False
enable_scaler = False
transform = None
eval_args = {'split': {'RS': [8, 1, 1]}, 'order': 'TO', 'group_by': 'user', 'mode': {'valid': 'full', 'test': 'full'}}
repeatable = True
metrics = ['Recall', 'Precision', 'MRR', 'MAP', 'Hit', 'NDCG', 'AveragePopularity', 'ItemCoverage', 'GiniIndex']
topk = [5, 10, 15, 20]
valid_metric = MRR@10
valid_metric_bigger = True
eval_batch_size = 2048
metric_decimal_place = 4
field_separator = 	
seq_separator =  
USER_ID_FIELD = session_id
ITEM_ID_FIELD = item_id
RATING_FIELD = rating
TIME_FIELD = timestamp
seq_len = None
LABEL_FIELD = label
threshold = None
NEG_PREFIX = neg_
numerical_features = []
load_col = {'inter': ['session_id', 'item_id', 'timestamp']}
unload_col = None
unused_col = None
additional_feat_suffix = None
rm_dup_inter = None
val_interval = None
filter_inter_by_user_or_item = True
user_inter_num_interval = [0,inf)
item_inter_num_interval = [0,inf)
alias_of_user_id = None
alias_of_item_id = None
alias_of_entity_id = None
alias_of_relation_id = None
preload_weight = None
normalize_field = None
normalize_all = None
discretization = None
ITEM_LIST_LENGTH_FIELD = item_length
LIST_SUFFIX = _list
MAX_ITEM_LIST_LENGTH = 100
POSITION_FIELD = position_id
HEAD_ENTITY_ID_FIELD = head_id
TAIL_ENTITY_ID_FIELD = tail_id
RELATION_ID_FIELD = relation_id
ENTITY_ID_FIELD = entity_id
benchmark_filename = None

Other Hyper Parameters: 
embedding_size = 64
step = 1
loss_type = CE
kg_reverse_r = False
entity_kg_num_interval = [0,inf)
relation_kg_num_interval = [0,inf)
MODEL_TYPE = ModelType.SEQUENTIAL
neg_sampling = None
MODEL_INPUT_TYPE = InputType.POINTWISE
eval_type = EvaluatorType.RANKING
single_spec = True
local_rank = 0
device = cuda
valid_neg_sample_args = {'distribution': 'uniform', 'sample_num': 'none'}
test_neg_sample_args = {'distribution': 'uniform', 'sample_num': 'none'}


Mon 11 May 2026 21:08:50 INFO  30music__days[245-185]_pcount[25]_ptime[60-1000000]_length[2-100]_recent[100]
The number of users: 202927
Average actions of users: 9.951238382464544
The number of items: 121356
Average actions of items: 16.64014667710436
The number of inters: 2019365
The sparsity of the dataset: 99.99180000218864%
Remain Fields: ['session_id', 'item_id', 'timestamp']
Mon 11 May 2026 21:09:14 INFO  [Training]: train_batch_size = [4096] train_neg_sample_args: [{'distribution': 'none', 'sample_num': 'none', 'alpha': 'none', 'dynamic': False, 'candidate_num': 0}]
Mon 11 May 2026 21:09:14 INFO  [Evaluation]: eval_batch_size = [2048] eval_args: [{'split': {'RS': [8, 1, 1]}, 'order': 'TO', 'group_by': 'user', 'mode': {'valid': 'full', 'test': 'full'}}]
Mon 11 May 2026 21:09:14 INFO  SRGNN(
  (item_embedding): Embedding(121356, 64, padding_idx=0)
  (gnn): GNN(
    (linear_edge_in): Linear(in_features=64, out_features=64, bias=True)
    (linear_edge_out): Linear(in_features=64, out_features=64, bias=True)
  )
  (linear_one): Linear(in_features=64, out_features=64, bias=True)
  (linear_two): Linear(in_features=64, out_features=64, bias=True)
  (linear_three): Linear(in_features=64, out_features=1, bias=False)
  (linear_transform): Linear(in_features=128, out_features=64, bias=True)
  (loss_fct): CrossEntropyLoss()
)
Trainable parameters: 7829120
Mon 11 May 2026 21:20:57 INFO  epoch 0 training [time: 701.83s, train loss: 3549.8552]
Mon 11 May 2026 21:22:29 INFO  epoch 0 evaluating [time: 91.50s, valid_score: 0.067900]
Mon 11 May 2026 21:22:29 INFO  valid result: 
recall@5 : 0.0915
recall@10 : 0.1312
recall@15 : 0.1547
recall@20 : 0.1679
precision@5 : 0.0183
precision@10 : 0.0131
precision@15 : 0.0103
precision@20 : 0.0084
mrr@5 : 0.0627
mrr@10 : 0.0679
mrr@15 : 0.0698
mrr@20 : 0.0705
map@5 : 0.0627
map@10 : 0.0679
map@15 : 0.0698
map@20 : 0.0705
hit@5 : 0.0915
hit@10 : 0.1312
hit@15 : 0.1547
hit@20 : 0.1679
ndcg@5 : 0.0698
ndcg@10 : 0.0825
ndcg@15 : 0.0888
ndcg@20 : 0.0919
averagepopularity@5 : 261.389
averagepopularity@10 : 242.0552
averagepopularity@15 : 227.9726
averagepopularity@20 : 216.8974
itemcoverage@5 : 0.2403
itemcoverage@10 : 0.2977
itemcoverage@15 : 0.3372
itemcoverage@20 : 0.3683
giniindex@5 : 0.9518
giniindex@10 : 0.945
giniindex@15 : 0.9413
giniindex@20 : 0.9384
Mon 11 May 2026 21:22:29 INFO  Saving current: saved/SRGNN_30music__days[245-185]_pcount[25]_ptime[60-1000000]_length[2-100]_recent[100]/SRGNN-May-11-2026_21-09-14.pth
Mon 11 May 2026 21:34:36 INFO  epoch 1 training [time: 727.11s, train loss: 2826.3568]
Mon 11 May 2026 21:36:05 INFO  epoch 1 evaluating [time: 88.58s, valid_score: 0.141900]
Mon 11 May 2026 21:36:05 INFO  valid result: 
recall@5 : 0.2304
recall@10 : 0.31
recall@15 : 0.3461
recall@20 : 0.3672
precision@5 : 0.0461
precision@10 : 0.031
precision@15 : 0.0231
precision@20 : 0.0184
mrr@5 : 0.1312
mrr@10 : 0.1419
mrr@15 : 0.1448
mrr@20 : 0.1459
map@5 : 0.1312
map@10 : 0.1419
map@15 : 0.1448
map@20 : 0.1459
hit@5 : 0.2304
hit@10 : 0.31
hit@15 : 0.3461
hit@20 : 0.3672
ndcg@5 : 0.1557
ndcg@10 : 0.1816
ndcg@15 : 0.1911
ndcg@20 : 0.1961
averagepopularity@5 : 97.8332
averagepopularity@10 : 97.194
averagepopularity@15 : 95.9807
averagepopularity@20 : 94.5978
itemcoverage@5 : 0.5306
itemcoverage@10 : 0.593
itemcoverage@15 : 0.626
itemcoverage@20 : 0.6479
giniindex@5 : 0.8436
giniindex@10 : 0.8372
giniindex@15 : 0.8351
giniindex@20 : 0.8334
Mon 11 May 2026 21:36:05 INFO  Saving current: saved/SRGNN_30music__days[245-185]_pcount[25]_ptime[60-1000000]_length[2-100]_recent[100]/SRGNN-May-11-2026_21-09-14.pth
Mon 11 May 2026 21:48:00 INFO  epoch 2 training [time: 714.38s, train loss: 2263.5005]
Mon 11 May 2026 21:49:30 INFO  epoch 2 evaluating [time: 90.51s, valid_score: 0.190800]
Mon 11 May 2026 21:49:30 INFO  valid result: 
recall@5 : 0.2947
recall@10 : 0.3705
recall@15 : 0.4066
recall@20 : 0.4271
precision@5 : 0.0589
precision@10 : 0.037
precision@15 : 0.0271
precision@20 : 0.0214
mrr@5 : 0.1807
mrr@10 : 0.1908
mrr@15 : 0.1937
mrr@20 : 0.1949
map@5 : 0.1807
map@10 : 0.1908
map@15 : 0.1937
map@20 : 0.1949
hit@5 : 0.2947
hit@10 : 0.3705
hit@15 : 0.4066
hit@20 : 0.4271
ndcg@5 : 0.209
ndcg@10 : 0.2336
ndcg@15 : 0.2432
ndcg@20 : 0.248
averagepopularity@5 : 82.9283
averagepopularity@10 : 82.8272
averagepopularity@15 : 81.5557
averagepopularity@20 : 80.1795
itemcoverage@5 : 0.6514
itemcoverage@10 : 0.7231
itemcoverage@15 : 0.7562
itemcoverage@20 : 0.7776
giniindex@5 : 0.7819
giniindex@10 : 0.7713
giniindex@15 : 0.7663
giniindex@20 : 0.7624
Mon 11 May 2026 21:49:31 INFO  Saving current: saved/SRGNN_30music__days[245-185]_pcount[25]_ptime[60-1000000]_length[2-100]_recent[100]/SRGNN-May-11-2026_21-09-14.pth
Mon 11 May 2026 22:01:21 INFO  epoch 3 training [time: 710.87s, train loss: 2001.4527]
Mon 11 May 2026 22:02:49 INFO  epoch 3 evaluating [time: 87.97s, valid_score: 0.237100]
Mon 11 May 2026 22:02:49 INFO  valid result: 
recall@5 : 0.3332
recall@10 : 0.3977
recall@15 : 0.4294
recall@20 : 0.4492
precision@5 : 0.0666
precision@10 : 0.0398
precision@15 : 0.0286
precision@20 : 0.0225
mrr@5 : 0.2284
mrr@10 : 0.2371
mrr@15 : 0.2396
mrr@20 : 0.2407
map@5 : 0.2284
map@10 : 0.2371
map@15 : 0.2396
map@20 : 0.2407
hit@5 : 0.3332
hit@10 : 0.3977
hit@15 : 0.4294
hit@20 : 0.4492
ndcg@5 : 0.2545
ndcg@10 : 0.2755
ndcg@15 : 0.2839
ndcg@20 : 0.2886
averagepopularity@5 : 80.8173
averagepopularity@10 : 81.0053
averagepopularity@15 : 79.8396
averagepopularity@20 : 78.3048
itemcoverage@5 : 0.7053
itemcoverage@10 : 0.7851
itemcoverage@15 : 0.8212
itemcoverage@20 : 0.8441
giniindex@5 : 0.7596
giniindex@10 : 0.7483
giniindex@15 : 0.7424
giniindex@20 : 0.7377
Mon 11 May 2026 22:02:50 INFO  Saving current: saved/SRGNN_30music__days[245-185]_pcount[25]_ptime[60-1000000]_length[2-100]_recent[100]/SRGNN-May-11-2026_21-09-14.pth
Mon 11 May 2026 22:14:56 INFO  epoch 4 training [time: 725.83s, train loss: 1831.5766]
Mon 11 May 2026 22:16:29 INFO  epoch 4 evaluating [time: 93.02s, valid_score: 0.269700]
Mon 11 May 2026 22:16:29 INFO  valid result: 
recall@5 : 0.3548
recall@10 : 0.4111
recall@15 : 0.441
recall@20 : 0.4597
precision@5 : 0.071
precision@10 : 0.0411
precision@15 : 0.0294
precision@20 : 0.023
mrr@5 : 0.2621
mrr@10 : 0.2697
mrr@15 : 0.2721
mrr@20 : 0.2732
map@5 : 0.2621
map@10 : 0.2697
map@15 : 0.2721
map@20 : 0.2732
hit@5 : 0.3548
hit@10 : 0.4111
hit@15 : 0.441
hit@20 : 0.4597
ndcg@5 : 0.2853
ndcg@10 : 0.3036
ndcg@15 : 0.3115
ndcg@20 : 0.3159
averagepopularity@5 : 76.9772
averagepopularity@10 : 77.0671
averagepopularity@15 : 75.6602
averagepopularity@20 : 74.1174
itemcoverage@5 : 0.7485
itemcoverage@10 : 0.8309
itemcoverage@15 : 0.8683
itemcoverage@20 : 0.8901
giniindex@5 : 0.7354
giniindex@10 : 0.7233
giniindex@15 : 0.7159
giniindex@20 : 0.7101
Mon 11 May 2026 22:16:29 INFO  Saving current: saved/SRGNN_30music__days[245-185]_pcount[25]_ptime[60-1000000]_length[2-100]_recent[100]/SRGNN-May-11-2026_21-09-14.pth
Tue 12 May 2026 09:19:48 INFO  [Training]: train_batch_size = [4096] train_neg_sample_args: [{'distribution': 'none', 'sample_num': 'none', 'alpha': 'none', 'dynamic': False, 'candidate_num': 0}]
Tue 12 May 2026 09:19:48 INFO  [Evaluation]: eval_batch_size = [2048] eval_args: [{'split': {'RS': [8, 1, 1]}, 'order': 'TO', 'group_by': 'user', 'mode': {'valid': 'full', 'test': 'full'}}]
Tue 12 May 2026 09:19:51 INFO  Checkpoint loaded. Resume training from epoch 5
Tue 12 May 2026 09:32:12 INFO  epoch 5 training [time: 741.70s, train loss: 1704.8337]
Tue 12 May 2026 09:33:56 INFO  epoch 5 evaluating [time: 103.31s, valid_score: 0.290200]
Tue 12 May 2026 09:33:56 INFO  valid result: 
recall@5 : 0.3666
recall@10 : 0.4182
recall@15 : 0.4453
recall@20 : 0.4626
precision@5 : 0.0733
precision@10 : 0.0418
precision@15 : 0.0297
precision@20 : 0.0231
mrr@5 : 0.2832
mrr@10 : 0.2902
mrr@15 : 0.2923
mrr@20 : 0.2933
map@5 : 0.2832
map@10 : 0.2902
map@15 : 0.2923
map@20 : 0.2933
hit@5 : 0.3666
hit@10 : 0.4182
hit@15 : 0.4453
hit@20 : 0.4626
ndcg@5 : 0.3041
ndcg@10 : 0.3208
ndcg@15 : 0.328
ndcg@20 : 0.3321
averagepopularity@5 : 75.3329
averagepopularity@10 : 75.0469
averagepopularity@15 : 73.6437
averagepopularity@20 : 72.0954
itemcoverage@5 : 0.7683
itemcoverage@10 : 0.8538
itemcoverage@15 : 0.8905
itemcoverage@20 : 0.9116
giniindex@5 : 0.7254
giniindex@10 : 0.7119
giniindex@15 : 0.7037
giniindex@20 : 0.6973
Tue 12 May 2026 09:33:56 INFO  Saving current: saved/SRGNN_30music__days[245-185]_pcount[25]_ptime[60-1000000]_length[2-100]_recent[100]/SRGNN-May-11-2026_21-09-14.pth
Tue 12 May 2026 09:46:21 INFO  epoch 6 training [time: 745.23s, train loss: 1602.4488]
Tue 12 May 2026 09:47:48 INFO  epoch 6 evaluating [time: 86.83s, valid_score: 0.305400]
Tue 12 May 2026 09:47:48 INFO  valid result: 
recall@5 : 0.3752
recall@10 : 0.422
recall@15 : 0.4468
recall@20 : 0.4629
precision@5 : 0.075
precision@10 : 0.0422
precision@15 : 0.0298
precision@20 : 0.0231
mrr@5 : 0.2992
mrr@10 : 0.3054
mrr@15 : 0.3074
mrr@20 : 0.3083
map@5 : 0.2992
map@10 : 0.3054
map@15 : 0.3074
map@20 : 0.3083
hit@5 : 0.3752
hit@10 : 0.422
hit@15 : 0.4468
hit@20 : 0.4629
ndcg@5 : 0.3182
ndcg@10 : 0.3333
ndcg@15 : 0.3399
ndcg@20 : 0.3437
averagepopularity@5 : 77.6532
averagepopularity@10 : 77.4655
averagepopularity@15 : 75.9276
averagepopularity@20 : 74.3354
itemcoverage@5 : 0.7727
itemcoverage@10 : 0.8614
itemcoverage@15 : 0.8983
itemcoverage@20 : 0.9188
giniindex@5 : 0.727
giniindex@10 : 0.7137
giniindex@15 : 0.7055
giniindex@20 : 0.6989
Tue 12 May 2026 09:47:49 INFO  Saving current: saved/SRGNN_30music__days[245-185]_pcount[25]_ptime[60-1000000]_length[2-100]_recent[100]/SRGNN-May-11-2026_21-09-14.pth
Tue 12 May 2026 09:59:46 INFO  epoch 7 training [time: 717.04s, train loss: 1515.9002]
Tue 12 May 2026 10:01:14 INFO  epoch 7 evaluating [time: 88.18s, valid_score: 0.306600]
Tue 12 May 2026 10:01:14 INFO  valid result: 
recall@5 : 0.3739
recall@10 : 0.4187
recall@15 : 0.4436
recall@20 : 0.4596
precision@5 : 0.0748
precision@10 : 0.0419
precision@15 : 0.0296
precision@20 : 0.023
mrr@5 : 0.3005
mrr@10 : 0.3066
mrr@15 : 0.3085
mrr@20 : 0.3094
map@5 : 0.3005
map@10 : 0.3066
map@15 : 0.3085
map@20 : 0.3094
hit@5 : 0.3739
hit@10 : 0.4187
hit@15 : 0.4436
hit@20 : 0.4596
ndcg@5 : 0.3189
ndcg@10 : 0.3334
ndcg@15 : 0.34
ndcg@20 : 0.3438
averagepopularity@5 : 76.5227
averagepopularity@10 : 75.9495
averagepopularity@15 : 74.4127
averagepopularity@20 : 72.7115
itemcoverage@5 : 0.7874
itemcoverage@10 : 0.8759
itemcoverage@15 : 0.911
itemcoverage@20 : 0.9293
giniindex@5 : 0.7158
giniindex@10 : 0.7
giniindex@15 : 0.6906
giniindex@20 : 0.6834
Tue 12 May 2026 10:01:14 INFO  Saving current: saved/SRGNN_30music__days[245-185]_pcount[25]_ptime[60-1000000]_length[2-100]_recent[100]/SRGNN-May-11-2026_21-09-14.pth
Tue 12 May 2026 10:13:09 INFO  epoch 8 training [time: 714.48s, train loss: 1441.0941]
Tue 12 May 2026 10:14:47 INFO  epoch 8 evaluating [time: 97.84s, valid_score: 0.312800]
Tue 12 May 2026 10:14:47 INFO  valid result: 
recall@5 : 0.3764
recall@10 : 0.4193
recall@15 : 0.4427
recall@20 : 0.4577
precision@5 : 0.0753
precision@10 : 0.0419
precision@15 : 0.0295
precision@20 : 0.0229
mrr@5 : 0.3071
mrr@10 : 0.3128
mrr@15 : 0.3147
mrr@20 : 0.3155
map@5 : 0.3071
map@10 : 0.3128
map@15 : 0.3147
map@20 : 0.3155
hit@5 : 0.3764
hit@10 : 0.4193
hit@15 : 0.4427
hit@20 : 0.4577
ndcg@5 : 0.3244
ndcg@10 : 0.3383
ndcg@15 : 0.3445
ndcg@20 : 0.348
averagepopularity@5 : 73.5712
averagepopularity@10 : 73.1084
averagepopularity@15 : 71.5656
averagepopularity@20 : 69.9464
itemcoverage@5 : 0.7916
itemcoverage@10 : 0.8794
itemcoverage@15 : 0.9138
itemcoverage@20 : 0.9312
giniindex@5 : 0.7117
giniindex@10 : 0.6957
giniindex@15 : 0.686
giniindex@20 : 0.6788
Tue 12 May 2026 10:14:47 INFO  Saving current: saved/SRGNN_30music__days[245-185]_pcount[25]_ptime[60-1000000]_length[2-100]_recent[100]/SRGNN-May-11-2026_21-09-14.pth
Tue 12 May 2026 10:27:09 INFO  epoch 9 training [time: 742.00s, train loss: 1376.1877]
Tue 12 May 2026 10:28:39 INFO  epoch 9 evaluating [time: 89.94s, valid_score: 0.315900]
Tue 12 May 2026 10:28:39 INFO  valid result: 
recall@5 : 0.3774
recall@10 : 0.4183
recall@15 : 0.4403
recall@20 : 0.4553
precision@5 : 0.0755
precision@10 : 0.0418
precision@15 : 0.0294
precision@20 : 0.0228
mrr@5 : 0.3105
mrr@10 : 0.3159
mrr@15 : 0.3177
mrr@20 : 0.3185
map@5 : 0.3105
map@10 : 0.3159
map@15 : 0.3177
map@20 : 0.3185
hit@5 : 0.3774
hit@10 : 0.4183
hit@15 : 0.4403
hit@20 : 0.4553
ndcg@5 : 0.3272
ndcg@10 : 0.3404
ndcg@15 : 0.3463
ndcg@20 : 0.3498
averagepopularity@5 : 71.0205
averagepopularity@10 : 70.2663
averagepopularity@15 : 68.694
averagepopularity@20 : 67.0564
itemcoverage@5 : 0.8059
itemcoverage@10 : 0.8896
itemcoverage@15 : 0.922
itemcoverage@20 : 0.9378
giniindex@5 : 0.6964
giniindex@10 : 0.6786
giniindex@15 : 0.668
giniindex@20 : 0.66
Tue 12 May 2026 10:28:40 INFO  Saving current: saved/SRGNN_30music__days[245-185]_pcount[25]_ptime[60-1000000]_length[2-100]_recent[100]/SRGNN-May-11-2026_21-09-14.pth
Tue 12 May 2026 10:40:16 INFO  epoch 10 training [time: 696.07s, train loss: 1320.0391]
Tue 12 May 2026 10:41:43 INFO  epoch 10 evaluating [time: 87.62s, valid_score: 0.318000]
Tue 12 May 2026 10:41:43 INFO  valid result: 
recall@5 : 0.3772
recall@10 : 0.4165
recall@15 : 0.4379
recall@20 : 0.4526
precision@5 : 0.0754
precision@10 : 0.0417
precision@15 : 0.0292
precision@20 : 0.0226
mrr@5 : 0.3127
mrr@10 : 0.318
mrr@15 : 0.3197
mrr@20 : 0.3205
map@5 : 0.3127
map@10 : 0.318
map@15 : 0.3197
map@20 : 0.3205
hit@5 : 0.3772
hit@10 : 0.4165
hit@15 : 0.4379
hit@20 : 0.4526
ndcg@5 : 0.3289
ndcg@10 : 0.3416
ndcg@15 : 0.3473
ndcg@20 : 0.3507
averagepopularity@5 : 73.6778
averagepopularity@10 : 72.8787
averagepopularity@15 : 71.2364
averagepopularity@20 : 69.5995
itemcoverage@5 : 0.7974
itemcoverage@10 : 0.8838
itemcoverage@15 : 0.9167
itemcoverage@20 : 0.9336
giniindex@5 : 0.7068
giniindex@10 : 0.6898
giniindex@15 : 0.6797
giniindex@20 : 0.6722
Tue 12 May 2026 10:41:44 INFO  Saving current: saved/SRGNN_30music__days[245-185]_pcount[25]_ptime[60-1000000]_length[2-100]_recent[100]/SRGNN-May-11-2026_21-09-14.pth
Tue 12 May 2026 10:53:20 INFO  epoch 11 training [time: 696.30s, train loss: 1270.3021]
Tue 12 May 2026 10:54:47 INFO  epoch 11 evaluating [time: 87.44s, valid_score: 0.317400]
Tue 12 May 2026 10:54:47 INFO  valid result: 
recall@5 : 0.3755
recall@10 : 0.4138
recall@15 : 0.4355
recall@20 : 0.45
precision@5 : 0.0751
precision@10 : 0.0414
precision@15 : 0.029
precision@20 : 0.0225
mrr@5 : 0.3123
mrr@10 : 0.3174
mrr@15 : 0.3191
mrr@20 : 0.32
map@5 : 0.3123
map@10 : 0.3174
map@15 : 0.3191
map@20 : 0.32
hit@5 : 0.3755
hit@10 : 0.4138
hit@15 : 0.4355
hit@20 : 0.45
ndcg@5 : 0.3281
ndcg@10 : 0.3405
ndcg@15 : 0.3463
ndcg@20 : 0.3497
averagepopularity@5 : 72.0402
averagepopularity@10 : 71.2817
averagepopularity@15 : 69.5843
averagepopularity@20 : 67.9653
itemcoverage@5 : 0.8038
itemcoverage@10 : 0.8881
itemcoverage@15 : 0.92
itemcoverage@20 : 0.9362
giniindex@5 : 0.6984
giniindex@10 : 0.6807
giniindex@15 : 0.6702
giniindex@20 : 0.6626
Tue 12 May 2026 11:06:22 INFO  epoch 12 training [time: 694.87s, train loss: 1226.6844]
Tue 12 May 2026 11:07:50 INFO  epoch 12 evaluating [time: 87.73s, valid_score: 0.318500]
Tue 12 May 2026 11:07:50 INFO  valid result: 
recall@5 : 0.375
recall@10 : 0.4129
recall@15 : 0.4333
recall@20 : 0.4472
precision@5 : 0.075
precision@10 : 0.0413
precision@15 : 0.0289
precision@20 : 0.0224
mrr@5 : 0.3134
mrr@10 : 0.3185
mrr@15 : 0.3201
mrr@20 : 0.3209
map@5 : 0.3134
map@10 : 0.3185
map@15 : 0.3201
map@20 : 0.3209
hit@5 : 0.375
hit@10 : 0.4129
hit@15 : 0.4333
hit@20 : 0.4472
ndcg@5 : 0.3288
ndcg@10 : 0.3411
ndcg@15 : 0.3465
ndcg@20 : 0.3498
averagepopularity@5 : 72.3464
averagepopularity@10 : 71.5371
averagepopularity@15 : 70.0193
averagepopularity@20 : 68.5617
itemcoverage@5 : 0.8039
itemcoverage@10 : 0.8878
itemcoverage@15 : 0.9193
itemcoverage@20 : 0.9354
giniindex@5 : 0.7006
giniindex@10 : 0.6829
giniindex@15 : 0.6729
giniindex@20 : 0.6658
Tue 12 May 2026 11:07:51 INFO  Saving current: saved/SRGNN_30music__days[245-185]_pcount[25]_ptime[60-1000000]_length[2-100]_recent[100]/SRGNN-May-11-2026_21-09-14.pth
Tue 12 May 2026 11:19:32 INFO  epoch 13 training [time: 701.53s, train loss: 1188.6108]
Tue 12 May 2026 11:20:59 INFO  epoch 13 evaluating [time: 87.45s, valid_score: 0.317000]
Tue 12 May 2026 11:20:59 INFO  valid result: 
recall@5 : 0.3732
recall@10 : 0.4107
recall@15 : 0.4312
recall@20 : 0.4455
precision@5 : 0.0746
precision@10 : 0.0411
precision@15 : 0.0287
precision@20 : 0.0223
mrr@5 : 0.3119
mrr@10 : 0.317
mrr@15 : 0.3186
mrr@20 : 0.3194
map@5 : 0.3119
map@10 : 0.317
map@15 : 0.3186
map@20 : 0.3194
hit@5 : 0.3732
hit@10 : 0.4107
hit@15 : 0.4312
hit@20 : 0.4455
ndcg@5 : 0.3273
ndcg@10 : 0.3394
ndcg@15 : 0.3449
ndcg@20 : 0.3482
averagepopularity@5 : 70.4155
averagepopularity@10 : 69.4519
averagepopularity@15 : 67.892
averagepopularity@20 : 66.3492
itemcoverage@5 : 0.8078
itemcoverage@10 : 0.8912
itemcoverage@15 : 0.9211
itemcoverage@20 : 0.9364
giniindex@5 : 0.6932
giniindex@10 : 0.6746
giniindex@15 : 0.6643
giniindex@20 : 0.6569
Tue 12 May 2026 11:32:40 INFO  epoch 14 training [time: 700.89s, train loss: 1154.5314]
Tue 12 May 2026 11:34:08 INFO  epoch 14 evaluating [time: 87.65s, valid_score: 0.318300]
Tue 12 May 2026 11:34:08 INFO  valid result: 
recall@5 : 0.3731
recall@10 : 0.4091
recall@15 : 0.4293
recall@20 : 0.4431
precision@5 : 0.0746
precision@10 : 0.0409
precision@15 : 0.0286
precision@20 : 0.0222
mrr@5 : 0.3134
mrr@10 : 0.3183
mrr@15 : 0.3199
mrr@20 : 0.3206
map@5 : 0.3134
map@10 : 0.3183
map@15 : 0.3199
map@20 : 0.3206
hit@5 : 0.3731
hit@10 : 0.4091
hit@15 : 0.4293
hit@20 : 0.4431
ndcg@5 : 0.3284
ndcg@10 : 0.34
ndcg@15 : 0.3454
ndcg@20 : 0.3486
averagepopularity@5 : 71.7511
averagepopularity@10 : 70.7922
averagepopularity@15 : 69.1592
averagepopularity@20 : 67.5646
itemcoverage@5 : 0.8115
itemcoverage@10 : 0.8925
itemcoverage@15 : 0.9227
itemcoverage@20 : 0.9379
giniindex@5 : 0.6921
giniindex@10 : 0.6738
giniindex@15 : 0.6632
giniindex@20 : 0.6559
Tue 12 May 2026 11:47:10 INFO  epoch 15 training [time: 782.31s, train loss: 1124.4656]
Tue 12 May 2026 11:48:52 INFO  epoch 15 evaluating [time: 101.26s, valid_score: 0.318100]
Tue 12 May 2026 11:48:52 INFO  valid result: 
recall@5 : 0.3714
recall@10 : 0.4075
recall@15 : 0.4276
recall@20 : 0.4416
precision@5 : 0.0743
precision@10 : 0.0408
precision@15 : 0.0285
precision@20 : 0.0221
mrr@5 : 0.3133
mrr@10 : 0.3181
mrr@15 : 0.3197
mrr@20 : 0.3205
map@5 : 0.3133
map@10 : 0.3181
map@15 : 0.3197
map@20 : 0.3205
hit@5 : 0.3714
hit@10 : 0.4075
hit@15 : 0.4276
hit@20 : 0.4416
ndcg@5 : 0.3278
ndcg@10 : 0.3395
ndcg@15 : 0.3448
ndcg@20 : 0.3482
averagepopularity@5 : 69.6307
averagepopularity@10 : 68.5718
averagepopularity@15 : 66.9513
averagepopularity@20 : 65.3896
itemcoverage@5 : 0.8132
itemcoverage@10 : 0.8932
itemcoverage@15 : 0.9222
itemcoverage@20 : 0.9373
giniindex@5 : 0.6883
giniindex@10 : 0.6695
giniindex@15 : 0.659
giniindex@20 : 0.6513
Tue 12 May 2026 12:01:07 INFO  epoch 16 training [time: 735.49s, train loss: 1097.9041]
Tue 12 May 2026 12:02:39 INFO  epoch 16 evaluating [time: 92.34s, valid_score: 0.319200]
Tue 12 May 2026 12:02:39 INFO  valid result: 
recall@5 : 0.372
recall@10 : 0.4061
recall@15 : 0.4253
recall@20 : 0.4388
precision@5 : 0.0744
precision@10 : 0.0406
precision@15 : 0.0284
precision@20 : 0.0219
mrr@5 : 0.3146
mrr@10 : 0.3192
mrr@15 : 0.3207
mrr@20 : 0.3214
map@5 : 0.3146
map@10 : 0.3192
map@15 : 0.3207
map@20 : 0.3214
hit@5 : 0.372
hit@10 : 0.4061
hit@15 : 0.4253
hit@20 : 0.4388
ndcg@5 : 0.329
ndcg@10 : 0.34
ndcg@15 : 0.3451
ndcg@20 : 0.3483
averagepopularity@5 : 69.9437
averagepopularity@10 : 68.9003
averagepopularity@15 : 67.2639
averagepopularity@20 : 65.6739
itemcoverage@5 : 0.815
itemcoverage@10 : 0.8927
itemcoverage@15 : 0.9225
itemcoverage@20 : 0.937
giniindex@5 : 0.6853
giniindex@10 : 0.6667
giniindex@15 : 0.6563
giniindex@20 : 0.6487
Tue 12 May 2026 12:02:40 INFO  Saving current: saved/SRGNN_30music__days[245-185]_pcount[25]_ptime[60-1000000]_length[2-100]_recent[100]/SRGNN-May-11-2026_21-09-14.pth
Tue 12 May 2026 12:15:05 INFO  epoch 17 training [time: 745.31s, train loss: 1073.5873]
Tue 12 May 2026 12:16:41 INFO  epoch 17 evaluating [time: 95.49s, valid_score: 0.315900]
Tue 12 May 2026 12:16:41 INFO  valid result: 
recall@5 : 0.3695
recall@10 : 0.4044
recall@15 : 0.4242
recall@20 : 0.4376
precision@5 : 0.0739
precision@10 : 0.0404
precision@15 : 0.0283
precision@20 : 0.0219
mrr@5 : 0.3112
mrr@10 : 0.3159
mrr@15 : 0.3175
mrr@20 : 0.3182
map@5 : 0.3112
map@10 : 0.3159
map@15 : 0.3175
map@20 : 0.3182
hit@5 : 0.3695
hit@10 : 0.4044
hit@15 : 0.4242
hit@20 : 0.4376
ndcg@5 : 0.3258
ndcg@10 : 0.3371
ndcg@15 : 0.3424
ndcg@20 : 0.3455
averagepopularity@5 : 65.9708
averagepopularity@10 : 65.1149
averagepopularity@15 : 63.6214
averagepopularity@20 : 62.086
itemcoverage@5 : 0.8229
itemcoverage@10 : 0.8996
itemcoverage@15 : 0.927
itemcoverage@20 : 0.9404
giniindex@5 : 0.6752
giniindex@10 : 0.6555
giniindex@15 : 0.6443
giniindex@20 : 0.6367
Tue 12 May 2026 12:29:02 INFO  epoch 18 training [time: 741.13s, train loss: 1051.4377]
Tue 12 May 2026 12:30:35 INFO  epoch 18 evaluating [time: 92.85s, valid_score: 0.316300]
Tue 12 May 2026 12:30:35 INFO  valid result: 
recall@5 : 0.3689
recall@10 : 0.4033
recall@15 : 0.422
recall@20 : 0.4357
precision@5 : 0.0738
precision@10 : 0.0403
precision@15 : 0.0281
precision@20 : 0.0218
mrr@5 : 0.3117
mrr@10 : 0.3163
mrr@15 : 0.3178
mrr@20 : 0.3186
map@5 : 0.3117
map@10 : 0.3163
map@15 : 0.3178
map@20 : 0.3186
hit@5 : 0.3689
hit@10 : 0.4033
hit@15 : 0.422
hit@20 : 0.4357
ndcg@5 : 0.326
ndcg@10 : 0.3372
ndcg@15 : 0.3421
ndcg@20 : 0.3454
averagepopularity@5 : 69.0237
averagepopularity@10 : 68.0471
averagepopularity@15 : 66.4739
averagepopularity@20 : 65.0056
itemcoverage@5 : 0.8147
itemcoverage@10 : 0.8922
itemcoverage@15 : 0.9206
itemcoverage@20 : 0.9356
giniindex@5 : 0.6843
giniindex@10 : 0.6664
giniindex@15 : 0.6562
giniindex@20 : 0.6491
Tue 12 May 2026 12:42:50 INFO  epoch 19 training [time: 735.28s, train loss: 1031.5200]
Tue 12 May 2026 12:44:18 INFO  epoch 19 evaluating [time: 87.59s, valid_score: 0.315700]
Tue 12 May 2026 12:44:18 INFO  valid result: 
recall@5 : 0.3676
recall@10 : 0.4019
recall@15 : 0.4215
recall@20 : 0.4347
precision@5 : 0.0735
precision@10 : 0.0402
precision@15 : 0.0281
precision@20 : 0.0217
mrr@5 : 0.3111
mrr@10 : 0.3157
mrr@15 : 0.3172
mrr@20 : 0.318
map@5 : 0.3111
map@10 : 0.3157
map@15 : 0.3172
map@20 : 0.318
hit@5 : 0.3676
hit@10 : 0.4019
hit@15 : 0.4215
hit@20 : 0.4347
ndcg@5 : 0.3252
ndcg@10 : 0.3364
ndcg@15 : 0.3415
ndcg@20 : 0.3447
averagepopularity@5 : 69.1605
averagepopularity@10 : 68.1359
averagepopularity@15 : 66.6891
averagepopularity@20 : 65.1827
itemcoverage@5 : 0.8169
itemcoverage@10 : 0.8935
itemcoverage@15 : 0.9219
itemcoverage@20 : 0.9363
giniindex@5 : 0.6839
giniindex@10 : 0.6654
giniindex@15 : 0.655
giniindex@20 : 0.6481
Tue 12 May 2026 12:44:18 INFO  Loading model structure and parameters from saved/SRGNN_30music__days[245-185]_pcount[25]_ptime[60-1000000]_length[2-100]_recent[100]/SRGNN-May-11-2026_21-09-14.pth
