Mon 11 May 2026 12:45:43 INFO  
General Hyper Parameters:
gpu_id = 0
use_gpu = True
seed = 2020
state = INFO
reproducibility = True
data_path = dataset/30music__days[365-305]_pcount[25]_ptime[60-1000000]_length[2-100]_recent[100]
checkpoint_dir = saved/FPMC_30music__days[365-305]_pcount[25]_ptime[60-1000000]_length[2-100]_recent[100]
show_progress = True
save_dataset = False
dataset_save_path = None
save_dataloaders = False
dataloaders_save_path = None
log_wandb = False

Training Hyper Parameters:
epochs = 20
train_batch_size = 4096
learner = adam
learning_rate = 0.001
train_neg_sample_args = {'distribution': 'uniform', 'sample_num': 1, 'alpha': 1.0, 'dynamic': False, 'candidate_num': 0}
eval_step = 1
stopping_step = 3
clip_grad_norm = None
weight_decay = 0.0
loss_decimal_place = 4

Evaluation Hyper Parameters:
eval_args = {'split': {'RS': [8, 1, 1]}, 'order': 'TO', 'group_by': 'user', 'mode': {'valid': 'full', 'test': 'full'}}
repeatable = True
metrics = ['Recall', 'Precision', 'MRR', 'MAP', 'Hit', 'NDCG', 'AveragePopularity', 'ItemCoverage', 'GiniIndex']
topk = [5, 10, 15, 20]
valid_metric = MRR@10
valid_metric_bigger = True
eval_batch_size = 2048
metric_decimal_place = 4

Dataset Hyper Parameters:
gpu_id = 0
worker = 0
use_gpu = True
seed = 2020
state = INFO
reproducibility = True
data_path = dataset/30music__days[365-305]_pcount[25]_ptime[60-1000000]_length[2-100]_recent[100]
checkpoint_dir = saved/FPMC_30music__days[365-305]_pcount[25]_ptime[60-1000000]_length[2-100]_recent[100]
show_progress = True
save_dataset = False
dataset_save_path = None
save_dataloaders = False
dataloaders_save_path = None
log_wandb = False
wandb_project = recbole
shuffle = True
epochs = 20
train_batch_size = 4096
learner = adam
learning_rate = 0.001
train_neg_sample_args = {'distribution': 'uniform', 'sample_num': 1, 'alpha': 1.0, 'dynamic': False, 'candidate_num': 0}
eval_step = 1
stopping_step = 3
clip_grad_norm = None
weight_decay = 0.0
loss_decimal_place = 4
require_pow = False
enable_amp = False
enable_scaler = False
transform = None
eval_args = {'split': {'RS': [8, 1, 1]}, 'order': 'TO', 'group_by': 'user', 'mode': {'valid': 'full', 'test': 'full'}}
repeatable = True
metrics = ['Recall', 'Precision', 'MRR', 'MAP', 'Hit', 'NDCG', 'AveragePopularity', 'ItemCoverage', 'GiniIndex']
topk = [5, 10, 15, 20]
valid_metric = MRR@10
valid_metric_bigger = True
eval_batch_size = 2048
metric_decimal_place = 4
field_separator = 	
seq_separator =  
USER_ID_FIELD = session_id
ITEM_ID_FIELD = item_id
RATING_FIELD = rating
TIME_FIELD = timestamp
seq_len = None
LABEL_FIELD = label
threshold = None
NEG_PREFIX = neg_
numerical_features = []
load_col = {'inter': ['session_id', 'item_id', 'timestamp']}
unload_col = None
unused_col = None
additional_feat_suffix = None
rm_dup_inter = None
val_interval = None
filter_inter_by_user_or_item = True
user_inter_num_interval = [0,inf)
item_inter_num_interval = [0,inf)
alias_of_user_id = None
alias_of_item_id = None
alias_of_entity_id = None
alias_of_relation_id = None
preload_weight = None
normalize_field = None
normalize_all = None
discretization = None
ITEM_LIST_LENGTH_FIELD = item_length
LIST_SUFFIX = _list
MAX_ITEM_LIST_LENGTH = 100
POSITION_FIELD = position_id
HEAD_ENTITY_ID_FIELD = head_id
TAIL_ENTITY_ID_FIELD = tail_id
RELATION_ID_FIELD = relation_id
ENTITY_ID_FIELD = entity_id
benchmark_filename = None

Other Hyper Parameters: 
embedding_size = 64
loss_type = BPR
kg_reverse_r = False
entity_kg_num_interval = [0,inf)
relation_kg_num_interval = [0,inf)
MODEL_TYPE = ModelType.SEQUENTIAL
MODEL_INPUT_TYPE = InputType.PAIRWISE
eval_type = EvaluatorType.RANKING
single_spec = True
local_rank = 0
device = cuda
valid_neg_sample_args = {'distribution': 'uniform', 'sample_num': 'none'}
test_neg_sample_args = {'distribution': 'uniform', 'sample_num': 'none'}


Mon 11 May 2026 12:45:55 INFO  30music__days[365-305]_pcount[25]_ptime[60-1000000]_length[2-100]_recent[100]
The number of users: 222038
Average actions of users: 9.921346442259624
The number of items: 115198
Average actions of items: 19.12294591004974
The number of inters: 2202906
The sparsity of the dataset: 99.99138760936896%
Remain Fields: ['session_id', 'item_id', 'timestamp']
Mon 11 May 2026 12:46:24 INFO  [Training]: train_batch_size = [4096] train_neg_sample_args: [{'distribution': 'uniform', 'sample_num': 1, 'alpha': 1.0, 'dynamic': False, 'candidate_num': 0}]
Mon 11 May 2026 12:46:24 INFO  [Evaluation]: eval_batch_size = [2048] eval_args: [{'split': {'RS': [8, 1, 1]}, 'order': 'TO', 'group_by': 'user', 'mode': {'valid': 'full', 'test': 'full'}}]
Mon 11 May 2026 12:46:25 INFO  FPMC(
  (UI_emb): Embedding(222038, 64)
  (IU_emb): Embedding(115198, 64)
  (LI_emb): Embedding(115198, 64, padding_idx=0)
  (IL_emb): Embedding(115198, 64)
  (loss_fct): BPRLoss()
)
Trainable parameters: 36328448
Mon 11 May 2026 12:48:00 INFO  epoch 0 training [time: 95.31s, train loss: 243.3785]
Mon 11 May 2026 12:48:14 INFO  epoch 0 evaluating [time: 13.48s, valid_score: 0.127600]
Mon 11 May 2026 12:48:14 INFO  valid result: 
recall@5 : 0.1614
recall@10 : 0.1876
recall@15 : 0.2044
recall@20 : 0.2161
precision@5 : 0.0323
precision@10 : 0.0188
precision@15 : 0.0136
precision@20 : 0.0108
mrr@5 : 0.1242
mrr@10 : 0.1276
mrr@15 : 0.129
mrr@20 : 0.1296
map@5 : 0.1242
map@10 : 0.1276
map@15 : 0.129
map@20 : 0.1296
hit@5 : 0.1614
hit@10 : 0.1876
hit@15 : 0.2044
hit@20 : 0.2161
ndcg@5 : 0.1335
ndcg@10 : 0.1419
ndcg@15 : 0.1464
ndcg@20 : 0.1491
averagepopularity@5 : 360.0542
averagepopularity@10 : 336.79
averagepopularity@15 : 319.3425
averagepopularity@20 : 305.7456
itemcoverage@5 : 0.0931
itemcoverage@10 : 0.1118
itemcoverage@15 : 0.1243
itemcoverage@20 : 0.1345
giniindex@5 : 0.9897
giniindex@10 : 0.9894
giniindex@15 : 0.989
giniindex@20 : 0.9886
Mon 11 May 2026 12:48:16 INFO  Saving current: saved/FPMC_30music__days[365-305]_pcount[25]_ptime[60-1000000]_length[2-100]_recent[100]/FPMC-May-11-2026_12-46-25.pth
Mon 11 May 2026 12:49:51 INFO  epoch 1 training [time: 95.04s, train loss: 180.1305]
Mon 11 May 2026 12:50:04 INFO  epoch 1 evaluating [time: 13.40s, valid_score: 0.158500]
Mon 11 May 2026 12:50:04 INFO  valid result: 
recall@5 : 0.2032
recall@10 : 0.238
recall@15 : 0.2595
recall@20 : 0.2733
precision@5 : 0.0406
precision@10 : 0.0238
precision@15 : 0.0173
precision@20 : 0.0137
mrr@5 : 0.1539
mrr@10 : 0.1585
mrr@15 : 0.1602
mrr@20 : 0.161
map@5 : 0.1539
map@10 : 0.1585
map@15 : 0.1602
map@20 : 0.161
hit@5 : 0.2032
hit@10 : 0.238
hit@15 : 0.2595
hit@20 : 0.2733
ndcg@5 : 0.1662
ndcg@10 : 0.1774
ndcg@15 : 0.1831
ndcg@20 : 0.1864
averagepopularity@5 : 410.4266
averagepopularity@10 : 375.8255
averagepopularity@15 : 354.0357
averagepopularity@20 : 337.5452
itemcoverage@5 : 0.1633
itemcoverage@10 : 0.1934
itemcoverage@15 : 0.212
itemcoverage@20 : 0.2256
giniindex@5 : 0.9784
giniindex@10 : 0.9774
giniindex@15 : 0.9768
giniindex@20 : 0.9764
Mon 11 May 2026 12:50:07 INFO  Saving current: saved/FPMC_30music__days[365-305]_pcount[25]_ptime[60-1000000]_length[2-100]_recent[100]/FPMC-May-11-2026_12-46-25.pth
Mon 11 May 2026 12:51:44 INFO  epoch 2 training [time: 96.94s, train loss: 124.2501]
Mon 11 May 2026 12:51:57 INFO  epoch 2 evaluating [time: 13.67s, valid_score: 0.173700]
Mon 11 May 2026 12:51:57 INFO  valid result: 
recall@5 : 0.2236
recall@10 : 0.2639
recall@15 : 0.2876
recall@20 : 0.3035
precision@5 : 0.0447
precision@10 : 0.0264
precision@15 : 0.0192
precision@20 : 0.0152
mrr@5 : 0.1683
mrr@10 : 0.1737
mrr@15 : 0.1755
mrr@20 : 0.1764
map@5 : 0.1683
map@10 : 0.1737
map@15 : 0.1755
map@20 : 0.1764
hit@5 : 0.2236
hit@10 : 0.2639
hit@15 : 0.2876
hit@20 : 0.3035
ndcg@5 : 0.1821
ndcg@10 : 0.1951
ndcg@15 : 0.2014
ndcg@20 : 0.2052
averagepopularity@5 : 398.9071
averagepopularity@10 : 365.2529
averagepopularity@15 : 344.7572
averagepopularity@20 : 329.0584
itemcoverage@5 : 0.2174
itemcoverage@10 : 0.258
itemcoverage@15 : 0.2829
itemcoverage@20 : 0.3012
giniindex@5 : 0.9694
giniindex@10 : 0.9679
giniindex@15 : 0.967
giniindex@20 : 0.9665
Mon 11 May 2026 12:51:59 INFO  Saving current: saved/FPMC_30music__days[365-305]_pcount[25]_ptime[60-1000000]_length[2-100]_recent[100]/FPMC-May-11-2026_12-46-25.pth
Mon 11 May 2026 12:53:36 INFO  epoch 3 training [time: 96.72s, train loss: 87.6469]
Mon 11 May 2026 12:53:49 INFO  epoch 3 evaluating [time: 13.46s, valid_score: 0.184800]
Mon 11 May 2026 12:53:49 INFO  valid result: 
recall@5 : 0.2394
recall@10 : 0.2837
recall@15 : 0.3091
recall@20 : 0.3263
precision@5 : 0.0479
precision@10 : 0.0284
precision@15 : 0.0206
precision@20 : 0.0163
mrr@5 : 0.1789
mrr@10 : 0.1848
mrr@15 : 0.1868
mrr@20 : 0.1878
map@5 : 0.1789
map@10 : 0.1848
map@15 : 0.1868
map@20 : 0.1878
hit@5 : 0.2394
hit@10 : 0.2837
hit@15 : 0.3091
hit@20 : 0.3263
ndcg@5 : 0.194
ndcg@10 : 0.2083
ndcg@15 : 0.215
ndcg@20 : 0.2191
averagepopularity@5 : 374.0693
averagepopularity@10 : 341.2091
averagepopularity@15 : 322.4128
averagepopularity@20 : 308.8264
itemcoverage@5 : 0.2632
itemcoverage@10 : 0.3121
itemcoverage@15 : 0.3424
itemcoverage@20 : 0.3638
giniindex@5 : 0.9613
giniindex@10 : 0.9591
giniindex@15 : 0.958
giniindex@20 : 0.9573
Mon 11 May 2026 12:53:51 INFO  Saving current: saved/FPMC_30music__days[365-305]_pcount[25]_ptime[60-1000000]_length[2-100]_recent[100]/FPMC-May-11-2026_12-46-25.pth
Mon 11 May 2026 12:55:28 INFO  epoch 4 training [time: 96.45s, train loss: 63.7950]
Mon 11 May 2026 12:55:42 INFO  epoch 4 evaluating [time: 13.92s, valid_score: 0.194600]
Mon 11 May 2026 12:55:42 INFO  valid result: 
recall@5 : 0.2529
recall@10 : 0.3004
recall@15 : 0.3275
recall@20 : 0.3454
precision@5 : 0.0506
precision@10 : 0.03
precision@15 : 0.0218
precision@20 : 0.0173
mrr@5 : 0.1882
mrr@10 : 0.1946
mrr@15 : 0.1967
mrr@20 : 0.1977
map@5 : 0.1882
map@10 : 0.1946
map@15 : 0.1967
map@20 : 0.1977
hit@5 : 0.2529
hit@10 : 0.3004
hit@15 : 0.3275
hit@20 : 0.3454
ndcg@5 : 0.2044
ndcg@10 : 0.2197
ndcg@15 : 0.2269
ndcg@20 : 0.2311
averagepopularity@5 : 344.0981
averagepopularity@10 : 317.7606
averagepopularity@15 : 302.1262
averagepopularity@20 : 290.2127
itemcoverage@5 : 0.3025
itemcoverage@10 : 0.3578
itemcoverage@15 : 0.3926
itemcoverage@20 : 0.4173
giniindex@5 : 0.9534
giniindex@10 : 0.9507
giniindex@15 : 0.9492
giniindex@20 : 0.9484
Mon 11 May 2026 12:55:44 INFO  Saving current: saved/FPMC_30music__days[365-305]_pcount[25]_ptime[60-1000000]_length[2-100]_recent[100]/FPMC-May-11-2026_12-46-25.pth
Mon 11 May 2026 12:57:19 INFO  epoch 5 training [time: 95.78s, train loss: 47.5014]
Mon 11 May 2026 12:57:33 INFO  epoch 5 evaluating [time: 13.65s, valid_score: 0.203000]
Mon 11 May 2026 12:57:33 INFO  valid result: 
recall@5 : 0.2647
recall@10 : 0.314
recall@15 : 0.3427
recall@20 : 0.3607
precision@5 : 0.0529
precision@10 : 0.0314
precision@15 : 0.0228
precision@20 : 0.018
mrr@5 : 0.1964
mrr@10 : 0.203
mrr@15 : 0.2052
mrr@20 : 0.2063
map@5 : 0.1964
map@10 : 0.203
map@15 : 0.2052
map@20 : 0.2063
hit@5 : 0.2647
hit@10 : 0.314
hit@15 : 0.3427
hit@20 : 0.3607
ndcg@5 : 0.2134
ndcg@10 : 0.2293
ndcg@15 : 0.237
ndcg@20 : 0.2412
averagepopularity@5 : 321.7139
averagepopularity@10 : 296.7775
averagepopularity@15 : 282.1698
averagepopularity@20 : 270.869
itemcoverage@5 : 0.3362
itemcoverage@10 : 0.3992
itemcoverage@15 : 0.436
itemcoverage@20 : 0.4622
giniindex@5 : 0.9459
giniindex@10 : 0.9426
giniindex@15 : 0.941
giniindex@20 : 0.9401
Mon 11 May 2026 12:57:35 INFO  Saving current: saved/FPMC_30music__days[365-305]_pcount[25]_ptime[60-1000000]_length[2-100]_recent[100]/FPMC-May-11-2026_12-46-25.pth
Mon 11 May 2026 12:59:12 INFO  epoch 6 training [time: 96.76s, train loss: 35.9035]
Mon 11 May 2026 12:59:26 INFO  epoch 6 evaluating [time: 14.70s, valid_score: 0.210500]
Mon 11 May 2026 12:59:26 INFO  valid result: 
recall@5 : 0.2751
recall@10 : 0.3261
recall@15 : 0.3559
recall@20 : 0.3744
precision@5 : 0.055
precision@10 : 0.0326
precision@15 : 0.0237
precision@20 : 0.0187
mrr@5 : 0.2037
mrr@10 : 0.2105
mrr@15 : 0.2129
mrr@20 : 0.2139
map@5 : 0.2037
map@10 : 0.2105
map@15 : 0.2129
map@20 : 0.2139
hit@5 : 0.2751
hit@10 : 0.3261
hit@15 : 0.3559
hit@20 : 0.3744
ndcg@5 : 0.2215
ndcg@10 : 0.238
ndcg@15 : 0.2459
ndcg@20 : 0.2503
averagepopularity@5 : 300.0488
averagepopularity@10 : 276.8445
averagepopularity@15 : 263.3473
averagepopularity@20 : 253.4731
itemcoverage@5 : 0.3669
itemcoverage@10 : 0.4346
itemcoverage@15 : 0.4742
itemcoverage@20 : 0.5022
giniindex@5 : 0.9386
giniindex@10 : 0.9349
giniindex@15 : 0.933
giniindex@20 : 0.9319
Mon 11 May 2026 12:59:28 INFO  Saving current: saved/FPMC_30music__days[365-305]_pcount[25]_ptime[60-1000000]_length[2-100]_recent[100]/FPMC-May-11-2026_12-46-25.pth
Mon 11 May 2026 13:01:05 INFO  epoch 7 training [time: 96.90s, train loss: 27.5525]
Mon 11 May 2026 13:01:19 INFO  epoch 7 evaluating [time: 13.60s, valid_score: 0.216600]
Mon 11 May 2026 13:01:19 INFO  valid result: 
recall@5 : 0.2832
recall@10 : 0.3362
recall@15 : 0.3664
recall@20 : 0.3855
precision@5 : 0.0566
precision@10 : 0.0336
precision@15 : 0.0244
precision@20 : 0.0193
mrr@5 : 0.2096
mrr@10 : 0.2166
mrr@15 : 0.219
mrr@20 : 0.2201
map@5 : 0.2096
map@10 : 0.2166
map@15 : 0.219
map@20 : 0.2201
hit@5 : 0.2832
hit@10 : 0.3362
hit@15 : 0.3664
hit@20 : 0.3855
ndcg@5 : 0.2279
ndcg@10 : 0.2451
ndcg@15 : 0.2531
ndcg@20 : 0.2576
averagepopularity@5 : 280.6083
averagepopularity@10 : 259.1951
averagepopularity@15 : 246.9087
averagepopularity@20 : 238.3312
itemcoverage@5 : 0.3938
itemcoverage@10 : 0.4655
itemcoverage@15 : 0.508
itemcoverage@20 : 0.5373
giniindex@5 : 0.9317
giniindex@10 : 0.9277
giniindex@15 : 0.9256
giniindex@20 : 0.9243
Mon 11 May 2026 13:01:21 INFO  Saving current: saved/FPMC_30music__days[365-305]_pcount[25]_ptime[60-1000000]_length[2-100]_recent[100]/FPMC-May-11-2026_12-46-25.pth
Mon 11 May 2026 13:02:56 INFO  epoch 8 training [time: 95.20s, train loss: 21.3287]
Mon 11 May 2026 13:03:09 INFO  epoch 8 evaluating [time: 13.67s, valid_score: 0.221900]
Mon 11 May 2026 13:03:09 INFO  valid result: 
recall@5 : 0.2907
recall@10 : 0.3449
recall@15 : 0.3755
recall@20 : 0.3947
precision@5 : 0.0581
precision@10 : 0.0345
precision@15 : 0.025
precision@20 : 0.0197
mrr@5 : 0.2146
mrr@10 : 0.2219
mrr@15 : 0.2243
mrr@20 : 0.2254
map@5 : 0.2146
map@10 : 0.2219
map@15 : 0.2243
map@20 : 0.2254
hit@5 : 0.2907
hit@10 : 0.3449
hit@15 : 0.3755
hit@20 : 0.3947
ndcg@5 : 0.2336
ndcg@10 : 0.2511
ndcg@15 : 0.2592
ndcg@20 : 0.2638
averagepopularity@5 : 264.4092
averagepopularity@10 : 244.8112
averagepopularity@15 : 233.0699
averagepopularity@20 : 224.9033
itemcoverage@5 : 0.4179
itemcoverage@10 : 0.4928
itemcoverage@15 : 0.5379
itemcoverage@20 : 0.5687
giniindex@5 : 0.9253
giniindex@10 : 0.921
giniindex@15 : 0.9187
giniindex@20 : 0.9172
Mon 11 May 2026 13:03:11 INFO  Saving current: saved/FPMC_30music__days[365-305]_pcount[25]_ptime[60-1000000]_length[2-100]_recent[100]/FPMC-May-11-2026_12-46-25.pth
Mon 11 May 2026 13:04:48 INFO  epoch 9 training [time: 96.31s, train loss: 16.6777]
Mon 11 May 2026 13:05:01 INFO  epoch 9 evaluating [time: 13.86s, valid_score: 0.227000]
Mon 11 May 2026 13:05:01 INFO  valid result: 
recall@5 : 0.2975
recall@10 : 0.3528
recall@15 : 0.3836
recall@20 : 0.4032
precision@5 : 0.0595
precision@10 : 0.0353
precision@15 : 0.0256
precision@20 : 0.0202
mrr@5 : 0.2196
mrr@10 : 0.227
mrr@15 : 0.2294
mrr@20 : 0.2305
map@5 : 0.2196
map@10 : 0.227
map@15 : 0.2294
map@20 : 0.2305
hit@5 : 0.2975
hit@10 : 0.3528
hit@15 : 0.3836
hit@20 : 0.4032
ndcg@5 : 0.239
ndcg@10 : 0.2569
ndcg@15 : 0.2651
ndcg@20 : 0.2697
averagepopularity@5 : 249.0544
averagepopularity@10 : 230.2189
averagepopularity@15 : 219.3789
averagepopularity@20 : 211.8458
itemcoverage@5 : 0.4388
itemcoverage@10 : 0.5183
itemcoverage@15 : 0.5639
itemcoverage@20 : 0.5965
giniindex@5 : 0.9192
giniindex@10 : 0.9145
giniindex@15 : 0.912
giniindex@20 : 0.9103
Mon 11 May 2026 13:05:03 INFO  Saving current: saved/FPMC_30music__days[365-305]_pcount[25]_ptime[60-1000000]_length[2-100]_recent[100]/FPMC-May-11-2026_12-46-25.pth
Mon 11 May 2026 13:06:40 INFO  epoch 10 training [time: 97.07s, train loss: 13.2732]
Mon 11 May 2026 13:06:54 INFO  epoch 10 evaluating [time: 13.43s, valid_score: 0.231100]
Mon 11 May 2026 13:06:54 INFO  valid result: 
recall@5 : 0.303
recall@10 : 0.3586
recall@15 : 0.3901
recall@20 : 0.4097
precision@5 : 0.0606
precision@10 : 0.0359
precision@15 : 0.026
precision@20 : 0.0205
mrr@5 : 0.2237
mrr@10 : 0.2311
mrr@15 : 0.2336
mrr@20 : 0.2347
map@5 : 0.2237
map@10 : 0.2311
map@15 : 0.2336
map@20 : 0.2347
hit@5 : 0.303
hit@10 : 0.3586
hit@15 : 0.3901
hit@20 : 0.4097
ndcg@5 : 0.2434
ndcg@10 : 0.2614
ndcg@15 : 0.2698
ndcg@20 : 0.2744
averagepopularity@5 : 239.6927
averagepopularity@10 : 222.4638
averagepopularity@15 : 211.9562
averagepopularity@20 : 204.7613
itemcoverage@5 : 0.4582
itemcoverage@10 : 0.5401
itemcoverage@15 : 0.5891
itemcoverage@20 : 0.6217
giniindex@5 : 0.9136
giniindex@10 : 0.9087
giniindex@15 : 0.9058
giniindex@20 : 0.9038
Mon 11 May 2026 13:06:56 INFO  Saving current: saved/FPMC_30music__days[365-305]_pcount[25]_ptime[60-1000000]_length[2-100]_recent[100]/FPMC-May-11-2026_12-46-25.pth
Mon 11 May 2026 13:08:32 INFO  epoch 11 training [time: 96.12s, train loss: 10.6517]
Mon 11 May 2026 13:08:45 INFO  epoch 11 evaluating [time: 13.51s, valid_score: 0.234400]
Mon 11 May 2026 13:08:45 INFO  valid result: 
recall@5 : 0.3078
recall@10 : 0.3642
recall@15 : 0.3954
recall@20 : 0.4156
precision@5 : 0.0616
precision@10 : 0.0364
precision@15 : 0.0264
precision@20 : 0.0208
mrr@5 : 0.2268
mrr@10 : 0.2344
mrr@15 : 0.2368
mrr@20 : 0.238
map@5 : 0.2268
map@10 : 0.2344
map@15 : 0.2368
map@20 : 0.238
hit@5 : 0.3078
hit@10 : 0.3642
hit@15 : 0.3954
hit@20 : 0.4156
ndcg@5 : 0.247
ndcg@10 : 0.2653
ndcg@15 : 0.2735
ndcg@20 : 0.2783
averagepopularity@5 : 228.9074
averagepopularity@10 : 212.5896
averagepopularity@15 : 202.7054
averagepopularity@20 : 195.6963
itemcoverage@5 : 0.4761
itemcoverage@10 : 0.5615
itemcoverage@15 : 0.6109
itemcoverage@20 : 0.6447
giniindex@5 : 0.908
giniindex@10 : 0.9028
giniindex@15 : 0.8997
giniindex@20 : 0.8976
Mon 11 May 2026 13:08:47 INFO  Saving current: saved/FPMC_30music__days[365-305]_pcount[25]_ptime[60-1000000]_length[2-100]_recent[100]/FPMC-May-11-2026_12-46-25.pth
Mon 11 May 2026 13:10:22 INFO  epoch 12 training [time: 94.59s, train loss: 8.6491]
Mon 11 May 2026 13:10:35 INFO  epoch 12 evaluating [time: 13.55s, valid_score: 0.238100]
Mon 11 May 2026 13:10:35 INFO  valid result: 
recall@5 : 0.3125
recall@10 : 0.3695
recall@15 : 0.4011
recall@20 : 0.4214
precision@5 : 0.0625
precision@10 : 0.037
precision@15 : 0.0267
precision@20 : 0.0211
mrr@5 : 0.2305
mrr@10 : 0.2381
mrr@15 : 0.2406
mrr@20 : 0.2417
map@5 : 0.2305
map@10 : 0.2381
map@15 : 0.2406
map@20 : 0.2417
hit@5 : 0.3125
hit@10 : 0.3695
hit@15 : 0.4011
hit@20 : 0.4214
ndcg@5 : 0.2509
ndcg@10 : 0.2693
ndcg@15 : 0.2777
ndcg@20 : 0.2825
averagepopularity@5 : 217.9765
averagepopularity@10 : 203.413
averagepopularity@15 : 194.437
averagepopularity@20 : 188.151
itemcoverage@5 : 0.4932
itemcoverage@10 : 0.5814
itemcoverage@15 : 0.6319
itemcoverage@20 : 0.6669
giniindex@5 : 0.9026
giniindex@10 : 0.8971
giniindex@15 : 0.8939
giniindex@20 : 0.8916
Mon 11 May 2026 13:10:37 INFO  Saving current: saved/FPMC_30music__days[365-305]_pcount[25]_ptime[60-1000000]_length[2-100]_recent[100]/FPMC-May-11-2026_12-46-25.pth
Mon 11 May 2026 13:12:12 INFO  epoch 13 training [time: 94.48s, train loss: 7.0351]
Mon 11 May 2026 13:12:25 INFO  epoch 13 evaluating [time: 13.65s, valid_score: 0.240900]
Mon 11 May 2026 13:12:25 INFO  valid result: 
recall@5 : 0.316
recall@10 : 0.3734
recall@15 : 0.4056
recall@20 : 0.4256
precision@5 : 0.0632
precision@10 : 0.0373
precision@15 : 0.027
precision@20 : 0.0213
mrr@5 : 0.2332
mrr@10 : 0.2409
mrr@15 : 0.2435
mrr@20 : 0.2446
map@5 : 0.2332
map@10 : 0.2409
map@15 : 0.2435
map@20 : 0.2446
hit@5 : 0.316
hit@10 : 0.3734
hit@15 : 0.4056
hit@20 : 0.4256
ndcg@5 : 0.2539
ndcg@10 : 0.2725
ndcg@15 : 0.281
ndcg@20 : 0.2857
averagepopularity@5 : 206.78
averagepopularity@10 : 193.8894
averagepopularity@15 : 185.8973
averagepopularity@20 : 180.2125
itemcoverage@5 : 0.5082
itemcoverage@10 : 0.5988
itemcoverage@15 : 0.6506
itemcoverage@20 : 0.6858
giniindex@5 : 0.8975
giniindex@10 : 0.8918
giniindex@15 : 0.8884
giniindex@20 : 0.886
Mon 11 May 2026 13:12:27 INFO  Saving current: saved/FPMC_30music__days[365-305]_pcount[25]_ptime[60-1000000]_length[2-100]_recent[100]/FPMC-May-11-2026_12-46-25.pth
Mon 11 May 2026 13:14:02 INFO  epoch 14 training [time: 94.92s, train loss: 5.8106]
Mon 11 May 2026 13:14:16 INFO  epoch 14 evaluating [time: 13.55s, valid_score: 0.243200]
Mon 11 May 2026 13:14:16 INFO  valid result: 
recall@5 : 0.3192
recall@10 : 0.3768
recall@15 : 0.4092
recall@20 : 0.429
precision@5 : 0.0638
precision@10 : 0.0377
precision@15 : 0.0273
precision@20 : 0.0215
mrr@5 : 0.2355
mrr@10 : 0.2432
mrr@15 : 0.2458
mrr@20 : 0.2469
map@5 : 0.2355
map@10 : 0.2432
map@15 : 0.2458
map@20 : 0.2469
hit@5 : 0.3192
hit@10 : 0.3768
hit@15 : 0.4092
hit@20 : 0.429
ndcg@5 : 0.2564
ndcg@10 : 0.275
ndcg@15 : 0.2836
ndcg@20 : 0.2883
averagepopularity@5 : 204.3584
averagepopularity@10 : 191.4474
averagepopularity@15 : 183.2861
averagepopularity@20 : 177.3543
itemcoverage@5 : 0.5219
itemcoverage@10 : 0.6153
itemcoverage@15 : 0.6677
itemcoverage@20 : 0.7031
giniindex@5 : 0.8931
giniindex@10 : 0.8872
giniindex@15 : 0.8835
giniindex@20 : 0.881
Mon 11 May 2026 13:14:17 INFO  Saving current: saved/FPMC_30music__days[365-305]_pcount[25]_ptime[60-1000000]_length[2-100]_recent[100]/FPMC-May-11-2026_12-46-25.pth
Mon 11 May 2026 13:15:50 INFO  epoch 15 training [time: 92.78s, train loss: 4.8905]
Mon 11 May 2026 13:16:05 INFO  epoch 15 evaluating [time: 14.61s, valid_score: 0.245400]
Mon 11 May 2026 13:16:05 INFO  valid result: 
recall@5 : 0.3224
recall@10 : 0.3806
recall@15 : 0.4125
recall@20 : 0.4326
precision@5 : 0.0645
precision@10 : 0.0381
precision@15 : 0.0275
precision@20 : 0.0216
mrr@5 : 0.2376
mrr@10 : 0.2454
mrr@15 : 0.2479
mrr@20 : 0.249
map@5 : 0.2376
map@10 : 0.2454
map@15 : 0.2479
map@20 : 0.249
hit@5 : 0.3224
hit@10 : 0.3806
hit@15 : 0.4125
hit@20 : 0.4326
ndcg@5 : 0.2587
ndcg@10 : 0.2776
ndcg@15 : 0.286
ndcg@20 : 0.2908
averagepopularity@5 : 194.9067
averagepopularity@10 : 183.4917
averagepopularity@15 : 175.9824
averagepopularity@20 : 170.5406
itemcoverage@5 : 0.5355
itemcoverage@10 : 0.6307
itemcoverage@15 : 0.6835
itemcoverage@20 : 0.7185
giniindex@5 : 0.8883
giniindex@10 : 0.8822
giniindex@15 : 0.8784
giniindex@20 : 0.8758
Mon 11 May 2026 13:16:07 INFO  Saving current: saved/FPMC_30music__days[365-305]_pcount[25]_ptime[60-1000000]_length[2-100]_recent[100]/FPMC-May-11-2026_12-46-25.pth
Mon 11 May 2026 13:17:43 INFO  epoch 16 training [time: 96.02s, train loss: 4.1098]
Mon 11 May 2026 13:17:56 INFO  epoch 16 evaluating [time: 13.84s, valid_score: 0.247400]
Mon 11 May 2026 13:17:56 INFO  valid result: 
recall@5 : 0.3251
recall@10 : 0.3831
recall@15 : 0.4151
recall@20 : 0.4357
precision@5 : 0.065
precision@10 : 0.0383
precision@15 : 0.0277
precision@20 : 0.0218
mrr@5 : 0.2396
mrr@10 : 0.2474
mrr@15 : 0.2499
mrr@20 : 0.2511
map@5 : 0.2396
map@10 : 0.2474
map@15 : 0.2499
map@20 : 0.2511
hit@5 : 0.3251
hit@10 : 0.3831
hit@15 : 0.4151
hit@20 : 0.4357
ndcg@5 : 0.2609
ndcg@10 : 0.2797
ndcg@15 : 0.2882
ndcg@20 : 0.2931
averagepopularity@5 : 187.9961
averagepopularity@10 : 177.9246
averagepopularity@15 : 170.978
averagepopularity@20 : 165.8876
itemcoverage@5 : 0.5469
itemcoverage@10 : 0.6435
itemcoverage@15 : 0.6964
itemcoverage@20 : 0.7321
giniindex@5 : 0.8841
giniindex@10 : 0.8777
giniindex@15 : 0.8738
giniindex@20 : 0.871
Mon 11 May 2026 13:17:58 INFO  Saving current: saved/FPMC_30music__days[365-305]_pcount[25]_ptime[60-1000000]_length[2-100]_recent[100]/FPMC-May-11-2026_12-46-25.pth
Mon 11 May 2026 13:19:32 INFO  epoch 17 training [time: 93.65s, train loss: 3.4759]
Mon 11 May 2026 13:19:45 INFO  epoch 17 evaluating [time: 13.57s, valid_score: 0.249500]
Mon 11 May 2026 13:19:45 INFO  valid result: 
recall@5 : 0.3272
recall@10 : 0.386
recall@15 : 0.4176
recall@20 : 0.4382
precision@5 : 0.0654
precision@10 : 0.0386
precision@15 : 0.0278
precision@20 : 0.0219
mrr@5 : 0.2416
mrr@10 : 0.2495
mrr@15 : 0.252
mrr@20 : 0.2532
map@5 : 0.2416
map@10 : 0.2495
map@15 : 0.252
map@20 : 0.2532
hit@5 : 0.3272
hit@10 : 0.386
hit@15 : 0.4176
hit@20 : 0.4382
ndcg@5 : 0.263
ndcg@10 : 0.282
ndcg@15 : 0.2904
ndcg@20 : 0.2953
averagepopularity@5 : 181.5547
averagepopularity@10 : 172.9032
averagepopularity@15 : 166.7088
averagepopularity@20 : 162.1135
itemcoverage@5 : 0.5589
itemcoverage@10 : 0.6567
itemcoverage@15 : 0.7097
itemcoverage@20 : 0.7445
giniindex@5 : 0.8801
giniindex@10 : 0.8735
giniindex@15 : 0.8695
giniindex@20 : 0.8666
Mon 11 May 2026 13:19:47 INFO  Saving current: saved/FPMC_30music__days[365-305]_pcount[25]_ptime[60-1000000]_length[2-100]_recent[100]/FPMC-May-11-2026_12-46-25.pth
Mon 11 May 2026 13:21:24 INFO  epoch 18 training [time: 96.33s, train loss: 2.9837]
Mon 11 May 2026 13:21:37 INFO  epoch 18 evaluating [time: 13.72s, valid_score: 0.250800]
Mon 11 May 2026 13:21:37 INFO  valid result: 
recall@5 : 0.3296
recall@10 : 0.388
recall@15 : 0.42
recall@20 : 0.4404
precision@5 : 0.0659
precision@10 : 0.0388
precision@15 : 0.028
precision@20 : 0.022
mrr@5 : 0.243
mrr@10 : 0.2508
mrr@15 : 0.2533
mrr@20 : 0.2545
map@5 : 0.243
map@10 : 0.2508
map@15 : 0.2533
map@20 : 0.2545
hit@5 : 0.3296
hit@10 : 0.388
hit@15 : 0.42
hit@20 : 0.4404
ndcg@5 : 0.2646
ndcg@10 : 0.2835
ndcg@15 : 0.292
ndcg@20 : 0.2968
averagepopularity@5 : 179.696
averagepopularity@10 : 170.8983
averagepopularity@15 : 164.536
averagepopularity@20 : 159.7404
itemcoverage@5 : 0.5688
itemcoverage@10 : 0.668
itemcoverage@15 : 0.7212
itemcoverage@20 : 0.7565
giniindex@5 : 0.8764
giniindex@10 : 0.8695
giniindex@15 : 0.8654
giniindex@20 : 0.8623
Mon 11 May 2026 13:21:39 INFO  Saving current: saved/FPMC_30music__days[365-305]_pcount[25]_ptime[60-1000000]_length[2-100]_recent[100]/FPMC-May-11-2026_12-46-25.pth
Mon 11 May 2026 13:23:15 INFO  epoch 19 training [time: 95.65s, train loss: 2.5587]
Mon 11 May 2026 13:23:29 INFO  epoch 19 evaluating [time: 13.88s, valid_score: 0.252400]
Mon 11 May 2026 13:23:29 INFO  valid result: 
recall@5 : 0.3319
recall@10 : 0.3904
recall@15 : 0.422
recall@20 : 0.4427
precision@5 : 0.0664
precision@10 : 0.039
precision@15 : 0.0281
precision@20 : 0.0221
mrr@5 : 0.2445
mrr@10 : 0.2524
mrr@15 : 0.2549
mrr@20 : 0.256
map@5 : 0.2445
map@10 : 0.2524
map@15 : 0.2549
map@20 : 0.256
hit@5 : 0.3319
hit@10 : 0.3904
hit@15 : 0.422
hit@20 : 0.4427
ndcg@5 : 0.2663
ndcg@10 : 0.2853
ndcg@15 : 0.2937
ndcg@20 : 0.2986
averagepopularity@5 : 175.4149
averagepopularity@10 : 167.2291
averagepopularity@15 : 161.0355
averagepopularity@20 : 156.3904
itemcoverage@5 : 0.5785
itemcoverage@10 : 0.6792
itemcoverage@15 : 0.7327
itemcoverage@20 : 0.767
giniindex@5 : 0.8726
giniindex@10 : 0.8655
giniindex@15 : 0.8613
giniindex@20 : 0.8581
Mon 11 May 2026 13:23:30 INFO  Saving current: saved/FPMC_30music__days[365-305]_pcount[25]_ptime[60-1000000]_length[2-100]_recent[100]/FPMC-May-11-2026_12-46-25.pth
Mon 11 May 2026 13:23:32 INFO  Loading model structure and parameters from saved/FPMC_30music__days[365-305]_pcount[25]_ptime[60-1000000]_length[2-100]_recent[100]/FPMC-May-11-2026_12-46-25.pth
