Mon 11 May 2026 10:57:17 INFO  
General Hyper Parameters:
gpu_id = 0
use_gpu = True
seed = 2020
state = INFO
reproducibility = True
data_path = dataset/30music__days[185-125]_pcount[25]_ptime[60-1000000]_length[2-100]_recent[100]
checkpoint_dir = saved/FPMC_30music__days[185-125]_pcount[25]_ptime[60-1000000]_length[2-100]_recent[100]
show_progress = True
save_dataset = False
dataset_save_path = None
save_dataloaders = False
dataloaders_save_path = None
log_wandb = False

Training Hyper Parameters:
epochs = 20
train_batch_size = 4096
learner = adam
learning_rate = 0.001
train_neg_sample_args = {'distribution': 'uniform', 'sample_num': 1, 'alpha': 1.0, 'dynamic': False, 'candidate_num': 0}
eval_step = 1
stopping_step = 3
clip_grad_norm = None
weight_decay = 0.0
loss_decimal_place = 4

Evaluation Hyper Parameters:
eval_args = {'split': {'RS': [8, 1, 1]}, 'order': 'TO', 'group_by': 'user', 'mode': {'valid': 'full', 'test': 'full'}}
repeatable = True
metrics = ['Recall', 'Precision', 'MRR', 'MAP', 'Hit', 'NDCG', 'AveragePopularity', 'ItemCoverage', 'GiniIndex']
topk = [5, 10, 15, 20]
valid_metric = MRR@10
valid_metric_bigger = True
eval_batch_size = 2048
metric_decimal_place = 4

Dataset Hyper Parameters:
gpu_id = 0
worker = 0
use_gpu = True
seed = 2020
state = INFO
reproducibility = True
data_path = dataset/30music__days[185-125]_pcount[25]_ptime[60-1000000]_length[2-100]_recent[100]
checkpoint_dir = saved/FPMC_30music__days[185-125]_pcount[25]_ptime[60-1000000]_length[2-100]_recent[100]
show_progress = True
save_dataset = False
dataset_save_path = None
save_dataloaders = False
dataloaders_save_path = None
log_wandb = False
wandb_project = recbole
shuffle = True
epochs = 20
train_batch_size = 4096
learner = adam
learning_rate = 0.001
train_neg_sample_args = {'distribution': 'uniform', 'sample_num': 1, 'alpha': 1.0, 'dynamic': False, 'candidate_num': 0}
eval_step = 1
stopping_step = 3
clip_grad_norm = None
weight_decay = 0.0
loss_decimal_place = 4
require_pow = False
enable_amp = False
enable_scaler = False
transform = None
eval_args = {'split': {'RS': [8, 1, 1]}, 'order': 'TO', 'group_by': 'user', 'mode': {'valid': 'full', 'test': 'full'}}
repeatable = True
metrics = ['Recall', 'Precision', 'MRR', 'MAP', 'Hit', 'NDCG', 'AveragePopularity', 'ItemCoverage', 'GiniIndex']
topk = [5, 10, 15, 20]
valid_metric = MRR@10
valid_metric_bigger = True
eval_batch_size = 2048
metric_decimal_place = 4
field_separator = 	
seq_separator =  
USER_ID_FIELD = session_id
ITEM_ID_FIELD = item_id
RATING_FIELD = rating
TIME_FIELD = timestamp
seq_len = None
LABEL_FIELD = label
threshold = None
NEG_PREFIX = neg_
numerical_features = []
load_col = {'inter': ['session_id', 'item_id', 'timestamp']}
unload_col = None
unused_col = None
additional_feat_suffix = None
rm_dup_inter = None
val_interval = None
filter_inter_by_user_or_item = True
user_inter_num_interval = [0,inf)
item_inter_num_interval = [0,inf)
alias_of_user_id = None
alias_of_item_id = None
alias_of_entity_id = None
alias_of_relation_id = None
preload_weight = None
normalize_field = None
normalize_all = None
discretization = None
ITEM_LIST_LENGTH_FIELD = item_length
LIST_SUFFIX = _list
MAX_ITEM_LIST_LENGTH = 100
POSITION_FIELD = position_id
HEAD_ENTITY_ID_FIELD = head_id
TAIL_ENTITY_ID_FIELD = tail_id
RELATION_ID_FIELD = relation_id
ENTITY_ID_FIELD = entity_id
benchmark_filename = None

Other Hyper Parameters: 
embedding_size = 64
loss_type = BPR
kg_reverse_r = False
entity_kg_num_interval = [0,inf)
relation_kg_num_interval = [0,inf)
MODEL_TYPE = ModelType.SEQUENTIAL
MODEL_INPUT_TYPE = InputType.PAIRWISE
eval_type = EvaluatorType.RANKING
single_spec = True
local_rank = 0
device = cuda
valid_neg_sample_args = {'distribution': 'uniform', 'sample_num': 'none'}
test_neg_sample_args = {'distribution': 'uniform', 'sample_num': 'none'}


Mon 11 May 2026 10:57:26 INFO  30music__days[185-125]_pcount[25]_ptime[60-1000000]_length[2-100]_recent[100]
The number of users: 202731
Average actions of users: 9.907759088442756
The number of items: 123058
Average actions of items: 16.32251720747296
The number of inters: 2008600
The sparsity of the dataset: 99.99194874756864%
Remain Fields: ['session_id', 'item_id', 'timestamp']
Mon 11 May 2026 10:57:51 INFO  [Training]: train_batch_size = [4096] train_neg_sample_args: [{'distribution': 'uniform', 'sample_num': 1, 'alpha': 1.0, 'dynamic': False, 'candidate_num': 0}]
Mon 11 May 2026 10:57:51 INFO  [Evaluation]: eval_batch_size = [2048] eval_args: [{'split': {'RS': [8, 1, 1]}, 'order': 'TO', 'group_by': 'user', 'mode': {'valid': 'full', 'test': 'full'}}]
Mon 11 May 2026 10:57:51 INFO  FPMC(
  (UI_emb): Embedding(202731, 64)
  (IU_emb): Embedding(123058, 64)
  (LI_emb): Embedding(123058, 64, padding_idx=0)
  (IL_emb): Embedding(123058, 64)
  (loss_fct): BPRLoss()
)
Trainable parameters: 36601920
Mon 11 May 2026 10:59:11 INFO  epoch 0 training [time: 79.20s, train loss: 224.6807]
Mon 11 May 2026 10:59:22 INFO  epoch 0 evaluating [time: 11.29s, valid_score: 0.107700]
Mon 11 May 2026 10:59:22 INFO  valid result: 
recall@5 : 0.1356
recall@10 : 0.1583
recall@15 : 0.1718
recall@20 : 0.1813
precision@5 : 0.0271
precision@10 : 0.0158
precision@15 : 0.0115
precision@20 : 0.0091
mrr@5 : 0.1047
mrr@10 : 0.1077
mrr@15 : 0.1088
mrr@20 : 0.1093
map@5 : 0.1047
map@10 : 0.1077
map@15 : 0.1088
map@20 : 0.1093
hit@5 : 0.1356
hit@10 : 0.1583
hit@15 : 0.1718
hit@20 : 0.1813
ndcg@5 : 0.1124
ndcg@10 : 0.1198
ndcg@15 : 0.1233
ndcg@20 : 0.1256
averagepopularity@5 : 329.8054
averagepopularity@10 : 314.9587
averagepopularity@15 : 304.7179
averagepopularity@20 : 296.1923
itemcoverage@5 : 0.0764
itemcoverage@10 : 0.0915
itemcoverage@15 : 0.1021
itemcoverage@20 : 0.1104
giniindex@5 : 0.9925
giniindex@10 : 0.9923
giniindex@15 : 0.992
giniindex@20 : 0.9917
Mon 11 May 2026 10:59:24 INFO  Saving current: saved/FPMC_30music__days[185-125]_pcount[25]_ptime[60-1000000]_length[2-100]_recent[100]/FPMC-May-11-2026_10-57-51.pth
Mon 11 May 2026 11:00:43 INFO  epoch 1 training [time: 79.08s, train loss: 169.5490]
Mon 11 May 2026 11:00:54 INFO  epoch 1 evaluating [time: 11.07s, valid_score: 0.135900]
Mon 11 May 2026 11:00:54 INFO  valid result: 
recall@5 : 0.1717
recall@10 : 0.1999
recall@15 : 0.2163
recall@20 : 0.228
precision@5 : 0.0343
precision@10 : 0.02
precision@15 : 0.0144
precision@20 : 0.0114
mrr@5 : 0.1322
mrr@10 : 0.1359
mrr@15 : 0.1372
mrr@20 : 0.1379
map@5 : 0.1322
map@10 : 0.1359
map@15 : 0.1372
map@20 : 0.1379
hit@5 : 0.1717
hit@10 : 0.1999
hit@15 : 0.2163
hit@20 : 0.228
ndcg@5 : 0.142
ndcg@10 : 0.1511
ndcg@15 : 0.1555
ndcg@20 : 0.1582
averagepopularity@5 : 348.0056
averagepopularity@10 : 334.0142
averagepopularity@15 : 323.5652
averagepopularity@20 : 314.6737
itemcoverage@5 : 0.1364
itemcoverage@10 : 0.1628
itemcoverage@15 : 0.1804
itemcoverage@20 : 0.1939
giniindex@5 : 0.9835
giniindex@10 : 0.9829
giniindex@15 : 0.9825
giniindex@20 : 0.9822
Mon 11 May 2026 11:00:56 INFO  Saving current: saved/FPMC_30music__days[185-125]_pcount[25]_ptime[60-1000000]_length[2-100]_recent[100]/FPMC-May-11-2026_10-57-51.pth
Mon 11 May 2026 11:02:15 INFO  epoch 2 training [time: 79.45s, train loss: 117.5464]
Mon 11 May 2026 11:02:26 INFO  epoch 2 evaluating [time: 11.10s, valid_score: 0.150800]
Mon 11 May 2026 11:02:26 INFO  valid result: 
recall@5 : 0.1921
recall@10 : 0.2255
recall@15 : 0.245
recall@20 : 0.2578
precision@5 : 0.0384
precision@10 : 0.0225
precision@15 : 0.0163
precision@20 : 0.0129
mrr@5 : 0.1464
mrr@10 : 0.1508
mrr@15 : 0.1524
mrr@20 : 0.1531
map@5 : 0.1464
map@10 : 0.1508
map@15 : 0.1524
map@20 : 0.1531
hit@5 : 0.1921
hit@10 : 0.2255
hit@15 : 0.245
hit@20 : 0.2578
ndcg@5 : 0.1578
ndcg@10 : 0.1686
ndcg@15 : 0.1737
ndcg@20 : 0.1768
averagepopularity@5 : 322.9653
averagepopularity@10 : 308.5096
averagepopularity@15 : 299.4788
averagepopularity@20 : 292.4197
itemcoverage@5 : 0.1877
itemcoverage@10 : 0.2258
itemcoverage@15 : 0.2499
itemcoverage@20 : 0.2673
giniindex@5 : 0.9757
giniindex@10 : 0.9745
giniindex@15 : 0.9738
giniindex@20 : 0.9734
Mon 11 May 2026 11:02:28 INFO  Saving current: saved/FPMC_30music__days[185-125]_pcount[25]_ptime[60-1000000]_length[2-100]_recent[100]/FPMC-May-11-2026_10-57-51.pth
Mon 11 May 2026 11:03:47 INFO  epoch 3 training [time: 78.92s, train loss: 83.5491]
Mon 11 May 2026 11:03:58 INFO  epoch 3 evaluating [time: 11.17s, valid_score: 0.162100]
Mon 11 May 2026 11:03:58 INFO  valid result: 
recall@5 : 0.208
recall@10 : 0.2455
recall@15 : 0.2672
recall@20 : 0.2818
precision@5 : 0.0416
precision@10 : 0.0246
precision@15 : 0.0178
precision@20 : 0.0141
mrr@5 : 0.1571
mrr@10 : 0.1621
mrr@15 : 0.1638
mrr@20 : 0.1646
map@5 : 0.1571
map@10 : 0.1621
map@15 : 0.1638
map@20 : 0.1646
hit@5 : 0.208
hit@10 : 0.2455
hit@15 : 0.2672
hit@20 : 0.2818
ndcg@5 : 0.1698
ndcg@10 : 0.1819
ndcg@15 : 0.1877
ndcg@20 : 0.1911
averagepopularity@5 : 294.0426
averagepopularity@10 : 282.5046
averagepopularity@15 : 274.5758
averagepopularity@20 : 268.1148
itemcoverage@5 : 0.2315
itemcoverage@10 : 0.2785
itemcoverage@15 : 0.3071
itemcoverage@20 : 0.3282
giniindex@5 : 0.9681
giniindex@10 : 0.9663
giniindex@15 : 0.9653
giniindex@20 : 0.9648
Mon 11 May 2026 11:04:00 INFO  Saving current: saved/FPMC_30music__days[185-125]_pcount[25]_ptime[60-1000000]_length[2-100]_recent[100]/FPMC-May-11-2026_10-57-51.pth
Mon 11 May 2026 11:05:19 INFO  epoch 4 training [time: 79.22s, train loss: 61.4467]
Mon 11 May 2026 11:05:30 INFO  epoch 4 evaluating [time: 11.22s, valid_score: 0.171800]
Mon 11 May 2026 11:05:30 INFO  valid result: 
recall@5 : 0.2226
recall@10 : 0.262
recall@15 : 0.2858
recall@20 : 0.3012
precision@5 : 0.0445
precision@10 : 0.0262
precision@15 : 0.0191
precision@20 : 0.0151
mrr@5 : 0.1666
mrr@10 : 0.1718
mrr@15 : 0.1737
mrr@20 : 0.1745
map@5 : 0.1666
map@10 : 0.1718
map@15 : 0.1737
map@20 : 0.1745
hit@5 : 0.2226
hit@10 : 0.262
hit@15 : 0.2858
hit@20 : 0.3012
ndcg@5 : 0.1805
ndcg@10 : 0.1932
ndcg@15 : 0.1996
ndcg@20 : 0.2032
averagepopularity@5 : 269.7641
averagepopularity@10 : 256.3646
averagepopularity@15 : 249.2216
averagepopularity@20 : 244.2711
itemcoverage@5 : 0.2697
itemcoverage@10 : 0.3237
itemcoverage@15 : 0.357
itemcoverage@20 : 0.3814
giniindex@5 : 0.9605
giniindex@10 : 0.9582
giniindex@15 : 0.9572
giniindex@20 : 0.9565
Mon 11 May 2026 11:05:32 INFO  Saving current: saved/FPMC_30music__days[185-125]_pcount[25]_ptime[60-1000000]_length[2-100]_recent[100]/FPMC-May-11-2026_10-57-51.pth
Mon 11 May 2026 11:06:51 INFO  epoch 5 training [time: 79.28s, train loss: 46.1743]
Mon 11 May 2026 11:07:03 INFO  epoch 5 evaluating [time: 11.28s, valid_score: 0.180500]
Mon 11 May 2026 11:07:03 INFO  valid result: 
recall@5 : 0.2344
recall@10 : 0.2769
recall@15 : 0.3023
recall@20 : 0.3186
precision@5 : 0.0469
precision@10 : 0.0277
precision@15 : 0.0202
precision@20 : 0.0159
mrr@5 : 0.1748
mrr@10 : 0.1805
mrr@15 : 0.1825
mrr@20 : 0.1834
map@5 : 0.1748
map@10 : 0.1805
map@15 : 0.1825
map@20 : 0.1834
hit@5 : 0.2344
hit@10 : 0.2769
hit@15 : 0.3023
hit@20 : 0.3186
ndcg@5 : 0.1897
ndcg@10 : 0.2034
ndcg@15 : 0.2101
ndcg@20 : 0.214
averagepopularity@5 : 253.009
averagepopularity@10 : 239.656
averagepopularity@15 : 232.802
averagepopularity@20 : 228.025
itemcoverage@5 : 0.3029
itemcoverage@10 : 0.364
itemcoverage@15 : 0.4016
itemcoverage@20 : 0.4275
giniindex@5 : 0.9534
giniindex@10 : 0.9506
giniindex@15 : 0.9492
giniindex@20 : 0.9485
Mon 11 May 2026 11:07:04 INFO  Saving current: saved/FPMC_30music__days[185-125]_pcount[25]_ptime[60-1000000]_length[2-100]_recent[100]/FPMC-May-11-2026_10-57-51.pth
Mon 11 May 2026 11:08:23 INFO  epoch 6 training [time: 79.09s, train loss: 35.2711]
Mon 11 May 2026 11:08:35 INFO  epoch 6 evaluating [time: 11.19s, valid_score: 0.187900]
Mon 11 May 2026 11:08:35 INFO  valid result: 
recall@5 : 0.2451
recall@10 : 0.2895
recall@15 : 0.3155
recall@20 : 0.3323
precision@5 : 0.049
precision@10 : 0.0289
precision@15 : 0.021
precision@20 : 0.0166
mrr@5 : 0.182
mrr@10 : 0.1879
mrr@15 : 0.19
mrr@20 : 0.1909
map@5 : 0.182
map@10 : 0.1879
map@15 : 0.19
map@20 : 0.1909
hit@5 : 0.2451
hit@10 : 0.2895
hit@15 : 0.3155
hit@20 : 0.3323
ndcg@5 : 0.1977
ndcg@10 : 0.2121
ndcg@15 : 0.219
ndcg@20 : 0.223
averagepopularity@5 : 236.472
averagepopularity@10 : 224.9368
averagepopularity@15 : 218.7609
averagepopularity@20 : 214.2841
itemcoverage@5 : 0.332
itemcoverage@10 : 0.3997
itemcoverage@15 : 0.439
itemcoverage@20 : 0.4666
giniindex@5 : 0.9466
giniindex@10 : 0.9434
giniindex@15 : 0.9418
giniindex@20 : 0.9409
Mon 11 May 2026 11:08:36 INFO  Saving current: saved/FPMC_30music__days[185-125]_pcount[25]_ptime[60-1000000]_length[2-100]_recent[100]/FPMC-May-11-2026_10-57-51.pth
Mon 11 May 2026 11:09:56 INFO  epoch 7 training [time: 79.24s, train loss: 27.2389]
Mon 11 May 2026 11:10:07 INFO  epoch 7 evaluating [time: 11.31s, valid_score: 0.194900]
Mon 11 May 2026 11:10:07 INFO  valid result: 
recall@5 : 0.254
recall@10 : 0.3002
recall@15 : 0.3268
recall@20 : 0.3443
precision@5 : 0.0508
precision@10 : 0.03
precision@15 : 0.0218
precision@20 : 0.0172
mrr@5 : 0.1887
mrr@10 : 0.1949
mrr@15 : 0.197
mrr@20 : 0.198
map@5 : 0.1887
map@10 : 0.1949
map@15 : 0.197
map@20 : 0.198
hit@5 : 0.254
hit@10 : 0.3002
hit@15 : 0.3268
hit@20 : 0.3443
ndcg@5 : 0.205
ndcg@10 : 0.2199
ndcg@15 : 0.227
ndcg@20 : 0.2311
averagepopularity@5 : 216.549
averagepopularity@10 : 208.6182
averagepopularity@15 : 203.906
averagepopularity@20 : 200.5519
itemcoverage@5 : 0.3582
itemcoverage@10 : 0.4303
itemcoverage@15 : 0.4724
itemcoverage@20 : 0.5017
giniindex@5 : 0.9401
giniindex@10 : 0.9365
giniindex@15 : 0.9347
giniindex@20 : 0.9337
Mon 11 May 2026 11:10:09 INFO  Saving current: saved/FPMC_30music__days[185-125]_pcount[25]_ptime[60-1000000]_length[2-100]_recent[100]/FPMC-May-11-2026_10-57-51.pth
Mon 11 May 2026 11:11:28 INFO  epoch 8 training [time: 79.09s, train loss: 21.3088]
Mon 11 May 2026 11:11:39 INFO  epoch 8 evaluating [time: 11.34s, valid_score: 0.200900]
Mon 11 May 2026 11:11:39 INFO  valid result: 
recall@5 : 0.2616
recall@10 : 0.3091
recall@15 : 0.3372
recall@20 : 0.3549
precision@5 : 0.0523
precision@10 : 0.0309
precision@15 : 0.0225
precision@20 : 0.0177
mrr@5 : 0.1946
mrr@10 : 0.2009
mrr@15 : 0.2031
mrr@20 : 0.2041
map@5 : 0.1946
map@10 : 0.2009
map@15 : 0.2031
map@20 : 0.2041
hit@5 : 0.2616
hit@10 : 0.3091
hit@15 : 0.3372
hit@20 : 0.3549
ndcg@5 : 0.2113
ndcg@10 : 0.2266
ndcg@15 : 0.2341
ndcg@20 : 0.2383
averagepopularity@5 : 205.1634
averagepopularity@10 : 198.6078
averagepopularity@15 : 194.5164
averagepopularity@20 : 191.3036
itemcoverage@5 : 0.3821
itemcoverage@10 : 0.4577
itemcoverage@15 : 0.5009
itemcoverage@20 : 0.532
giniindex@5 : 0.9339
giniindex@10 : 0.93
giniindex@15 : 0.928
giniindex@20 : 0.9269
Mon 11 May 2026 11:11:41 INFO  Saving current: saved/FPMC_30music__days[185-125]_pcount[25]_ptime[60-1000000]_length[2-100]_recent[100]/FPMC-May-11-2026_10-57-51.pth
Mon 11 May 2026 11:13:00 INFO  epoch 9 training [time: 79.07s, train loss: 16.8169]
Mon 11 May 2026 11:13:11 INFO  epoch 9 evaluating [time: 11.36s, valid_score: 0.205300]
Mon 11 May 2026 11:13:11 INFO  valid result: 
recall@5 : 0.2676
recall@10 : 0.3165
recall@15 : 0.345
recall@20 : 0.3633
precision@5 : 0.0535
precision@10 : 0.0317
precision@15 : 0.023
precision@20 : 0.0182
mrr@5 : 0.1988
mrr@10 : 0.2053
mrr@15 : 0.2076
mrr@20 : 0.2086
map@5 : 0.1988
map@10 : 0.2053
map@15 : 0.2076
map@20 : 0.2086
hit@5 : 0.2676
hit@10 : 0.3165
hit@15 : 0.345
hit@20 : 0.3633
ndcg@5 : 0.2159
ndcg@10 : 0.2318
ndcg@15 : 0.2393
ndcg@20 : 0.2436
averagepopularity@5 : 201.1099
averagepopularity@10 : 194.9467
averagepopularity@15 : 190.8331
averagepopularity@20 : 187.4149
itemcoverage@5 : 0.402
itemcoverage@10 : 0.4816
itemcoverage@15 : 0.5273
itemcoverage@20 : 0.5599
giniindex@5 : 0.9284
giniindex@10 : 0.9241
giniindex@15 : 0.9219
giniindex@20 : 0.9207
Mon 11 May 2026 11:13:13 INFO  Saving current: saved/FPMC_30music__days[185-125]_pcount[25]_ptime[60-1000000]_length[2-100]_recent[100]/FPMC-May-11-2026_10-57-51.pth
Mon 11 May 2026 11:14:32 INFO  epoch 10 training [time: 79.16s, train loss: 13.5097]
Mon 11 May 2026 11:14:44 INFO  epoch 10 evaluating [time: 11.39s, valid_score: 0.209100]
Mon 11 May 2026 11:14:44 INFO  valid result: 
recall@5 : 0.2725
recall@10 : 0.323
recall@15 : 0.3519
recall@20 : 0.37
precision@5 : 0.0545
precision@10 : 0.0323
precision@15 : 0.0235
precision@20 : 0.0185
mrr@5 : 0.2023
mrr@10 : 0.2091
mrr@15 : 0.2114
mrr@20 : 0.2124
map@5 : 0.2023
map@10 : 0.2091
map@15 : 0.2114
map@20 : 0.2124
hit@5 : 0.2725
hit@10 : 0.323
hit@15 : 0.3519
hit@20 : 0.37
ndcg@5 : 0.2198
ndcg@10 : 0.2362
ndcg@15 : 0.2438
ndcg@20 : 0.2481
averagepopularity@5 : 195.9698
averagepopularity@10 : 188.7788
averagepopularity@15 : 184.5791
averagepopularity@20 : 181.3639
itemcoverage@5 : 0.4207
itemcoverage@10 : 0.5034
itemcoverage@15 : 0.5516
itemcoverage@20 : 0.5848
giniindex@5 : 0.9231
giniindex@10 : 0.9185
giniindex@15 : 0.9162
giniindex@20 : 0.9147
Mon 11 May 2026 11:14:46 INFO  Saving current: saved/FPMC_30music__days[185-125]_pcount[25]_ptime[60-1000000]_length[2-100]_recent[100]/FPMC-May-11-2026_10-57-51.pth
Mon 11 May 2026 11:16:05 INFO  epoch 11 training [time: 79.33s, train loss: 10.8854]
Mon 11 May 2026 11:16:16 INFO  epoch 11 evaluating [time: 11.37s, valid_score: 0.212500]
Mon 11 May 2026 11:16:16 INFO  valid result: 
recall@5 : 0.277
recall@10 : 0.3289
recall@15 : 0.3581
recall@20 : 0.3764
precision@5 : 0.0554
precision@10 : 0.0329
precision@15 : 0.0239
precision@20 : 0.0188
mrr@5 : 0.2056
mrr@10 : 0.2125
mrr@15 : 0.2148
mrr@20 : 0.2159
map@5 : 0.2056
map@10 : 0.2125
map@15 : 0.2148
map@20 : 0.2159
hit@5 : 0.277
hit@10 : 0.3289
hit@15 : 0.3581
hit@20 : 0.3764
ndcg@5 : 0.2234
ndcg@10 : 0.2402
ndcg@15 : 0.2479
ndcg@20 : 0.2523
averagepopularity@5 : 192.8288
averagepopularity@10 : 185.3432
averagepopularity@15 : 180.6125
averagepopularity@20 : 176.8749
itemcoverage@5 : 0.437
itemcoverage@10 : 0.5239
itemcoverage@15 : 0.5734
itemcoverage@20 : 0.608
giniindex@5 : 0.9184
giniindex@10 : 0.9133
giniindex@15 : 0.9108
giniindex@20 : 0.9093
Mon 11 May 2026 11:16:18 INFO  Saving current: saved/FPMC_30music__days[185-125]_pcount[25]_ptime[60-1000000]_length[2-100]_recent[100]/FPMC-May-11-2026_10-57-51.pth
Mon 11 May 2026 11:17:37 INFO  epoch 12 training [time: 79.13s, train loss: 8.9015]
Mon 11 May 2026 11:17:49 INFO  epoch 12 evaluating [time: 11.32s, valid_score: 0.215900]
Mon 11 May 2026 11:17:49 INFO  valid result: 
recall@5 : 0.2817
recall@10 : 0.3338
recall@15 : 0.363
recall@20 : 0.3817
precision@5 : 0.0563
precision@10 : 0.0334
precision@15 : 0.0242
precision@20 : 0.0191
mrr@5 : 0.2089
mrr@10 : 0.2159
mrr@15 : 0.2182
mrr@20 : 0.2192
map@5 : 0.2089
map@10 : 0.2159
map@15 : 0.2182
map@20 : 0.2192
hit@5 : 0.2817
hit@10 : 0.3338
hit@15 : 0.363
hit@20 : 0.3817
ndcg@5 : 0.227
ndcg@10 : 0.2439
ndcg@15 : 0.2516
ndcg@20 : 0.2561
averagepopularity@5 : 187.1673
averagepopularity@10 : 180.0126
averagepopularity@15 : 175.664
averagepopularity@20 : 172.3445
itemcoverage@5 : 0.4523
itemcoverage@10 : 0.5428
itemcoverage@15 : 0.5931
itemcoverage@20 : 0.6286
giniindex@5 : 0.9136
giniindex@10 : 0.9083
giniindex@15 : 0.9057
giniindex@20 : 0.904
Mon 11 May 2026 11:17:50 INFO  Saving current: saved/FPMC_30music__days[185-125]_pcount[25]_ptime[60-1000000]_length[2-100]_recent[100]/FPMC-May-11-2026_10-57-51.pth
Mon 11 May 2026 11:19:09 INFO  epoch 13 training [time: 78.98s, train loss: 7.3986]
Mon 11 May 2026 11:19:21 INFO  epoch 13 evaluating [time: 11.33s, valid_score: 0.218600]
Mon 11 May 2026 11:19:21 INFO  valid result: 
recall@5 : 0.2856
recall@10 : 0.3378
recall@15 : 0.3673
recall@20 : 0.3861
precision@5 : 0.0571
precision@10 : 0.0338
precision@15 : 0.0245
precision@20 : 0.0193
mrr@5 : 0.2116
mrr@10 : 0.2186
mrr@15 : 0.2209
mrr@20 : 0.222
map@5 : 0.2116
map@10 : 0.2186
map@15 : 0.2209
map@20 : 0.222
hit@5 : 0.2856
hit@10 : 0.3378
hit@15 : 0.3673
hit@20 : 0.3861
ndcg@5 : 0.23
ndcg@10 : 0.247
ndcg@15 : 0.2548
ndcg@20 : 0.2592
averagepopularity@5 : 181.3985
averagepopularity@10 : 174.2242
averagepopularity@15 : 169.9673
averagepopularity@20 : 166.834
itemcoverage@5 : 0.4675
itemcoverage@10 : 0.5594
itemcoverage@15 : 0.6108
itemcoverage@20 : 0.647
giniindex@5 : 0.9091
giniindex@10 : 0.9035
giniindex@15 : 0.9008
giniindex@20 : 0.8991
Mon 11 May 2026 11:19:23 INFO  Saving current: saved/FPMC_30music__days[185-125]_pcount[25]_ptime[60-1000000]_length[2-100]_recent[100]/FPMC-May-11-2026_10-57-51.pth
Mon 11 May 2026 11:20:42 INFO  epoch 14 training [time: 79.25s, train loss: 6.1624]
Mon 11 May 2026 11:20:54 INFO  epoch 14 evaluating [time: 11.32s, valid_score: 0.221400]
Mon 11 May 2026 11:20:54 INFO  valid result: 
recall@5 : 0.2888
recall@10 : 0.3419
recall@15 : 0.371
recall@20 : 0.3904
precision@5 : 0.0578
precision@10 : 0.0342
precision@15 : 0.0247
precision@20 : 0.0195
mrr@5 : 0.2143
mrr@10 : 0.2214
mrr@15 : 0.2237
mrr@20 : 0.2248
map@5 : 0.2143
map@10 : 0.2214
map@15 : 0.2237
map@20 : 0.2248
hit@5 : 0.2888
hit@10 : 0.3419
hit@15 : 0.371
hit@20 : 0.3904
ndcg@5 : 0.2328
ndcg@10 : 0.25
ndcg@15 : 0.2578
ndcg@20 : 0.2623
averagepopularity@5 : 178.442
averagepopularity@10 : 171.9094
averagepopularity@15 : 167.5763
averagepopularity@20 : 164.4479
itemcoverage@5 : 0.4811
itemcoverage@10 : 0.5751
itemcoverage@15 : 0.6282
itemcoverage@20 : 0.6652
giniindex@5 : 0.9046
giniindex@10 : 0.899
giniindex@15 : 0.8961
giniindex@20 : 0.8943
Mon 11 May 2026 11:20:55 INFO  Saving current: saved/FPMC_30music__days[185-125]_pcount[25]_ptime[60-1000000]_length[2-100]_recent[100]/FPMC-May-11-2026_10-57-51.pth
Mon 11 May 2026 11:22:15 INFO  epoch 15 training [time: 79.79s, train loss: 5.1749]
Mon 11 May 2026 11:22:26 INFO  epoch 15 evaluating [time: 11.22s, valid_score: 0.223600]
Mon 11 May 2026 11:22:26 INFO  valid result: 
recall@5 : 0.2919
recall@10 : 0.3453
recall@15 : 0.3753
recall@20 : 0.3944
precision@5 : 0.0584
precision@10 : 0.0345
precision@15 : 0.025
precision@20 : 0.0197
mrr@5 : 0.2165
mrr@10 : 0.2236
mrr@15 : 0.226
mrr@20 : 0.227
map@5 : 0.2165
map@10 : 0.2236
map@15 : 0.226
map@20 : 0.227
hit@5 : 0.2919
hit@10 : 0.3453
hit@15 : 0.3753
hit@20 : 0.3944
ndcg@5 : 0.2353
ndcg@10 : 0.2526
ndcg@15 : 0.2605
ndcg@20 : 0.265
averagepopularity@5 : 175.006
averagepopularity@10 : 168.3477
averagepopularity@15 : 164.0103
averagepopularity@20 : 160.8235
itemcoverage@5 : 0.4938
itemcoverage@10 : 0.59
itemcoverage@15 : 0.6439
itemcoverage@20 : 0.6809
giniindex@5 : 0.9004
giniindex@10 : 0.8945
giniindex@15 : 0.8916
giniindex@20 : 0.8896
Mon 11 May 2026 11:22:28 INFO  Saving current: saved/FPMC_30music__days[185-125]_pcount[25]_ptime[60-1000000]_length[2-100]_recent[100]/FPMC-May-11-2026_10-57-51.pth
Mon 11 May 2026 11:23:57 INFO  epoch 16 training [time: 88.72s, train loss: 4.4064]
Mon 11 May 2026 11:24:08 INFO  epoch 16 evaluating [time: 11.69s, valid_score: 0.225700]
Mon 11 May 2026 11:24:08 INFO  valid result: 
recall@5 : 0.2947
recall@10 : 0.3485
recall@15 : 0.3785
recall@20 : 0.3979
precision@5 : 0.0589
precision@10 : 0.0349
precision@15 : 0.0252
precision@20 : 0.0199
mrr@5 : 0.2185
mrr@10 : 0.2257
mrr@15 : 0.2281
mrr@20 : 0.2292
map@5 : 0.2185
map@10 : 0.2257
map@15 : 0.2281
map@20 : 0.2292
hit@5 : 0.2947
hit@10 : 0.3485
hit@15 : 0.3785
hit@20 : 0.3979
ndcg@5 : 0.2375
ndcg@10 : 0.255
ndcg@15 : 0.2629
ndcg@20 : 0.2675
averagepopularity@5 : 172.5099
averagepopularity@10 : 165.5289
averagepopularity@15 : 160.7709
averagepopularity@20 : 157.2882
itemcoverage@5 : 0.5054
itemcoverage@10 : 0.6041
itemcoverage@15 : 0.6586
itemcoverage@20 : 0.695
giniindex@5 : 0.8965
giniindex@10 : 0.8903
giniindex@15 : 0.8872
giniindex@20 : 0.8851
Mon 11 May 2026 11:24:10 INFO  Saving current: saved/FPMC_30music__days[185-125]_pcount[25]_ptime[60-1000000]_length[2-100]_recent[100]/FPMC-May-11-2026_10-57-51.pth
Mon 11 May 2026 11:25:36 INFO  epoch 17 training [time: 86.04s, train loss: 3.7787]
Mon 11 May 2026 11:25:49 INFO  epoch 17 evaluating [time: 12.34s, valid_score: 0.228000]
Mon 11 May 2026 11:25:49 INFO  valid result: 
recall@5 : 0.2978
recall@10 : 0.3514
recall@15 : 0.3819
recall@20 : 0.4017
precision@5 : 0.0596
precision@10 : 0.0351
precision@15 : 0.0255
precision@20 : 0.0201
mrr@5 : 0.2208
mrr@10 : 0.228
mrr@15 : 0.2304
mrr@20 : 0.2315
map@5 : 0.2208
map@10 : 0.228
map@15 : 0.2304
map@20 : 0.2315
hit@5 : 0.2978
hit@10 : 0.3514
hit@15 : 0.3819
hit@20 : 0.4017
ndcg@5 : 0.24
ndcg@10 : 0.2574
ndcg@15 : 0.2654
ndcg@20 : 0.2701
averagepopularity@5 : 163.6072
averagepopularity@10 : 157.9606
averagepopularity@15 : 154.0045
averagepopularity@20 : 151.1848
itemcoverage@5 : 0.5166
itemcoverage@10 : 0.6163
itemcoverage@15 : 0.6713
itemcoverage@20 : 0.7078
giniindex@5 : 0.8924
giniindex@10 : 0.8861
giniindex@15 : 0.8829
giniindex@20 : 0.8807
Mon 11 May 2026 11:25:51 INFO  Saving current: saved/FPMC_30music__days[185-125]_pcount[25]_ptime[60-1000000]_length[2-100]_recent[100]/FPMC-May-11-2026_10-57-51.pth
Mon 11 May 2026 11:27:22 INFO  epoch 18 training [time: 90.37s, train loss: 3.2472]
Mon 11 May 2026 11:27:38 INFO  epoch 18 evaluating [time: 16.57s, valid_score: 0.229800]
Mon 11 May 2026 11:27:38 INFO  valid result: 
recall@5 : 0.3
recall@10 : 0.3541
recall@15 : 0.3844
recall@20 : 0.4039
precision@5 : 0.06
precision@10 : 0.0354
precision@15 : 0.0256
precision@20 : 0.0202
mrr@5 : 0.2226
mrr@10 : 0.2298
mrr@15 : 0.2322
mrr@20 : 0.2333
map@5 : 0.2226
map@10 : 0.2298
map@15 : 0.2322
map@20 : 0.2333
hit@5 : 0.3
hit@10 : 0.3541
hit@15 : 0.3844
hit@20 : 0.4039
ndcg@5 : 0.2419
ndcg@10 : 0.2594
ndcg@15 : 0.2674
ndcg@20 : 0.272
averagepopularity@5 : 156.0025
averagepopularity@10 : 152.0096
averagepopularity@15 : 148.8276
averagepopularity@20 : 146.381
itemcoverage@5 : 0.5272
itemcoverage@10 : 0.6278
itemcoverage@15 : 0.6829
itemcoverage@20 : 0.7195
giniindex@5 : 0.8887
giniindex@10 : 0.8823
giniindex@15 : 0.879
giniindex@20 : 0.8767
Mon 11 May 2026 11:27:40 INFO  Saving current: saved/FPMC_30music__days[185-125]_pcount[25]_ptime[60-1000000]_length[2-100]_recent[100]/FPMC-May-11-2026_10-57-51.pth
Mon 11 May 2026 11:29:12 INFO  epoch 19 training [time: 92.03s, train loss: 2.8112]
Mon 11 May 2026 11:29:34 INFO  epoch 19 evaluating [time: 21.60s, valid_score: 0.231500]
Mon 11 May 2026 11:29:34 INFO  valid result: 
recall@5 : 0.3023
recall@10 : 0.3563
recall@15 : 0.3869
recall@20 : 0.4064
precision@5 : 0.0605
precision@10 : 0.0356
precision@15 : 0.0258
precision@20 : 0.0203
mrr@5 : 0.2243
mrr@10 : 0.2315
mrr@15 : 0.2339
mrr@20 : 0.235
map@5 : 0.2243
map@10 : 0.2315
map@15 : 0.2339
map@20 : 0.235
hit@5 : 0.3023
hit@10 : 0.3563
hit@15 : 0.3869
hit@20 : 0.4064
ndcg@5 : 0.2437
ndcg@10 : 0.2612
ndcg@15 : 0.2693
ndcg@20 : 0.2739
averagepopularity@5 : 151.0852
averagepopularity@10 : 147.5122
averagepopularity@15 : 144.5648
averagepopularity@20 : 142.2522
itemcoverage@5 : 0.5366
itemcoverage@10 : 0.6384
itemcoverage@15 : 0.6933
itemcoverage@20 : 0.7304
giniindex@5 : 0.8852
giniindex@10 : 0.8786
giniindex@15 : 0.8751
giniindex@20 : 0.8728
Mon 11 May 2026 11:29:36 INFO  Saving current: saved/FPMC_30music__days[185-125]_pcount[25]_ptime[60-1000000]_length[2-100]_recent[100]/FPMC-May-11-2026_10-57-51.pth
Mon 11 May 2026 11:29:37 INFO  Loading model structure and parameters from saved/FPMC_30music__days[185-125]_pcount[25]_ptime[60-1000000]_length[2-100]_recent[100]/FPMC-May-11-2026_10-57-51.pth
