Sat 09 May 2026 20:09:47 INFO  
General Hyper Parameters:
gpu_id = 0
use_gpu = True
seed = 2020
state = INFO
reproducibility = True
data_path = dataset/30music__days[125-65]_pcount[25]_ptime[60-1000000]_length[2-100]_recent[100]
checkpoint_dir = saved/STAMP_30music__days[125-65]_pcount[25]_ptime[60-1000000]_length[2-100]_recent[100]
show_progress = True
save_dataset = False
dataset_save_path = None
save_dataloaders = False
dataloaders_save_path = None
log_wandb = False

Training Hyper Parameters:
epochs = 20
train_batch_size = 2048
learner = adam
learning_rate = 0.001
train_neg_sample_args = {'distribution': 'none', 'sample_num': 'none', 'alpha': 'none', 'dynamic': False, 'candidate_num': 0}
eval_step = 1
stopping_step = 3
clip_grad_norm = None
weight_decay = 0.0
loss_decimal_place = 4

Evaluation Hyper Parameters:
eval_args = {'split': {'RS': [8, 1, 1]}, 'order': 'TO', 'group_by': 'user', 'mode': {'valid': 'full', 'test': 'full'}}
repeatable = True
metrics = ['Recall', 'Precision', 'MRR', 'MAP', 'Hit', 'NDCG', 'AveragePopularity', 'ItemCoverage', 'GiniIndex']
topk = [5, 10, 15, 20]
valid_metric = MRR@10
valid_metric_bigger = True
eval_batch_size = 2048
metric_decimal_place = 4

Dataset Hyper Parameters:
gpu_id = 0
worker = 0
use_gpu = True
seed = 2020
state = INFO
reproducibility = True
data_path = dataset/30music__days[125-65]_pcount[25]_ptime[60-1000000]_length[2-100]_recent[100]
checkpoint_dir = saved/STAMP_30music__days[125-65]_pcount[25]_ptime[60-1000000]_length[2-100]_recent[100]
show_progress = True
save_dataset = False
dataset_save_path = None
save_dataloaders = False
dataloaders_save_path = None
log_wandb = False
wandb_project = recbole
shuffle = True
epochs = 20
train_batch_size = 2048
learner = adam
learning_rate = 0.001
train_neg_sample_args = {'distribution': 'none', 'sample_num': 'none', 'alpha': 'none', 'dynamic': False, 'candidate_num': 0}
eval_step = 1
stopping_step = 3
clip_grad_norm = None
weight_decay = 0.0
loss_decimal_place = 4
require_pow = False
enable_amp = False
enable_scaler = False
transform = None
eval_args = {'split': {'RS': [8, 1, 1]}, 'order': 'TO', 'group_by': 'user', 'mode': {'valid': 'full', 'test': 'full'}}
repeatable = True
metrics = ['Recall', 'Precision', 'MRR', 'MAP', 'Hit', 'NDCG', 'AveragePopularity', 'ItemCoverage', 'GiniIndex']
topk = [5, 10, 15, 20]
valid_metric = MRR@10
valid_metric_bigger = True
eval_batch_size = 2048
metric_decimal_place = 4
field_separator = 	
seq_separator =  
USER_ID_FIELD = session_id
ITEM_ID_FIELD = item_id
RATING_FIELD = rating
TIME_FIELD = timestamp
seq_len = None
LABEL_FIELD = label
threshold = None
NEG_PREFIX = neg_
numerical_features = []
load_col = {'inter': ['session_id', 'item_id', 'timestamp']}
unload_col = None
unused_col = None
additional_feat_suffix = None
rm_dup_inter = None
val_interval = None
filter_inter_by_user_or_item = True
user_inter_num_interval = [0,inf)
item_inter_num_interval = [0,inf)
alias_of_user_id = None
alias_of_item_id = None
alias_of_entity_id = None
alias_of_relation_id = None
preload_weight = None
normalize_field = None
normalize_all = None
discretization = None
ITEM_LIST_LENGTH_FIELD = item_length
LIST_SUFFIX = _list
MAX_ITEM_LIST_LENGTH = 100
POSITION_FIELD = position_id
HEAD_ENTITY_ID_FIELD = head_id
TAIL_ENTITY_ID_FIELD = tail_id
RELATION_ID_FIELD = relation_id
ENTITY_ID_FIELD = entity_id
benchmark_filename = None

Other Hyper Parameters: 
embedding_size = 64
loss_type = CE
kg_reverse_r = False
entity_kg_num_interval = [0,inf)
relation_kg_num_interval = [0,inf)
MODEL_TYPE = ModelType.SEQUENTIAL
neg_sampling = None
MODEL_INPUT_TYPE = InputType.POINTWISE
eval_type = EvaluatorType.RANKING
single_spec = True
local_rank = 0
device = cuda
valid_neg_sample_args = {'distribution': 'uniform', 'sample_num': 'none'}
test_neg_sample_args = {'distribution': 'uniform', 'sample_num': 'none'}


Sat 09 May 2026 20:09:59 INFO  30music__days[125-65]_pcount[25]_ptime[60-1000000]_length[2-100]_recent[100]
The number of users: 221312
Average actions of users: 9.805495434027229
The number of items: 124576
Average actions of items: 17.419739112984146
The number of inters: 2170064
The sparsity of the dataset: 99.9921289404638%
Remain Fields: ['session_id', 'item_id', 'timestamp']
Sat 09 May 2026 20:10:27 INFO  [Training]: train_batch_size = [2048] train_neg_sample_args: [{'distribution': 'none', 'sample_num': 'none', 'alpha': 'none', 'dynamic': False, 'candidate_num': 0}]
Sat 09 May 2026 20:10:27 INFO  [Evaluation]: eval_batch_size = [2048] eval_args: [{'split': {'RS': [8, 1, 1]}, 'order': 'TO', 'group_by': 'user', 'mode': {'valid': 'full', 'test': 'full'}}]
Sat 09 May 2026 20:10:27 INFO  STAMP(
  (item_embedding): Embedding(124576, 64, padding_idx=0)
  (w1): Linear(in_features=64, out_features=64, bias=False)
  (w2): Linear(in_features=64, out_features=64, bias=False)
  (w3): Linear(in_features=64, out_features=64, bias=False)
  (w0): Linear(in_features=64, out_features=1, bias=False)
  (mlp_a): Linear(in_features=64, out_features=64, bias=True)
  (mlp_b): Linear(in_features=64, out_features=64, bias=True)
  (sigmoid): Sigmoid()
  (tanh): Tanh()
  (loss_fct): CrossEntropyLoss()
)
Trainable parameters: 7993600
Sat 09 May 2026 20:14:12 INFO  epoch 0 training [time: 224.42s, train loss: 7983.5570]
Sat 09 May 2026 20:14:25 INFO  epoch 0 evaluating [time: 13.25s, valid_score: 0.002100]
Sat 09 May 2026 20:14:25 INFO  valid result: 
recall@5 : 0.0034
recall@10 : 0.0065
recall@15 : 0.0082
recall@20 : 0.0107
precision@5 : 0.0007
precision@10 : 0.0007
precision@15 : 0.0005
precision@20 : 0.0005
mrr@5 : 0.0017
mrr@10 : 0.0021
mrr@15 : 0.0022
mrr@20 : 0.0024
map@5 : 0.0017
map@10 : 0.0021
map@15 : 0.0022
map@20 : 0.0024
hit@5 : 0.0034
hit@10 : 0.0065
hit@15 : 0.0082
hit@20 : 0.0107
ndcg@5 : 0.0021
ndcg@10 : 0.0031
ndcg@15 : 0.0036
ndcg@20 : 0.0041
averagepopularity@5 : 526.8199
averagepopularity@10 : 457.799
averagepopularity@15 : 418.9504
averagepopularity@20 : 394.7127
itemcoverage@5 : 0.0014
itemcoverage@10 : 0.0021
itemcoverage@15 : 0.0029
itemcoverage@20 : 0.0038
giniindex@5 : 0.9997
giniindex@10 : 0.9995
giniindex@15 : 0.9993
giniindex@20 : 0.9991
Sat 09 May 2026 20:14:26 INFO  Saving current: saved/STAMP_30music__days[125-65]_pcount[25]_ptime[60-1000000]_length[2-100]_recent[100]/STAMP-May-09-2026_20-10-27.pth
Sat 09 May 2026 20:18:12 INFO  epoch 1 training [time: 226.14s, train loss: 7516.6806]
Sat 09 May 2026 20:18:25 INFO  epoch 1 evaluating [time: 13.50s, valid_score: 0.007000]
Sat 09 May 2026 20:18:25 INFO  valid result: 
recall@5 : 0.0116
recall@10 : 0.02
recall@15 : 0.0268
recall@20 : 0.0332
precision@5 : 0.0023
precision@10 : 0.002
precision@15 : 0.0018
precision@20 : 0.0017
mrr@5 : 0.0059
mrr@10 : 0.007
mrr@15 : 0.0076
mrr@20 : 0.0079
map@5 : 0.0059
map@10 : 0.007
map@15 : 0.0076
map@20 : 0.0079
hit@5 : 0.0116
hit@10 : 0.02
hit@15 : 0.0268
hit@20 : 0.0332
ndcg@5 : 0.0073
ndcg@10 : 0.01
ndcg@15 : 0.0118
ndcg@20 : 0.0133
averagepopularity@5 : 357.9837
averagepopularity@10 : 319.1868
averagepopularity@15 : 298.3575
averagepopularity@20 : 284.2054
itemcoverage@5 : 0.0049
itemcoverage@10 : 0.0082
itemcoverage@15 : 0.0108
itemcoverage@20 : 0.0132
giniindex@5 : 0.999
giniindex@10 : 0.9983
giniindex@15 : 0.9977
giniindex@20 : 0.9971
Sat 09 May 2026 20:18:26 INFO  Saving current: saved/STAMP_30music__days[125-65]_pcount[25]_ptime[60-1000000]_length[2-100]_recent[100]/STAMP-May-09-2026_20-10-27.pth
Sat 09 May 2026 20:22:11 INFO  epoch 2 training [time: 224.87s, train loss: 7114.0441]
Sat 09 May 2026 20:22:26 INFO  epoch 2 evaluating [time: 15.41s, valid_score: 0.027800]
Sat 09 May 2026 20:22:26 INFO  valid result: 
recall@5 : 0.0434
recall@10 : 0.0601
recall@15 : 0.0729
recall@20 : 0.084
precision@5 : 0.0087
precision@10 : 0.006
precision@15 : 0.0049
precision@20 : 0.0042
mrr@5 : 0.0256
mrr@10 : 0.0278
mrr@15 : 0.0288
mrr@20 : 0.0294
map@5 : 0.0256
map@10 : 0.0278
map@15 : 0.0288
map@20 : 0.0294
hit@5 : 0.0434
hit@10 : 0.0601
hit@15 : 0.0729
hit@20 : 0.084
ndcg@5 : 0.03
ndcg@10 : 0.0353
ndcg@15 : 0.0387
ndcg@20 : 0.0414
averagepopularity@5 : 233.8686
averagepopularity@10 : 214.9312
averagepopularity@15 : 203.426
averagepopularity@20 : 194.9059
itemcoverage@5 : 0.018
itemcoverage@10 : 0.0269
itemcoverage@15 : 0.0342
itemcoverage@20 : 0.0405
giniindex@5 : 0.9961
giniindex@10 : 0.994
giniindex@15 : 0.9922
giniindex@20 : 0.9907
Sat 09 May 2026 20:22:27 INFO  Saving current: saved/STAMP_30music__days[125-65]_pcount[25]_ptime[60-1000000]_length[2-100]_recent[100]/STAMP-May-09-2026_20-10-27.pth
Sat 09 May 2026 20:26:38 INFO  epoch 3 training [time: 251.13s, train loss: 6646.2983]
Sat 09 May 2026 20:26:52 INFO  epoch 3 evaluating [time: 14.17s, valid_score: 0.064600]
Sat 09 May 2026 20:26:52 INFO  valid result: 
recall@5 : 0.0925
recall@10 : 0.1186
recall@15 : 0.1368
recall@20 : 0.1499
precision@5 : 0.0185
precision@10 : 0.0119
precision@15 : 0.0091
precision@20 : 0.0075
mrr@5 : 0.0611
mrr@10 : 0.0646
mrr@15 : 0.066
mrr@20 : 0.0667
map@5 : 0.0611
map@10 : 0.0646
map@15 : 0.066
map@20 : 0.0667
hit@5 : 0.0925
hit@10 : 0.1186
hit@15 : 0.1368
hit@20 : 0.1499
ndcg@5 : 0.0689
ndcg@10 : 0.0773
ndcg@15 : 0.0821
ndcg@20 : 0.0852
averagepopularity@5 : 186.0467
averagepopularity@10 : 173.6651
averagepopularity@15 : 165.5888
averagepopularity@20 : 160.0506
itemcoverage@5 : 0.0448
itemcoverage@10 : 0.0631
itemcoverage@15 : 0.0777
itemcoverage@20 : 0.0894
giniindex@5 : 0.9892
giniindex@10 : 0.9849
giniindex@15 : 0.9816
giniindex@20 : 0.9789
Sat 09 May 2026 20:26:53 INFO  Saving current: saved/STAMP_30music__days[125-65]_pcount[25]_ptime[60-1000000]_length[2-100]_recent[100]/STAMP-May-09-2026_20-10-27.pth
Sat 09 May 2026 20:31:06 INFO  epoch 4 training [time: 253.81s, train loss: 6198.9782]
Sat 09 May 2026 20:31:22 INFO  epoch 4 evaluating [time: 15.73s, valid_score: 0.104800]
Sat 09 May 2026 20:31:22 INFO  valid result: 
recall@5 : 0.143
recall@10 : 0.1757
recall@15 : 0.1969
recall@20 : 0.2127
precision@5 : 0.0286
precision@10 : 0.0176
precision@15 : 0.0131
precision@20 : 0.0106
mrr@5 : 0.1005
mrr@10 : 0.1048
mrr@15 : 0.1065
mrr@20 : 0.1074
map@5 : 0.1005
map@10 : 0.1048
map@15 : 0.1065
map@20 : 0.1074
hit@5 : 0.143
hit@10 : 0.1757
hit@15 : 0.1969
hit@20 : 0.2127
ndcg@5 : 0.1111
ndcg@10 : 0.1216
ndcg@15 : 0.1272
ndcg@20 : 0.131
averagepopularity@5 : 150.1653
averagepopularity@10 : 142.6308
averagepopularity@15 : 137.7161
averagepopularity@20 : 133.7924
itemcoverage@5 : 0.0876
itemcoverage@10 : 0.1164
itemcoverage@15 : 0.1366
itemcoverage@20 : 0.1529
giniindex@5 : 0.9775
giniindex@10 : 0.9706
giniindex@15 : 0.9655
giniindex@20 : 0.9615
Sat 09 May 2026 20:31:23 INFO  Saving current: saved/STAMP_30music__days[125-65]_pcount[25]_ptime[60-1000000]_length[2-100]_recent[100]/STAMP-May-09-2026_20-10-27.pth
Sat 09 May 2026 20:35:49 INFO  epoch 5 training [time: 266.38s, train loss: 5828.2502]
Sat 09 May 2026 20:36:05 INFO  epoch 5 evaluating [time: 16.34s, valid_score: 0.141100]
Sat 09 May 2026 20:36:05 INFO  valid result: 
recall@5 : 0.1885
recall@10 : 0.2268
recall@15 : 0.2487
recall@20 : 0.2643
precision@5 : 0.0377
precision@10 : 0.0227
precision@15 : 0.0166
precision@20 : 0.0132
mrr@5 : 0.136
mrr@10 : 0.1411
mrr@15 : 0.1428
mrr@20 : 0.1437
map@5 : 0.136
map@10 : 0.1411
map@15 : 0.1428
map@20 : 0.1437
hit@5 : 0.1885
hit@10 : 0.2268
hit@15 : 0.2487
hit@20 : 0.2643
ndcg@5 : 0.1491
ndcg@10 : 0.1615
ndcg@15 : 0.1673
ndcg@20 : 0.1709
averagepopularity@5 : 133.0625
averagepopularity@10 : 126.497
averagepopularity@15 : 122.3736
averagepopularity@20 : 119.1711
itemcoverage@5 : 0.1396
itemcoverage@10 : 0.1771
itemcoverage@15 : 0.2025
itemcoverage@20 : 0.2217
giniindex@5 : 0.9618
giniindex@10 : 0.9526
giniindex@15 : 0.9462
giniindex@20 : 0.9413
Sat 09 May 2026 20:36:06 INFO  Saving current: saved/STAMP_30music__days[125-65]_pcount[25]_ptime[60-1000000]_length[2-100]_recent[100]/STAMP-May-09-2026_20-10-27.pth
Sat 09 May 2026 20:40:24 INFO  epoch 6 training [time: 258.39s, train loss: 5522.4819]
Sat 09 May 2026 20:40:40 INFO  epoch 6 evaluating [time: 15.42s, valid_score: 0.172500]
Sat 09 May 2026 20:40:40 INFO  valid result: 
recall@5 : 0.2265
recall@10 : 0.2655
recall@15 : 0.2873
recall@20 : 0.3028
precision@5 : 0.0453
precision@10 : 0.0266
precision@15 : 0.0192
precision@20 : 0.0151
mrr@5 : 0.1674
mrr@10 : 0.1725
mrr@15 : 0.1743
mrr@20 : 0.1751
map@5 : 0.1674
map@10 : 0.1725
map@15 : 0.1743
map@20 : 0.1751
hit@5 : 0.2265
hit@10 : 0.2655
hit@15 : 0.2873
hit@20 : 0.3028
ndcg@5 : 0.1821
ndcg@10 : 0.1947
ndcg@15 : 0.2005
ndcg@20 : 0.2042
averagepopularity@5 : 120.8385
averagepopularity@10 : 115.7207
averagepopularity@15 : 112.6996
averagepopularity@20 : 110.1758
itemcoverage@5 : 0.1931
itemcoverage@10 : 0.2387
itemcoverage@15 : 0.2673
itemcoverage@20 : 0.2893
giniindex@5 : 0.944
giniindex@10 : 0.9331
giniindex@15 : 0.9259
giniindex@20 : 0.9204
Sat 09 May 2026 20:40:40 INFO  Saving current: saved/STAMP_30music__days[125-65]_pcount[25]_ptime[60-1000000]_length[2-100]_recent[100]/STAMP-May-09-2026_20-10-27.pth
Sat 09 May 2026 20:44:44 INFO  epoch 7 training [time: 243.28s, train loss: 5268.9148]
Sat 09 May 2026 20:44:59 INFO  epoch 7 evaluating [time: 15.60s, valid_score: 0.198900]
Sat 09 May 2026 20:44:59 INFO  valid result: 
recall@5 : 0.2564
recall@10 : 0.2958
recall@15 : 0.317
recall@20 : 0.3314
precision@5 : 0.0513
precision@10 : 0.0296
precision@15 : 0.0211
precision@20 : 0.0166
mrr@5 : 0.1936
mrr@10 : 0.1989
mrr@15 : 0.2005
mrr@20 : 0.2013
map@5 : 0.1936
map@10 : 0.1989
map@15 : 0.2005
map@20 : 0.2013
hit@5 : 0.2564
hit@10 : 0.2958
hit@15 : 0.317
hit@20 : 0.3314
ndcg@5 : 0.2093
ndcg@10 : 0.2221
ndcg@15 : 0.2277
ndcg@20 : 0.2311
averagepopularity@5 : 110.0087
averagepopularity@10 : 107.1364
averagepopularity@15 : 104.9504
averagepopularity@20 : 102.7083
itemcoverage@5 : 0.2474
itemcoverage@10 : 0.297
itemcoverage@15 : 0.3286
itemcoverage@20 : 0.3516
giniindex@5 : 0.9243
giniindex@10 : 0.9126
giniindex@15 : 0.905
giniindex@20 : 0.899
Sat 09 May 2026 20:45:00 INFO  Saving current: saved/STAMP_30music__days[125-65]_pcount[25]_ptime[60-1000000]_length[2-100]_recent[100]/STAMP-May-09-2026_20-10-27.pth
Sat 09 May 2026 20:49:15 INFO  epoch 8 training [time: 255.37s, train loss: 5055.8557]
Sat 09 May 2026 20:49:34 INFO  epoch 8 evaluating [time: 18.37s, valid_score: 0.220000]
Sat 09 May 2026 20:49:34 INFO  valid result: 
recall@5 : 0.2809
recall@10 : 0.3182
recall@15 : 0.3399
recall@20 : 0.3543
precision@5 : 0.0562
precision@10 : 0.0318
precision@15 : 0.0227
precision@20 : 0.0177
mrr@5 : 0.215
mrr@10 : 0.22
mrr@15 : 0.2217
mrr@20 : 0.2225
map@5 : 0.215
map@10 : 0.22
map@15 : 0.2217
map@20 : 0.2225
hit@5 : 0.2809
hit@10 : 0.3182
hit@15 : 0.3399
hit@20 : 0.3543
ndcg@5 : 0.2315
ndcg@10 : 0.2436
ndcg@15 : 0.2494
ndcg@20 : 0.2528
averagepopularity@5 : 106.7133
averagepopularity@10 : 103.7875
averagepopularity@15 : 101.322
averagepopularity@20 : 99.3288
itemcoverage@5 : 0.2977
itemcoverage@10 : 0.3501
itemcoverage@15 : 0.3825
itemcoverage@20 : 0.4063
giniindex@5 : 0.9061
giniindex@10 : 0.8939
giniindex@15 : 0.8857
giniindex@20 : 0.8795
Sat 09 May 2026 20:49:34 INFO  Saving current: saved/STAMP_30music__days[125-65]_pcount[25]_ptime[60-1000000]_length[2-100]_recent[100]/STAMP-May-09-2026_20-10-27.pth
Sat 09 May 2026 20:54:18 INFO  epoch 9 training [time: 283.90s, train loss: 4875.0939]
Sat 09 May 2026 20:54:36 INFO  epoch 9 evaluating [time: 18.09s, valid_score: 0.237900]
Sat 09 May 2026 20:54:36 INFO  valid result: 
recall@5 : 0.2997
recall@10 : 0.3377
recall@15 : 0.3586
recall@20 : 0.3729
precision@5 : 0.0599
precision@10 : 0.0338
precision@15 : 0.0239
precision@20 : 0.0186
mrr@5 : 0.2328
mrr@10 : 0.2379
mrr@15 : 0.2396
mrr@20 : 0.2404
map@5 : 0.2328
map@10 : 0.2379
map@15 : 0.2396
map@20 : 0.2404
hit@5 : 0.2997
hit@10 : 0.3377
hit@15 : 0.3586
hit@20 : 0.3729
ndcg@5 : 0.2496
ndcg@10 : 0.2619
ndcg@15 : 0.2674
ndcg@20 : 0.2708
averagepopularity@5 : 97.703
averagepopularity@10 : 96.7734
averagepopularity@15 : 95.3965
averagepopularity@20 : 93.94
itemcoverage@5 : 0.3421
itemcoverage@10 : 0.3987
itemcoverage@15 : 0.4315
itemcoverage@20 : 0.4555
giniindex@5 : 0.8879
giniindex@10 : 0.8757
giniindex@15 : 0.8677
giniindex@20 : 0.8613
Sat 09 May 2026 20:54:37 INFO  Saving current: saved/STAMP_30music__days[125-65]_pcount[25]_ptime[60-1000000]_length[2-100]_recent[100]/STAMP-May-09-2026_20-10-27.pth
Sat 09 May 2026 21:00:52 INFO  [Training]: train_batch_size = [2048] train_neg_sample_args: [{'distribution': 'none', 'sample_num': 'none', 'alpha': 'none', 'dynamic': False, 'candidate_num': 0}]
Sat 09 May 2026 21:00:52 INFO  [Evaluation]: eval_batch_size = [2048] eval_args: [{'split': {'RS': [8, 1, 1]}, 'order': 'TO', 'group_by': 'user', 'mode': {'valid': 'full', 'test': 'full'}}]
Sat 09 May 2026 21:00:54 INFO  Checkpoint loaded. Resume training from epoch 10
Sat 09 May 2026 21:04:03 INFO  epoch 10 training [time: 188.84s, train loss: 4719.1826]
Sat 09 May 2026 21:04:15 INFO  epoch 10 evaluating [time: 11.88s, valid_score: 0.251800]
Sat 09 May 2026 21:04:15 INFO  valid result: 
recall@5 : 0.3155
recall@10 : 0.3519
recall@15 : 0.3727
recall@20 : 0.386
precision@5 : 0.0631
precision@10 : 0.0352
precision@15 : 0.0248
precision@20 : 0.0193
mrr@5 : 0.2469
mrr@10 : 0.2518
mrr@15 : 0.2534
mrr@20 : 0.2542
map@5 : 0.2469
map@10 : 0.2518
map@15 : 0.2534
map@20 : 0.2542
hit@5 : 0.3155
hit@10 : 0.3519
hit@15 : 0.3727
hit@20 : 0.386
ndcg@5 : 0.2641
ndcg@10 : 0.2759
ndcg@15 : 0.2814
ndcg@20 : 0.2846
averagepopularity@5 : 94.3945
averagepopularity@10 : 93.6357
averagepopularity@15 : 92.4599
averagepopularity@20 : 91.0807
itemcoverage@5 : 0.3839
itemcoverage@10 : 0.4404
itemcoverage@15 : 0.4745
itemcoverage@20 : 0.4991
giniindex@5 : 0.8709
giniindex@10 : 0.8592
giniindex@15 : 0.851
giniindex@20 : 0.8446
Sat 09 May 2026 21:04:16 INFO  Saving current: saved/STAMP_30music__days[125-65]_pcount[25]_ptime[60-1000000]_length[2-100]_recent[100]/STAMP-May-09-2026_20-10-27.pth
Sat 09 May 2026 21:07:20 INFO  epoch 11 training [time: 184.02s, train loss: 4584.0003]
Sat 09 May 2026 21:07:31 INFO  epoch 11 evaluating [time: 11.55s, valid_score: 0.263500]
Sat 09 May 2026 21:07:31 INFO  valid result: 
recall@5 : 0.3279
recall@10 : 0.3639
recall@15 : 0.3838
recall@20 : 0.3977
precision@5 : 0.0656
precision@10 : 0.0364
precision@15 : 0.0256
precision@20 : 0.0199
mrr@5 : 0.2587
mrr@10 : 0.2635
mrr@15 : 0.2651
mrr@20 : 0.2659
map@5 : 0.2587
map@10 : 0.2635
map@15 : 0.2651
map@20 : 0.2659
hit@5 : 0.3279
hit@10 : 0.3639
hit@15 : 0.3838
hit@20 : 0.3977
ndcg@5 : 0.2761
ndcg@10 : 0.2877
ndcg@15 : 0.293
ndcg@20 : 0.2963
averagepopularity@5 : 92.7139
averagepopularity@10 : 92.5254
averagepopularity@15 : 91.4617
averagepopularity@20 : 90.2107
itemcoverage@5 : 0.422
itemcoverage@10 : 0.4817
itemcoverage@15 : 0.515
itemcoverage@20 : 0.5389
giniindex@5 : 0.8561
giniindex@10 : 0.8442
giniindex@15 : 0.8364
giniindex@20 : 0.8301
Sat 09 May 2026 21:07:32 INFO  Saving current: saved/STAMP_30music__days[125-65]_pcount[25]_ptime[60-1000000]_length[2-100]_recent[100]/STAMP-May-09-2026_20-10-27.pth
Sat 09 May 2026 21:10:38 INFO  epoch 12 training [time: 185.94s, train loss: 4465.4149]
Sat 09 May 2026 21:10:49 INFO  epoch 12 evaluating [time: 11.55s, valid_score: 0.273100]
Sat 09 May 2026 21:10:49 INFO  valid result: 
recall@5 : 0.3382
recall@10 : 0.3738
recall@15 : 0.3932
recall@20 : 0.407
precision@5 : 0.0676
precision@10 : 0.0374
precision@15 : 0.0262
precision@20 : 0.0204
mrr@5 : 0.2683
mrr@10 : 0.2731
mrr@15 : 0.2746
mrr@20 : 0.2754
map@5 : 0.2683
map@10 : 0.2731
map@15 : 0.2746
map@20 : 0.2754
hit@5 : 0.3382
hit@10 : 0.3738
hit@15 : 0.3932
hit@20 : 0.407
ndcg@5 : 0.2859
ndcg@10 : 0.2974
ndcg@15 : 0.3025
ndcg@20 : 0.3058
averagepopularity@5 : 90.366
averagepopularity@10 : 90.6399
averagepopularity@15 : 89.89
averagepopularity@20 : 88.6948
itemcoverage@5 : 0.4558
itemcoverage@10 : 0.5161
itemcoverage@15 : 0.5504
itemcoverage@20 : 0.5759
giniindex@5 : 0.8424
giniindex@10 : 0.8311
giniindex@15 : 0.8231
giniindex@20 : 0.8165
Sat 09 May 2026 21:10:50 INFO  Saving current: saved/STAMP_30music__days[125-65]_pcount[25]_ptime[60-1000000]_length[2-100]_recent[100]/STAMP-May-09-2026_20-10-27.pth
Sat 09 May 2026 21:13:53 INFO  epoch 13 training [time: 183.37s, train loss: 4362.2887]
Sat 09 May 2026 21:14:05 INFO  epoch 13 evaluating [time: 11.57s, valid_score: 0.280600]
Sat 09 May 2026 21:14:05 INFO  valid result: 
recall@5 : 0.3463
recall@10 : 0.3821
recall@15 : 0.4015
recall@20 : 0.4145
precision@5 : 0.0693
precision@10 : 0.0382
precision@15 : 0.0268
precision@20 : 0.0207
mrr@5 : 0.2758
mrr@10 : 0.2806
mrr@15 : 0.2821
mrr@20 : 0.2829
map@5 : 0.2758
map@10 : 0.2806
map@15 : 0.2821
map@20 : 0.2829
hit@5 : 0.3463
hit@10 : 0.3821
hit@15 : 0.4015
hit@20 : 0.4145
ndcg@5 : 0.2936
ndcg@10 : 0.3052
ndcg@15 : 0.3103
ndcg@20 : 0.3134
averagepopularity@5 : 87.1229
averagepopularity@10 : 87.7473
averagepopularity@15 : 87.2526
averagepopularity@20 : 86.2779
itemcoverage@5 : 0.4865
itemcoverage@10 : 0.5489
itemcoverage@15 : 0.5847
itemcoverage@20 : 0.6098
giniindex@5 : 0.8299
giniindex@10 : 0.8192
giniindex@15 : 0.8113
giniindex@20 : 0.8051
Sat 09 May 2026 21:14:05 INFO  Saving current: saved/STAMP_30music__days[125-65]_pcount[25]_ptime[60-1000000]_length[2-100]_recent[100]/STAMP-May-09-2026_20-10-27.pth
Sat 09 May 2026 21:17:09 INFO  epoch 14 training [time: 184.24s, train loss: 4269.2026]
Sat 09 May 2026 21:17:21 INFO  epoch 14 evaluating [time: 11.54s, valid_score: 0.287700]
Sat 09 May 2026 21:17:21 INFO  valid result: 
recall@5 : 0.3536
recall@10 : 0.3889
recall@15 : 0.4076
recall@20 : 0.4203
precision@5 : 0.0707
precision@10 : 0.0389
precision@15 : 0.0272
precision@20 : 0.021
mrr@5 : 0.2829
mrr@10 : 0.2877
mrr@15 : 0.2892
mrr@20 : 0.2899
map@5 : 0.2829
map@10 : 0.2877
map@15 : 0.2892
map@20 : 0.2899
hit@5 : 0.3536
hit@10 : 0.3889
hit@15 : 0.4076
hit@20 : 0.4203
ndcg@5 : 0.3007
ndcg@10 : 0.3122
ndcg@15 : 0.3171
ndcg@20 : 0.3201
averagepopularity@5 : 84.9153
averagepopularity@10 : 86.4536
averagepopularity@15 : 85.835
averagepopularity@20 : 85.0535
itemcoverage@5 : 0.5149
itemcoverage@10 : 0.58
itemcoverage@15 : 0.6162
itemcoverage@20 : 0.6412
giniindex@5 : 0.8182
giniindex@10 : 0.8078
giniindex@15 : 0.8001
giniindex@20 : 0.7938
Sat 09 May 2026 21:17:21 INFO  Saving current: saved/STAMP_30music__days[125-65]_pcount[25]_ptime[60-1000000]_length[2-100]_recent[100]/STAMP-May-09-2026_20-10-27.pth
Sat 09 May 2026 21:20:26 INFO  epoch 15 training [time: 184.83s, train loss: 4186.0658]
Sat 09 May 2026 21:20:38 INFO  epoch 15 evaluating [time: 11.55s, valid_score: 0.292900]
Sat 09 May 2026 21:20:38 INFO  valid result: 
recall@5 : 0.3602
recall@10 : 0.3948
recall@15 : 0.4136
recall@20 : 0.4259
precision@5 : 0.072
precision@10 : 0.0395
precision@15 : 0.0276
precision@20 : 0.0213
mrr@5 : 0.2883
mrr@10 : 0.2929
mrr@15 : 0.2944
mrr@20 : 0.2951
map@5 : 0.2883
map@10 : 0.2929
map@15 : 0.2944
map@20 : 0.2951
hit@5 : 0.3602
hit@10 : 0.3948
hit@15 : 0.4136
hit@20 : 0.4259
ndcg@5 : 0.3064
ndcg@10 : 0.3176
ndcg@15 : 0.3226
ndcg@20 : 0.3255
averagepopularity@5 : 84.5723
averagepopularity@10 : 85.8075
averagepopularity@15 : 85.3264
averagepopularity@20 : 84.398
itemcoverage@5 : 0.5411
itemcoverage@10 : 0.6084
itemcoverage@15 : 0.6449
itemcoverage@20 : 0.671
giniindex@5 : 0.8076
giniindex@10 : 0.7975
giniindex@15 : 0.7899
giniindex@20 : 0.7838
Sat 09 May 2026 21:20:38 INFO  Saving current: saved/STAMP_30music__days[125-65]_pcount[25]_ptime[60-1000000]_length[2-100]_recent[100]/STAMP-May-09-2026_20-10-27.pth
Sat 09 May 2026 21:23:42 INFO  epoch 16 training [time: 184.49s, train loss: 4111.1396]
Sat 09 May 2026 21:23:54 INFO  epoch 16 evaluating [time: 11.67s, valid_score: 0.298100]
Sat 09 May 2026 21:23:54 INFO  valid result: 
recall@5 : 0.3652
recall@10 : 0.3999
recall@15 : 0.4181
recall@20 : 0.4304
precision@5 : 0.073
precision@10 : 0.04
precision@15 : 0.0279
precision@20 : 0.0215
mrr@5 : 0.2935
mrr@10 : 0.2981
mrr@15 : 0.2996
mrr@20 : 0.3003
map@5 : 0.2935
map@10 : 0.2981
map@15 : 0.2996
map@20 : 0.3003
hit@5 : 0.3652
hit@10 : 0.3999
hit@15 : 0.4181
hit@20 : 0.4304
ndcg@5 : 0.3115
ndcg@10 : 0.3228
ndcg@15 : 0.3276
ndcg@20 : 0.3305
averagepopularity@5 : 83.9474
averagepopularity@10 : 85.2164
averagepopularity@15 : 84.8577
averagepopularity@20 : 83.8134
itemcoverage@5 : 0.5655
itemcoverage@10 : 0.6346
itemcoverage@15 : 0.6715
itemcoverage@20 : 0.6977
giniindex@5 : 0.798
giniindex@10 : 0.7886
giniindex@15 : 0.7811
giniindex@20 : 0.7747
Sat 09 May 2026 21:23:55 INFO  Saving current: saved/STAMP_30music__days[125-65]_pcount[25]_ptime[60-1000000]_length[2-100]_recent[100]/STAMP-May-09-2026_20-10-27.pth
Sat 09 May 2026 21:26:59 INFO  epoch 17 training [time: 184.90s, train loss: 4044.0316]
Sat 09 May 2026 21:27:11 INFO  epoch 17 evaluating [time: 11.68s, valid_score: 0.302200]
Sat 09 May 2026 21:27:11 INFO  valid result: 
recall@5 : 0.37
recall@10 : 0.4039
recall@15 : 0.422
recall@20 : 0.4339
precision@5 : 0.074
precision@10 : 0.0404
precision@15 : 0.0281
precision@20 : 0.0217
mrr@5 : 0.2977
mrr@10 : 0.3022
mrr@15 : 0.3037
mrr@20 : 0.3043
map@5 : 0.2977
map@10 : 0.3022
map@15 : 0.3037
map@20 : 0.3043
hit@5 : 0.37
hit@10 : 0.4039
hit@15 : 0.422
hit@20 : 0.4339
ndcg@5 : 0.3159
ndcg@10 : 0.3269
ndcg@15 : 0.3317
ndcg@20 : 0.3345
averagepopularity@5 : 82.048
averagepopularity@10 : 83.5273
averagepopularity@15 : 83.4898
averagepopularity@20 : 82.7593
itemcoverage@5 : 0.5885
itemcoverage@10 : 0.6592
itemcoverage@15 : 0.6969
itemcoverage@20 : 0.7227
giniindex@5 : 0.789
giniindex@10 : 0.7799
giniindex@15 : 0.7726
giniindex@20 : 0.7662
Sat 09 May 2026 21:27:12 INFO  Saving current: saved/STAMP_30music__days[125-65]_pcount[25]_ptime[60-1000000]_length[2-100]_recent[100]/STAMP-May-09-2026_20-10-27.pth
Sat 09 May 2026 21:30:15 INFO  epoch 18 training [time: 183.30s, train loss: 3982.0062]
Sat 09 May 2026 21:30:26 INFO  epoch 18 evaluating [time: 11.65s, valid_score: 0.305300]
Sat 09 May 2026 21:30:26 INFO  valid result: 
recall@5 : 0.3731
recall@10 : 0.4072
recall@15 : 0.425
recall@20 : 0.4366
precision@5 : 0.0746
precision@10 : 0.0407
precision@15 : 0.0283
precision@20 : 0.0218
mrr@5 : 0.3007
mrr@10 : 0.3053
mrr@15 : 0.3067
mrr@20 : 0.3074
map@5 : 0.3007
map@10 : 0.3053
map@15 : 0.3067
map@20 : 0.3074
hit@5 : 0.3731
hit@10 : 0.4072
hit@15 : 0.425
hit@20 : 0.4366
ndcg@5 : 0.319
ndcg@10 : 0.33
ndcg@15 : 0.3347
ndcg@20 : 0.3375
averagepopularity@5 : 82.7707
averagepopularity@10 : 84.472
averagepopularity@15 : 83.8792
averagepopularity@20 : 83.1268
itemcoverage@5 : 0.6086
itemcoverage@10 : 0.6807
itemcoverage@15 : 0.7197
itemcoverage@20 : 0.7455
giniindex@5 : 0.7812
giniindex@10 : 0.7725
giniindex@15 : 0.7653
giniindex@20 : 0.7589
Sat 09 May 2026 21:30:27 INFO  Saving current: saved/STAMP_30music__days[125-65]_pcount[25]_ptime[60-1000000]_length[2-100]_recent[100]/STAMP-May-09-2026_20-10-27.pth
Sat 09 May 2026 21:33:31 INFO  epoch 19 training [time: 183.95s, train loss: 3929.3707]
Sat 09 May 2026 21:33:42 INFO  epoch 19 evaluating [time: 11.63s, valid_score: 0.308900]
Sat 09 May 2026 21:33:42 INFO  valid result: 
recall@5 : 0.3768
recall@10 : 0.4103
recall@15 : 0.4279
recall@20 : 0.4397
precision@5 : 0.0754
precision@10 : 0.041
precision@15 : 0.0285
precision@20 : 0.022
mrr@5 : 0.3043
mrr@10 : 0.3089
mrr@15 : 0.3102
mrr@20 : 0.3109
map@5 : 0.3043
map@10 : 0.3089
map@15 : 0.3102
map@20 : 0.3109
hit@5 : 0.3768
hit@10 : 0.4103
hit@15 : 0.4279
hit@20 : 0.4397
ndcg@5 : 0.3226
ndcg@10 : 0.3335
ndcg@15 : 0.3381
ndcg@20 : 0.3409
averagepopularity@5 : 79.5069
averagepopularity@10 : 81.6208
averagepopularity@15 : 81.9064
averagepopularity@20 : 80.9859
itemcoverage@5 : 0.6289
itemcoverage@10 : 0.7014
itemcoverage@15 : 0.7398
itemcoverage@20 : 0.7664
giniindex@5 : 0.7736
giniindex@10 : 0.7654
giniindex@15 : 0.7584
giniindex@20 : 0.7519
Sat 09 May 2026 21:33:43 INFO  Saving current: saved/STAMP_30music__days[125-65]_pcount[25]_ptime[60-1000000]_length[2-100]_recent[100]/STAMP-May-09-2026_20-10-27.pth
Sat 09 May 2026 21:33:43 INFO  Loading model structure and parameters from saved/STAMP_30music__days[125-65]_pcount[25]_ptime[60-1000000]_length[2-100]_recent[100]/STAMP-May-09-2026_20-10-27.pth
