Sun 10 May 2026 18:40:43 INFO  
General Hyper Parameters:
gpu_id = 0
use_gpu = True
seed = 2020
state = INFO
reproducibility = True
data_path = dataset/30music__days[245-185]_pcount[25]_ptime[60-1000000]_length[2-100]_recent[100]
checkpoint_dir = saved/STAMP_30music__days[245-185]_pcount[25]_ptime[60-1000000]_length[2-100]_recent[100]
show_progress = True
save_dataset = False
dataset_save_path = None
save_dataloaders = False
dataloaders_save_path = None
log_wandb = False

Training Hyper Parameters:
epochs = 20
train_batch_size = 2048
learner = adam
learning_rate = 0.001
train_neg_sample_args = {'distribution': 'none', 'sample_num': 'none', 'alpha': 'none', 'dynamic': False, 'candidate_num': 0}
eval_step = 1
stopping_step = 3
clip_grad_norm = None
weight_decay = 0.0
loss_decimal_place = 4

Evaluation Hyper Parameters:
eval_args = {'split': {'RS': [8, 1, 1]}, 'order': 'TO', 'group_by': 'user', 'mode': {'valid': 'full', 'test': 'full'}}
repeatable = True
metrics = ['Recall', 'Precision', 'MRR', 'MAP', 'Hit', 'NDCG', 'AveragePopularity', 'ItemCoverage', 'GiniIndex']
topk = [5, 10, 15, 20]
valid_metric = MRR@10
valid_metric_bigger = True
eval_batch_size = 2048
metric_decimal_place = 4

Dataset Hyper Parameters:
gpu_id = 0
worker = 0
use_gpu = True
seed = 2020
state = INFO
reproducibility = True
data_path = dataset/30music__days[245-185]_pcount[25]_ptime[60-1000000]_length[2-100]_recent[100]
checkpoint_dir = saved/STAMP_30music__days[245-185]_pcount[25]_ptime[60-1000000]_length[2-100]_recent[100]
show_progress = True
save_dataset = False
dataset_save_path = None
save_dataloaders = False
dataloaders_save_path = None
log_wandb = False
wandb_project = recbole
shuffle = True
epochs = 20
train_batch_size = 2048
learner = adam
learning_rate = 0.001
train_neg_sample_args = {'distribution': 'none', 'sample_num': 'none', 'alpha': 'none', 'dynamic': False, 'candidate_num': 0}
eval_step = 1
stopping_step = 3
clip_grad_norm = None
weight_decay = 0.0
loss_decimal_place = 4
require_pow = False
enable_amp = False
enable_scaler = False
transform = None
eval_args = {'split': {'RS': [8, 1, 1]}, 'order': 'TO', 'group_by': 'user', 'mode': {'valid': 'full', 'test': 'full'}}
repeatable = True
metrics = ['Recall', 'Precision', 'MRR', 'MAP', 'Hit', 'NDCG', 'AveragePopularity', 'ItemCoverage', 'GiniIndex']
topk = [5, 10, 15, 20]
valid_metric = MRR@10
valid_metric_bigger = True
eval_batch_size = 2048
metric_decimal_place = 4
field_separator = 	
seq_separator =  
USER_ID_FIELD = session_id
ITEM_ID_FIELD = item_id
RATING_FIELD = rating
TIME_FIELD = timestamp
seq_len = None
LABEL_FIELD = label
threshold = None
NEG_PREFIX = neg_
numerical_features = []
load_col = {'inter': ['session_id', 'item_id', 'timestamp']}
unload_col = None
unused_col = None
additional_feat_suffix = None
rm_dup_inter = None
val_interval = None
filter_inter_by_user_or_item = True
user_inter_num_interval = [0,inf)
item_inter_num_interval = [0,inf)
alias_of_user_id = None
alias_of_item_id = None
alias_of_entity_id = None
alias_of_relation_id = None
preload_weight = None
normalize_field = None
normalize_all = None
discretization = None
ITEM_LIST_LENGTH_FIELD = item_length
LIST_SUFFIX = _list
MAX_ITEM_LIST_LENGTH = 100
POSITION_FIELD = position_id
HEAD_ENTITY_ID_FIELD = head_id
TAIL_ENTITY_ID_FIELD = tail_id
RELATION_ID_FIELD = relation_id
ENTITY_ID_FIELD = entity_id
benchmark_filename = None

Other Hyper Parameters: 
embedding_size = 64
loss_type = CE
kg_reverse_r = False
entity_kg_num_interval = [0,inf)
relation_kg_num_interval = [0,inf)
MODEL_TYPE = ModelType.SEQUENTIAL
neg_sampling = None
MODEL_INPUT_TYPE = InputType.POINTWISE
eval_type = EvaluatorType.RANKING
single_spec = True
local_rank = 0
device = cuda
valid_neg_sample_args = {'distribution': 'uniform', 'sample_num': 'none'}
test_neg_sample_args = {'distribution': 'uniform', 'sample_num': 'none'}


Sun 10 May 2026 18:40:54 INFO  30music__days[245-185]_pcount[25]_ptime[60-1000000]_length[2-100]_recent[100]
The number of users: 202927
Average actions of users: 9.951238382464544
The number of items: 121356
Average actions of items: 16.64014667710436
The number of inters: 2019365
The sparsity of the dataset: 99.99180000218864%
Remain Fields: ['session_id', 'item_id', 'timestamp']
Sun 10 May 2026 18:41:22 INFO  [Training]: train_batch_size = [2048] train_neg_sample_args: [{'distribution': 'none', 'sample_num': 'none', 'alpha': 'none', 'dynamic': False, 'candidate_num': 0}]
Sun 10 May 2026 18:41:22 INFO  [Evaluation]: eval_batch_size = [2048] eval_args: [{'split': {'RS': [8, 1, 1]}, 'order': 'TO', 'group_by': 'user', 'mode': {'valid': 'full', 'test': 'full'}}]
Sun 10 May 2026 18:41:22 INFO  STAMP(
  (item_embedding): Embedding(121356, 64, padding_idx=0)
  (w1): Linear(in_features=64, out_features=64, bias=False)
  (w2): Linear(in_features=64, out_features=64, bias=False)
  (w3): Linear(in_features=64, out_features=64, bias=False)
  (w0): Linear(in_features=64, out_features=1, bias=False)
  (mlp_a): Linear(in_features=64, out_features=64, bias=True)
  (mlp_b): Linear(in_features=64, out_features=64, bias=True)
  (sigmoid): Sigmoid()
  (tanh): Tanh()
  (loss_fct): CrossEntropyLoss()
)
Trainable parameters: 7787520
Sun 10 May 2026 18:44:17 INFO  epoch 0 training [time: 174.73s, train loss: 7474.9904]
Sun 10 May 2026 18:44:27 INFO  epoch 0 evaluating [time: 9.99s, valid_score: 0.002300]
Sun 10 May 2026 18:44:27 INFO  valid result: 
recall@5 : 0.0043
recall@10 : 0.007
recall@15 : 0.0101
recall@20 : 0.0123
precision@5 : 0.0009
precision@10 : 0.0007
precision@15 : 0.0007
precision@20 : 0.0006
mrr@5 : 0.002
mrr@10 : 0.0023
mrr@15 : 0.0025
mrr@20 : 0.0027
map@5 : 0.002
map@10 : 0.0023
map@15 : 0.0025
map@20 : 0.0027
hit@5 : 0.0043
hit@10 : 0.007
hit@15 : 0.0101
hit@20 : 0.0123
ndcg@5 : 0.0025
ndcg@10 : 0.0034
ndcg@15 : 0.0042
ndcg@20 : 0.0047
averagepopularity@5 : 733.8023
averagepopularity@10 : 613.2297
averagepopularity@15 : 547.327
averagepopularity@20 : 503.1807
itemcoverage@5 : 0.0012
itemcoverage@10 : 0.0019
itemcoverage@15 : 0.0027
itemcoverage@20 : 0.0033
giniindex@5 : 0.9998
giniindex@10 : 0.9996
giniindex@15 : 0.9994
giniindex@20 : 0.9993
Sun 10 May 2026 18:44:28 INFO  Saving current: saved/STAMP_30music__days[245-185]_pcount[25]_ptime[60-1000000]_length[2-100]_recent[100]/STAMP-May-10-2026_18-41-22.pth
Sun 10 May 2026 18:47:24 INFO  epoch 1 training [time: 175.94s, train loss: 7051.4088]
Sun 10 May 2026 18:47:34 INFO  epoch 1 evaluating [time: 10.11s, valid_score: 0.007300]
Sun 10 May 2026 18:47:34 INFO  valid result: 
recall@5 : 0.0115
recall@10 : 0.019
recall@15 : 0.0264
recall@20 : 0.031
precision@5 : 0.0023
precision@10 : 0.0019
precision@15 : 0.0018
precision@20 : 0.0016
mrr@5 : 0.0063
mrr@10 : 0.0073
mrr@15 : 0.0079
mrr@20 : 0.0081
map@5 : 0.0063
map@10 : 0.0073
map@15 : 0.0079
map@20 : 0.0081
hit@5 : 0.0115
hit@10 : 0.019
hit@15 : 0.0264
hit@20 : 0.031
ndcg@5 : 0.0076
ndcg@10 : 0.01
ndcg@15 : 0.0119
ndcg@20 : 0.013
averagepopularity@5 : 361.2131
averagepopularity@10 : 327.5877
averagepopularity@15 : 302.0437
averagepopularity@20 : 283.7447
itemcoverage@5 : 0.0046
itemcoverage@10 : 0.0073
itemcoverage@15 : 0.0096
itemcoverage@20 : 0.0118
giniindex@5 : 0.999
giniindex@10 : 0.9983
giniindex@15 : 0.9977
giniindex@20 : 0.9972
Sun 10 May 2026 18:47:34 INFO  Saving current: saved/STAMP_30music__days[245-185]_pcount[25]_ptime[60-1000000]_length[2-100]_recent[100]/STAMP-May-10-2026_18-41-22.pth
Sun 10 May 2026 18:50:29 INFO  epoch 2 training [time: 174.89s, train loss: 6713.1692]
Sun 10 May 2026 18:50:39 INFO  epoch 2 evaluating [time: 10.10s, valid_score: 0.020900]
Sun 10 May 2026 18:50:39 INFO  valid result: 
recall@5 : 0.0332
recall@10 : 0.0487
recall@15 : 0.0599
recall@20 : 0.0687
precision@5 : 0.0066
precision@10 : 0.0049
precision@15 : 0.004
precision@20 : 0.0034
mrr@5 : 0.0188
mrr@10 : 0.0209
mrr@15 : 0.0218
mrr@20 : 0.0223
map@5 : 0.0188
map@10 : 0.0209
map@15 : 0.0218
map@20 : 0.0223
hit@5 : 0.0332
hit@10 : 0.0487
hit@15 : 0.0599
hit@20 : 0.0687
ndcg@5 : 0.0224
ndcg@10 : 0.0274
ndcg@15 : 0.0304
ndcg@20 : 0.0324
averagepopularity@5 : 250.3943
averagepopularity@10 : 227.0013
averagepopularity@15 : 212.176
averagepopularity@20 : 201.2787
itemcoverage@5 : 0.0164
itemcoverage@10 : 0.0247
itemcoverage@15 : 0.0315
itemcoverage@20 : 0.0375
giniindex@5 : 0.9966
giniindex@10 : 0.9948
giniindex@15 : 0.9933
giniindex@20 : 0.9919
Sun 10 May 2026 18:50:40 INFO  Saving current: saved/STAMP_30music__days[245-185]_pcount[25]_ptime[60-1000000]_length[2-100]_recent[100]/STAMP-May-10-2026_18-41-22.pth
Sun 10 May 2026 18:53:35 INFO  epoch 3 training [time: 174.99s, train loss: 6319.7573]
Sun 10 May 2026 18:53:45 INFO  epoch 3 evaluating [time: 10.37s, valid_score: 0.050800]
Sun 10 May 2026 18:53:45 INFO  valid result: 
recall@5 : 0.0762
recall@10 : 0.1017
recall@15 : 0.1198
recall@20 : 0.1323
precision@5 : 0.0152
precision@10 : 0.0102
precision@15 : 0.008
precision@20 : 0.0066
mrr@5 : 0.0474
mrr@10 : 0.0508
mrr@15 : 0.0522
mrr@20 : 0.0529
map@5 : 0.0474
map@10 : 0.0508
map@15 : 0.0522
map@20 : 0.0529
hit@5 : 0.0762
hit@10 : 0.1017
hit@15 : 0.1198
hit@20 : 0.1323
ndcg@5 : 0.0546
ndcg@10 : 0.0628
ndcg@15 : 0.0676
ndcg@20 : 0.0705
averagepopularity@5 : 198.8807
averagepopularity@10 : 183.039
averagepopularity@15 : 172.6337
averagepopularity@20 : 165.2376
itemcoverage@5 : 0.0412
itemcoverage@10 : 0.0576
itemcoverage@15 : 0.0709
itemcoverage@20 : 0.0819
giniindex@5 : 0.9904
giniindex@10 : 0.9865
giniindex@15 : 0.9835
giniindex@20 : 0.981
Sun 10 May 2026 18:53:45 INFO  Saving current: saved/STAMP_30music__days[245-185]_pcount[25]_ptime[60-1000000]_length[2-100]_recent[100]/STAMP-May-10-2026_18-41-22.pth
Sun 10 May 2026 18:56:41 INFO  epoch 4 training [time: 175.53s, train loss: 5907.4927]
Sun 10 May 2026 18:56:51 INFO  epoch 4 evaluating [time: 10.45s, valid_score: 0.091100]
Sun 10 May 2026 18:56:51 INFO  valid result: 
recall@5 : 0.1285
recall@10 : 0.1609
recall@15 : 0.1818
recall@20 : 0.1967
precision@5 : 0.0257
precision@10 : 0.0161
precision@15 : 0.0121
precision@20 : 0.0098
mrr@5 : 0.0868
mrr@10 : 0.0911
mrr@15 : 0.0927
mrr@20 : 0.0935
map@5 : 0.0868
map@10 : 0.0911
map@15 : 0.0927
map@20 : 0.0935
hit@5 : 0.1285
hit@10 : 0.1609
hit@15 : 0.1818
hit@20 : 0.1967
ndcg@5 : 0.0971
ndcg@10 : 0.1076
ndcg@15 : 0.1131
ndcg@20 : 0.1166
averagepopularity@5 : 162.891
averagepopularity@10 : 151.8697
averagepopularity@15 : 144.8503
averagepopularity@20 : 138.9999
itemcoverage@5 : 0.0818
itemcoverage@10 : 0.1091
itemcoverage@15 : 0.1293
itemcoverage@20 : 0.1447
giniindex@5 : 0.9799
giniindex@10 : 0.9732
giniindex@15 : 0.9685
giniindex@20 : 0.9646
Sun 10 May 2026 18:56:52 INFO  Saving current: saved/STAMP_30music__days[245-185]_pcount[25]_ptime[60-1000000]_length[2-100]_recent[100]/STAMP-May-10-2026_18-41-22.pth
Sun 10 May 2026 18:59:47 INFO  epoch 5 training [time: 174.91s, train loss: 5548.3662]
Sun 10 May 2026 18:59:57 INFO  epoch 5 evaluating [time: 10.30s, valid_score: 0.129100]
Sun 10 May 2026 18:59:57 INFO  valid result: 
recall@5 : 0.1755
recall@10 : 0.2109
recall@15 : 0.2332
recall@20 : 0.2487
precision@5 : 0.0351
precision@10 : 0.0211
precision@15 : 0.0155
precision@20 : 0.0124
mrr@5 : 0.1244
mrr@10 : 0.1291
mrr@15 : 0.1308
mrr@20 : 0.1317
map@5 : 0.1244
map@10 : 0.1291
map@15 : 0.1308
map@20 : 0.1317
hit@5 : 0.1755
hit@10 : 0.2109
hit@15 : 0.2332
hit@20 : 0.2487
ndcg@5 : 0.1371
ndcg@10 : 0.1486
ndcg@15 : 0.1544
ndcg@20 : 0.1581
averagepopularity@5 : 140.0779
averagepopularity@10 : 131.7225
averagepopularity@15 : 126.3956
averagepopularity@20 : 121.8055
itemcoverage@5 : 0.132
itemcoverage@10 : 0.1689
itemcoverage@15 : 0.1937
itemcoverage@20 : 0.2133
giniindex@5 : 0.9645
giniindex@10 : 0.9555
giniindex@15 : 0.9491
giniindex@20 : 0.9441
Sun 10 May 2026 18:59:57 INFO  Saving current: saved/STAMP_30music__days[245-185]_pcount[25]_ptime[60-1000000]_length[2-100]_recent[100]/STAMP-May-10-2026_18-41-22.pth
Sun 10 May 2026 19:02:50 INFO  epoch 6 training [time: 172.21s, train loss: 5248.9571]
Sun 10 May 2026 19:03:00 INFO  epoch 6 evaluating [time: 10.46s, valid_score: 0.161300]
Sun 10 May 2026 19:03:00 INFO  valid result: 
recall@5 : 0.2138
recall@10 : 0.2507
recall@15 : 0.2733
recall@20 : 0.2893
precision@5 : 0.0428
precision@10 : 0.0251
precision@15 : 0.0182
precision@20 : 0.0145
mrr@5 : 0.1564
mrr@10 : 0.1613
mrr@15 : 0.1631
mrr@20 : 0.164
map@5 : 0.1564
map@10 : 0.1613
map@15 : 0.1631
map@20 : 0.164
hit@5 : 0.2138
hit@10 : 0.2507
hit@15 : 0.2733
hit@20 : 0.2893
ndcg@5 : 0.1707
ndcg@10 : 0.1827
ndcg@15 : 0.1887
ndcg@20 : 0.1924
averagepopularity@5 : 123.1298
averagepopularity@10 : 117.056
averagepopularity@15 : 113.3314
averagepopularity@20 : 109.6262
itemcoverage@5 : 0.1858
itemcoverage@10 : 0.2293
itemcoverage@15 : 0.2584
itemcoverage@20 : 0.2799
giniindex@5 : 0.9465
giniindex@10 : 0.9355
giniindex@15 : 0.9281
giniindex@20 : 0.9223
Sun 10 May 2026 19:03:01 INFO  Saving current: saved/STAMP_30music__days[245-185]_pcount[25]_ptime[60-1000000]_length[2-100]_recent[100]/STAMP-May-10-2026_18-41-22.pth
Sun 10 May 2026 19:05:54 INFO  epoch 7 training [time: 173.17s, train loss: 5001.4417]
Sun 10 May 2026 19:06:04 INFO  epoch 7 evaluating [time: 10.76s, valid_score: 0.189500]
Sun 10 May 2026 19:06:04 INFO  valid result: 
recall@5 : 0.2445
recall@10 : 0.283
recall@15 : 0.3056
recall@20 : 0.3204
precision@5 : 0.0489
precision@10 : 0.0283
precision@15 : 0.0204
precision@20 : 0.016
mrr@5 : 0.1843
mrr@10 : 0.1895
mrr@15 : 0.1913
mrr@20 : 0.1921
map@5 : 0.1843
map@10 : 0.1895
map@15 : 0.1913
map@20 : 0.1921
hit@5 : 0.2445
hit@10 : 0.283
hit@15 : 0.3056
hit@20 : 0.3204
ndcg@5 : 0.1994
ndcg@10 : 0.2118
ndcg@15 : 0.2178
ndcg@20 : 0.2213
averagepopularity@5 : 111.3561
averagepopularity@10 : 107.0677
averagepopularity@15 : 104.257
averagepopularity@20 : 101.3147
itemcoverage@5 : 0.2398
itemcoverage@10 : 0.2885
itemcoverage@15 : 0.319
itemcoverage@20 : 0.3416
giniindex@5 : 0.9271
giniindex@10 : 0.9149
giniindex@15 : 0.9067
giniindex@20 : 0.9005
Sun 10 May 2026 19:06:05 INFO  Saving current: saved/STAMP_30music__days[245-185]_pcount[25]_ptime[60-1000000]_length[2-100]_recent[100]/STAMP-May-10-2026_18-41-22.pth
Sun 10 May 2026 19:09:01 INFO  epoch 8 training [time: 175.74s, train loss: 4793.4600]
Sun 10 May 2026 19:09:11 INFO  epoch 8 evaluating [time: 10.87s, valid_score: 0.211400]
Sun 10 May 2026 19:09:11 INFO  valid result: 
recall@5 : 0.2702
recall@10 : 0.308
recall@15 : 0.3292
recall@20 : 0.3436
precision@5 : 0.054
precision@10 : 0.0308
precision@15 : 0.0219
precision@20 : 0.0172
mrr@5 : 0.2064
mrr@10 : 0.2114
mrr@15 : 0.2131
mrr@20 : 0.2139
map@5 : 0.2064
map@10 : 0.2114
map@15 : 0.2131
map@20 : 0.2139
hit@5 : 0.2702
hit@10 : 0.308
hit@15 : 0.3292
hit@20 : 0.3436
ndcg@5 : 0.2224
ndcg@10 : 0.2346
ndcg@15 : 0.2402
ndcg@20 : 0.2436
averagepopularity@5 : 103.9146
averagepopularity@10 : 100.7115
averagepopularity@15 : 98.4396
averagepopularity@20 : 95.7006
itemcoverage@5 : 0.2895
itemcoverage@10 : 0.3417
itemcoverage@15 : 0.3733
itemcoverage@20 : 0.3972
giniindex@5 : 0.9071
giniindex@10 : 0.8949
giniindex@15 : 0.8862
giniindex@20 : 0.8797
Sun 10 May 2026 19:09:12 INFO  Saving current: saved/STAMP_30music__days[245-185]_pcount[25]_ptime[60-1000000]_length[2-100]_recent[100]/STAMP-May-10-2026_18-41-22.pth
Sun 10 May 2026 19:12:07 INFO  epoch 9 training [time: 175.51s, train loss: 4616.7351]
Sun 10 May 2026 19:12:18 INFO  epoch 9 evaluating [time: 10.60s, valid_score: 0.229900]
Sun 10 May 2026 19:12:18 INFO  valid result: 
recall@5 : 0.2897
recall@10 : 0.3267
recall@15 : 0.3479
recall@20 : 0.3622
precision@5 : 0.0579
precision@10 : 0.0327
precision@15 : 0.0232
precision@20 : 0.0181
mrr@5 : 0.2249
mrr@10 : 0.2299
mrr@15 : 0.2315
mrr@20 : 0.2323
map@5 : 0.2249
map@10 : 0.2299
map@15 : 0.2315
map@20 : 0.2323
hit@5 : 0.2897
hit@10 : 0.3267
hit@15 : 0.3479
hit@20 : 0.3622
ndcg@5 : 0.2412
ndcg@10 : 0.2532
ndcg@15 : 0.2588
ndcg@20 : 0.2621
averagepopularity@5 : 99.2525
averagepopularity@10 : 96.8841
averagepopularity@15 : 94.9086
averagepopularity@20 : 92.6482
itemcoverage@5 : 0.335
itemcoverage@10 : 0.3895
itemcoverage@15 : 0.4227
itemcoverage@20 : 0.4466
giniindex@5 : 0.8888
giniindex@10 : 0.8762
giniindex@15 : 0.8677
giniindex@20 : 0.8613
Sun 10 May 2026 19:12:18 INFO  Saving current: saved/STAMP_30music__days[245-185]_pcount[25]_ptime[60-1000000]_length[2-100]_recent[100]/STAMP-May-10-2026_18-41-22.pth
Sun 10 May 2026 19:15:12 INFO  epoch 10 training [time: 173.63s, train loss: 4465.7141]
Sun 10 May 2026 19:15:23 INFO  epoch 10 evaluating [time: 10.96s, valid_score: 0.244100]
Sun 10 May 2026 19:15:23 INFO  valid result: 
recall@5 : 0.3057
recall@10 : 0.342
recall@15 : 0.3627
recall@20 : 0.3763
precision@5 : 0.0611
precision@10 : 0.0342
precision@15 : 0.0242
precision@20 : 0.0188
mrr@5 : 0.2393
mrr@10 : 0.2441
mrr@15 : 0.2458
mrr@20 : 0.2465
map@5 : 0.2393
map@10 : 0.2441
map@15 : 0.2458
map@20 : 0.2465
hit@5 : 0.3057
hit@10 : 0.342
hit@15 : 0.3627
hit@20 : 0.3763
ndcg@5 : 0.256
ndcg@10 : 0.2677
ndcg@15 : 0.2732
ndcg@20 : 0.2764
averagepopularity@5 : 93.7911
averagepopularity@10 : 92.1241
averagepopularity@15 : 90.2467
averagepopularity@20 : 88.1641
itemcoverage@5 : 0.3769
itemcoverage@10 : 0.4343
itemcoverage@15 : 0.4678
itemcoverage@20 : 0.492
giniindex@5 : 0.872
giniindex@10 : 0.8593
giniindex@15 : 0.8506
giniindex@20 : 0.8439
Sun 10 May 2026 19:15:23 INFO  Saving current: saved/STAMP_30music__days[245-185]_pcount[25]_ptime[60-1000000]_length[2-100]_recent[100]/STAMP-May-10-2026_18-41-22.pth
Sun 10 May 2026 19:18:18 INFO  epoch 11 training [time: 174.40s, train loss: 4334.5727]
Sun 10 May 2026 19:18:29 INFO  epoch 11 evaluating [time: 10.89s, valid_score: 0.256300]
Sun 10 May 2026 19:18:29 INFO  valid result: 
recall@5 : 0.3192
recall@10 : 0.3551
recall@15 : 0.3748
recall@20 : 0.3885
precision@5 : 0.0638
precision@10 : 0.0355
precision@15 : 0.025
precision@20 : 0.0194
mrr@5 : 0.2515
mrr@10 : 0.2563
mrr@15 : 0.2579
mrr@20 : 0.2587
map@5 : 0.2515
map@10 : 0.2563
map@15 : 0.2579
map@20 : 0.2587
hit@5 : 0.3192
hit@10 : 0.3551
hit@15 : 0.3748
hit@20 : 0.3885
ndcg@5 : 0.2685
ndcg@10 : 0.2802
ndcg@15 : 0.2854
ndcg@20 : 0.2886
averagepopularity@5 : 91.1688
averagepopularity@10 : 90.0963
averagepopularity@15 : 88.4932
averagepopularity@20 : 86.6453
itemcoverage@5 : 0.4152
itemcoverage@10 : 0.4742
itemcoverage@15 : 0.5091
itemcoverage@20 : 0.533
giniindex@5 : 0.856
giniindex@10 : 0.8439
giniindex@15 : 0.8354
giniindex@20 : 0.8285
Sun 10 May 2026 19:18:29 INFO  Saving current: saved/STAMP_30music__days[245-185]_pcount[25]_ptime[60-1000000]_length[2-100]_recent[100]/STAMP-May-10-2026_18-41-22.pth
Sun 10 May 2026 19:21:24 INFO  epoch 12 training [time: 174.40s, train loss: 4219.6757]
Sun 10 May 2026 19:21:35 INFO  epoch 12 evaluating [time: 11.12s, valid_score: 0.265600]
Sun 10 May 2026 19:21:35 INFO  valid result: 
recall@5 : 0.3296
recall@10 : 0.3651
recall@15 : 0.3844
recall@20 : 0.3978
precision@5 : 0.0659
precision@10 : 0.0365
precision@15 : 0.0256
precision@20 : 0.0199
mrr@5 : 0.2609
mrr@10 : 0.2656
mrr@15 : 0.2672
mrr@20 : 0.2679
map@5 : 0.2609
map@10 : 0.2656
map@15 : 0.2672
map@20 : 0.2679
hit@5 : 0.3296
hit@10 : 0.3651
hit@15 : 0.3844
hit@20 : 0.3978
ndcg@5 : 0.2782
ndcg@10 : 0.2897
ndcg@15 : 0.2948
ndcg@20 : 0.298
averagepopularity@5 : 87.2403
averagepopularity@10 : 86.9235
averagepopularity@15 : 85.6177
averagepopularity@20 : 84.1266
itemcoverage@5 : 0.4494
itemcoverage@10 : 0.5104
itemcoverage@15 : 0.5455
itemcoverage@20 : 0.5703
giniindex@5 : 0.8416
giniindex@10 : 0.8297
giniindex@15 : 0.8213
giniindex@20 : 0.8144
Sun 10 May 2026 19:21:35 INFO  Saving current: saved/STAMP_30music__days[245-185]_pcount[25]_ptime[60-1000000]_length[2-100]_recent[100]/STAMP-May-10-2026_18-41-22.pth
Sun 10 May 2026 19:24:27 INFO  epoch 13 training [time: 172.34s, train loss: 4118.6091]
Sun 10 May 2026 19:24:38 INFO  epoch 13 evaluating [time: 10.76s, valid_score: 0.274100]
Sun 10 May 2026 19:24:38 INFO  valid result: 
recall@5 : 0.3384
recall@10 : 0.3737
recall@15 : 0.3927
recall@20 : 0.4057
precision@5 : 0.0677
precision@10 : 0.0374
precision@15 : 0.0262
precision@20 : 0.0203
mrr@5 : 0.2694
mrr@10 : 0.2741
mrr@15 : 0.2756
mrr@20 : 0.2763
map@5 : 0.2694
map@10 : 0.2741
map@15 : 0.2756
map@20 : 0.2763
hit@5 : 0.3384
hit@10 : 0.3737
hit@15 : 0.3927
hit@20 : 0.4057
ndcg@5 : 0.2867
ndcg@10 : 0.2982
ndcg@15 : 0.3032
ndcg@20 : 0.3063
averagepopularity@5 : 85.2069
averagepopularity@10 : 85.5461
averagepopularity@15 : 84.2726
averagepopularity@20 : 82.8073
itemcoverage@5 : 0.4811
itemcoverage@10 : 0.5444
itemcoverage@15 : 0.5796
itemcoverage@20 : 0.6051
giniindex@5 : 0.8284
giniindex@10 : 0.8167
giniindex@15 : 0.8083
giniindex@20 : 0.8015
Sun 10 May 2026 19:24:39 INFO  Saving current: saved/STAMP_30music__days[245-185]_pcount[25]_ptime[60-1000000]_length[2-100]_recent[100]/STAMP-May-10-2026_18-41-22.pth
Sun 10 May 2026 19:27:30 INFO  epoch 14 training [time: 171.17s, train loss: 4028.4229]
Sun 10 May 2026 19:27:41 INFO  epoch 14 evaluating [time: 10.89s, valid_score: 0.281600]
Sun 10 May 2026 19:27:41 INFO  valid result: 
recall@5 : 0.3463
recall@10 : 0.3801
recall@15 : 0.3996
recall@20 : 0.4122
precision@5 : 0.0693
precision@10 : 0.038
precision@15 : 0.0266
precision@20 : 0.0206
mrr@5 : 0.2771
mrr@10 : 0.2816
mrr@15 : 0.2832
mrr@20 : 0.2839
map@5 : 0.2771
map@10 : 0.2816
map@15 : 0.2832
map@20 : 0.2839
hit@5 : 0.3463
hit@10 : 0.3801
hit@15 : 0.3996
hit@20 : 0.4122
ndcg@5 : 0.2945
ndcg@10 : 0.3055
ndcg@15 : 0.3106
ndcg@20 : 0.3136
averagepopularity@5 : 84.1514
averagepopularity@10 : 84.2287
averagepopularity@15 : 83.1969
averagepopularity@20 : 82.0869
itemcoverage@5 : 0.5103
itemcoverage@10 : 0.5754
itemcoverage@15 : 0.6123
itemcoverage@20 : 0.6372
giniindex@5 : 0.8167
giniindex@10 : 0.8057
giniindex@15 : 0.7971
giniindex@20 : 0.7904
Sun 10 May 2026 19:27:41 INFO  Saving current: saved/STAMP_30music__days[245-185]_pcount[25]_ptime[60-1000000]_length[2-100]_recent[100]/STAMP-May-10-2026_18-41-22.pth
Sun 10 May 2026 19:30:34 INFO  epoch 15 training [time: 172.82s, train loss: 3947.7410]
Sun 10 May 2026 19:30:44 INFO  epoch 15 evaluating [time: 10.69s, valid_score: 0.287800]
Sun 10 May 2026 19:30:44 INFO  valid result: 
recall@5 : 0.3528
recall@10 : 0.3872
recall@15 : 0.4059
recall@20 : 0.418
precision@5 : 0.0706
precision@10 : 0.0387
precision@15 : 0.0271
precision@20 : 0.0209
mrr@5 : 0.2832
mrr@10 : 0.2878
mrr@15 : 0.2893
mrr@20 : 0.29
map@5 : 0.2832
map@10 : 0.2878
map@15 : 0.2893
map@20 : 0.29
hit@5 : 0.3528
hit@10 : 0.3872
hit@15 : 0.4059
hit@20 : 0.418
ndcg@5 : 0.3007
ndcg@10 : 0.3119
ndcg@15 : 0.3168
ndcg@20 : 0.3197
averagepopularity@5 : 81.548
averagepopularity@10 : 82.3106
averagepopularity@15 : 81.5428
averagepopularity@20 : 80.5079
itemcoverage@5 : 0.538
itemcoverage@10 : 0.6049
itemcoverage@15 : 0.6408
itemcoverage@20 : 0.6679
giniindex@5 : 0.8056
giniindex@10 : 0.7951
giniindex@15 : 0.7866
giniindex@20 : 0.7797
Sun 10 May 2026 19:30:45 INFO  Saving current: saved/STAMP_30music__days[245-185]_pcount[25]_ptime[60-1000000]_length[2-100]_recent[100]/STAMP-May-10-2026_18-41-22.pth
Sun 10 May 2026 19:33:39 INFO  epoch 16 training [time: 174.18s, train loss: 3874.9392]
Sun 10 May 2026 19:33:50 INFO  epoch 16 evaluating [time: 11.30s, valid_score: 0.292500]
Sun 10 May 2026 19:33:50 INFO  valid result: 
recall@5 : 0.3582
recall@10 : 0.3921
recall@15 : 0.4104
recall@20 : 0.4228
precision@5 : 0.0716
precision@10 : 0.0392
precision@15 : 0.0274
precision@20 : 0.0211
mrr@5 : 0.2879
mrr@10 : 0.2925
mrr@15 : 0.2939
mrr@20 : 0.2946
map@5 : 0.2879
map@10 : 0.2925
map@15 : 0.2939
map@20 : 0.2946
hit@5 : 0.3582
hit@10 : 0.3921
hit@15 : 0.4104
hit@20 : 0.4228
ndcg@5 : 0.3056
ndcg@10 : 0.3166
ndcg@15 : 0.3215
ndcg@20 : 0.3244
averagepopularity@5 : 80.1144
averagepopularity@10 : 81.4617
averagepopularity@15 : 80.5757
averagepopularity@20 : 79.6594
itemcoverage@5 : 0.5622
itemcoverage@10 : 0.6315
itemcoverage@15 : 0.6683
itemcoverage@20 : 0.6947
giniindex@5 : 0.7953
giniindex@10 : 0.7851
giniindex@15 : 0.7769
giniindex@20 : 0.77
Sun 10 May 2026 19:33:51 INFO  Saving current: saved/STAMP_30music__days[245-185]_pcount[25]_ptime[60-1000000]_length[2-100]_recent[100]/STAMP-May-10-2026_18-41-22.pth
Sun 10 May 2026 19:36:43 INFO  epoch 17 training [time: 172.13s, train loss: 3809.0119]
Sun 10 May 2026 19:36:54 INFO  epoch 17 evaluating [time: 10.64s, valid_score: 0.297000]
Sun 10 May 2026 19:36:54 INFO  valid result: 
recall@5 : 0.3632
recall@10 : 0.3966
recall@15 : 0.4147
recall@20 : 0.4264
precision@5 : 0.0726
precision@10 : 0.0397
precision@15 : 0.0276
precision@20 : 0.0213
mrr@5 : 0.2925
mrr@10 : 0.297
mrr@15 : 0.2984
mrr@20 : 0.2991
map@5 : 0.2925
map@10 : 0.297
map@15 : 0.2984
map@20 : 0.2991
hit@5 : 0.3632
hit@10 : 0.3966
hit@15 : 0.4147
hit@20 : 0.4264
ndcg@5 : 0.3103
ndcg@10 : 0.3212
ndcg@15 : 0.3259
ndcg@20 : 0.3287
averagepopularity@5 : 80.0655
averagepopularity@10 : 81.1394
averagepopularity@15 : 80.5411
averagepopularity@20 : 79.4823
itemcoverage@5 : 0.5853
itemcoverage@10 : 0.6558
itemcoverage@15 : 0.6933
itemcoverage@20 : 0.7189
giniindex@5 : 0.7864
giniindex@10 : 0.7762
giniindex@15 : 0.7683
giniindex@20 : 0.7617
Sun 10 May 2026 19:36:54 INFO  Saving current: saved/STAMP_30music__days[245-185]_pcount[25]_ptime[60-1000000]_length[2-100]_recent[100]/STAMP-May-10-2026_18-41-22.pth
Sun 10 May 2026 19:39:43 INFO  epoch 18 training [time: 169.33s, train loss: 3748.4054]
Sun 10 May 2026 19:39:54 INFO  epoch 18 evaluating [time: 11.01s, valid_score: 0.300700]
Sun 10 May 2026 19:39:54 INFO  valid result: 
recall@5 : 0.3672
recall@10 : 0.4001
recall@15 : 0.4183
recall@20 : 0.4304
precision@5 : 0.0734
precision@10 : 0.04
precision@15 : 0.0279
precision@20 : 0.0215
mrr@5 : 0.2963
mrr@10 : 0.3007
mrr@15 : 0.3022
mrr@20 : 0.3029
map@5 : 0.2963
map@10 : 0.3007
map@15 : 0.3022
map@20 : 0.3029
hit@5 : 0.3672
hit@10 : 0.4001
hit@15 : 0.4183
hit@20 : 0.4304
ndcg@5 : 0.3142
ndcg@10 : 0.3249
ndcg@15 : 0.3297
ndcg@20 : 0.3325
averagepopularity@5 : 77.4277
averagepopularity@10 : 79.159
averagepopularity@15 : 78.9553
averagepopularity@20 : 78.0119
itemcoverage@5 : 0.6061
itemcoverage@10 : 0.6778
itemcoverage@15 : 0.7156
itemcoverage@20 : 0.742
giniindex@5 : 0.7778
giniindex@10 : 0.7685
giniindex@15 : 0.7608
giniindex@20 : 0.7537
Sun 10 May 2026 19:39:55 INFO  Saving current: saved/STAMP_30music__days[245-185]_pcount[25]_ptime[60-1000000]_length[2-100]_recent[100]/STAMP-May-10-2026_18-41-22.pth
Sun 10 May 2026 19:42:49 INFO  epoch 19 training [time: 174.51s, train loss: 3693.0220]
Sun 10 May 2026 19:43:00 INFO  epoch 19 evaluating [time: 11.25s, valid_score: 0.304000]
Sun 10 May 2026 19:43:00 INFO  valid result: 
recall@5 : 0.3704
recall@10 : 0.403
recall@15 : 0.4213
recall@20 : 0.4329
precision@5 : 0.0741
precision@10 : 0.0403
precision@15 : 0.0281
precision@20 : 0.0216
mrr@5 : 0.2996
mrr@10 : 0.304
mrr@15 : 0.3054
mrr@20 : 0.3061
map@5 : 0.2996
map@10 : 0.304
map@15 : 0.3054
map@20 : 0.3061
hit@5 : 0.3704
hit@10 : 0.403
hit@15 : 0.4213
hit@20 : 0.4329
ndcg@5 : 0.3174
ndcg@10 : 0.328
ndcg@15 : 0.3328
ndcg@20 : 0.3356
averagepopularity@5 : 76.3977
averagepopularity@10 : 78.5322
averagepopularity@15 : 78.3193
averagepopularity@20 : 77.5694
itemcoverage@5 : 0.6247
itemcoverage@10 : 0.698
itemcoverage@15 : 0.737
itemcoverage@20 : 0.7637
giniindex@5 : 0.7707
giniindex@10 : 0.7611
giniindex@15 : 0.7529
giniindex@20 : 0.7459
Sun 10 May 2026 19:43:01 INFO  Saving current: saved/STAMP_30music__days[245-185]_pcount[25]_ptime[60-1000000]_length[2-100]_recent[100]/STAMP-May-10-2026_18-41-22.pth
Sun 10 May 2026 19:43:01 INFO  Loading model structure and parameters from saved/STAMP_30music__days[245-185]_pcount[25]_ptime[60-1000000]_length[2-100]_recent[100]/STAMP-May-10-2026_18-41-22.pth
