Fri 15 May 2026 18:36:41 INFO  
General Hyper Parameters:
gpu_id = 0
use_gpu = True
seed = 2020
state = INFO
reproducibility = True
data_path = dataset/30music__days[125-65]_pcount[25]_ptime[60-1000000]_length[2-100]_recent[100]
checkpoint_dir = saved/SASRec_30music__days[125-65]_pcount[25]_ptime[60-1000000]_length[2-100]_recent[100]
show_progress = True
save_dataset = False
dataset_save_path = None
save_dataloaders = False
dataloaders_save_path = None
log_wandb = False

Training Hyper Parameters:
epochs = 20
train_batch_size = 2048
learner = adam
learning_rate = 0.001
train_neg_sample_args = {'distribution': 'none', 'sample_num': 'none', 'alpha': 'none', 'dynamic': False, 'candidate_num': 0}
eval_step = 1
stopping_step = 3
clip_grad_norm = None
weight_decay = 0.0
loss_decimal_place = 4

Evaluation Hyper Parameters:
eval_args = {'split': {'RS': [8, 1, 1]}, 'order': 'TO', 'group_by': 'user', 'mode': {'valid': 'full', 'test': 'full'}}
repeatable = True
metrics = ['Recall', 'Precision', 'MRR', 'MAP', 'Hit', 'NDCG', 'AveragePopularity', 'ItemCoverage', 'GiniIndex']
topk = [5, 10, 15, 20]
valid_metric = MRR@10
valid_metric_bigger = True
eval_batch_size = 2048
metric_decimal_place = 4

Dataset Hyper Parameters:
gpu_id = 0
worker = 0
use_gpu = True
seed = 2020
state = INFO
reproducibility = True
data_path = dataset/30music__days[125-65]_pcount[25]_ptime[60-1000000]_length[2-100]_recent[100]
checkpoint_dir = saved/SASRec_30music__days[125-65]_pcount[25]_ptime[60-1000000]_length[2-100]_recent[100]
show_progress = True
save_dataset = False
dataset_save_path = None
save_dataloaders = False
dataloaders_save_path = None
log_wandb = False
wandb_project = recbole
shuffle = True
epochs = 20
train_batch_size = 2048
learner = adam
learning_rate = 0.001
train_neg_sample_args = {'distribution': 'none', 'sample_num': 'none', 'alpha': 'none', 'dynamic': False, 'candidate_num': 0}
eval_step = 1
stopping_step = 3
clip_grad_norm = None
weight_decay = 0.0
loss_decimal_place = 4
require_pow = False
enable_amp = False
enable_scaler = False
transform = None
eval_args = {'split': {'RS': [8, 1, 1]}, 'order': 'TO', 'group_by': 'user', 'mode': {'valid': 'full', 'test': 'full'}}
repeatable = True
metrics = ['Recall', 'Precision', 'MRR', 'MAP', 'Hit', 'NDCG', 'AveragePopularity', 'ItemCoverage', 'GiniIndex']
topk = [5, 10, 15, 20]
valid_metric = MRR@10
valid_metric_bigger = True
eval_batch_size = 2048
metric_decimal_place = 4
field_separator = 	
seq_separator =  
USER_ID_FIELD = session_id
ITEM_ID_FIELD = item_id
RATING_FIELD = rating
TIME_FIELD = timestamp
seq_len = None
LABEL_FIELD = label
threshold = None
NEG_PREFIX = neg_
numerical_features = []
load_col = {'inter': ['session_id', 'item_id', 'timestamp']}
unload_col = None
unused_col = None
additional_feat_suffix = None
rm_dup_inter = None
val_interval = None
filter_inter_by_user_or_item = True
user_inter_num_interval = [0,inf)
item_inter_num_interval = [0,inf)
alias_of_user_id = None
alias_of_item_id = None
alias_of_entity_id = None
alias_of_relation_id = None
preload_weight = None
normalize_field = None
normalize_all = None
discretization = None
ITEM_LIST_LENGTH_FIELD = item_length
LIST_SUFFIX = _list
MAX_ITEM_LIST_LENGTH = 100
POSITION_FIELD = position_id
HEAD_ENTITY_ID_FIELD = head_id
TAIL_ENTITY_ID_FIELD = tail_id
RELATION_ID_FIELD = relation_id
ENTITY_ID_FIELD = entity_id
benchmark_filename = None

Other Hyper Parameters: 
n_layers = 2
n_heads = 2
hidden_size = 64
inner_size = 256
hidden_dropout_prob = 0.3
attn_dropout_prob = 0.3
hidden_act = gelu
layer_norm_eps = 1e-12
initializer_range = 0.02
loss_type = CE
kg_reverse_r = False
entity_kg_num_interval = [0,inf)
relation_kg_num_interval = [0,inf)
MODEL_TYPE = ModelType.SEQUENTIAL
neg_sampling = None
MODEL_INPUT_TYPE = InputType.POINTWISE
eval_type = EvaluatorType.RANKING
single_spec = True
local_rank = 0
device = cuda
valid_neg_sample_args = {'distribution': 'uniform', 'sample_num': 'none'}
test_neg_sample_args = {'distribution': 'uniform', 'sample_num': 'none'}


Fri 15 May 2026 18:36:50 INFO  30music__days[125-65]_pcount[25]_ptime[60-1000000]_length[2-100]_recent[100]
The number of users: 221312
Average actions of users: 9.805495434027229
The number of items: 124576
Average actions of items: 17.419739112984146
The number of inters: 2170064
The sparsity of the dataset: 99.9921289404638%
Remain Fields: ['session_id', 'item_id', 'timestamp']
Fri 15 May 2026 18:37:17 INFO  [Training]: train_batch_size = [2048] train_neg_sample_args: [{'distribution': 'none', 'sample_num': 'none', 'alpha': 'none', 'dynamic': False, 'candidate_num': 0}]
Fri 15 May 2026 18:37:17 INFO  [Evaluation]: eval_batch_size = [2048] eval_args: [{'split': {'RS': [8, 1, 1]}, 'order': 'TO', 'group_by': 'user', 'mode': {'valid': 'full', 'test': 'full'}}]
Fri 15 May 2026 18:37:17 INFO  SASRec(
  (item_embedding): Embedding(124576, 64, padding_idx=0)
  (position_embedding): Embedding(100, 64)
  (trm_encoder): TransformerEncoder(
    (layer): ModuleList(
      (0-1): 2 x TransformerLayer(
        (multi_head_attention): MultiHeadAttention(
          (query): Linear(in_features=64, out_features=64, bias=True)
          (key): Linear(in_features=64, out_features=64, bias=True)
          (value): Linear(in_features=64, out_features=64, bias=True)
          (softmax): Softmax(dim=-1)
          (attn_dropout): Dropout(p=0.3, inplace=False)
          (dense): Linear(in_features=64, out_features=64, bias=True)
          (LayerNorm): LayerNorm((64,), eps=1e-12, elementwise_affine=True)
          (out_dropout): Dropout(p=0.3, inplace=False)
        )
        (feed_forward): FeedForward(
          (dense_1): Linear(in_features=64, out_features=256, bias=True)
          (dense_2): Linear(in_features=256, out_features=64, bias=True)
          (LayerNorm): LayerNorm((64,), eps=1e-12, elementwise_affine=True)
          (dropout): Dropout(p=0.3, inplace=False)
        )
      )
    )
  )
  (LayerNorm): LayerNorm((64,), eps=1e-12, elementwise_affine=True)
  (dropout): Dropout(p=0.3, inplace=False)
  (loss_fct): CrossEntropyLoss()
)
Trainable parameters: 8079360
Fri 15 May 2026 18:49:30 INFO  epoch 0 training [time: 731.33s, train loss: 7172.8819]
Fri 15 May 2026 18:49:54 INFO  epoch 0 evaluating [time: 24.09s, valid_score: 0.140900]
Fri 15 May 2026 18:49:54 INFO  valid result: 
recall@5 : 0.2207
recall@10 : 0.2763
recall@15 : 0.3029
recall@20 : 0.3186
precision@5 : 0.0441
precision@10 : 0.0276
precision@15 : 0.0202
precision@20 : 0.0159
mrr@5 : 0.1334
mrr@10 : 0.1409
mrr@15 : 0.143
mrr@20 : 0.1439
map@5 : 0.1334
map@10 : 0.1409
map@15 : 0.143
map@20 : 0.1439
hit@5 : 0.2207
hit@10 : 0.2763
hit@15 : 0.3029
hit@20 : 0.3186
ndcg@5 : 0.1551
ndcg@10 : 0.1731
ndcg@15 : 0.1802
ndcg@20 : 0.1839
averagepopularity@5 : 145.1733
averagepopularity@10 : 147.2889
averagepopularity@15 : 148.6098
averagepopularity@20 : 148.9512
itemcoverage@5 : 0.3165
itemcoverage@10 : 0.3845
itemcoverage@15 : 0.4252
itemcoverage@20 : 0.4548
giniindex@5 : 0.9477
giniindex@10 : 0.9489
giniindex@15 : 0.9503
giniindex@20 : 0.9514
Fri 15 May 2026 18:49:55 INFO  Saving current: saved/SASRec_30music__days[125-65]_pcount[25]_ptime[60-1000000]_length[2-100]_recent[100]/SASRec-May-15-2026_18-37-17.pth
Fri 15 May 2026 19:00:47 INFO  epoch 1 training [time: 652.59s, train loss: 5310.8828]
Fri 15 May 2026 19:01:04 INFO  epoch 1 evaluating [time: 16.39s, valid_score: 0.197500]
Fri 15 May 2026 19:01:04 INFO  valid result: 
recall@5 : 0.3215
recall@10 : 0.3925
recall@15 : 0.4234
recall@20 : 0.4424
precision@5 : 0.0643
precision@10 : 0.0392
precision@15 : 0.0282
precision@20 : 0.0221
mrr@5 : 0.1879
mrr@10 : 0.1975
mrr@15 : 0.2
mrr@20 : 0.201
map@5 : 0.1879
map@10 : 0.1975
map@15 : 0.2
map@20 : 0.201
hit@5 : 0.3215
hit@10 : 0.3925
hit@15 : 0.4234
hit@20 : 0.4424
ndcg@5 : 0.2211
ndcg@10 : 0.2442
ndcg@15 : 0.2524
ndcg@20 : 0.2569
averagepopularity@5 : 89.257
averagepopularity@10 : 92.0979
averagepopularity@15 : 93.0105
averagepopularity@20 : 93.3345
itemcoverage@5 : 0.5817
itemcoverage@10 : 0.6427
itemcoverage@15 : 0.6726
itemcoverage@20 : 0.6919
giniindex@5 : 0.8298
giniindex@10 : 0.8363
giniindex@15 : 0.8409
giniindex@20 : 0.8441
Fri 15 May 2026 19:01:04 INFO  Saving current: saved/SASRec_30music__days[125-65]_pcount[25]_ptime[60-1000000]_length[2-100]_recent[100]/SASRec-May-15-2026_18-37-17.pth
Fri 15 May 2026 19:11:58 INFO  epoch 2 training [time: 653.68s, train loss: 4567.3604]
Fri 15 May 2026 19:12:17 INFO  epoch 2 evaluating [time: 19.01s, valid_score: 0.219100]
Fri 15 May 2026 19:12:17 INFO  valid result: 
recall@5 : 0.3533
recall@10 : 0.4265
recall@15 : 0.4597
recall@20 : 0.4789
precision@5 : 0.0707
precision@10 : 0.0427
precision@15 : 0.0306
precision@20 : 0.0239
mrr@5 : 0.2092
mrr@10 : 0.2191
mrr@15 : 0.2218
mrr@20 : 0.2229
map@5 : 0.2092
map@10 : 0.2191
map@15 : 0.2218
map@20 : 0.2229
hit@5 : 0.3533
hit@10 : 0.4265
hit@15 : 0.4597
hit@20 : 0.4789
ndcg@5 : 0.2451
ndcg@10 : 0.2689
ndcg@15 : 0.2777
ndcg@20 : 0.2822
averagepopularity@5 : 80.2479
averagepopularity@10 : 83.6808
averagepopularity@15 : 84.8636
averagepopularity@20 : 85.2502
itemcoverage@5 : 0.7015
itemcoverage@10 : 0.7557
itemcoverage@15 : 0.7819
itemcoverage@20 : 0.7988
giniindex@5 : 0.7662
giniindex@10 : 0.7721
giniindex@15 : 0.7754
giniindex@20 : 0.7775
Fri 15 May 2026 19:12:17 INFO  Saving current: saved/SASRec_30music__days[125-65]_pcount[25]_ptime[60-1000000]_length[2-100]_recent[100]/SASRec-May-15-2026_18-37-17.pth
Fri 15 May 2026 19:23:23 INFO  epoch 3 training [time: 665.56s, train loss: 4267.7362]
Fri 15 May 2026 19:23:43 INFO  epoch 3 evaluating [time: 20.25s, valid_score: 0.232200]
Fri 15 May 2026 19:23:43 INFO  valid result: 
recall@5 : 0.3672
recall@10 : 0.4389
recall@15 : 0.4724
recall@20 : 0.4926
precision@5 : 0.0734
precision@10 : 0.0439
precision@15 : 0.0315
precision@20 : 0.0246
mrr@5 : 0.2225
mrr@10 : 0.2322
mrr@15 : 0.2348
mrr@20 : 0.236
map@5 : 0.2225
map@10 : 0.2322
map@15 : 0.2348
map@20 : 0.236
hit@5 : 0.3672
hit@10 : 0.4389
hit@15 : 0.4724
hit@20 : 0.4926
ndcg@5 : 0.2586
ndcg@10 : 0.2819
ndcg@15 : 0.2908
ndcg@20 : 0.2955
averagepopularity@5 : 73.8183
averagepopularity@10 : 77.1688
averagepopularity@15 : 78.3946
averagepopularity@20 : 78.7447
itemcoverage@5 : 0.7581
itemcoverage@10 : 0.8164
itemcoverage@15 : 0.8422
itemcoverage@20 : 0.8597
giniindex@5 : 0.7359
giniindex@10 : 0.741
giniindex@15 : 0.7435
giniindex@20 : 0.7451
Fri 15 May 2026 19:23:43 INFO  Saving current: saved/SASRec_30music__days[125-65]_pcount[25]_ptime[60-1000000]_length[2-100]_recent[100]/SASRec-May-15-2026_18-37-17.pth
Fri 15 May 2026 19:34:55 INFO  epoch 4 training [time: 671.46s, train loss: 4105.9149]
Fri 15 May 2026 19:35:13 INFO  epoch 4 evaluating [time: 17.97s, valid_score: 0.243600]
Fri 15 May 2026 19:35:13 INFO  valid result: 
recall@5 : 0.3742
recall@10 : 0.4452
recall@15 : 0.4786
recall@20 : 0.4993
precision@5 : 0.0748
precision@10 : 0.0445
precision@15 : 0.0319
precision@20 : 0.025
mrr@5 : 0.234
mrr@10 : 0.2436
mrr@15 : 0.2462
mrr@20 : 0.2474
map@5 : 0.234
map@10 : 0.2436
map@15 : 0.2462
map@20 : 0.2474
hit@5 : 0.3742
hit@10 : 0.4452
hit@15 : 0.4786
hit@20 : 0.4993
ndcg@5 : 0.269
ndcg@10 : 0.292
ndcg@15 : 0.3009
ndcg@20 : 0.3058
averagepopularity@5 : 73.7946
averagepopularity@10 : 77.1775
averagepopularity@15 : 78.067
averagepopularity@20 : 78.3712
itemcoverage@5 : 0.788
itemcoverage@10 : 0.8505
itemcoverage@15 : 0.8786
itemcoverage@20 : 0.8953
giniindex@5 : 0.72
giniindex@10 : 0.7225
giniindex@15 : 0.7234
giniindex@20 : 0.7239
Fri 15 May 2026 19:35:13 INFO  Saving current: saved/SASRec_30music__days[125-65]_pcount[25]_ptime[60-1000000]_length[2-100]_recent[100]/SASRec-May-15-2026_18-37-17.pth
Fri 15 May 2026 19:46:31 INFO  epoch 5 training [time: 677.62s, train loss: 4001.5090]
Fri 15 May 2026 19:46:51 INFO  epoch 5 evaluating [time: 20.06s, valid_score: 0.251700]
Fri 15 May 2026 19:46:51 INFO  valid result: 
recall@5 : 0.3789
recall@10 : 0.4486
recall@15 : 0.4825
recall@20 : 0.5026
precision@5 : 0.0758
precision@10 : 0.0449
precision@15 : 0.0322
precision@20 : 0.0251
mrr@5 : 0.2423
mrr@10 : 0.2517
mrr@15 : 0.2544
mrr@20 : 0.2555
map@5 : 0.2423
map@10 : 0.2517
map@15 : 0.2544
map@20 : 0.2555
hit@5 : 0.3789
hit@10 : 0.4486
hit@15 : 0.4825
hit@20 : 0.5026
ndcg@5 : 0.2765
ndcg@10 : 0.2991
ndcg@15 : 0.3081
ndcg@20 : 0.3128
averagepopularity@5 : 72.2072
averagepopularity@10 : 75.4149
averagepopularity@15 : 76.0096
averagepopularity@20 : 76.0819
itemcoverage@5 : 0.8069
itemcoverage@10 : 0.8715
itemcoverage@15 : 0.8996
itemcoverage@20 : 0.9163
giniindex@5 : 0.7092
giniindex@10 : 0.7115
giniindex@15 : 0.7126
giniindex@20 : 0.7129
Fri 15 May 2026 19:46:52 INFO  Saving current: saved/SASRec_30music__days[125-65]_pcount[25]_ptime[60-1000000]_length[2-100]_recent[100]/SASRec-May-15-2026_18-37-17.pth
Fri 15 May 2026 19:57:49 INFO  epoch 6 training [time: 657.28s, train loss: 3923.7223]
Fri 15 May 2026 19:58:08 INFO  epoch 6 evaluating [time: 18.87s, valid_score: 0.258300]
Fri 15 May 2026 19:58:08 INFO  valid result: 
recall@5 : 0.383
recall@10 : 0.4511
recall@15 : 0.4842
recall@20 : 0.5046
precision@5 : 0.0766
precision@10 : 0.0451
precision@15 : 0.0323
precision@20 : 0.0252
mrr@5 : 0.2491
mrr@10 : 0.2583
mrr@15 : 0.2609
mrr@20 : 0.2621
map@5 : 0.2491
map@10 : 0.2583
map@15 : 0.2609
map@20 : 0.2621
hit@5 : 0.383
hit@10 : 0.4511
hit@15 : 0.4842
hit@20 : 0.5046
ndcg@5 : 0.2826
ndcg@10 : 0.3047
ndcg@15 : 0.3135
ndcg@20 : 0.3183
averagepopularity@5 : 72.3772
averagepopularity@10 : 75.4564
averagepopularity@15 : 76.1291
averagepopularity@20 : 76.1042
itemcoverage@5 : 0.8184
itemcoverage@10 : 0.8847
itemcoverage@15 : 0.9117
itemcoverage@20 : 0.9279
giniindex@5 : 0.7036
giniindex@10 : 0.7052
giniindex@15 : 0.7057
giniindex@20 : 0.706
Fri 15 May 2026 19:58:08 INFO  Saving current: saved/SASRec_30music__days[125-65]_pcount[25]_ptime[60-1000000]_length[2-100]_recent[100]/SASRec-May-15-2026_18-37-17.pth
Fri 15 May 2026 20:09:15 INFO  epoch 7 training [time: 666.53s, train loss: 3865.9380]
Fri 15 May 2026 20:09:34 INFO  epoch 7 evaluating [time: 19.01s, valid_score: 0.263600]
Fri 15 May 2026 20:09:34 INFO  valid result: 
recall@5 : 0.3857
recall@10 : 0.4526
recall@15 : 0.4854
recall@20 : 0.5063
precision@5 : 0.0771
precision@10 : 0.0453
precision@15 : 0.0324
precision@20 : 0.0253
mrr@5 : 0.2546
mrr@10 : 0.2636
mrr@15 : 0.2662
mrr@20 : 0.2674
map@5 : 0.2546
map@10 : 0.2636
map@15 : 0.2662
map@20 : 0.2674
hit@5 : 0.3857
hit@10 : 0.4526
hit@15 : 0.4854
hit@20 : 0.5063
ndcg@5 : 0.2874
ndcg@10 : 0.3091
ndcg@15 : 0.3178
ndcg@20 : 0.3228
averagepopularity@5 : 72.5484
averagepopularity@10 : 75.886
averagepopularity@15 : 76.4249
averagepopularity@20 : 76.4066
itemcoverage@5 : 0.8248
itemcoverage@10 : 0.8931
itemcoverage@15 : 0.9203
itemcoverage@20 : 0.9352
giniindex@5 : 0.6996
giniindex@10 : 0.7014
giniindex@15 : 0.7017
giniindex@20 : 0.7017
Fri 15 May 2026 20:09:34 INFO  Saving current: saved/SASRec_30music__days[125-65]_pcount[25]_ptime[60-1000000]_length[2-100]_recent[100]/SASRec-May-15-2026_18-37-17.pth
Fri 15 May 2026 20:20:50 INFO  epoch 8 training [time: 676.20s, train loss: 3817.8471]
Fri 15 May 2026 20:21:11 INFO  epoch 8 evaluating [time: 20.46s, valid_score: 0.268200]
Fri 15 May 2026 20:21:11 INFO  valid result: 
recall@5 : 0.3875
recall@10 : 0.4533
recall@15 : 0.4863
recall@20 : 0.5067
precision@5 : 0.0775
precision@10 : 0.0453
precision@15 : 0.0324
precision@20 : 0.0253
mrr@5 : 0.2594
mrr@10 : 0.2682
mrr@15 : 0.2708
mrr@20 : 0.272
map@5 : 0.2594
map@10 : 0.2682
map@15 : 0.2708
map@20 : 0.272
hit@5 : 0.3875
hit@10 : 0.4533
hit@15 : 0.4863
hit@20 : 0.5067
ndcg@5 : 0.2915
ndcg@10 : 0.3129
ndcg@15 : 0.3216
ndcg@20 : 0.3264
averagepopularity@5 : 75.8629
averagepopularity@10 : 78.768
averagepopularity@15 : 78.9432
averagepopularity@20 : 78.7092
itemcoverage@5 : 0.8316
itemcoverage@10 : 0.8988
itemcoverage@15 : 0.9252
itemcoverage@20 : 0.9398
giniindex@5 : 0.6971
giniindex@10 : 0.6991
giniindex@15 : 0.6996
giniindex@20 : 0.6996
Fri 15 May 2026 20:21:11 INFO  Saving current: saved/SASRec_30music__days[125-65]_pcount[25]_ptime[60-1000000]_length[2-100]_recent[100]/SASRec-May-15-2026_18-37-17.pth
Fri 15 May 2026 20:31:39 INFO  epoch 9 training [time: 628.01s, train loss: 3777.1883]
Fri 15 May 2026 20:31:57 INFO  epoch 9 evaluating [time: 17.43s, valid_score: 0.273700]
Fri 15 May 2026 20:31:57 INFO  valid result: 
recall@5 : 0.3902
recall@10 : 0.4544
recall@15 : 0.4871
recall@20 : 0.5072
precision@5 : 0.078
precision@10 : 0.0454
precision@15 : 0.0325
precision@20 : 0.0254
mrr@5 : 0.2651
mrr@10 : 0.2737
mrr@15 : 0.2763
mrr@20 : 0.2774
map@5 : 0.2651
map@10 : 0.2737
map@15 : 0.2763
map@20 : 0.2774
hit@5 : 0.3902
hit@10 : 0.4544
hit@15 : 0.4871
hit@20 : 0.5072
ndcg@5 : 0.2965
ndcg@10 : 0.3173
ndcg@15 : 0.3259
ndcg@20 : 0.3307
averagepopularity@5 : 72.1118
averagepopularity@10 : 75.4693
averagepopularity@15 : 75.9947
averagepopularity@20 : 75.9066
itemcoverage@5 : 0.8345
itemcoverage@10 : 0.9023
itemcoverage@15 : 0.9286
itemcoverage@20 : 0.9429
giniindex@5 : 0.6953
giniindex@10 : 0.6978
giniindex@15 : 0.6986
giniindex@20 : 0.6984
Fri 15 May 2026 20:31:57 INFO  Saving current: saved/SASRec_30music__days[125-65]_pcount[25]_ptime[60-1000000]_length[2-100]_recent[100]/SASRec-May-15-2026_18-37-17.pth
Fri 15 May 2026 20:41:58 INFO  epoch 10 training [time: 601.02s, train loss: 3742.3400]
Fri 15 May 2026 20:42:15 INFO  epoch 10 evaluating [time: 16.83s, valid_score: 0.276500]
Fri 15 May 2026 20:42:15 INFO  valid result: 
recall@5 : 0.3911
recall@10 : 0.4546
recall@15 : 0.4872
recall@20 : 0.5076
precision@5 : 0.0782
precision@10 : 0.0455
precision@15 : 0.0325
precision@20 : 0.0254
mrr@5 : 0.2679
mrr@10 : 0.2765
mrr@15 : 0.279
mrr@20 : 0.2802
map@5 : 0.2679
map@10 : 0.2765
map@15 : 0.279
map@20 : 0.2802
hit@5 : 0.3911
hit@10 : 0.4546
hit@15 : 0.4872
hit@20 : 0.5076
ndcg@5 : 0.2989
ndcg@10 : 0.3194
ndcg@15 : 0.3281
ndcg@20 : 0.3329
averagepopularity@5 : 73.3065
averagepopularity@10 : 76.5292
averagepopularity@15 : 76.9476
averagepopularity@20 : 76.7522
itemcoverage@5 : 0.8384
itemcoverage@10 : 0.9061
itemcoverage@15 : 0.9322
itemcoverage@20 : 0.9452
giniindex@5 : 0.6929
giniindex@10 : 0.6948
giniindex@15 : 0.6952
giniindex@20 : 0.6948
Fri 15 May 2026 20:42:15 INFO  Saving current: saved/SASRec_30music__days[125-65]_pcount[25]_ptime[60-1000000]_length[2-100]_recent[100]/SASRec-May-15-2026_18-37-17.pth
Fri 15 May 2026 20:52:14 INFO  epoch 11 training [time: 598.63s, train loss: 3710.1834]
Fri 15 May 2026 20:52:31 INFO  epoch 11 evaluating [time: 16.68s, valid_score: 0.280000]
Fri 15 May 2026 20:52:31 INFO  valid result: 
recall@5 : 0.3924
recall@10 : 0.4553
recall@15 : 0.4874
recall@20 : 0.5078
precision@5 : 0.0785
precision@10 : 0.0455
precision@15 : 0.0325
precision@20 : 0.0254
mrr@5 : 0.2715
mrr@10 : 0.28
mrr@15 : 0.2825
mrr@20 : 0.2837
map@5 : 0.2715
map@10 : 0.28
map@15 : 0.2825
map@20 : 0.2837
hit@5 : 0.3924
hit@10 : 0.4553
hit@15 : 0.4874
hit@20 : 0.5078
ndcg@5 : 0.3019
ndcg@10 : 0.3223
ndcg@15 : 0.3308
ndcg@20 : 0.3356
averagepopularity@5 : 73.5652
averagepopularity@10 : 76.9941
averagepopularity@15 : 77.2698
averagepopularity@20 : 76.8896
itemcoverage@5 : 0.8389
itemcoverage@10 : 0.9056
itemcoverage@15 : 0.9311
itemcoverage@20 : 0.9451
giniindex@5 : 0.6936
giniindex@10 : 0.6964
giniindex@15 : 0.6972
giniindex@20 : 0.6969
Fri 15 May 2026 20:52:31 INFO  Saving current: saved/SASRec_30music__days[125-65]_pcount[25]_ptime[60-1000000]_length[2-100]_recent[100]/SASRec-May-15-2026_18-37-17.pth
Fri 15 May 2026 21:02:29 INFO  epoch 12 training [time: 597.87s, train loss: 3681.5976]
Fri 15 May 2026 21:02:46 INFO  epoch 12 evaluating [time: 16.66s, valid_score: 0.284100]
Fri 15 May 2026 21:02:46 INFO  valid result: 
recall@5 : 0.3944
recall@10 : 0.4557
recall@15 : 0.4879
recall@20 : 0.5082
precision@5 : 0.0789
precision@10 : 0.0456
precision@15 : 0.0325
precision@20 : 0.0254
mrr@5 : 0.2759
mrr@10 : 0.2841
mrr@15 : 0.2867
mrr@20 : 0.2878
map@5 : 0.2759
map@10 : 0.2841
map@15 : 0.2867
map@20 : 0.2878
hit@5 : 0.3944
hit@10 : 0.4557
hit@15 : 0.4879
hit@20 : 0.5082
ndcg@5 : 0.3056
ndcg@10 : 0.3255
ndcg@15 : 0.3341
ndcg@20 : 0.3389
averagepopularity@5 : 72.4287
averagepopularity@10 : 75.5262
averagepopularity@15 : 75.7606
averagepopularity@20 : 75.466
itemcoverage@5 : 0.8433
itemcoverage@10 : 0.9095
itemcoverage@15 : 0.9347
itemcoverage@20 : 0.948
giniindex@5 : 0.6887
giniindex@10 : 0.6909
giniindex@15 : 0.6912
giniindex@20 : 0.6907
Fri 15 May 2026 21:02:46 INFO  Saving current: saved/SASRec_30music__days[125-65]_pcount[25]_ptime[60-1000000]_length[2-100]_recent[100]/SASRec-May-15-2026_18-37-17.pth
Fri 15 May 2026 21:12:45 INFO  epoch 13 training [time: 598.44s, train loss: 3656.3633]
Fri 15 May 2026 21:13:01 INFO  epoch 13 evaluating [time: 16.67s, valid_score: 0.286200]
Fri 15 May 2026 21:13:01 INFO  valid result: 
recall@5 : 0.3958
recall@10 : 0.4565
recall@15 : 0.4881
recall@20 : 0.509
precision@5 : 0.0792
precision@10 : 0.0457
precision@15 : 0.0325
precision@20 : 0.0255
mrr@5 : 0.278
mrr@10 : 0.2862
mrr@15 : 0.2887
mrr@20 : 0.2899
map@5 : 0.278
map@10 : 0.2862
map@15 : 0.2887
map@20 : 0.2899
hit@5 : 0.3958
hit@10 : 0.4565
hit@15 : 0.4881
hit@20 : 0.509
ndcg@5 : 0.3076
ndcg@10 : 0.3273
ndcg@15 : 0.3357
ndcg@20 : 0.3406
averagepopularity@5 : 72.576
averagepopularity@10 : 75.7919
averagepopularity@15 : 76.0774
averagepopularity@20 : 75.8098
itemcoverage@5 : 0.842
itemcoverage@10 : 0.9089
itemcoverage@15 : 0.9337
itemcoverage@20 : 0.9469
giniindex@5 : 0.6909
giniindex@10 : 0.6937
giniindex@15 : 0.6945
giniindex@20 : 0.6944
Fri 15 May 2026 21:13:02 INFO  Saving current: saved/SASRec_30music__days[125-65]_pcount[25]_ptime[60-1000000]_length[2-100]_recent[100]/SASRec-May-15-2026_18-37-17.pth
Fri 15 May 2026 21:23:00 INFO  epoch 14 training [time: 598.75s, train loss: 3632.1176]
Fri 15 May 2026 21:23:17 INFO  epoch 14 evaluating [time: 16.77s, valid_score: 0.289700]
Fri 15 May 2026 21:23:17 INFO  valid result: 
recall@5 : 0.3969
recall@10 : 0.4571
recall@15 : 0.4884
recall@20 : 0.5088
precision@5 : 0.0794
precision@10 : 0.0457
precision@15 : 0.0326
precision@20 : 0.0254
mrr@5 : 0.2817
mrr@10 : 0.2897
mrr@15 : 0.2922
mrr@20 : 0.2934
map@5 : 0.2817
map@10 : 0.2897
map@15 : 0.2922
map@20 : 0.2934
hit@5 : 0.3969
hit@10 : 0.4571
hit@15 : 0.4884
hit@20 : 0.5088
ndcg@5 : 0.3106
ndcg@10 : 0.3301
ndcg@15 : 0.3384
ndcg@20 : 0.3433
averagepopularity@5 : 72.346
averagepopularity@10 : 75.63
averagepopularity@15 : 75.9367
averagepopularity@20 : 75.6477
itemcoverage@5 : 0.8471
itemcoverage@10 : 0.9128
itemcoverage@15 : 0.9365
itemcoverage@20 : 0.9496
giniindex@5 : 0.6861
giniindex@10 : 0.6885
giniindex@15 : 0.6887
giniindex@20 : 0.688
Fri 15 May 2026 21:23:18 INFO  Saving current: saved/SASRec_30music__days[125-65]_pcount[25]_ptime[60-1000000]_length[2-100]_recent[100]/SASRec-May-15-2026_18-37-17.pth
Fri 15 May 2026 21:33:16 INFO  epoch 15 training [time: 598.48s, train loss: 3611.3249]
Fri 15 May 2026 21:33:33 INFO  epoch 15 evaluating [time: 16.86s, valid_score: 0.292800]
Fri 15 May 2026 21:33:33 INFO  valid result: 
recall@5 : 0.3981
recall@10 : 0.4572
recall@15 : 0.4889
recall@20 : 0.5086
precision@5 : 0.0796
precision@10 : 0.0457
precision@15 : 0.0326
precision@20 : 0.0254
mrr@5 : 0.2849
mrr@10 : 0.2928
mrr@15 : 0.2953
mrr@20 : 0.2964
map@5 : 0.2849
map@10 : 0.2928
map@15 : 0.2953
map@20 : 0.2964
hit@5 : 0.3981
hit@10 : 0.4572
hit@15 : 0.4889
hit@20 : 0.5086
ndcg@5 : 0.3133
ndcg@10 : 0.3325
ndcg@15 : 0.3409
ndcg@20 : 0.3456
averagepopularity@5 : 70.3648
averagepopularity@10 : 73.3907
averagepopularity@15 : 73.6163
averagepopularity@20 : 73.2814
itemcoverage@5 : 0.8493
itemcoverage@10 : 0.9138
itemcoverage@15 : 0.9384
itemcoverage@20 : 0.9507
giniindex@5 : 0.6825
giniindex@10 : 0.6846
giniindex@15 : 0.6844
giniindex@20 : 0.6836
Fri 15 May 2026 21:33:33 INFO  Saving current: saved/SASRec_30music__days[125-65]_pcount[25]_ptime[60-1000000]_length[2-100]_recent[100]/SASRec-May-15-2026_18-37-17.pth
Fri 15 May 2026 21:43:33 INFO  epoch 16 training [time: 599.89s, train loss: 3591.9692]
Fri 15 May 2026 21:43:50 INFO  epoch 16 evaluating [time: 16.60s, valid_score: 0.293400]
Fri 15 May 2026 21:43:50 INFO  valid result: 
recall@5 : 0.3986
recall@10 : 0.4579
recall@15 : 0.4895
recall@20 : 0.5092
precision@5 : 0.0797
precision@10 : 0.0458
precision@15 : 0.0326
precision@20 : 0.0255
mrr@5 : 0.2854
mrr@10 : 0.2934
mrr@15 : 0.2959
mrr@20 : 0.297
map@5 : 0.2854
map@10 : 0.2934
map@15 : 0.2959
map@20 : 0.297
hit@5 : 0.3986
hit@10 : 0.4579
hit@15 : 0.4895
hit@20 : 0.5092
ndcg@5 : 0.3139
ndcg@10 : 0.3331
ndcg@15 : 0.3414
ndcg@20 : 0.3461
averagepopularity@5 : 72.6866
averagepopularity@10 : 76.1799
averagepopularity@15 : 76.5814
averagepopularity@20 : 76.3813
itemcoverage@5 : 0.8491
itemcoverage@10 : 0.9135
itemcoverage@15 : 0.9372
itemcoverage@20 : 0.9496
giniindex@5 : 0.6868
giniindex@10 : 0.6898
giniindex@15 : 0.69
giniindex@20 : 0.6893
Fri 15 May 2026 21:43:50 INFO  Saving current: saved/SASRec_30music__days[125-65]_pcount[25]_ptime[60-1000000]_length[2-100]_recent[100]/SASRec-May-15-2026_18-37-17.pth
Fri 15 May 2026 21:53:47 INFO  epoch 17 training [time: 596.88s, train loss: 3573.0370]
Fri 15 May 2026 21:54:04 INFO  epoch 17 evaluating [time: 16.63s, valid_score: 0.297100]
Fri 15 May 2026 21:54:04 INFO  valid result: 
recall@5 : 0.4002
recall@10 : 0.4577
recall@15 : 0.4887
recall@20 : 0.5087
precision@5 : 0.08
precision@10 : 0.0458
precision@15 : 0.0326
precision@20 : 0.0254
mrr@5 : 0.2894
mrr@10 : 0.2971
mrr@15 : 0.2995
mrr@20 : 0.3007
map@5 : 0.2894
map@10 : 0.2971
map@15 : 0.2995
map@20 : 0.3007
hit@5 : 0.4002
hit@10 : 0.4577
hit@15 : 0.4887
hit@20 : 0.5087
ndcg@5 : 0.3172
ndcg@10 : 0.3359
ndcg@15 : 0.3441
ndcg@20 : 0.3488
averagepopularity@5 : 69.1131
averagepopularity@10 : 71.8703
averagepopularity@15 : 72.0911
averagepopularity@20 : 71.6765
itemcoverage@5 : 0.8531
itemcoverage@10 : 0.917
itemcoverage@15 : 0.9401
itemcoverage@20 : 0.9517
giniindex@5 : 0.679
giniindex@10 : 0.6808
giniindex@15 : 0.6803
giniindex@20 : 0.6787
Fri 15 May 2026 21:54:04 INFO  Saving current: saved/SASRec_30music__days[125-65]_pcount[25]_ptime[60-1000000]_length[2-100]_recent[100]/SASRec-May-15-2026_18-37-17.pth
Fri 15 May 2026 22:04:00 INFO  epoch 18 training [time: 595.60s, train loss: 3554.8041]
Fri 15 May 2026 22:04:16 INFO  epoch 18 evaluating [time: 16.60s, valid_score: 0.298600]
Fri 15 May 2026 22:04:16 INFO  valid result: 
recall@5 : 0.4008
recall@10 : 0.4583
recall@15 : 0.489
recall@20 : 0.5088
precision@5 : 0.0802
precision@10 : 0.0458
precision@15 : 0.0326
precision@20 : 0.0254
mrr@5 : 0.2909
mrr@10 : 0.2986
mrr@15 : 0.3011
mrr@20 : 0.3022
map@5 : 0.2909
map@10 : 0.2986
map@15 : 0.3011
map@20 : 0.3022
hit@5 : 0.4008
hit@10 : 0.4583
hit@15 : 0.489
hit@20 : 0.5088
ndcg@5 : 0.3185
ndcg@10 : 0.3371
ndcg@15 : 0.3453
ndcg@20 : 0.35
averagepopularity@5 : 72.3584
averagepopularity@10 : 75.5979
averagepopularity@15 : 75.8381
averagepopularity@20 : 75.472
itemcoverage@5 : 0.8505
itemcoverage@10 : 0.9147
itemcoverage@15 : 0.9384
itemcoverage@20 : 0.9506
giniindex@5 : 0.6838
giniindex@10 : 0.6867
giniindex@15 : 0.6868
giniindex@20 : 0.6856
Fri 15 May 2026 22:04:17 INFO  Saving current: saved/SASRec_30music__days[125-65]_pcount[25]_ptime[60-1000000]_length[2-100]_recent[100]/SASRec-May-15-2026_18-37-17.pth
Fri 15 May 2026 22:14:14 INFO  epoch 19 training [time: 596.68s, train loss: 3538.1034]
Fri 15 May 2026 22:14:30 INFO  epoch 19 evaluating [time: 16.69s, valid_score: 0.300400]
Fri 15 May 2026 22:14:30 INFO  valid result: 
recall@5 : 0.4018
recall@10 : 0.4582
recall@15 : 0.4891
recall@20 : 0.5088
precision@5 : 0.0804
precision@10 : 0.0458
precision@15 : 0.0326
precision@20 : 0.0254
mrr@5 : 0.2928
mrr@10 : 0.3004
mrr@15 : 0.3028
mrr@20 : 0.3039
map@5 : 0.2928
map@10 : 0.3004
map@15 : 0.3028
map@20 : 0.3039
hit@5 : 0.4018
hit@10 : 0.4582
hit@15 : 0.4891
hit@20 : 0.5088
ndcg@5 : 0.3202
ndcg@10 : 0.3385
ndcg@15 : 0.3467
ndcg@20 : 0.3513
averagepopularity@5 : 70.372
averagepopularity@10 : 73.4582
averagepopularity@15 : 73.6727
averagepopularity@20 : 73.3229
itemcoverage@5 : 0.8554
itemcoverage@10 : 0.9184
itemcoverage@15 : 0.9409
itemcoverage@20 : 0.9525
giniindex@5 : 0.6783
giniindex@10 : 0.6807
giniindex@15 : 0.6802
giniindex@20 : 0.6789
Fri 15 May 2026 22:14:31 INFO  Saving current: saved/SASRec_30music__days[125-65]_pcount[25]_ptime[60-1000000]_length[2-100]_recent[100]/SASRec-May-15-2026_18-37-17.pth
Fri 15 May 2026 22:14:31 INFO  Loading model structure and parameters from saved/SASRec_30music__days[125-65]_pcount[25]_ptime[60-1000000]_length[2-100]_recent[100]/SASRec-May-15-2026_18-37-17.pth
