Sun 17 May 2026 09:22:51 INFO  
General Hyper Parameters:
gpu_id = 0
use_gpu = True
seed = 2020
state = INFO
reproducibility = True
data_path = dataset/30music__days[185-125]_pcount[25]_ptime[60-1000000]_length[2-100]_recent[100]
checkpoint_dir = saved/SASRec_30music__days[185-125]_pcount[25]_ptime[60-1000000]_length[2-100]_recent[100]
show_progress = True
save_dataset = False
dataset_save_path = None
save_dataloaders = False
dataloaders_save_path = None
log_wandb = False

Training Hyper Parameters:
epochs = 20
train_batch_size = 2048
learner = adam
learning_rate = 0.001
train_neg_sample_args = {'distribution': 'none', 'sample_num': 'none', 'alpha': 'none', 'dynamic': False, 'candidate_num': 0}
eval_step = 1
stopping_step = 3
clip_grad_norm = None
weight_decay = 0.0
loss_decimal_place = 4

Evaluation Hyper Parameters:
eval_args = {'split': {'RS': [8, 1, 1]}, 'order': 'TO', 'group_by': 'user', 'mode': {'valid': 'full', 'test': 'full'}}
repeatable = True
metrics = ['Recall', 'Precision', 'MRR', 'MAP', 'Hit', 'NDCG', 'AveragePopularity', 'ItemCoverage', 'GiniIndex']
topk = [5, 10, 15, 20]
valid_metric = MRR@10
valid_metric_bigger = True
eval_batch_size = 2048
metric_decimal_place = 4

Dataset Hyper Parameters:
gpu_id = 0
worker = 0
use_gpu = True
seed = 2020
state = INFO
reproducibility = True
data_path = dataset/30music__days[185-125]_pcount[25]_ptime[60-1000000]_length[2-100]_recent[100]
checkpoint_dir = saved/SASRec_30music__days[185-125]_pcount[25]_ptime[60-1000000]_length[2-100]_recent[100]
show_progress = True
save_dataset = False
dataset_save_path = None
save_dataloaders = False
dataloaders_save_path = None
log_wandb = False
wandb_project = recbole
shuffle = True
epochs = 20
train_batch_size = 2048
learner = adam
learning_rate = 0.001
train_neg_sample_args = {'distribution': 'none', 'sample_num': 'none', 'alpha': 'none', 'dynamic': False, 'candidate_num': 0}
eval_step = 1
stopping_step = 3
clip_grad_norm = None
weight_decay = 0.0
loss_decimal_place = 4
require_pow = False
enable_amp = False
enable_scaler = False
transform = None
eval_args = {'split': {'RS': [8, 1, 1]}, 'order': 'TO', 'group_by': 'user', 'mode': {'valid': 'full', 'test': 'full'}}
repeatable = True
metrics = ['Recall', 'Precision', 'MRR', 'MAP', 'Hit', 'NDCG', 'AveragePopularity', 'ItemCoverage', 'GiniIndex']
topk = [5, 10, 15, 20]
valid_metric = MRR@10
valid_metric_bigger = True
eval_batch_size = 2048
metric_decimal_place = 4
field_separator = 	
seq_separator =  
USER_ID_FIELD = session_id
ITEM_ID_FIELD = item_id
RATING_FIELD = rating
TIME_FIELD = timestamp
seq_len = None
LABEL_FIELD = label
threshold = None
NEG_PREFIX = neg_
numerical_features = []
load_col = {'inter': ['session_id', 'item_id', 'timestamp']}
unload_col = None
unused_col = None
additional_feat_suffix = None
rm_dup_inter = None
val_interval = None
filter_inter_by_user_or_item = True
user_inter_num_interval = [0,inf)
item_inter_num_interval = [0,inf)
alias_of_user_id = None
alias_of_item_id = None
alias_of_entity_id = None
alias_of_relation_id = None
preload_weight = None
normalize_field = None
normalize_all = None
discretization = None
ITEM_LIST_LENGTH_FIELD = item_length
LIST_SUFFIX = _list
MAX_ITEM_LIST_LENGTH = 100
POSITION_FIELD = position_id
HEAD_ENTITY_ID_FIELD = head_id
TAIL_ENTITY_ID_FIELD = tail_id
RELATION_ID_FIELD = relation_id
ENTITY_ID_FIELD = entity_id
benchmark_filename = None

Other Hyper Parameters: 
n_layers = 2
n_heads = 2
hidden_size = 64
inner_size = 256
hidden_dropout_prob = 0.3
attn_dropout_prob = 0.3
hidden_act = gelu
layer_norm_eps = 1e-12
initializer_range = 0.02
loss_type = CE
kg_reverse_r = False
entity_kg_num_interval = [0,inf)
relation_kg_num_interval = [0,inf)
MODEL_TYPE = ModelType.SEQUENTIAL
neg_sampling = None
MODEL_INPUT_TYPE = InputType.POINTWISE
eval_type = EvaluatorType.RANKING
single_spec = True
local_rank = 0
device = cuda
valid_neg_sample_args = {'distribution': 'uniform', 'sample_num': 'none'}
test_neg_sample_args = {'distribution': 'uniform', 'sample_num': 'none'}


Sun 17 May 2026 09:23:00 INFO  30music__days[185-125]_pcount[25]_ptime[60-1000000]_length[2-100]_recent[100]
The number of users: 202731
Average actions of users: 9.907759088442756
The number of items: 123058
Average actions of items: 16.32251720747296
The number of inters: 2008600
The sparsity of the dataset: 99.99194874756864%
Remain Fields: ['session_id', 'item_id', 'timestamp']
Sun 17 May 2026 09:23:25 INFO  [Training]: train_batch_size = [2048] train_neg_sample_args: [{'distribution': 'none', 'sample_num': 'none', 'alpha': 'none', 'dynamic': False, 'candidate_num': 0}]
Sun 17 May 2026 09:23:25 INFO  [Evaluation]: eval_batch_size = [2048] eval_args: [{'split': {'RS': [8, 1, 1]}, 'order': 'TO', 'group_by': 'user', 'mode': {'valid': 'full', 'test': 'full'}}]
Sun 17 May 2026 09:23:25 INFO  SASRec(
  (item_embedding): Embedding(123058, 64, padding_idx=0)
  (position_embedding): Embedding(100, 64)
  (trm_encoder): TransformerEncoder(
    (layer): ModuleList(
      (0-1): 2 x TransformerLayer(
        (multi_head_attention): MultiHeadAttention(
          (query): Linear(in_features=64, out_features=64, bias=True)
          (key): Linear(in_features=64, out_features=64, bias=True)
          (value): Linear(in_features=64, out_features=64, bias=True)
          (softmax): Softmax(dim=-1)
          (attn_dropout): Dropout(p=0.3, inplace=False)
          (dense): Linear(in_features=64, out_features=64, bias=True)
          (LayerNorm): LayerNorm((64,), eps=1e-12, elementwise_affine=True)
          (out_dropout): Dropout(p=0.3, inplace=False)
        )
        (feed_forward): FeedForward(
          (dense_1): Linear(in_features=64, out_features=256, bias=True)
          (dense_2): Linear(in_features=256, out_features=64, bias=True)
          (LayerNorm): LayerNorm((64,), eps=1e-12, elementwise_affine=True)
          (dropout): Dropout(p=0.3, inplace=False)
        )
      )
    )
  )
  (LayerNorm): LayerNorm((64,), eps=1e-12, elementwise_affine=True)
  (dropout): Dropout(p=0.3, inplace=False)
  (loss_fct): CrossEntropyLoss()
)
Trainable parameters: 7982208
Sun 17 May 2026 09:32:39 INFO  epoch 0 training [time: 552.01s, train loss: 6799.7885]
Sun 17 May 2026 09:32:55 INFO  epoch 0 evaluating [time: 15.45s, valid_score: 0.122800]
Sun 17 May 2026 09:32:55 INFO  valid result: 
recall@5 : 0.1908
recall@10 : 0.2414
recall@15 : 0.2661
recall@20 : 0.281
precision@5 : 0.0382
precision@10 : 0.0241
precision@15 : 0.0177
precision@20 : 0.014
mrr@5 : 0.1161
mrr@10 : 0.1228
mrr@15 : 0.1248
mrr@20 : 0.1256
map@5 : 0.1161
map@10 : 0.1228
map@15 : 0.1248
map@20 : 0.1256
hit@5 : 0.1908
hit@10 : 0.2414
hit@15 : 0.2661
hit@20 : 0.281
ndcg@5 : 0.1346
ndcg@10 : 0.151
ndcg@15 : 0.1575
ndcg@20 : 0.161
averagepopularity@5 : 145.5798
averagepopularity@10 : 147.6948
averagepopularity@15 : 149.0586
averagepopularity@20 : 149.4448
itemcoverage@5 : 0.3002
itemcoverage@10 : 0.3723
itemcoverage@15 : 0.4163
itemcoverage@20 : 0.4475
giniindex@5 : 0.9557
giniindex@10 : 0.9563
giniindex@15 : 0.9573
giniindex@20 : 0.9581
Sun 17 May 2026 09:32:55 INFO  Saving current: saved/SASRec_30music__days[185-125]_pcount[25]_ptime[60-1000000]_length[2-100]_recent[100]/SASRec-May-17-2026_09-23-25.pth
Sun 17 May 2026 09:42:11 INFO  epoch 1 training [time: 556.32s, train loss: 5109.1170]
Sun 17 May 2026 09:42:26 INFO  epoch 1 evaluating [time: 15.04s, valid_score: 0.180600]
Sun 17 May 2026 09:42:26 INFO  valid result: 
recall@5 : 0.2989
recall@10 : 0.3679
recall@15 : 0.3991
recall@20 : 0.4175
precision@5 : 0.0598
precision@10 : 0.0368
precision@15 : 0.0266
precision@20 : 0.0209
mrr@5 : 0.1713
mrr@10 : 0.1806
mrr@15 : 0.1831
mrr@20 : 0.1841
map@5 : 0.1713
map@10 : 0.1806
map@15 : 0.1831
map@20 : 0.1841
hit@5 : 0.2989
hit@10 : 0.3679
hit@15 : 0.3991
hit@20 : 0.4175
ndcg@5 : 0.2029
ndcg@10 : 0.2253
ndcg@15 : 0.2336
ndcg@20 : 0.238
averagepopularity@5 : 85.0196
averagepopularity@10 : 87.9337
averagepopularity@15 : 89.2464
averagepopularity@20 : 90.1964
itemcoverage@5 : 0.5706
itemcoverage@10 : 0.6323
itemcoverage@15 : 0.6627
itemcoverage@20 : 0.6815
giniindex@5 : 0.8336
giniindex@10 : 0.8407
giniindex@15 : 0.8459
giniindex@20 : 0.8492
Sun 17 May 2026 09:42:27 INFO  Saving current: saved/SASRec_30music__days[185-125]_pcount[25]_ptime[60-1000000]_length[2-100]_recent[100]/SASRec-May-17-2026_09-23-25.pth
Sun 17 May 2026 09:51:29 INFO  epoch 2 training [time: 542.14s, train loss: 4367.9327]
Sun 17 May 2026 09:51:44 INFO  epoch 2 evaluating [time: 15.19s, valid_score: 0.196000]
Sun 17 May 2026 09:51:44 INFO  valid result: 
recall@5 : 0.3331
recall@10 : 0.4067
recall@15 : 0.4388
recall@20 : 0.4576
precision@5 : 0.0666
precision@10 : 0.0407
precision@15 : 0.0293
precision@20 : 0.0229
mrr@5 : 0.1861
mrr@10 : 0.196
mrr@15 : 0.1986
mrr@20 : 0.1996
map@5 : 0.1861
map@10 : 0.196
map@15 : 0.1986
map@20 : 0.1996
hit@5 : 0.3331
hit@10 : 0.4067
hit@15 : 0.4388
hit@20 : 0.4576
ndcg@5 : 0.2226
ndcg@10 : 0.2465
ndcg@15 : 0.255
ndcg@20 : 0.2595
averagepopularity@5 : 74.4518
averagepopularity@10 : 77.6468
averagepopularity@15 : 78.5714
averagepopularity@20 : 79.2201
itemcoverage@5 : 0.6919
itemcoverage@10 : 0.7469
itemcoverage@15 : 0.7732
itemcoverage@20 : 0.7899
giniindex@5 : 0.7658
giniindex@10 : 0.7735
giniindex@15 : 0.7778
giniindex@20 : 0.7803
Sun 17 May 2026 09:51:44 INFO  Saving current: saved/SASRec_30music__days[185-125]_pcount[25]_ptime[60-1000000]_length[2-100]_recent[100]/SASRec-May-17-2026_09-23-25.pth
Sun 17 May 2026 10:00:46 INFO  epoch 3 training [time: 541.28s, train loss: 4073.3782]
Sun 17 May 2026 10:01:01 INFO  epoch 3 evaluating [time: 15.23s, valid_score: 0.204800]
Sun 17 May 2026 10:01:01 INFO  valid result: 
recall@5 : 0.3461
recall@10 : 0.4203
recall@15 : 0.4538
recall@20 : 0.4736
precision@5 : 0.0692
precision@10 : 0.042
precision@15 : 0.0303
precision@20 : 0.0237
mrr@5 : 0.1948
mrr@10 : 0.2048
mrr@15 : 0.2075
mrr@20 : 0.2086
map@5 : 0.1948
map@10 : 0.2048
map@15 : 0.2075
map@20 : 0.2086
hit@5 : 0.3461
hit@10 : 0.4203
hit@15 : 0.4538
hit@20 : 0.4736
ndcg@5 : 0.2324
ndcg@10 : 0.2565
ndcg@15 : 0.2654
ndcg@20 : 0.2701
averagepopularity@5 : 67.8237
averagepopularity@10 : 70.7762
averagepopularity@15 : 71.6768
averagepopularity@20 : 72.332
itemcoverage@5 : 0.7534
itemcoverage@10 : 0.8121
itemcoverage@15 : 0.8399
itemcoverage@20 : 0.8563
giniindex@5 : 0.7301
giniindex@10 : 0.7345
giniindex@15 : 0.7367
giniindex@20 : 0.7383
Sun 17 May 2026 10:01:01 INFO  Saving current: saved/SASRec_30music__days[185-125]_pcount[25]_ptime[60-1000000]_length[2-100]_recent[100]/SASRec-May-17-2026_09-23-25.pth
Sun 17 May 2026 10:10:03 INFO  epoch 4 training [time: 541.69s, train loss: 3918.1494]
Sun 17 May 2026 10:10:18 INFO  epoch 4 evaluating [time: 15.09s, valid_score: 0.214500]
Sun 17 May 2026 10:10:18 INFO  valid result: 
recall@5 : 0.3553
recall@10 : 0.4276
recall@15 : 0.4616
recall@20 : 0.4814
precision@5 : 0.0711
precision@10 : 0.0428
precision@15 : 0.0308
precision@20 : 0.0241
mrr@5 : 0.2047
mrr@10 : 0.2145
mrr@15 : 0.2172
mrr@20 : 0.2183
map@5 : 0.2047
map@10 : 0.2145
map@15 : 0.2172
map@20 : 0.2183
hit@5 : 0.3553
hit@10 : 0.4276
hit@15 : 0.4616
hit@20 : 0.4814
ndcg@5 : 0.2422
ndcg@10 : 0.2657
ndcg@15 : 0.2747
ndcg@20 : 0.2794
averagepopularity@5 : 66.9846
averagepopularity@10 : 70.1326
averagepopularity@15 : 71.3357
averagepopularity@20 : 72.0315
itemcoverage@5 : 0.7856
itemcoverage@10 : 0.8492
itemcoverage@15 : 0.8782
itemcoverage@20 : 0.8954
giniindex@5 : 0.7138
giniindex@10 : 0.7168
giniindex@15 : 0.7182
giniindex@20 : 0.7192
Sun 17 May 2026 10:10:19 INFO  Saving current: saved/SASRec_30music__days[185-125]_pcount[25]_ptime[60-1000000]_length[2-100]_recent[100]/SASRec-May-17-2026_09-23-25.pth
Sun 17 May 2026 10:19:21 INFO  epoch 5 training [time: 542.38s, train loss: 3816.0188]
Sun 17 May 2026 10:19:36 INFO  epoch 5 evaluating [time: 15.13s, valid_score: 0.223000]
Sun 17 May 2026 10:19:36 INFO  valid result: 
recall@5 : 0.3595
recall@10 : 0.4317
recall@15 : 0.4646
recall@20 : 0.4848
precision@5 : 0.0719
precision@10 : 0.0432
precision@15 : 0.031
precision@20 : 0.0242
mrr@5 : 0.2132
mrr@10 : 0.223
mrr@15 : 0.2256
mrr@20 : 0.2268
map@5 : 0.2132
map@10 : 0.223
map@15 : 0.2256
map@20 : 0.2268
hit@5 : 0.3595
hit@10 : 0.4317
hit@15 : 0.4646
hit@20 : 0.4848
ndcg@5 : 0.2497
ndcg@10 : 0.2732
ndcg@15 : 0.2819
ndcg@20 : 0.2867
averagepopularity@5 : 66.3755
averagepopularity@10 : 69.5976
averagepopularity@15 : 70.684
averagepopularity@20 : 71.2971
itemcoverage@5 : 0.8027
itemcoverage@10 : 0.8694
itemcoverage@15 : 0.8982
itemcoverage@20 : 0.9148
giniindex@5 : 0.7047
giniindex@10 : 0.7066
giniindex@15 : 0.7074
giniindex@20 : 0.7082
Sun 17 May 2026 10:19:37 INFO  Saving current: saved/SASRec_30music__days[185-125]_pcount[25]_ptime[60-1000000]_length[2-100]_recent[100]/SASRec-May-17-2026_09-23-25.pth
Sun 17 May 2026 10:28:40 INFO  epoch 6 training [time: 543.27s, train loss: 3739.3586]
Sun 17 May 2026 10:28:55 INFO  epoch 6 evaluating [time: 15.18s, valid_score: 0.231300]
Sun 17 May 2026 10:28:55 INFO  valid result: 
recall@5 : 0.3639
recall@10 : 0.4329
recall@15 : 0.467
recall@20 : 0.4872
precision@5 : 0.0728
precision@10 : 0.0433
precision@15 : 0.0311
precision@20 : 0.0244
mrr@5 : 0.222
mrr@10 : 0.2313
mrr@15 : 0.234
mrr@20 : 0.2351
map@5 : 0.222
map@10 : 0.2313
map@15 : 0.234
map@20 : 0.2351
hit@5 : 0.3639
hit@10 : 0.4329
hit@15 : 0.467
hit@20 : 0.4872
ndcg@5 : 0.2575
ndcg@10 : 0.2799
ndcg@15 : 0.2889
ndcg@20 : 0.2937
averagepopularity@5 : 65.7096
averagepopularity@10 : 69.0449
averagepopularity@15 : 70.0842
averagepopularity@20 : 70.6346
itemcoverage@5 : 0.8146
itemcoverage@10 : 0.8835
itemcoverage@15 : 0.9127
itemcoverage@20 : 0.9288
giniindex@5 : 0.698
giniindex@10 : 0.6998
giniindex@15 : 0.7013
giniindex@20 : 0.702
Sun 17 May 2026 10:28:55 INFO  Saving current: saved/SASRec_30music__days[185-125]_pcount[25]_ptime[60-1000000]_length[2-100]_recent[100]/SASRec-May-17-2026_09-23-25.pth
Sun 17 May 2026 10:37:58 INFO  epoch 7 training [time: 542.34s, train loss: 3680.3210]
Sun 17 May 2026 10:38:13 INFO  epoch 7 evaluating [time: 15.12s, valid_score: 0.239000]
Sun 17 May 2026 10:38:13 INFO  valid result: 
recall@5 : 0.3674
recall@10 : 0.4352
recall@15 : 0.4686
recall@20 : 0.4886
precision@5 : 0.0735
precision@10 : 0.0435
precision@15 : 0.0312
precision@20 : 0.0244
mrr@5 : 0.2298
mrr@10 : 0.239
mrr@15 : 0.2416
mrr@20 : 0.2428
map@5 : 0.2298
map@10 : 0.239
map@15 : 0.2416
map@20 : 0.2428
hit@5 : 0.3674
hit@10 : 0.4352
hit@15 : 0.4686
hit@20 : 0.4886
ndcg@5 : 0.2643
ndcg@10 : 0.2863
ndcg@15 : 0.2951
ndcg@20 : 0.2999
averagepopularity@5 : 65.9856
averagepopularity@10 : 69.075
averagepopularity@15 : 70.0438
averagepopularity@20 : 70.5273
itemcoverage@5 : 0.8258
itemcoverage@10 : 0.8944
itemcoverage@15 : 0.922
itemcoverage@20 : 0.9372
giniindex@5 : 0.691
giniindex@10 : 0.6919
giniindex@15 : 0.6929
giniindex@20 : 0.6935
Sun 17 May 2026 10:38:13 INFO  Saving current: saved/SASRec_30music__days[185-125]_pcount[25]_ptime[60-1000000]_length[2-100]_recent[100]/SASRec-May-17-2026_09-23-25.pth
Sun 17 May 2026 10:47:15 INFO  epoch 8 training [time: 542.22s, train loss: 3632.0894]
Sun 17 May 2026 10:47:31 INFO  epoch 8 evaluating [time: 15.13s, valid_score: 0.245600]
Sun 17 May 2026 10:47:31 INFO  valid result: 
recall@5 : 0.3692
recall@10 : 0.4364
recall@15 : 0.469
recall@20 : 0.4897
precision@5 : 0.0738
precision@10 : 0.0436
precision@15 : 0.0313
precision@20 : 0.0245
mrr@5 : 0.2366
mrr@10 : 0.2456
mrr@15 : 0.2482
mrr@20 : 0.2494
map@5 : 0.2366
map@10 : 0.2456
map@15 : 0.2482
map@20 : 0.2494
hit@5 : 0.3692
hit@10 : 0.4364
hit@15 : 0.469
hit@20 : 0.4897
ndcg@5 : 0.2698
ndcg@10 : 0.2916
ndcg@15 : 0.3002
ndcg@20 : 0.3051
averagepopularity@5 : 66.5488
averagepopularity@10 : 69.8296
averagepopularity@15 : 70.7746
averagepopularity@20 : 71.2574
itemcoverage@5 : 0.8288
itemcoverage@10 : 0.898
itemcoverage@15 : 0.9256
itemcoverage@20 : 0.9407
giniindex@5 : 0.691
giniindex@10 : 0.6932
giniindex@15 : 0.6949
giniindex@20 : 0.6957
Sun 17 May 2026 10:47:31 INFO  Saving current: saved/SASRec_30music__days[185-125]_pcount[25]_ptime[60-1000000]_length[2-100]_recent[100]/SASRec-May-17-2026_09-23-25.pth
Sun 17 May 2026 10:56:29 INFO  epoch 9 training [time: 537.75s, train loss: 3591.3393]
Sun 17 May 2026 10:56:44 INFO  epoch 9 evaluating [time: 15.22s, valid_score: 0.252000]
Sun 17 May 2026 10:56:44 INFO  valid result: 
recall@5 : 0.3721
recall@10 : 0.4366
recall@15 : 0.4696
recall@20 : 0.4899
precision@5 : 0.0744
precision@10 : 0.0437
precision@15 : 0.0313
precision@20 : 0.0245
mrr@5 : 0.2433
mrr@10 : 0.252
mrr@15 : 0.2547
mrr@20 : 0.2558
map@5 : 0.2433
map@10 : 0.252
map@15 : 0.2547
map@20 : 0.2558
hit@5 : 0.3721
hit@10 : 0.4366
hit@15 : 0.4696
hit@20 : 0.4899
ndcg@5 : 0.2756
ndcg@10 : 0.2966
ndcg@15 : 0.3053
ndcg@20 : 0.3101
averagepopularity@5 : 67.1757
averagepopularity@10 : 70.4298
averagepopularity@15 : 71.317
averagepopularity@20 : 71.6595
itemcoverage@5 : 0.8351
itemcoverage@10 : 0.9039
itemcoverage@15 : 0.9303
itemcoverage@20 : 0.9448
giniindex@5 : 0.6854
giniindex@10 : 0.687
giniindex@15 : 0.6881
giniindex@20 : 0.6885
Sun 17 May 2026 10:56:44 INFO  Saving current: saved/SASRec_30music__days[185-125]_pcount[25]_ptime[60-1000000]_length[2-100]_recent[100]/SASRec-May-17-2026_09-23-25.pth
Sun 17 May 2026 11:05:46 INFO  epoch 10 training [time: 541.56s, train loss: 3554.8108]
Sun 17 May 2026 11:06:01 INFO  epoch 10 evaluating [time: 15.14s, valid_score: 0.257400]
Sun 17 May 2026 11:06:01 INFO  valid result: 
recall@5 : 0.3744
recall@10 : 0.4377
recall@15 : 0.4703
recall@20 : 0.4911
precision@5 : 0.0749
precision@10 : 0.0438
precision@15 : 0.0314
precision@20 : 0.0246
mrr@5 : 0.2489
mrr@10 : 0.2574
mrr@15 : 0.26
mrr@20 : 0.2612
map@5 : 0.2489
map@10 : 0.2574
map@15 : 0.26
map@20 : 0.2612
hit@5 : 0.3744
hit@10 : 0.4377
hit@15 : 0.4703
hit@20 : 0.4911
ndcg@5 : 0.2804
ndcg@10 : 0.3009
ndcg@15 : 0.3095
ndcg@20 : 0.3145
averagepopularity@5 : 64.6925
averagepopularity@10 : 67.847
averagepopularity@15 : 68.645
averagepopularity@20 : 68.9681
itemcoverage@5 : 0.8386
itemcoverage@10 : 0.9066
itemcoverage@15 : 0.9331
itemcoverage@20 : 0.9471
giniindex@5 : 0.6826
giniindex@10 : 0.6841
giniindex@15 : 0.685
giniindex@20 : 0.6855
Sun 17 May 2026 11:06:01 INFO  Saving current: saved/SASRec_30music__days[185-125]_pcount[25]_ptime[60-1000000]_length[2-100]_recent[100]/SASRec-May-17-2026_09-23-25.pth
Sun 17 May 2026 11:15:01 INFO  epoch 11 training [time: 539.06s, train loss: 3524.9523]
Sun 17 May 2026 11:15:16 INFO  epoch 11 evaluating [time: 15.16s, valid_score: 0.261100]
Sun 17 May 2026 11:15:16 INFO  valid result: 
recall@5 : 0.3755
recall@10 : 0.4388
recall@15 : 0.4713
recall@20 : 0.4913
precision@5 : 0.0751
precision@10 : 0.0439
precision@15 : 0.0314
precision@20 : 0.0246
mrr@5 : 0.2526
mrr@10 : 0.2611
mrr@15 : 0.2636
mrr@20 : 0.2648
map@5 : 0.2526
map@10 : 0.2611
map@15 : 0.2636
map@20 : 0.2648
hit@5 : 0.3755
hit@10 : 0.4388
hit@15 : 0.4713
hit@20 : 0.4913
ndcg@5 : 0.2834
ndcg@10 : 0.3039
ndcg@15 : 0.3126
ndcg@20 : 0.3173
averagepopularity@5 : 66.974
averagepopularity@10 : 70.5203
averagepopularity@15 : 71.4557
averagepopularity@20 : 71.826
itemcoverage@5 : 0.8375
itemcoverage@10 : 0.9055
itemcoverage@15 : 0.9323
itemcoverage@20 : 0.9467
giniindex@5 : 0.6867
giniindex@10 : 0.6898
giniindex@15 : 0.6913
giniindex@20 : 0.6919
Sun 17 May 2026 11:15:16 INFO  Saving current: saved/SASRec_30music__days[185-125]_pcount[25]_ptime[60-1000000]_length[2-100]_recent[100]/SASRec-May-17-2026_09-23-25.pth
Sun 17 May 2026 11:24:17 INFO  epoch 12 training [time: 541.06s, train loss: 3496.5140]
Sun 17 May 2026 11:24:32 INFO  epoch 12 evaluating [time: 15.15s, valid_score: 0.264900]
Sun 17 May 2026 11:24:32 INFO  valid result: 
recall@5 : 0.3772
recall@10 : 0.4385
recall@15 : 0.4709
recall@20 : 0.4915
precision@5 : 0.0754
precision@10 : 0.0439
precision@15 : 0.0314
precision@20 : 0.0246
mrr@5 : 0.2567
mrr@10 : 0.2649
mrr@15 : 0.2675
mrr@20 : 0.2686
map@5 : 0.2567
map@10 : 0.2649
map@15 : 0.2675
map@20 : 0.2686
hit@5 : 0.3772
hit@10 : 0.4385
hit@15 : 0.4709
hit@20 : 0.4915
ndcg@5 : 0.2869
ndcg@10 : 0.3068
ndcg@15 : 0.3154
ndcg@20 : 0.3203
averagepopularity@5 : 65.2923
averagepopularity@10 : 68.4618
averagepopularity@15 : 69.2263
averagepopularity@20 : 69.5298
itemcoverage@5 : 0.8414
itemcoverage@10 : 0.909
itemcoverage@15 : 0.9346
itemcoverage@20 : 0.948
giniindex@5 : 0.6821
giniindex@10 : 0.685
giniindex@15 : 0.6862
giniindex@20 : 0.6864
Sun 17 May 2026 11:24:33 INFO  Saving current: saved/SASRec_30music__days[185-125]_pcount[25]_ptime[60-1000000]_length[2-100]_recent[100]/SASRec-May-17-2026_09-23-25.pth
Sun 17 May 2026 11:33:33 INFO  epoch 13 training [time: 540.78s, train loss: 3471.1220]
Sun 17 May 2026 11:33:49 INFO  epoch 13 evaluating [time: 15.22s, valid_score: 0.268100]
Sun 17 May 2026 11:33:49 INFO  valid result: 
recall@5 : 0.3788
recall@10 : 0.4402
recall@15 : 0.4718
recall@20 : 0.4916
precision@5 : 0.0758
precision@10 : 0.044
precision@15 : 0.0315
precision@20 : 0.0246
mrr@5 : 0.2599
mrr@10 : 0.2681
mrr@15 : 0.2706
mrr@20 : 0.2717
map@5 : 0.2599
map@10 : 0.2681
map@15 : 0.2706
map@20 : 0.2717
hit@5 : 0.3788
hit@10 : 0.4402
hit@15 : 0.4718
hit@20 : 0.4916
ndcg@5 : 0.2898
ndcg@10 : 0.3096
ndcg@15 : 0.318
ndcg@20 : 0.3227
averagepopularity@5 : 64.2597
averagepopularity@10 : 67.4038
averagepopularity@15 : 68.1428
averagepopularity@20 : 68.4623
itemcoverage@5 : 0.8476
itemcoverage@10 : 0.9132
itemcoverage@15 : 0.9379
itemcoverage@20 : 0.951
giniindex@5 : 0.6758
giniindex@10 : 0.6777
giniindex@15 : 0.6784
giniindex@20 : 0.6786
Sun 17 May 2026 11:33:49 INFO  Saving current: saved/SASRec_30music__days[185-125]_pcount[25]_ptime[60-1000000]_length[2-100]_recent[100]/SASRec-May-17-2026_09-23-25.pth
Sun 17 May 2026 11:43:23 INFO  epoch 14 training [time: 573.75s, train loss: 3448.9379]
Sun 17 May 2026 11:43:44 INFO  epoch 14 evaluating [time: 20.69s, valid_score: 0.271500]
Sun 17 May 2026 11:43:44 INFO  valid result: 
recall@5 : 0.3801
recall@10 : 0.4403
recall@15 : 0.4718
recall@20 : 0.4912
precision@5 : 0.076
precision@10 : 0.044
precision@15 : 0.0315
precision@20 : 0.0246
mrr@5 : 0.2634
mrr@10 : 0.2715
mrr@15 : 0.2739
mrr@20 : 0.275
map@5 : 0.2634
map@10 : 0.2715
map@15 : 0.2739
map@20 : 0.275
hit@5 : 0.3801
hit@10 : 0.4403
hit@15 : 0.4718
hit@20 : 0.4912
ndcg@5 : 0.2927
ndcg@10 : 0.3122
ndcg@15 : 0.3205
ndcg@20 : 0.3251
averagepopularity@5 : 65.4008
averagepopularity@10 : 68.7395
averagepopularity@15 : 69.4106
averagepopularity@20 : 69.5659
itemcoverage@5 : 0.8476
itemcoverage@10 : 0.9139
itemcoverage@15 : 0.9379
itemcoverage@20 : 0.9505
giniindex@5 : 0.677
giniindex@10 : 0.6797
giniindex@15 : 0.6805
giniindex@20 : 0.6803
Sun 17 May 2026 11:43:44 INFO  Saving current: saved/SASRec_30music__days[185-125]_pcount[25]_ptime[60-1000000]_length[2-100]_recent[100]/SASRec-May-17-2026_09-23-25.pth
Sun 17 May 2026 11:53:41 INFO  epoch 15 training [time: 596.52s, train loss: 3427.0522]
Sun 17 May 2026 11:53:56 INFO  epoch 15 evaluating [time: 15.37s, valid_score: 0.274400]
Sun 17 May 2026 11:53:56 INFO  valid result: 
recall@5 : 0.3807
recall@10 : 0.4399
recall@15 : 0.4717
recall@20 : 0.4919
precision@5 : 0.0761
precision@10 : 0.044
precision@15 : 0.0314
precision@20 : 0.0246
mrr@5 : 0.2665
mrr@10 : 0.2744
mrr@15 : 0.277
mrr@20 : 0.2781
map@5 : 0.2665
map@10 : 0.2744
map@15 : 0.277
map@20 : 0.2781
hit@5 : 0.3807
hit@10 : 0.4399
hit@15 : 0.4717
hit@20 : 0.4919
ndcg@5 : 0.2952
ndcg@10 : 0.3144
ndcg@15 : 0.3228
ndcg@20 : 0.3276
averagepopularity@5 : 66.4388
averagepopularity@10 : 69.657
averagepopularity@15 : 70.2878
averagepopularity@20 : 70.4863
itemcoverage@5 : 0.8457
itemcoverage@10 : 0.9114
itemcoverage@15 : 0.936
itemcoverage@20 : 0.9488
giniindex@5 : 0.6786
giniindex@10 : 0.6817
giniindex@15 : 0.6831
giniindex@20 : 0.6833
Sun 17 May 2026 11:53:56 INFO  Saving current: saved/SASRec_30music__days[185-125]_pcount[25]_ptime[60-1000000]_length[2-100]_recent[100]/SASRec-May-17-2026_09-23-25.pth
Sun 17 May 2026 12:03:04 INFO  epoch 16 training [time: 547.23s, train loss: 3407.2838]
Sun 17 May 2026 12:03:19 INFO  epoch 16 evaluating [time: 15.62s, valid_score: 0.278000]
Sun 17 May 2026 12:03:19 INFO  valid result: 
recall@5 : 0.3817
recall@10 : 0.441
recall@15 : 0.4719
recall@20 : 0.4914
precision@5 : 0.0763
precision@10 : 0.0441
precision@15 : 0.0315
precision@20 : 0.0246
mrr@5 : 0.2701
mrr@10 : 0.278
mrr@15 : 0.2805
mrr@20 : 0.2816
map@5 : 0.2701
map@10 : 0.278
map@15 : 0.2805
map@20 : 0.2816
hit@5 : 0.3817
hit@10 : 0.441
hit@15 : 0.4719
hit@20 : 0.4914
ndcg@5 : 0.2981
ndcg@10 : 0.3174
ndcg@15 : 0.3255
ndcg@20 : 0.3301
averagepopularity@5 : 65.7141
averagepopularity@10 : 69.0932
averagepopularity@15 : 69.842
averagepopularity@20 : 70.033
itemcoverage@5 : 0.8498
itemcoverage@10 : 0.9151
itemcoverage@15 : 0.9386
itemcoverage@20 : 0.9508
giniindex@5 : 0.6752
giniindex@10 : 0.6777
giniindex@15 : 0.6785
giniindex@20 : 0.6785
Sun 17 May 2026 12:03:20 INFO  Saving current: saved/SASRec_30music__days[185-125]_pcount[25]_ptime[60-1000000]_length[2-100]_recent[100]/SASRec-May-17-2026_09-23-25.pth
Sun 17 May 2026 12:12:27 INFO  epoch 17 training [time: 546.97s, train loss: 3388.6005]
Sun 17 May 2026 12:12:42 INFO  epoch 17 evaluating [time: 15.32s, valid_score: 0.280600]
Sun 17 May 2026 12:12:42 INFO  valid result: 
recall@5 : 0.3832
recall@10 : 0.4408
recall@15 : 0.4718
recall@20 : 0.4917
precision@5 : 0.0766
precision@10 : 0.0441
precision@15 : 0.0315
precision@20 : 0.0246
mrr@5 : 0.2729
mrr@10 : 0.2806
mrr@15 : 0.2831
mrr@20 : 0.2842
map@5 : 0.2729
map@10 : 0.2806
map@15 : 0.2831
map@20 : 0.2842
hit@5 : 0.3832
hit@10 : 0.4408
hit@15 : 0.4718
hit@20 : 0.4917
ndcg@5 : 0.3006
ndcg@10 : 0.3193
ndcg@15 : 0.3275
ndcg@20 : 0.3322
averagepopularity@5 : 65.5178
averagepopularity@10 : 68.7602
averagepopularity@15 : 69.2111
averagepopularity@20 : 69.3152
itemcoverage@5 : 0.8516
itemcoverage@10 : 0.9152
itemcoverage@15 : 0.9383
itemcoverage@20 : 0.9511
giniindex@5 : 0.6725
giniindex@10 : 0.6747
giniindex@15 : 0.6748
giniindex@20 : 0.6739
Sun 17 May 2026 12:12:42 INFO  Saving current: saved/SASRec_30music__days[185-125]_pcount[25]_ptime[60-1000000]_length[2-100]_recent[100]/SASRec-May-17-2026_09-23-25.pth
Sun 17 May 2026 12:21:50 INFO  epoch 18 training [time: 547.70s, train loss: 3371.1614]
Sun 17 May 2026 12:22:05 INFO  epoch 18 evaluating [time: 15.32s, valid_score: 0.281900]
Sun 17 May 2026 12:22:05 INFO  valid result: 
recall@5 : 0.3835
recall@10 : 0.4407
recall@15 : 0.4724
recall@20 : 0.4921
precision@5 : 0.0767
precision@10 : 0.0441
precision@15 : 0.0315
precision@20 : 0.0246
mrr@5 : 0.2743
mrr@10 : 0.2819
mrr@15 : 0.2844
mrr@20 : 0.2856
map@5 : 0.2743
map@10 : 0.2819
map@15 : 0.2844
map@20 : 0.2856
hit@5 : 0.3835
hit@10 : 0.4407
hit@15 : 0.4724
hit@20 : 0.4921
ndcg@5 : 0.3017
ndcg@10 : 0.3203
ndcg@15 : 0.3287
ndcg@20 : 0.3333
averagepopularity@5 : 64.8574
averagepopularity@10 : 68.1695
averagepopularity@15 : 68.8672
averagepopularity@20 : 69.1391
itemcoverage@5 : 0.8493
itemcoverage@10 : 0.9129
itemcoverage@15 : 0.937
itemcoverage@20 : 0.9495
giniindex@5 : 0.6752
giniindex@10 : 0.6795
giniindex@15 : 0.6805
giniindex@20 : 0.6806
Sun 17 May 2026 12:22:06 INFO  Saving current: saved/SASRec_30music__days[185-125]_pcount[25]_ptime[60-1000000]_length[2-100]_recent[100]/SASRec-May-17-2026_09-23-25.pth
Sun 17 May 2026 12:31:14 INFO  epoch 19 training [time: 547.78s, train loss: 3355.8858]
Sun 17 May 2026 12:31:29 INFO  epoch 19 evaluating [time: 15.35s, valid_score: 0.284700]
Sun 17 May 2026 12:31:29 INFO  valid result: 
recall@5 : 0.3852
recall@10 : 0.4422
recall@15 : 0.472
recall@20 : 0.4918
precision@5 : 0.077
precision@10 : 0.0442
precision@15 : 0.0315
precision@20 : 0.0246
mrr@5 : 0.2771
mrr@10 : 0.2847
mrr@15 : 0.2871
mrr@20 : 0.2882
map@5 : 0.2771
map@10 : 0.2847
map@15 : 0.2871
map@20 : 0.2882
hit@5 : 0.3852
hit@10 : 0.4422
hit@15 : 0.472
hit@20 : 0.4918
ndcg@5 : 0.3043
ndcg@10 : 0.3227
ndcg@15 : 0.3306
ndcg@20 : 0.3353
averagepopularity@5 : 63.9045
averagepopularity@10 : 66.9932
averagepopularity@15 : 67.4041
averagepopularity@20 : 67.4957
itemcoverage@5 : 0.8535
itemcoverage@10 : 0.9164
itemcoverage@15 : 0.9402
itemcoverage@20 : 0.9519
giniindex@5 : 0.6695
giniindex@10 : 0.6718
giniindex@15 : 0.6716
giniindex@20 : 0.6708
Sun 17 May 2026 12:31:29 INFO  Saving current: saved/SASRec_30music__days[185-125]_pcount[25]_ptime[60-1000000]_length[2-100]_recent[100]/SASRec-May-17-2026_09-23-25.pth
Sun 17 May 2026 12:31:30 INFO  Loading model structure and parameters from saved/SASRec_30music__days[185-125]_pcount[25]_ptime[60-1000000]_length[2-100]_recent[100]/SASRec-May-17-2026_09-23-25.pth
