Mon 18 May 2026 12:42:21 INFO  
General Hyper Parameters:
gpu_id = 0
use_gpu = True
seed = 2020
state = INFO
reproducibility = True
data_path = dataset/30music__days[305-245]_pcount[25]_ptime[60-1000000]_length[2-100]_recent[100]
checkpoint_dir = saved/SASRec_30music__days[305-245]_pcount[25]_ptime[60-1000000]_length[2-100]_recent[100]
show_progress = True
save_dataset = False
dataset_save_path = None
save_dataloaders = False
dataloaders_save_path = None
log_wandb = False

Training Hyper Parameters:
epochs = 20
train_batch_size = 2048
learner = adam
learning_rate = 0.001
train_neg_sample_args = {'distribution': 'none', 'sample_num': 'none', 'alpha': 'none', 'dynamic': False, 'candidate_num': 0}
eval_step = 1
stopping_step = 3
clip_grad_norm = None
weight_decay = 0.0
loss_decimal_place = 4

Evaluation Hyper Parameters:
eval_args = {'split': {'RS': [8, 1, 1]}, 'order': 'TO', 'group_by': 'user', 'mode': {'valid': 'full', 'test': 'full'}}
repeatable = True
metrics = ['Recall', 'Precision', 'MRR', 'MAP', 'Hit', 'NDCG', 'AveragePopularity', 'ItemCoverage', 'GiniIndex']
topk = [5, 10, 15, 20]
valid_metric = MRR@10
valid_metric_bigger = True
eval_batch_size = 2048
metric_decimal_place = 4

Dataset Hyper Parameters:
gpu_id = 0
worker = 0
use_gpu = True
seed = 2020
state = INFO
reproducibility = True
data_path = dataset/30music__days[305-245]_pcount[25]_ptime[60-1000000]_length[2-100]_recent[100]
checkpoint_dir = saved/SASRec_30music__days[305-245]_pcount[25]_ptime[60-1000000]_length[2-100]_recent[100]
show_progress = True
save_dataset = False
dataset_save_path = None
save_dataloaders = False
dataloaders_save_path = None
log_wandb = False
wandb_project = recbole
shuffle = True
epochs = 20
train_batch_size = 2048
learner = adam
learning_rate = 0.001
train_neg_sample_args = {'distribution': 'none', 'sample_num': 'none', 'alpha': 'none', 'dynamic': False, 'candidate_num': 0}
eval_step = 1
stopping_step = 3
clip_grad_norm = None
weight_decay = 0.0
loss_decimal_place = 4
require_pow = False
enable_amp = False
enable_scaler = False
transform = None
eval_args = {'split': {'RS': [8, 1, 1]}, 'order': 'TO', 'group_by': 'user', 'mode': {'valid': 'full', 'test': 'full'}}
repeatable = True
metrics = ['Recall', 'Precision', 'MRR', 'MAP', 'Hit', 'NDCG', 'AveragePopularity', 'ItemCoverage', 'GiniIndex']
topk = [5, 10, 15, 20]
valid_metric = MRR@10
valid_metric_bigger = True
eval_batch_size = 2048
metric_decimal_place = 4
field_separator = 	
seq_separator =  
USER_ID_FIELD = session_id
ITEM_ID_FIELD = item_id
RATING_FIELD = rating
TIME_FIELD = timestamp
seq_len = None
LABEL_FIELD = label
threshold = None
NEG_PREFIX = neg_
numerical_features = []
load_col = {'inter': ['session_id', 'item_id', 'timestamp']}
unload_col = None
unused_col = None
additional_feat_suffix = None
rm_dup_inter = None
val_interval = None
filter_inter_by_user_or_item = True
user_inter_num_interval = [0,inf)
item_inter_num_interval = [0,inf)
alias_of_user_id = None
alias_of_item_id = None
alias_of_entity_id = None
alias_of_relation_id = None
preload_weight = None
normalize_field = None
normalize_all = None
discretization = None
ITEM_LIST_LENGTH_FIELD = item_length
LIST_SUFFIX = _list
MAX_ITEM_LIST_LENGTH = 100
POSITION_FIELD = position_id
HEAD_ENTITY_ID_FIELD = head_id
TAIL_ENTITY_ID_FIELD = tail_id
RELATION_ID_FIELD = relation_id
ENTITY_ID_FIELD = entity_id
benchmark_filename = None

Other Hyper Parameters: 
n_layers = 2
n_heads = 2
hidden_size = 64
inner_size = 256
hidden_dropout_prob = 0.3
attn_dropout_prob = 0.3
hidden_act = gelu
layer_norm_eps = 1e-12
initializer_range = 0.02
loss_type = CE
kg_reverse_r = False
entity_kg_num_interval = [0,inf)
relation_kg_num_interval = [0,inf)
MODEL_TYPE = ModelType.SEQUENTIAL
neg_sampling = None
MODEL_INPUT_TYPE = InputType.POINTWISE
eval_type = EvaluatorType.RANKING
single_spec = True
local_rank = 0
device = cuda
valid_neg_sample_args = {'distribution': 'uniform', 'sample_num': 'none'}
test_neg_sample_args = {'distribution': 'uniform', 'sample_num': 'none'}


Mon 18 May 2026 12:42:30 INFO  30music__days[305-245]_pcount[25]_ptime[60-1000000]_length[2-100]_recent[100]
The number of users: 215174
Average actions of users: 9.983771198059236
The number of items: 119226
Average actions of items: 18.018351855734956
The number of inters: 2148238
The sparsity of the dataset: 99.99162621844273%
Remain Fields: ['session_id', 'item_id', 'timestamp']
Mon 18 May 2026 12:42:57 INFO  [Training]: train_batch_size = [2048] train_neg_sample_args: [{'distribution': 'none', 'sample_num': 'none', 'alpha': 'none', 'dynamic': False, 'candidate_num': 0}]
Mon 18 May 2026 12:42:57 INFO  [Evaluation]: eval_batch_size = [2048] eval_args: [{'split': {'RS': [8, 1, 1]}, 'order': 'TO', 'group_by': 'user', 'mode': {'valid': 'full', 'test': 'full'}}]
Mon 18 May 2026 12:42:57 INFO  SASRec(
  (item_embedding): Embedding(119226, 64, padding_idx=0)
  (position_embedding): Embedding(100, 64)
  (trm_encoder): TransformerEncoder(
    (layer): ModuleList(
      (0-1): 2 x TransformerLayer(
        (multi_head_attention): MultiHeadAttention(
          (query): Linear(in_features=64, out_features=64, bias=True)
          (key): Linear(in_features=64, out_features=64, bias=True)
          (value): Linear(in_features=64, out_features=64, bias=True)
          (softmax): Softmax(dim=-1)
          (attn_dropout): Dropout(p=0.3, inplace=False)
          (dense): Linear(in_features=64, out_features=64, bias=True)
          (LayerNorm): LayerNorm((64,), eps=1e-12, elementwise_affine=True)
          (out_dropout): Dropout(p=0.3, inplace=False)
        )
        (feed_forward): FeedForward(
          (dense_1): Linear(in_features=64, out_features=256, bias=True)
          (dense_2): Linear(in_features=256, out_features=64, bias=True)
          (LayerNorm): LayerNorm((64,), eps=1e-12, elementwise_affine=True)
          (dropout): Dropout(p=0.3, inplace=False)
        )
      )
    )
  )
  (LayerNorm): LayerNorm((64,), eps=1e-12, elementwise_affine=True)
  (dropout): Dropout(p=0.3, inplace=False)
  (loss_fct): CrossEntropyLoss()
)
Trainable parameters: 7736960
Mon 18 May 2026 12:53:18 INFO  epoch 0 training [time: 619.37s, train loss: 7182.2741]
Mon 18 May 2026 12:53:35 INFO  epoch 0 evaluating [time: 16.16s, valid_score: 0.135700]
Mon 18 May 2026 12:53:35 INFO  valid result: 
recall@5 : 0.2145
recall@10 : 0.2709
recall@15 : 0.2972
recall@20 : 0.3131
precision@5 : 0.0429
precision@10 : 0.0271
precision@15 : 0.0198
precision@20 : 0.0157
mrr@5 : 0.1281
mrr@10 : 0.1357
mrr@15 : 0.1378
mrr@20 : 0.1387
map@5 : 0.1281
map@10 : 0.1357
map@15 : 0.1378
map@20 : 0.1387
hit@5 : 0.2145
hit@10 : 0.2709
hit@15 : 0.2972
hit@20 : 0.3131
ndcg@5 : 0.1495
ndcg@10 : 0.1678
ndcg@15 : 0.1748
ndcg@20 : 0.1785
averagepopularity@5 : 142.8442
averagepopularity@10 : 144.0195
averagepopularity@15 : 145.04
averagepopularity@20 : 145.6851
itemcoverage@5 : 0.3307
itemcoverage@10 : 0.4024
itemcoverage@15 : 0.444
itemcoverage@20 : 0.4747
giniindex@5 : 0.9441
giniindex@10 : 0.945
giniindex@15 : 0.9466
giniindex@20 : 0.9478
Mon 18 May 2026 12:53:35 INFO  Saving current: saved/SASRec_30music__days[305-245]_pcount[25]_ptime[60-1000000]_length[2-100]_recent[100]/SASRec-May-18-2026_12-42-57.pth
Mon 18 May 2026 13:03:48 INFO  epoch 1 training [time: 612.76s, train loss: 5299.2495]
Mon 18 May 2026 13:04:04 INFO  epoch 1 evaluating [time: 16.40s, valid_score: 0.191900]
Mon 18 May 2026 13:04:04 INFO  valid result: 
recall@5 : 0.3203
recall@10 : 0.3936
recall@15 : 0.4252
recall@20 : 0.4436
precision@5 : 0.0641
precision@10 : 0.0394
precision@15 : 0.0283
precision@20 : 0.0222
mrr@5 : 0.182
mrr@10 : 0.1919
mrr@15 : 0.1944
mrr@20 : 0.1955
map@5 : 0.182
map@10 : 0.1919
map@15 : 0.1944
map@20 : 0.1955
hit@5 : 0.3203
hit@10 : 0.3936
hit@15 : 0.4252
hit@20 : 0.4436
ndcg@5 : 0.2163
ndcg@10 : 0.2402
ndcg@15 : 0.2485
ndcg@20 : 0.2529
averagepopularity@5 : 82.8351
averagepopularity@10 : 85.5872
averagepopularity@15 : 86.713
averagepopularity@20 : 87.6989
itemcoverage@5 : 0.6207
itemcoverage@10 : 0.6835
itemcoverage@15 : 0.7137
itemcoverage@20 : 0.7323
giniindex@5 : 0.8102
giniindex@10 : 0.8164
giniindex@15 : 0.8211
giniindex@20 : 0.8246
Mon 18 May 2026 13:04:05 INFO  Saving current: saved/SASRec_30music__days[305-245]_pcount[25]_ptime[60-1000000]_length[2-100]_recent[100]/SASRec-May-18-2026_12-42-57.pth
Mon 18 May 2026 13:14:29 INFO  epoch 2 training [time: 624.92s, train loss: 4568.0198]
Mon 18 May 2026 13:14:45 INFO  epoch 2 evaluating [time: 15.89s, valid_score: 0.207600]
Mon 18 May 2026 13:14:45 INFO  valid result: 
recall@5 : 0.3513
recall@10 : 0.4262
recall@15 : 0.4594
recall@20 : 0.4799
precision@5 : 0.0703
precision@10 : 0.0426
precision@15 : 0.0306
precision@20 : 0.024
mrr@5 : 0.1974
mrr@10 : 0.2076
mrr@15 : 0.2102
mrr@20 : 0.2114
map@5 : 0.1974
map@10 : 0.2076
map@15 : 0.2102
map@20 : 0.2114
hit@5 : 0.3513
hit@10 : 0.4262
hit@15 : 0.4594
hit@20 : 0.4799
ndcg@5 : 0.2356
ndcg@10 : 0.2601
ndcg@15 : 0.2689
ndcg@20 : 0.2737
averagepopularity@5 : 71.278
averagepopularity@10 : 74.3452
averagepopularity@15 : 75.7257
averagepopularity@20 : 76.7046
itemcoverage@5 : 0.7336
itemcoverage@10 : 0.786
itemcoverage@15 : 0.8109
itemcoverage@20 : 0.8268
giniindex@5 : 0.7476
giniindex@10 : 0.7538
giniindex@15 : 0.7575
giniindex@20 : 0.7599
Mon 18 May 2026 13:14:46 INFO  Saving current: saved/SASRec_30music__days[305-245]_pcount[25]_ptime[60-1000000]_length[2-100]_recent[100]/SASRec-May-18-2026_12-42-57.pth
Mon 18 May 2026 13:24:51 INFO  epoch 3 training [time: 605.65s, train loss: 4287.0661]
Mon 18 May 2026 13:25:08 INFO  epoch 3 evaluating [time: 16.47s, valid_score: 0.222300]
Mon 18 May 2026 13:25:08 INFO  valid result: 
recall@5 : 0.3643
recall@10 : 0.4388
recall@15 : 0.4727
recall@20 : 0.4932
precision@5 : 0.0729
precision@10 : 0.0439
precision@15 : 0.0315
precision@20 : 0.0247
mrr@5 : 0.2122
mrr@10 : 0.2223
mrr@15 : 0.225
mrr@20 : 0.2262
map@5 : 0.2122
map@10 : 0.2223
map@15 : 0.225
map@20 : 0.2262
hit@5 : 0.3643
hit@10 : 0.4388
hit@15 : 0.4727
hit@20 : 0.4932
ndcg@5 : 0.2501
ndcg@10 : 0.2744
ndcg@15 : 0.2834
ndcg@20 : 0.2882
averagepopularity@5 : 68.5478
averagepopularity@10 : 71.7109
averagepopularity@15 : 72.9459
averagepopularity@20 : 73.709
itemcoverage@5 : 0.7804
itemcoverage@10 : 0.8357
itemcoverage@15 : 0.861
itemcoverage@20 : 0.8772
giniindex@5 : 0.7178
giniindex@10 : 0.7215
giniindex@15 : 0.7232
giniindex@20 : 0.7244
Mon 18 May 2026 13:25:08 INFO  Saving current: saved/SASRec_30music__days[305-245]_pcount[25]_ptime[60-1000000]_length[2-100]_recent[100]/SASRec-May-18-2026_12-42-57.pth
Mon 18 May 2026 13:35:15 INFO  epoch 4 training [time: 606.96s, train loss: 4132.8695]
Mon 18 May 2026 13:35:31 INFO  epoch 4 evaluating [time: 16.09s, valid_score: 0.233500]
Mon 18 May 2026 13:35:31 INFO  valid result: 
recall@5 : 0.3725
recall@10 : 0.4447
recall@15 : 0.4796
recall@20 : 0.4999
precision@5 : 0.0745
precision@10 : 0.0445
precision@15 : 0.032
precision@20 : 0.025
mrr@5 : 0.2237
mrr@10 : 0.2335
mrr@15 : 0.2362
mrr@20 : 0.2374
map@5 : 0.2237
map@10 : 0.2335
map@15 : 0.2362
map@20 : 0.2374
hit@5 : 0.3725
hit@10 : 0.4447
hit@15 : 0.4796
hit@20 : 0.4999
ndcg@5 : 0.2608
ndcg@10 : 0.2843
ndcg@15 : 0.2936
ndcg@20 : 0.2984
averagepopularity@5 : 65.6816
averagepopularity@10 : 68.7234
averagepopularity@15 : 69.7544
averagepopularity@20 : 70.5375
itemcoverage@5 : 0.8069
itemcoverage@10 : 0.8656
itemcoverage@15 : 0.8923
itemcoverage@20 : 0.9082
giniindex@5 : 0.702
giniindex@10 : 0.7042
giniindex@15 : 0.7053
giniindex@20 : 0.706
Mon 18 May 2026 13:35:32 INFO  Saving current: saved/SASRec_30music__days[305-245]_pcount[25]_ptime[60-1000000]_length[2-100]_recent[100]/SASRec-May-18-2026_12-42-57.pth
Mon 18 May 2026 13:45:44 INFO  epoch 5 training [time: 612.35s, train loss: 4029.5176]
Mon 18 May 2026 13:46:00 INFO  epoch 5 evaluating [time: 16.00s, valid_score: 0.243100]
Mon 18 May 2026 13:46:00 INFO  valid result: 
recall@5 : 0.3782
recall@10 : 0.4479
recall@15 : 0.4821
recall@20 : 0.5029
precision@5 : 0.0756
precision@10 : 0.0448
precision@15 : 0.0321
precision@20 : 0.0251
mrr@5 : 0.2336
mrr@10 : 0.2431
mrr@15 : 0.2458
mrr@20 : 0.247
map@5 : 0.2336
map@10 : 0.2431
map@15 : 0.2458
map@20 : 0.247
hit@5 : 0.3782
hit@10 : 0.4479
hit@15 : 0.4821
hit@20 : 0.5029
ndcg@5 : 0.2698
ndcg@10 : 0.2924
ndcg@15 : 0.3015
ndcg@20 : 0.3064
averagepopularity@5 : 66.0414
averagepopularity@10 : 68.885
averagepopularity@15 : 69.8991
averagepopularity@20 : 70.6832
itemcoverage@5 : 0.8222
itemcoverage@10 : 0.884
itemcoverage@15 : 0.9098
itemcoverage@20 : 0.9245
giniindex@5 : 0.6916
giniindex@10 : 0.6929
giniindex@15 : 0.6937
giniindex@20 : 0.6944
Mon 18 May 2026 13:46:01 INFO  Saving current: saved/SASRec_30music__days[305-245]_pcount[25]_ptime[60-1000000]_length[2-100]_recent[100]/SASRec-May-18-2026_12-42-57.pth
Mon 18 May 2026 13:56:07 INFO  epoch 6 training [time: 606.94s, train loss: 3954.3699]
Mon 18 May 2026 13:56:24 INFO  epoch 6 evaluating [time: 16.32s, valid_score: 0.250600]
Mon 18 May 2026 13:56:24 INFO  valid result: 
recall@5 : 0.3819
recall@10 : 0.4515
recall@15 : 0.4848
recall@20 : 0.5048
precision@5 : 0.0764
precision@10 : 0.0451
precision@15 : 0.0323
precision@20 : 0.0252
mrr@5 : 0.2412
mrr@10 : 0.2506
mrr@15 : 0.2533
mrr@20 : 0.2544
map@5 : 0.2412
map@10 : 0.2506
map@15 : 0.2533
map@20 : 0.2544
hit@5 : 0.3819
hit@10 : 0.4515
hit@15 : 0.4848
hit@20 : 0.5048
ndcg@5 : 0.2764
ndcg@10 : 0.299
ndcg@15 : 0.3079
ndcg@20 : 0.3126
averagepopularity@5 : 64.0509
averagepopularity@10 : 66.9422
averagepopularity@15 : 67.8561
averagepopularity@20 : 68.4156
itemcoverage@5 : 0.8368
itemcoverage@10 : 0.8988
itemcoverage@15 : 0.9251
itemcoverage@20 : 0.9388
giniindex@5 : 0.6815
giniindex@10 : 0.6826
giniindex@15 : 0.683
giniindex@20 : 0.6831
Mon 18 May 2026 13:56:24 INFO  Saving current: saved/SASRec_30music__days[305-245]_pcount[25]_ptime[60-1000000]_length[2-100]_recent[100]/SASRec-May-18-2026_12-42-57.pth
Mon 18 May 2026 14:06:21 INFO  epoch 7 training [time: 596.99s, train loss: 3895.0245]
Mon 18 May 2026 14:06:38 INFO  epoch 7 evaluating [time: 16.99s, valid_score: 0.256700]
Mon 18 May 2026 14:06:38 INFO  valid result: 
recall@5 : 0.3843
recall@10 : 0.4521
recall@15 : 0.485
recall@20 : 0.5057
precision@5 : 0.0769
precision@10 : 0.0452
precision@15 : 0.0323
precision@20 : 0.0253
mrr@5 : 0.2476
mrr@10 : 0.2567
mrr@15 : 0.2593
mrr@20 : 0.2605
map@5 : 0.2476
map@10 : 0.2567
map@15 : 0.2593
map@20 : 0.2605
hit@5 : 0.3843
hit@10 : 0.4521
hit@15 : 0.485
hit@20 : 0.5057
ndcg@5 : 0.2818
ndcg@10 : 0.3038
ndcg@15 : 0.3126
ndcg@20 : 0.3174
averagepopularity@5 : 63.6303
averagepopularity@10 : 66.5309
averagepopularity@15 : 67.2662
averagepopularity@20 : 67.6973
itemcoverage@5 : 0.8427
itemcoverage@10 : 0.9052
itemcoverage@15 : 0.9305
itemcoverage@20 : 0.9444
giniindex@5 : 0.6785
giniindex@10 : 0.6797
giniindex@15 : 0.68
giniindex@20 : 0.6801
Mon 18 May 2026 14:06:39 INFO  Saving current: saved/SASRec_30music__days[305-245]_pcount[25]_ptime[60-1000000]_length[2-100]_recent[100]/SASRec-May-18-2026_12-42-57.pth
Mon 18 May 2026 14:16:33 INFO  epoch 8 training [time: 594.60s, train loss: 3847.1492]
Mon 18 May 2026 14:16:49 INFO  epoch 8 evaluating [time: 16.26s, valid_score: 0.262700]
Mon 18 May 2026 14:16:49 INFO  valid result: 
recall@5 : 0.3874
recall@10 : 0.4538
recall@15 : 0.4865
recall@20 : 0.507
precision@5 : 0.0775
precision@10 : 0.0454
precision@15 : 0.0324
precision@20 : 0.0253
mrr@5 : 0.2538
mrr@10 : 0.2627
mrr@15 : 0.2653
mrr@20 : 0.2665
map@5 : 0.2538
map@10 : 0.2627
map@15 : 0.2653
map@20 : 0.2665
hit@5 : 0.3874
hit@10 : 0.4538
hit@15 : 0.4865
hit@20 : 0.507
ndcg@5 : 0.2873
ndcg@10 : 0.3088
ndcg@15 : 0.3175
ndcg@20 : 0.3223
averagepopularity@5 : 64.8847
averagepopularity@10 : 67.8482
averagepopularity@15 : 68.4775
averagepopularity@20 : 68.811
itemcoverage@5 : 0.8457
itemcoverage@10 : 0.9087
itemcoverage@15 : 0.9342
itemcoverage@20 : 0.9474
giniindex@5 : 0.6774
giniindex@10 : 0.6791
giniindex@15 : 0.6792
giniindex@20 : 0.6788
Mon 18 May 2026 14:16:50 INFO  Saving current: saved/SASRec_30music__days[305-245]_pcount[25]_ptime[60-1000000]_length[2-100]_recent[100]/SASRec-May-18-2026_12-42-57.pth
Mon 18 May 2026 14:26:49 INFO  epoch 9 training [time: 599.10s, train loss: 3806.1665]
Mon 18 May 2026 14:27:05 INFO  epoch 9 evaluating [time: 16.12s, valid_score: 0.267900]
Mon 18 May 2026 14:27:05 INFO  valid result: 
recall@5 : 0.3891
recall@10 : 0.4551
recall@15 : 0.4878
recall@20 : 0.508
precision@5 : 0.0778
precision@10 : 0.0455
precision@15 : 0.0325
precision@20 : 0.0254
mrr@5 : 0.259
mrr@10 : 0.2679
mrr@15 : 0.2705
mrr@20 : 0.2716
map@5 : 0.259
map@10 : 0.2679
map@15 : 0.2705
map@20 : 0.2716
hit@5 : 0.3891
hit@10 : 0.4551
hit@15 : 0.4878
hit@20 : 0.508
ndcg@5 : 0.2916
ndcg@10 : 0.313
ndcg@15 : 0.3217
ndcg@20 : 0.3265
averagepopularity@5 : 63.8673
averagepopularity@10 : 66.7915
averagepopularity@15 : 67.4774
averagepopularity@20 : 67.7992
itemcoverage@5 : 0.8521
itemcoverage@10 : 0.9143
itemcoverage@15 : 0.9391
itemcoverage@20 : 0.9516
giniindex@5 : 0.6729
giniindex@10 : 0.6746
giniindex@15 : 0.675
giniindex@20 : 0.6749
Mon 18 May 2026 14:27:05 INFO  Saving current: saved/SASRec_30music__days[305-245]_pcount[25]_ptime[60-1000000]_length[2-100]_recent[100]/SASRec-May-18-2026_12-42-57.pth
Mon 18 May 2026 14:37:00 INFO  epoch 10 training [time: 594.76s, train loss: 3771.0966]
Mon 18 May 2026 14:37:16 INFO  epoch 10 evaluating [time: 16.26s, valid_score: 0.272100]
Mon 18 May 2026 14:37:16 INFO  valid result: 
recall@5 : 0.3909
recall@10 : 0.4548
recall@15 : 0.4881
recall@20 : 0.5086
precision@5 : 0.0782
precision@10 : 0.0455
precision@15 : 0.0325
precision@20 : 0.0254
mrr@5 : 0.2636
mrr@10 : 0.2721
mrr@15 : 0.2748
mrr@20 : 0.2759
map@5 : 0.2636
map@10 : 0.2721
map@15 : 0.2748
map@20 : 0.2759
hit@5 : 0.3909
hit@10 : 0.4548
hit@15 : 0.4881
hit@20 : 0.5086
ndcg@5 : 0.2955
ndcg@10 : 0.3162
ndcg@15 : 0.3251
ndcg@20 : 0.3299
averagepopularity@5 : 64.1186
averagepopularity@10 : 67.221
averagepopularity@15 : 67.92
averagepopularity@20 : 68.2694
itemcoverage@5 : 0.855
itemcoverage@10 : 0.9165
itemcoverage@15 : 0.9403
itemcoverage@20 : 0.9527
giniindex@5 : 0.6715
giniindex@10 : 0.6735
giniindex@15 : 0.6738
giniindex@20 : 0.6736
Mon 18 May 2026 14:37:17 INFO  Saving current: saved/SASRec_30music__days[305-245]_pcount[25]_ptime[60-1000000]_length[2-100]_recent[100]/SASRec-May-18-2026_12-42-57.pth
Mon 18 May 2026 14:47:27 INFO  epoch 11 training [time: 609.76s, train loss: 3739.4712]
Mon 18 May 2026 14:47:43 INFO  epoch 11 evaluating [time: 16.67s, valid_score: 0.275400]
Mon 18 May 2026 14:47:43 INFO  valid result: 
recall@5 : 0.3928
recall@10 : 0.4557
recall@15 : 0.4883
recall@20 : 0.5086
precision@5 : 0.0786
precision@10 : 0.0456
precision@15 : 0.0326
precision@20 : 0.0254
mrr@5 : 0.267
mrr@10 : 0.2754
mrr@15 : 0.278
mrr@20 : 0.2791
map@5 : 0.267
map@10 : 0.2754
map@15 : 0.278
map@20 : 0.2791
hit@5 : 0.3928
hit@10 : 0.4557
hit@15 : 0.4883
hit@20 : 0.5086
ndcg@5 : 0.2986
ndcg@10 : 0.3189
ndcg@15 : 0.3276
ndcg@20 : 0.3324
averagepopularity@5 : 64.211
averagepopularity@10 : 67.175
averagepopularity@15 : 67.8756
averagepopularity@20 : 68.2021
itemcoverage@5 : 0.8576
itemcoverage@10 : 0.9198
itemcoverage@15 : 0.9433
itemcoverage@20 : 0.9547
giniindex@5 : 0.6695
giniindex@10 : 0.6711
giniindex@15 : 0.6711
giniindex@20 : 0.6706
Mon 18 May 2026 14:47:44 INFO  Saving current: saved/SASRec_30music__days[305-245]_pcount[25]_ptime[60-1000000]_length[2-100]_recent[100]/SASRec-May-18-2026_12-42-57.pth
Mon 18 May 2026 14:57:46 INFO  epoch 12 training [time: 601.87s, train loss: 3711.8746]
Mon 18 May 2026 14:58:02 INFO  epoch 12 evaluating [time: 16.15s, valid_score: 0.279200]
Mon 18 May 2026 14:58:02 INFO  valid result: 
recall@5 : 0.3934
recall@10 : 0.4556
recall@15 : 0.4882
recall@20 : 0.5085
precision@5 : 0.0787
precision@10 : 0.0456
precision@15 : 0.0325
precision@20 : 0.0254
mrr@5 : 0.2708
mrr@10 : 0.2792
mrr@15 : 0.2818
mrr@20 : 0.283
map@5 : 0.2708
map@10 : 0.2792
map@15 : 0.2818
map@20 : 0.283
hit@5 : 0.3934
hit@10 : 0.4556
hit@15 : 0.4882
hit@20 : 0.5085
ndcg@5 : 0.3016
ndcg@10 : 0.3218
ndcg@15 : 0.3305
ndcg@20 : 0.3353
averagepopularity@5 : 65.4483
averagepopularity@10 : 68.6171
averagepopularity@15 : 69.1045
averagepopularity@20 : 69.3201
itemcoverage@5 : 0.8589
itemcoverage@10 : 0.921
itemcoverage@15 : 0.9434
itemcoverage@20 : 0.9557
giniindex@5 : 0.6696
giniindex@10 : 0.6713
giniindex@15 : 0.6715
giniindex@20 : 0.671
Mon 18 May 2026 14:58:02 INFO  Saving current: saved/SASRec_30music__days[305-245]_pcount[25]_ptime[60-1000000]_length[2-100]_recent[100]/SASRec-May-18-2026_12-42-57.pth
Mon 18 May 2026 15:07:55 INFO  epoch 13 training [time: 592.91s, train loss: 3685.3017]
Mon 18 May 2026 15:08:11 INFO  epoch 13 evaluating [time: 16.17s, valid_score: 0.282400]
Mon 18 May 2026 15:08:11 INFO  valid result: 
recall@5 : 0.395
recall@10 : 0.4566
recall@15 : 0.4885
recall@20 : 0.5087
precision@5 : 0.079
precision@10 : 0.0457
precision@15 : 0.0326
precision@20 : 0.0254
mrr@5 : 0.2741
mrr@10 : 0.2824
mrr@15 : 0.2849
mrr@20 : 0.286
map@5 : 0.2741
map@10 : 0.2824
map@15 : 0.2849
map@20 : 0.286
hit@5 : 0.395
hit@10 : 0.4566
hit@15 : 0.4885
hit@20 : 0.5087
ndcg@5 : 0.3045
ndcg@10 : 0.3244
ndcg@15 : 0.3329
ndcg@20 : 0.3377
averagepopularity@5 : 66.4621
averagepopularity@10 : 69.5324
averagepopularity@15 : 70.0914
averagepopularity@20 : 70.477
itemcoverage@5 : 0.858
itemcoverage@10 : 0.9195
itemcoverage@15 : 0.9429
itemcoverage@20 : 0.9551
giniindex@5 : 0.6719
giniindex@10 : 0.6755
giniindex@15 : 0.6763
giniindex@20 : 0.6765
Mon 18 May 2026 15:08:12 INFO  Saving current: saved/SASRec_30music__days[305-245]_pcount[25]_ptime[60-1000000]_length[2-100]_recent[100]/SASRec-May-18-2026_12-42-57.pth
Mon 18 May 2026 15:18:06 INFO  epoch 14 training [time: 594.61s, train loss: 3662.6536]
Mon 18 May 2026 15:18:22 INFO  epoch 14 evaluating [time: 16.19s, valid_score: 0.285500]
Mon 18 May 2026 15:18:22 INFO  valid result: 
recall@5 : 0.3958
recall@10 : 0.4575
recall@15 : 0.4892
recall@20 : 0.5091
precision@5 : 0.0792
precision@10 : 0.0457
precision@15 : 0.0326
precision@20 : 0.0255
mrr@5 : 0.2772
mrr@10 : 0.2855
mrr@15 : 0.288
mrr@20 : 0.2891
map@5 : 0.2772
map@10 : 0.2855
map@15 : 0.288
map@20 : 0.2891
hit@5 : 0.3958
hit@10 : 0.4575
hit@15 : 0.4892
hit@20 : 0.5091
ndcg@5 : 0.307
ndcg@10 : 0.327
ndcg@15 : 0.3354
ndcg@20 : 0.3401
averagepopularity@5 : 64.0533
averagepopularity@10 : 67.1077
averagepopularity@15 : 67.6474
averagepopularity@20 : 67.8654
itemcoverage@5 : 0.8629
itemcoverage@10 : 0.924
itemcoverage@15 : 0.9461
itemcoverage@20 : 0.9577
giniindex@5 : 0.6652
giniindex@10 : 0.6671
giniindex@15 : 0.6669
giniindex@20 : 0.666
Mon 18 May 2026 15:18:23 INFO  Saving current: saved/SASRec_30music__days[305-245]_pcount[25]_ptime[60-1000000]_length[2-100]_recent[100]/SASRec-May-18-2026_12-42-57.pth
Mon 18 May 2026 15:28:19 INFO  epoch 15 training [time: 595.96s, train loss: 3640.3425]
Mon 18 May 2026 15:28:35 INFO  epoch 15 evaluating [time: 16.12s, valid_score: 0.289500]
Mon 18 May 2026 15:28:35 INFO  valid result: 
recall@5 : 0.3979
recall@10 : 0.4579
recall@15 : 0.4892
recall@20 : 0.5089
precision@5 : 0.0796
precision@10 : 0.0458
precision@15 : 0.0326
precision@20 : 0.0254
mrr@5 : 0.2815
mrr@10 : 0.2895
mrr@15 : 0.292
mrr@20 : 0.2931
map@5 : 0.2815
map@10 : 0.2895
map@15 : 0.292
map@20 : 0.2931
hit@5 : 0.3979
hit@10 : 0.4579
hit@15 : 0.4892
hit@20 : 0.5089
ndcg@5 : 0.3108
ndcg@10 : 0.3302
ndcg@15 : 0.3385
ndcg@20 : 0.3431
averagepopularity@5 : 63.2486
averagepopularity@10 : 66.1908
averagepopularity@15 : 66.7255
averagepopularity@20 : 66.9582
itemcoverage@5 : 0.8636
itemcoverage@10 : 0.924
itemcoverage@15 : 0.9461
itemcoverage@20 : 0.9574
giniindex@5 : 0.6656
giniindex@10 : 0.668
giniindex@15 : 0.6681
giniindex@20 : 0.6673
Mon 18 May 2026 15:28:35 INFO  Saving current: saved/SASRec_30music__days[305-245]_pcount[25]_ptime[60-1000000]_length[2-100]_recent[100]/SASRec-May-18-2026_12-42-57.pth
Mon 18 May 2026 15:38:30 INFO  epoch 16 training [time: 594.34s, train loss: 3621.5208]
Mon 18 May 2026 15:38:46 INFO  epoch 16 evaluating [time: 16.18s, valid_score: 0.291400]
Mon 18 May 2026 15:38:46 INFO  valid result: 
recall@5 : 0.399
recall@10 : 0.4581
recall@15 : 0.4895
recall@20 : 0.5097
precision@5 : 0.0798
precision@10 : 0.0458
precision@15 : 0.0326
precision@20 : 0.0255
mrr@5 : 0.2835
mrr@10 : 0.2914
mrr@15 : 0.2939
mrr@20 : 0.2951
map@5 : 0.2835
map@10 : 0.2914
map@15 : 0.2939
map@20 : 0.2951
hit@5 : 0.399
hit@10 : 0.4581
hit@15 : 0.4895
hit@20 : 0.5097
ndcg@5 : 0.3126
ndcg@10 : 0.3317
ndcg@15 : 0.34
ndcg@20 : 0.3448
averagepopularity@5 : 64.5571
averagepopularity@10 : 67.6051
averagepopularity@15 : 68.1632
averagepopularity@20 : 68.446
itemcoverage@5 : 0.8653
itemcoverage@10 : 0.9251
itemcoverage@15 : 0.9466
itemcoverage@20 : 0.9579
giniindex@5 : 0.6634
giniindex@10 : 0.6655
giniindex@15 : 0.6654
giniindex@20 : 0.6645
Mon 18 May 2026 15:38:46 INFO  Saving current: saved/SASRec_30music__days[305-245]_pcount[25]_ptime[60-1000000]_length[2-100]_recent[100]/SASRec-May-18-2026_12-42-57.pth
Mon 18 May 2026 15:48:39 INFO  epoch 17 training [time: 592.40s, train loss: 3602.2673]
Mon 18 May 2026 15:48:55 INFO  epoch 17 evaluating [time: 16.23s, valid_score: 0.294300]
Mon 18 May 2026 15:48:55 INFO  valid result: 
recall@5 : 0.3999
recall@10 : 0.4583
recall@15 : 0.4896
recall@20 : 0.5093
precision@5 : 0.08
precision@10 : 0.0458
precision@15 : 0.0326
precision@20 : 0.0255
mrr@5 : 0.2865
mrr@10 : 0.2943
mrr@15 : 0.2968
mrr@20 : 0.2979
map@5 : 0.2865
map@10 : 0.2943
map@15 : 0.2968
map@20 : 0.2979
hit@5 : 0.3999
hit@10 : 0.4583
hit@15 : 0.4896
hit@20 : 0.5093
ndcg@5 : 0.315
ndcg@10 : 0.3339
ndcg@15 : 0.3422
ndcg@20 : 0.3468
averagepopularity@5 : 63.9721
averagepopularity@10 : 67.1334
averagepopularity@15 : 67.8313
averagepopularity@20 : 68.1923
itemcoverage@5 : 0.866
itemcoverage@10 : 0.9259
itemcoverage@15 : 0.9472
itemcoverage@20 : 0.9583
giniindex@5 : 0.6628
giniindex@10 : 0.6656
giniindex@15 : 0.6657
giniindex@20 : 0.6649
Mon 18 May 2026 15:48:55 INFO  Saving current: saved/SASRec_30music__days[305-245]_pcount[25]_ptime[60-1000000]_length[2-100]_recent[100]/SASRec-May-18-2026_12-42-57.pth
Mon 18 May 2026 15:58:48 INFO  epoch 18 training [time: 593.11s, train loss: 3583.6676]
Mon 18 May 2026 15:59:05 INFO  epoch 18 evaluating [time: 16.12s, valid_score: 0.296300]
Mon 18 May 2026 15:59:05 INFO  valid result: 
recall@5 : 0.4007
recall@10 : 0.4587
recall@15 : 0.4895
recall@20 : 0.5095
precision@5 : 0.0801
precision@10 : 0.0459
precision@15 : 0.0326
precision@20 : 0.0255
mrr@5 : 0.2886
mrr@10 : 0.2963
mrr@15 : 0.2988
mrr@20 : 0.2999
map@5 : 0.2886
map@10 : 0.2963
map@15 : 0.2988
map@20 : 0.2999
hit@5 : 0.4007
hit@10 : 0.4587
hit@15 : 0.4895
hit@20 : 0.5095
ndcg@5 : 0.3167
ndcg@10 : 0.3355
ndcg@15 : 0.3437
ndcg@20 : 0.3484
averagepopularity@5 : 65.025
averagepopularity@10 : 68.0043
averagepopularity@15 : 68.5377
averagepopularity@20 : 68.7684
itemcoverage@5 : 0.8648
itemcoverage@10 : 0.9242
itemcoverage@15 : 0.9458
itemcoverage@20 : 0.9567
giniindex@5 : 0.6664
giniindex@10 : 0.6699
giniindex@15 : 0.6704
giniindex@20 : 0.6697
Mon 18 May 2026 15:59:05 INFO  Saving current: saved/SASRec_30music__days[305-245]_pcount[25]_ptime[60-1000000]_length[2-100]_recent[100]/SASRec-May-18-2026_12-42-57.pth
Mon 18 May 2026 16:09:01 INFO  epoch 19 training [time: 595.62s, train loss: 3569.0860]
Mon 18 May 2026 16:09:17 INFO  epoch 19 evaluating [time: 16.25s, valid_score: 0.299200]
Mon 18 May 2026 16:09:17 INFO  valid result: 
recall@5 : 0.402
recall@10 : 0.459
recall@15 : 0.4895
recall@20 : 0.5089
precision@5 : 0.0804
precision@10 : 0.0459
precision@15 : 0.0326
precision@20 : 0.0254
mrr@5 : 0.2916
mrr@10 : 0.2992
mrr@15 : 0.3016
mrr@20 : 0.3027
map@5 : 0.2916
map@10 : 0.2992
map@15 : 0.3016
map@20 : 0.3027
hit@5 : 0.402
hit@10 : 0.459
hit@15 : 0.4895
hit@20 : 0.5089
ndcg@5 : 0.3193
ndcg@10 : 0.3378
ndcg@15 : 0.3459
ndcg@20 : 0.3505
averagepopularity@5 : 64.3735
averagepopularity@10 : 67.6073
averagepopularity@15 : 68.1838
averagepopularity@20 : 68.3955
itemcoverage@5 : 0.8668
itemcoverage@10 : 0.9255
itemcoverage@15 : 0.9467
itemcoverage@20 : 0.9576
giniindex@5 : 0.6628
giniindex@10 : 0.666
giniindex@15 : 0.6662
giniindex@20 : 0.6652
Mon 18 May 2026 16:09:17 INFO  Saving current: saved/SASRec_30music__days[305-245]_pcount[25]_ptime[60-1000000]_length[2-100]_recent[100]/SASRec-May-18-2026_12-42-57.pth
Mon 18 May 2026 16:09:18 INFO  Loading model structure and parameters from saved/SASRec_30music__days[305-245]_pcount[25]_ptime[60-1000000]_length[2-100]_recent[100]/SASRec-May-18-2026_12-42-57.pth
