Sat 09 May 2026 12:45:19 INFO  
General Hyper Parameters:
gpu_id = 0
use_gpu = True
seed = 2020
state = INFO
reproducibility = True
data_path = dataset/30music__days[185-125]_pcount[25]_ptime[60-1000000]_length[2-100]_recent[100]
checkpoint_dir = saved/GRU4Rec_30music__days[185-125]_pcount[25]_ptime[60-1000000]_length[2-100]_recent[100]
show_progress = True
save_dataset = False
dataset_save_path = None
save_dataloaders = False
dataloaders_save_path = None
log_wandb = False

Training Hyper Parameters:
epochs = 20
train_batch_size = 2048
learner = adam
learning_rate = 0.001
train_neg_sample_args = {'distribution': 'none', 'sample_num': 'none', 'alpha': 'none', 'dynamic': False, 'candidate_num': 0}
eval_step = 1
stopping_step = 3
clip_grad_norm = None
weight_decay = 0.0
loss_decimal_place = 4

Evaluation Hyper Parameters:
eval_args = {'split': {'RS': [8, 1, 1]}, 'order': 'TO', 'group_by': 'user', 'mode': {'valid': 'full', 'test': 'full'}}
repeatable = True
metrics = ['Recall', 'Precision', 'MRR', 'MAP', 'Hit', 'NDCG', 'AveragePopularity', 'ItemCoverage', 'GiniIndex']
topk = [5, 10, 15, 20]
valid_metric = MRR@10
valid_metric_bigger = True
eval_batch_size = 2048
metric_decimal_place = 4

Dataset Hyper Parameters:
gpu_id = 0
worker = 0
use_gpu = True
seed = 2020
state = INFO
reproducibility = True
data_path = dataset/30music__days[185-125]_pcount[25]_ptime[60-1000000]_length[2-100]_recent[100]
checkpoint_dir = saved/GRU4Rec_30music__days[185-125]_pcount[25]_ptime[60-1000000]_length[2-100]_recent[100]
show_progress = True
save_dataset = False
dataset_save_path = None
save_dataloaders = False
dataloaders_save_path = None
log_wandb = False
wandb_project = recbole
shuffle = True
epochs = 20
train_batch_size = 2048
learner = adam
learning_rate = 0.001
train_neg_sample_args = {'distribution': 'none', 'sample_num': 'none', 'alpha': 'none', 'dynamic': False, 'candidate_num': 0}
eval_step = 1
stopping_step = 3
clip_grad_norm = None
weight_decay = 0.0
loss_decimal_place = 4
require_pow = False
enable_amp = False
enable_scaler = False
transform = None
eval_args = {'split': {'RS': [8, 1, 1]}, 'order': 'TO', 'group_by': 'user', 'mode': {'valid': 'full', 'test': 'full'}}
repeatable = True
metrics = ['Recall', 'Precision', 'MRR', 'MAP', 'Hit', 'NDCG', 'AveragePopularity', 'ItemCoverage', 'GiniIndex']
topk = [5, 10, 15, 20]
valid_metric = MRR@10
valid_metric_bigger = True
eval_batch_size = 2048
metric_decimal_place = 4
field_separator = 	
seq_separator =  
USER_ID_FIELD = session_id
ITEM_ID_FIELD = item_id
RATING_FIELD = rating
TIME_FIELD = timestamp
seq_len = None
LABEL_FIELD = label
threshold = None
NEG_PREFIX = neg_
numerical_features = []
load_col = {'inter': ['session_id', 'item_id', 'timestamp']}
unload_col = None
unused_col = None
additional_feat_suffix = None
rm_dup_inter = None
val_interval = None
filter_inter_by_user_or_item = True
user_inter_num_interval = [0,inf)
item_inter_num_interval = [0,inf)
alias_of_user_id = None
alias_of_item_id = None
alias_of_entity_id = None
alias_of_relation_id = None
preload_weight = None
normalize_field = None
normalize_all = None
discretization = None
ITEM_LIST_LENGTH_FIELD = item_length
LIST_SUFFIX = _list
MAX_ITEM_LIST_LENGTH = 100
POSITION_FIELD = position_id
HEAD_ENTITY_ID_FIELD = head_id
TAIL_ENTITY_ID_FIELD = tail_id
RELATION_ID_FIELD = relation_id
ENTITY_ID_FIELD = entity_id
benchmark_filename = None

Other Hyper Parameters: 
embedding_size = 64
hidden_size = 128
num_layers = 1
dropout_prob = 0.3
loss_type = CE
kg_reverse_r = False
entity_kg_num_interval = [0,inf)
relation_kg_num_interval = [0,inf)
MODEL_TYPE = ModelType.SEQUENTIAL
neg_sampling = None
MODEL_INPUT_TYPE = InputType.POINTWISE
eval_type = EvaluatorType.RANKING
single_spec = True
local_rank = 0
device = cuda
valid_neg_sample_args = {'distribution': 'uniform', 'sample_num': 'none'}
test_neg_sample_args = {'distribution': 'uniform', 'sample_num': 'none'}


Sat 09 May 2026 12:45:28 INFO  30music__days[185-125]_pcount[25]_ptime[60-1000000]_length[2-100]_recent[100]
The number of users: 202731
Average actions of users: 9.907759088442756
The number of items: 123058
Average actions of items: 16.32251720747296
The number of inters: 2008600
The sparsity of the dataset: 99.99194874756864%
Remain Fields: ['session_id', 'item_id', 'timestamp']
Sat 09 May 2026 12:45:54 INFO  [Training]: train_batch_size = [2048] train_neg_sample_args: [{'distribution': 'none', 'sample_num': 'none', 'alpha': 'none', 'dynamic': False, 'candidate_num': 0}]
Sat 09 May 2026 12:45:54 INFO  [Evaluation]: eval_batch_size = [2048] eval_args: [{'split': {'RS': [8, 1, 1]}, 'order': 'TO', 'group_by': 'user', 'mode': {'valid': 'full', 'test': 'full'}}]
Sat 09 May 2026 12:45:54 INFO  GRU4Rec(
  (item_embedding): Embedding(123058, 64, padding_idx=0)
  (emb_dropout): Dropout(p=0.3, inplace=False)
  (gru_layers): GRU(64, 128, bias=False, batch_first=True)
  (dense): Linear(in_features=128, out_features=64, bias=True)
  (loss_fct): CrossEntropyLoss()
)
Trainable parameters: 7957696
Sat 09 May 2026 12:47:22 INFO  epoch 0 training [time: 88.27s, train loss: 7321.9299]
Sat 09 May 2026 12:47:33 INFO  epoch 0 evaluating [time: 10.48s, valid_score: 0.006500]
Sat 09 May 2026 12:47:33 INFO  valid result: 
recall@5 : 0.0107
recall@10 : 0.0184
recall@15 : 0.0248
recall@20 : 0.0296
precision@5 : 0.0021
precision@10 : 0.0018
precision@15 : 0.0017
precision@20 : 0.0015
mrr@5 : 0.0054
mrr@10 : 0.0065
mrr@15 : 0.007
mrr@20 : 0.0072
map@5 : 0.0054
map@10 : 0.0065
map@15 : 0.007
map@20 : 0.0072
hit@5 : 0.0107
hit@10 : 0.0184
hit@15 : 0.0248
hit@20 : 0.0296
ndcg@5 : 0.0067
ndcg@10 : 0.0092
ndcg@15 : 0.0109
ndcg@20 : 0.012
averagepopularity@5 : 287.2075
averagepopularity@10 : 263.4066
averagepopularity@15 : 251.9619
averagepopularity@20 : 244.124
itemcoverage@5 : 0.008
itemcoverage@10 : 0.0128
itemcoverage@15 : 0.0166
itemcoverage@20 : 0.0201
giniindex@5 : 0.9988
giniindex@10 : 0.9981
giniindex@15 : 0.9975
giniindex@20 : 0.9969
Sat 09 May 2026 12:47:33 INFO  Saving current: saved/GRU4Rec_30music__days[185-125]_pcount[25]_ptime[60-1000000]_length[2-100]_recent[100]/GRU4Rec-May-09-2026_12-45-54.pth
Sat 09 May 2026 12:49:01 INFO  epoch 1 training [time: 88.22s, train loss: 6560.3107]
Sat 09 May 2026 12:49:12 INFO  epoch 1 evaluating [time: 10.67s, valid_score: 0.033500]
Sat 09 May 2026 12:49:12 INFO  valid result: 
recall@5 : 0.0534
recall@10 : 0.0751
recall@15 : 0.0906
recall@20 : 0.1027
precision@5 : 0.0107
precision@10 : 0.0075
precision@15 : 0.006
precision@20 : 0.0051
mrr@5 : 0.0306
mrr@10 : 0.0335
mrr@15 : 0.0347
mrr@20 : 0.0354
map@5 : 0.0306
map@10 : 0.0335
map@15 : 0.0347
map@20 : 0.0354
hit@5 : 0.0534
hit@10 : 0.0751
hit@15 : 0.0906
hit@20 : 0.1027
ndcg@5 : 0.0363
ndcg@10 : 0.0432
ndcg@15 : 0.0473
ndcg@20 : 0.0502
averagepopularity@5 : 191.2218
averagepopularity@10 : 175.1627
averagepopularity@15 : 165.924
averagepopularity@20 : 159.0854
itemcoverage@5 : 0.0433
itemcoverage@10 : 0.0614
itemcoverage@15 : 0.075
itemcoverage@20 : 0.0865
giniindex@5 : 0.9921
giniindex@10 : 0.9886
giniindex@15 : 0.9858
giniindex@20 : 0.9833
Sat 09 May 2026 12:49:12 INFO  Saving current: saved/GRU4Rec_30music__days[185-125]_pcount[25]_ptime[60-1000000]_length[2-100]_recent[100]/GRU4Rec-May-09-2026_12-45-54.pth
Sat 09 May 2026 12:50:41 INFO  epoch 2 training [time: 88.19s, train loss: 5813.2517]
Sat 09 May 2026 12:50:51 INFO  epoch 2 evaluating [time: 10.82s, valid_score: 0.098100]
Sat 09 May 2026 12:50:51 INFO  valid result: 
recall@5 : 0.1455
recall@10 : 0.1858
recall@15 : 0.2099
recall@20 : 0.2267
precision@5 : 0.0291
precision@10 : 0.0186
precision@15 : 0.014
precision@20 : 0.0113
mrr@5 : 0.0927
mrr@10 : 0.0981
mrr@15 : 0.0999
mrr@20 : 0.1009
map@5 : 0.0927
map@10 : 0.0981
map@15 : 0.0999
map@20 : 0.1009
hit@5 : 0.1455
hit@10 : 0.1858
hit@15 : 0.2099
hit@20 : 0.2267
ndcg@5 : 0.1058
ndcg@10 : 0.1188
ndcg@15 : 0.1252
ndcg@20 : 0.1292
averagepopularity@5 : 149.6515
averagepopularity@10 : 138.6542
averagepopularity@15 : 131.9193
averagepopularity@20 : 126.9647
itemcoverage@5 : 0.1534
itemcoverage@10 : 0.2006
itemcoverage@15 : 0.2316
itemcoverage@20 : 0.2553
giniindex@5 : 0.9671
giniindex@10 : 0.9581
giniindex@15 : 0.9518
giniindex@20 : 0.9467
Sat 09 May 2026 12:50:52 INFO  Saving current: saved/GRU4Rec_30music__days[185-125]_pcount[25]_ptime[60-1000000]_length[2-100]_recent[100]/GRU4Rec-May-09-2026_12-45-54.pth
Sat 09 May 2026 12:52:20 INFO  epoch 3 training [time: 88.25s, train loss: 5179.2689]
Sat 09 May 2026 12:52:31 INFO  epoch 3 evaluating [time: 10.86s, valid_score: 0.146000]
Sat 09 May 2026 12:52:31 INFO  valid result: 
recall@5 : 0.2134
recall@10 : 0.2604
recall@15 : 0.2878
recall@20 : 0.3064
precision@5 : 0.0427
precision@10 : 0.026
precision@15 : 0.0192
precision@20 : 0.0153
mrr@5 : 0.1397
mrr@10 : 0.146
mrr@15 : 0.1482
mrr@20 : 0.1492
map@5 : 0.1397
map@10 : 0.146
map@15 : 0.1482
map@20 : 0.1492
hit@5 : 0.2134
hit@10 : 0.2604
hit@15 : 0.2878
hit@20 : 0.3064
ndcg@5 : 0.1581
ndcg@10 : 0.1733
ndcg@15 : 0.1805
ndcg@20 : 0.1849
averagepopularity@5 : 120.7878
averagepopularity@10 : 113.7842
averagepopularity@15 : 109.3274
averagepopularity@20 : 105.9535
itemcoverage@5 : 0.2722
itemcoverage@10 : 0.3401
itemcoverage@15 : 0.3816
itemcoverage@20 : 0.4112
giniindex@5 : 0.9334
giniindex@10 : 0.9201
giniindex@15 : 0.9115
giniindex@20 : 0.9048
Sat 09 May 2026 12:52:31 INFO  Saving current: saved/GRU4Rec_30music__days[185-125]_pcount[25]_ptime[60-1000000]_length[2-100]_recent[100]/GRU4Rec-May-09-2026_12-45-54.pth
Sat 09 May 2026 12:54:00 INFO  epoch 4 training [time: 88.30s, train loss: 4779.5763]
Sat 09 May 2026 12:54:11 INFO  epoch 4 evaluating [time: 10.94s, valid_score: 0.178700]
Sat 09 May 2026 12:54:11 INFO  valid result: 
recall@5 : 0.259
recall@10 : 0.31
recall@15 : 0.3373
recall@20 : 0.3557
precision@5 : 0.0518
precision@10 : 0.031
precision@15 : 0.0225
precision@20 : 0.0178
mrr@5 : 0.1718
mrr@10 : 0.1787
mrr@15 : 0.1808
mrr@20 : 0.1819
map@5 : 0.1718
map@10 : 0.1787
map@15 : 0.1808
map@20 : 0.1819
hit@5 : 0.259
hit@10 : 0.31
hit@15 : 0.3373
hit@20 : 0.3557
ndcg@5 : 0.1936
ndcg@10 : 0.2101
ndcg@15 : 0.2173
ndcg@20 : 0.2217
averagepopularity@5 : 107.2233
averagepopularity@10 : 102.3351
averagepopularity@15 : 98.7199
averagepopularity@20 : 95.9169
itemcoverage@5 : 0.383
itemcoverage@10 : 0.4652
itemcoverage@15 : 0.5115
itemcoverage@20 : 0.5436
giniindex@5 : 0.8981
giniindex@10 : 0.8824
giniindex@15 : 0.8727
giniindex@20 : 0.8651
Sat 09 May 2026 12:54:11 INFO  Saving current: saved/GRU4Rec_30music__days[185-125]_pcount[25]_ptime[60-1000000]_length[2-100]_recent[100]/GRU4Rec-May-09-2026_12-45-54.pth
Sat 09 May 2026 12:55:39 INFO  epoch 5 training [time: 88.37s, train loss: 4503.9697]
Sat 09 May 2026 12:55:50 INFO  epoch 5 evaluating [time: 10.96s, valid_score: 0.203500]
Sat 09 May 2026 12:55:50 INFO  valid result: 
recall@5 : 0.2873
recall@10 : 0.3378
recall@15 : 0.365
recall@20 : 0.3837
precision@5 : 0.0575
precision@10 : 0.0338
precision@15 : 0.0243
precision@20 : 0.0192
mrr@5 : 0.1967
mrr@10 : 0.2035
mrr@15 : 0.2057
mrr@20 : 0.2067
map@5 : 0.1967
map@10 : 0.2035
map@15 : 0.2057
map@20 : 0.2067
hit@5 : 0.2873
hit@10 : 0.3378
hit@15 : 0.365
hit@20 : 0.3837
ndcg@5 : 0.2194
ndcg@10 : 0.2358
ndcg@15 : 0.243
ndcg@20 : 0.2474
averagepopularity@5 : 103.243
averagepopularity@10 : 98.4853
averagepopularity@15 : 95.0428
averagepopularity@20 : 92.3836
itemcoverage@5 : 0.4594
itemcoverage@10 : 0.5483
itemcoverage@15 : 0.5965
itemcoverage@20 : 0.6303
giniindex@5 : 0.8709
giniindex@10 : 0.8545
giniindex@15 : 0.8442
giniindex@20 : 0.8363
Sat 09 May 2026 12:55:51 INFO  Saving current: saved/GRU4Rec_30music__days[185-125]_pcount[25]_ptime[60-1000000]_length[2-100]_recent[100]/GRU4Rec-May-09-2026_12-45-54.pth
Sat 09 May 2026 12:57:19 INFO  epoch 6 training [time: 88.42s, train loss: 4300.7786]
Sat 09 May 2026 12:57:30 INFO  epoch 6 evaluating [time: 10.99s, valid_score: 0.223600]
Sat 09 May 2026 12:57:30 INFO  valid result: 
recall@5 : 0.3073
recall@10 : 0.357
recall@15 : 0.3838
recall@20 : 0.4021
precision@5 : 0.0615
precision@10 : 0.0357
precision@15 : 0.0256
precision@20 : 0.0201
mrr@5 : 0.2169
mrr@10 : 0.2236
mrr@15 : 0.2257
mrr@20 : 0.2267
map@5 : 0.2169
map@10 : 0.2236
map@15 : 0.2257
map@20 : 0.2267
hit@5 : 0.3073
hit@10 : 0.357
hit@15 : 0.3838
hit@20 : 0.4021
ndcg@5 : 0.2395
ndcg@10 : 0.2556
ndcg@15 : 0.2627
ndcg@20 : 0.267
averagepopularity@5 : 99.0545
averagepopularity@10 : 94.7421
averagepopularity@15 : 91.6382
averagepopularity@20 : 89.1526
itemcoverage@5 : 0.5126
itemcoverage@10 : 0.6044
itemcoverage@15 : 0.6533
itemcoverage@20 : 0.6865
giniindex@5 : 0.852
giniindex@10 : 0.8356
giniindex@15 : 0.8253
giniindex@20 : 0.8172
Sat 09 May 2026 12:57:31 INFO  Saving current: saved/GRU4Rec_30music__days[185-125]_pcount[25]_ptime[60-1000000]_length[2-100]_recent[100]/GRU4Rec-May-09-2026_12-45-54.pth
Sat 09 May 2026 12:58:59 INFO  epoch 7 training [time: 88.44s, train loss: 4137.2402]
Sat 09 May 2026 12:59:10 INFO  epoch 7 evaluating [time: 11.18s, valid_score: 0.239700]
Sat 09 May 2026 12:59:10 INFO  valid result: 
recall@5 : 0.3213
recall@10 : 0.3696
recall@15 : 0.3957
recall@20 : 0.414
precision@5 : 0.0643
precision@10 : 0.037
precision@15 : 0.0264
precision@20 : 0.0207
mrr@5 : 0.2332
mrr@10 : 0.2397
mrr@15 : 0.2418
mrr@20 : 0.2428
map@5 : 0.2332
map@10 : 0.2397
map@15 : 0.2418
map@20 : 0.2428
hit@5 : 0.3213
hit@10 : 0.3696
hit@15 : 0.3957
hit@20 : 0.414
ndcg@5 : 0.2553
ndcg@10 : 0.2709
ndcg@15 : 0.2779
ndcg@20 : 0.2822
averagepopularity@5 : 96.5846
averagepopularity@10 : 92.4503
averagepopularity@15 : 89.3572
averagepopularity@20 : 87.0352
itemcoverage@5 : 0.5585
itemcoverage@10 : 0.6528
itemcoverage@15 : 0.7009
itemcoverage@20 : 0.7323
giniindex@5 : 0.8333
giniindex@10 : 0.8162
giniindex@15 : 0.8055
giniindex@20 : 0.7974
Sat 09 May 2026 12:59:10 INFO  Saving current: saved/GRU4Rec_30music__days[185-125]_pcount[25]_ptime[60-1000000]_length[2-100]_recent[100]/GRU4Rec-May-09-2026_12-45-54.pth
Sat 09 May 2026 13:00:39 INFO  epoch 8 training [time: 88.35s, train loss: 4000.9841]
Sat 09 May 2026 13:00:50 INFO  epoch 8 evaluating [time: 11.03s, valid_score: 0.253600]
Sat 09 May 2026 13:00:50 INFO  valid result: 
recall@5 : 0.3321
recall@10 : 0.3795
recall@15 : 0.4059
recall@20 : 0.423
precision@5 : 0.0664
precision@10 : 0.038
precision@15 : 0.0271
precision@20 : 0.0211
mrr@5 : 0.2472
mrr@10 : 0.2536
mrr@15 : 0.2557
mrr@20 : 0.2566
map@5 : 0.2472
map@10 : 0.2536
map@15 : 0.2557
map@20 : 0.2566
hit@5 : 0.3321
hit@10 : 0.3795
hit@15 : 0.4059
hit@20 : 0.423
ndcg@5 : 0.2685
ndcg@10 : 0.2839
ndcg@15 : 0.2908
ndcg@20 : 0.2949
averagepopularity@5 : 95.5976
averagepopularity@10 : 91.991
averagepopularity@15 : 89.136
averagepopularity@20 : 86.8495
itemcoverage@5 : 0.5942
itemcoverage@10 : 0.6872
itemcoverage@15 : 0.7355
itemcoverage@20 : 0.7675
giniindex@5 : 0.8198
giniindex@10 : 0.8034
giniindex@15 : 0.7932
giniindex@20 : 0.7851
Sat 09 May 2026 13:00:50 INFO  Saving current: saved/GRU4Rec_30music__days[185-125]_pcount[25]_ptime[60-1000000]_length[2-100]_recent[100]/GRU4Rec-May-09-2026_12-45-54.pth
Sat 09 May 2026 13:02:19 INFO  epoch 9 training [time: 88.26s, train loss: 3881.0954]
Sat 09 May 2026 13:02:30 INFO  epoch 9 evaluating [time: 11.06s, valid_score: 0.265000]
Sat 09 May 2026 13:02:30 INFO  valid result: 
recall@5 : 0.3406
recall@10 : 0.3864
recall@15 : 0.4113
recall@20 : 0.4286
precision@5 : 0.0681
precision@10 : 0.0386
precision@15 : 0.0274
precision@20 : 0.0214
mrr@5 : 0.2589
mrr@10 : 0.265
mrr@15 : 0.267
mrr@20 : 0.268
map@5 : 0.2589
map@10 : 0.265
map@15 : 0.267
map@20 : 0.268
hit@5 : 0.3406
hit@10 : 0.3864
hit@15 : 0.4113
hit@20 : 0.4286
ndcg@5 : 0.2793
ndcg@10 : 0.2942
ndcg@15 : 0.3008
ndcg@20 : 0.3049
averagepopularity@5 : 89.9815
averagepopularity@10 : 86.7625
averagepopularity@15 : 84.1117
averagepopularity@20 : 82.0447
itemcoverage@5 : 0.6299
itemcoverage@10 : 0.7246
itemcoverage@15 : 0.7727
itemcoverage@20 : 0.8031
giniindex@5 : 0.8021
giniindex@10 : 0.7852
giniindex@15 : 0.7745
giniindex@20 : 0.7664
Sat 09 May 2026 13:02:30 INFO  Saving current: saved/GRU4Rec_30music__days[185-125]_pcount[25]_ptime[60-1000000]_length[2-100]_recent[100]/GRU4Rec-May-09-2026_12-45-54.pth
Sat 09 May 2026 13:03:58 INFO  epoch 10 training [time: 88.37s, train loss: 3776.2611]
Sat 09 May 2026 13:04:10 INFO  epoch 10 evaluating [time: 11.18s, valid_score: 0.274600]
Sat 09 May 2026 13:04:10 INFO  valid result: 
recall@5 : 0.3481
recall@10 : 0.3925
recall@15 : 0.4173
recall@20 : 0.4337
precision@5 : 0.0696
precision@10 : 0.0393
precision@15 : 0.0278
precision@20 : 0.0217
mrr@5 : 0.2687
mrr@10 : 0.2746
mrr@15 : 0.2766
mrr@20 : 0.2775
map@5 : 0.2687
map@10 : 0.2746
map@15 : 0.2766
map@20 : 0.2775
hit@5 : 0.3481
hit@10 : 0.3925
hit@15 : 0.4173
hit@20 : 0.4337
ndcg@5 : 0.2886
ndcg@10 : 0.3029
ndcg@15 : 0.3095
ndcg@20 : 0.3134
averagepopularity@5 : 84.3943
averagepopularity@10 : 82.3704
averagepopularity@15 : 80.3544
averagepopularity@20 : 78.6588
itemcoverage@5 : 0.6541
itemcoverage@10 : 0.7484
itemcoverage@15 : 0.7951
itemcoverage@20 : 0.8251
giniindex@5 : 0.7904
giniindex@10 : 0.7737
giniindex@15 : 0.7629
giniindex@20 : 0.7548
Sat 09 May 2026 13:04:10 INFO  Saving current: saved/GRU4Rec_30music__days[185-125]_pcount[25]_ptime[60-1000000]_length[2-100]_recent[100]/GRU4Rec-May-09-2026_12-45-54.pth
Sat 09 May 2026 13:05:39 INFO  epoch 11 training [time: 88.72s, train loss: 3682.9000]
Sat 09 May 2026 13:05:50 INFO  epoch 11 evaluating [time: 11.17s, valid_score: 0.280800]
Sat 09 May 2026 13:05:50 INFO  valid result: 
recall@5 : 0.3511
recall@10 : 0.395
recall@15 : 0.4198
recall@20 : 0.4364
precision@5 : 0.0702
precision@10 : 0.0395
precision@15 : 0.028
precision@20 : 0.0218
mrr@5 : 0.2749
mrr@10 : 0.2808
mrr@15 : 0.2827
mrr@20 : 0.2837
map@5 : 0.2749
map@10 : 0.2808
map@15 : 0.2827
map@20 : 0.2837
hit@5 : 0.3511
hit@10 : 0.395
hit@15 : 0.4198
hit@20 : 0.4364
ndcg@5 : 0.294
ndcg@10 : 0.3082
ndcg@15 : 0.3147
ndcg@20 : 0.3187
averagepopularity@5 : 85.4455
averagepopularity@10 : 83.6492
averagepopularity@15 : 81.7199
averagepopularity@20 : 80.1049
itemcoverage@5 : 0.6719
itemcoverage@10 : 0.766
itemcoverage@15 : 0.8131
itemcoverage@20 : 0.843
giniindex@5 : 0.7825
giniindex@10 : 0.7662
giniindex@15 : 0.7555
giniindex@20 : 0.7474
Sat 09 May 2026 13:05:50 INFO  Saving current: saved/GRU4Rec_30music__days[185-125]_pcount[25]_ptime[60-1000000]_length[2-100]_recent[100]/GRU4Rec-May-09-2026_12-45-54.pth
Sat 09 May 2026 13:07:18 INFO  epoch 12 training [time: 88.21s, train loss: 3599.0779]
Sat 09 May 2026 13:07:30 INFO  epoch 12 evaluating [time: 11.13s, valid_score: 0.286900]
Sat 09 May 2026 13:07:30 INFO  valid result: 
recall@5 : 0.3548
recall@10 : 0.3978
recall@15 : 0.4224
recall@20 : 0.4392
precision@5 : 0.071
precision@10 : 0.0398
precision@15 : 0.0282
precision@20 : 0.022
mrr@5 : 0.2811
mrr@10 : 0.2869
mrr@15 : 0.2888
mrr@20 : 0.2898
map@5 : 0.2811
map@10 : 0.2869
map@15 : 0.2888
map@20 : 0.2898
hit@5 : 0.3548
hit@10 : 0.3978
hit@15 : 0.4224
hit@20 : 0.4392
ndcg@5 : 0.2996
ndcg@10 : 0.3135
ndcg@15 : 0.32
ndcg@20 : 0.324
averagepopularity@5 : 80.6297
averagepopularity@10 : 78.8792
averagepopularity@15 : 77.1068
averagepopularity@20 : 75.6957
itemcoverage@5 : 0.69
itemcoverage@10 : 0.783
itemcoverage@15 : 0.8293
itemcoverage@20 : 0.8575
giniindex@5 : 0.7742
giniindex@10 : 0.7582
giniindex@15 : 0.7478
giniindex@20 : 0.7399
Sat 09 May 2026 13:07:30 INFO  Saving current: saved/GRU4Rec_30music__days[185-125]_pcount[25]_ptime[60-1000000]_length[2-100]_recent[100]/GRU4Rec-May-09-2026_12-45-54.pth
Sat 09 May 2026 13:08:58 INFO  epoch 13 training [time: 88.28s, train loss: 3523.6980]
Sat 09 May 2026 13:09:09 INFO  epoch 13 evaluating [time: 11.30s, valid_score: 0.292700]
Sat 09 May 2026 13:09:09 INFO  valid result: 
recall@5 : 0.3591
recall@10 : 0.4012
recall@15 : 0.4247
recall@20 : 0.4411
precision@5 : 0.0718
precision@10 : 0.0401
precision@15 : 0.0283
precision@20 : 0.0221
mrr@5 : 0.2871
mrr@10 : 0.2927
mrr@15 : 0.2946
mrr@20 : 0.2955
map@5 : 0.2871
map@10 : 0.2927
map@15 : 0.2946
map@20 : 0.2955
hit@5 : 0.3591
hit@10 : 0.4012
hit@15 : 0.4247
hit@20 : 0.4411
ndcg@5 : 0.3051
ndcg@10 : 0.3187
ndcg@15 : 0.325
ndcg@20 : 0.3288
averagepopularity@5 : 78.359
averagepopularity@10 : 77.0342
averagepopularity@15 : 75.5104
averagepopularity@20 : 74.2564
itemcoverage@5 : 0.7097
itemcoverage@10 : 0.8018
itemcoverage@15 : 0.8457
itemcoverage@20 : 0.8721
giniindex@5 : 0.7594
giniindex@10 : 0.7431
giniindex@15 : 0.7325
giniindex@20 : 0.7246
Sat 09 May 2026 13:09:10 INFO  Saving current: saved/GRU4Rec_30music__days[185-125]_pcount[25]_ptime[60-1000000]_length[2-100]_recent[100]/GRU4Rec-May-09-2026_12-45-54.pth
Sat 09 May 2026 13:10:38 INFO  epoch 14 training [time: 88.31s, train loss: 3455.4095]
Sat 09 May 2026 13:10:49 INFO  epoch 14 evaluating [time: 11.14s, valid_score: 0.295900]
Sat 09 May 2026 13:10:49 INFO  valid result: 
recall@5 : 0.3597
recall@10 : 0.4015
recall@15 : 0.4252
recall@20 : 0.4415
precision@5 : 0.0719
precision@10 : 0.0402
precision@15 : 0.0283
precision@20 : 0.0221
mrr@5 : 0.2903
mrr@10 : 0.2959
mrr@15 : 0.2978
mrr@20 : 0.2987
map@5 : 0.2903
map@10 : 0.2959
map@15 : 0.2978
map@20 : 0.2987
hit@5 : 0.3597
hit@10 : 0.4015
hit@15 : 0.4252
hit@20 : 0.4415
ndcg@5 : 0.3076
ndcg@10 : 0.3212
ndcg@15 : 0.3275
ndcg@20 : 0.3313
averagepopularity@5 : 80.892
averagepopularity@10 : 79.4454
averagepopularity@15 : 77.9589
averagepopularity@20 : 76.5762
itemcoverage@5 : 0.7187
itemcoverage@10 : 0.8125
itemcoverage@15 : 0.8561
itemcoverage@20 : 0.8819
giniindex@5 : 0.7601
giniindex@10 : 0.7442
giniindex@15 : 0.7343
giniindex@20 : 0.7269
Sat 09 May 2026 13:10:50 INFO  Saving current: saved/GRU4Rec_30music__days[185-125]_pcount[25]_ptime[60-1000000]_length[2-100]_recent[100]/GRU4Rec-May-09-2026_12-45-54.pth
Sat 09 May 2026 13:12:18 INFO  epoch 15 training [time: 88.56s, train loss: 3391.5937]
Sat 09 May 2026 13:12:29 INFO  epoch 15 evaluating [time: 11.12s, valid_score: 0.299700]
Sat 09 May 2026 13:12:29 INFO  valid result: 
recall@5 : 0.3627
recall@10 : 0.4035
recall@15 : 0.4269
recall@20 : 0.4427
precision@5 : 0.0725
precision@10 : 0.0403
precision@15 : 0.0285
precision@20 : 0.0221
mrr@5 : 0.2943
mrr@10 : 0.2997
mrr@15 : 0.3016
mrr@20 : 0.3025
map@5 : 0.2943
map@10 : 0.2997
map@15 : 0.3016
map@20 : 0.3025
hit@5 : 0.3627
hit@10 : 0.4035
hit@15 : 0.4269
hit@20 : 0.4427
ndcg@5 : 0.3114
ndcg@10 : 0.3246
ndcg@15 : 0.3308
ndcg@20 : 0.3345
averagepopularity@5 : 78.447
averagepopularity@10 : 77.2472
averagepopularity@15 : 75.7146
averagepopularity@20 : 74.4217
itemcoverage@5 : 0.7325
itemcoverage@10 : 0.8242
itemcoverage@15 : 0.8666
itemcoverage@20 : 0.8906
giniindex@5 : 0.7497
giniindex@10 : 0.734
giniindex@15 : 0.7241
giniindex@20 : 0.7167
Sat 09 May 2026 13:12:30 INFO  Saving current: saved/GRU4Rec_30music__days[185-125]_pcount[25]_ptime[60-1000000]_length[2-100]_recent[100]/GRU4Rec-May-09-2026_12-45-54.pth
Sat 09 May 2026 13:13:58 INFO  epoch 16 training [time: 88.28s, train loss: 3333.9209]
Sat 09 May 2026 13:14:09 INFO  epoch 16 evaluating [time: 11.21s, valid_score: 0.301100]
Sat 09 May 2026 13:14:09 INFO  valid result: 
recall@5 : 0.3636
recall@10 : 0.4048
recall@15 : 0.427
recall@20 : 0.4427
precision@5 : 0.0727
precision@10 : 0.0405
precision@15 : 0.0285
precision@20 : 0.0221
mrr@5 : 0.2956
mrr@10 : 0.3011
mrr@15 : 0.3029
mrr@20 : 0.3038
map@5 : 0.2956
map@10 : 0.3011
map@15 : 0.3029
map@20 : 0.3038
hit@5 : 0.3636
hit@10 : 0.4048
hit@15 : 0.427
hit@20 : 0.4427
ndcg@5 : 0.3126
ndcg@10 : 0.3259
ndcg@15 : 0.3318
ndcg@20 : 0.3355
averagepopularity@5 : 76.7017
averagepopularity@10 : 75.8735
averagepopularity@15 : 74.5455
averagepopularity@20 : 73.3501
itemcoverage@5 : 0.7427
itemcoverage@10 : 0.8355
itemcoverage@15 : 0.8756
itemcoverage@20 : 0.899
giniindex@5 : 0.7417
giniindex@10 : 0.7258
giniindex@15 : 0.7162
giniindex@20 : 0.7088
Sat 09 May 2026 13:14:10 INFO  Saving current: saved/GRU4Rec_30music__days[185-125]_pcount[25]_ptime[60-1000000]_length[2-100]_recent[100]/GRU4Rec-May-09-2026_12-45-54.pth
Sat 09 May 2026 13:15:38 INFO  epoch 17 training [time: 88.18s, train loss: 3279.1006]
Sat 09 May 2026 13:15:49 INFO  epoch 17 evaluating [time: 11.19s, valid_score: 0.303700]
Sat 09 May 2026 13:15:49 INFO  valid result: 
recall@5 : 0.3643
recall@10 : 0.4051
recall@15 : 0.428
recall@20 : 0.4435
precision@5 : 0.0729
precision@10 : 0.0405
precision@15 : 0.0285
precision@20 : 0.0222
mrr@5 : 0.2983
mrr@10 : 0.3037
mrr@15 : 0.3056
mrr@20 : 0.3064
map@5 : 0.2983
map@10 : 0.3037
map@15 : 0.3056
map@20 : 0.3064
hit@5 : 0.3643
hit@10 : 0.4051
hit@15 : 0.428
hit@20 : 0.4435
ndcg@5 : 0.3148
ndcg@10 : 0.328
ndcg@15 : 0.3341
ndcg@20 : 0.3377
averagepopularity@5 : 72.9759
averagepopularity@10 : 72.2733
averagepopularity@15 : 71.1368
averagepopularity@20 : 70.1226
itemcoverage@5 : 0.7553
itemcoverage@10 : 0.8447
itemcoverage@15 : 0.8837
itemcoverage@20 : 0.9058
giniindex@5 : 0.732
giniindex@10 : 0.7161
giniindex@15 : 0.7062
giniindex@20 : 0.6989
Sat 09 May 2026 13:15:49 INFO  Saving current: saved/GRU4Rec_30music__days[185-125]_pcount[25]_ptime[60-1000000]_length[2-100]_recent[100]/GRU4Rec-May-09-2026_12-45-54.pth
Sat 09 May 2026 13:17:18 INFO  epoch 18 training [time: 88.29s, train loss: 3228.1089]
Sat 09 May 2026 13:17:29 INFO  epoch 18 evaluating [time: 11.24s, valid_score: 0.305800]
Sat 09 May 2026 13:17:29 INFO  valid result: 
recall@5 : 0.3654
recall@10 : 0.4056
recall@15 : 0.4286
recall@20 : 0.4439
precision@5 : 0.0731
precision@10 : 0.0406
precision@15 : 0.0286
precision@20 : 0.0222
mrr@5 : 0.3004
mrr@10 : 0.3058
mrr@15 : 0.3076
mrr@20 : 0.3084
map@5 : 0.3004
map@10 : 0.3058
map@15 : 0.3076
map@20 : 0.3084
hit@5 : 0.3654
hit@10 : 0.4056
hit@15 : 0.4286
hit@20 : 0.4439
ndcg@5 : 0.3166
ndcg@10 : 0.3297
ndcg@15 : 0.3357
ndcg@20 : 0.3394
averagepopularity@5 : 70.5653
averagepopularity@10 : 70.3714
averagepopularity@15 : 69.5153
averagepopularity@20 : 68.7748
itemcoverage@5 : 0.7593
itemcoverage@10 : 0.8485
itemcoverage@15 : 0.887
itemcoverage@20 : 0.9083
giniindex@5 : 0.7297
giniindex@10 : 0.7146
giniindex@15 : 0.7055
giniindex@20 : 0.6985
Sat 09 May 2026 13:17:29 INFO  Saving current: saved/GRU4Rec_30music__days[185-125]_pcount[25]_ptime[60-1000000]_length[2-100]_recent[100]/GRU4Rec-May-09-2026_12-45-54.pth
Sat 09 May 2026 13:18:57 INFO  epoch 19 training [time: 88.04s, train loss: 3180.8240]
Sat 09 May 2026 13:19:09 INFO  epoch 19 evaluating [time: 11.18s, valid_score: 0.307200]
Sat 09 May 2026 13:19:09 INFO  valid result: 
recall@5 : 0.3656
recall@10 : 0.4064
recall@15 : 0.4292
recall@20 : 0.4445
precision@5 : 0.0731
precision@10 : 0.0406
precision@15 : 0.0286
precision@20 : 0.0222
mrr@5 : 0.3018
mrr@10 : 0.3072
mrr@15 : 0.309
mrr@20 : 0.3099
map@5 : 0.3018
map@10 : 0.3072
map@15 : 0.309
map@20 : 0.3099
hit@5 : 0.3656
hit@10 : 0.4064
hit@15 : 0.4292
hit@20 : 0.4445
ndcg@5 : 0.3178
ndcg@10 : 0.331
ndcg@15 : 0.337
ndcg@20 : 0.3406
averagepopularity@5 : 71.116
averagepopularity@10 : 70.7273
averagepopularity@15 : 69.6704
averagepopularity@20 : 68.736
itemcoverage@5 : 0.7696
itemcoverage@10 : 0.8581
itemcoverage@15 : 0.8959
itemcoverage@20 : 0.9161
giniindex@5 : 0.7223
giniindex@10 : 0.7066
giniindex@15 : 0.6972
giniindex@20 : 0.6903
Sat 09 May 2026 13:19:09 INFO  Saving current: saved/GRU4Rec_30music__days[185-125]_pcount[25]_ptime[60-1000000]_length[2-100]_recent[100]/GRU4Rec-May-09-2026_12-45-54.pth
Sat 09 May 2026 13:19:09 INFO  Loading model structure and parameters from saved/GRU4Rec_30music__days[185-125]_pcount[25]_ptime[60-1000000]_length[2-100]_recent[100]/GRU4Rec-May-09-2026_12-45-54.pth
