Sat 09 May 2026 13:19:36 INFO  
General Hyper Parameters:
gpu_id = 0
use_gpu = True
seed = 2020
state = INFO
reproducibility = True
data_path = dataset/30music__days[245-185]_pcount[25]_ptime[60-1000000]_length[2-100]_recent[100]
checkpoint_dir = saved/GRU4Rec_30music__days[245-185]_pcount[25]_ptime[60-1000000]_length[2-100]_recent[100]
show_progress = True
save_dataset = False
dataset_save_path = None
save_dataloaders = False
dataloaders_save_path = None
log_wandb = False

Training Hyper Parameters:
epochs = 20
train_batch_size = 2048
learner = adam
learning_rate = 0.001
train_neg_sample_args = {'distribution': 'none', 'sample_num': 'none', 'alpha': 'none', 'dynamic': False, 'candidate_num': 0}
eval_step = 1
stopping_step = 3
clip_grad_norm = None
weight_decay = 0.0
loss_decimal_place = 4

Evaluation Hyper Parameters:
eval_args = {'split': {'RS': [8, 1, 1]}, 'order': 'TO', 'group_by': 'user', 'mode': {'valid': 'full', 'test': 'full'}}
repeatable = True
metrics = ['Recall', 'Precision', 'MRR', 'MAP', 'Hit', 'NDCG', 'AveragePopularity', 'ItemCoverage', 'GiniIndex']
topk = [5, 10, 15, 20]
valid_metric = MRR@10
valid_metric_bigger = True
eval_batch_size = 2048
metric_decimal_place = 4

Dataset Hyper Parameters:
gpu_id = 0
worker = 0
use_gpu = True
seed = 2020
state = INFO
reproducibility = True
data_path = dataset/30music__days[245-185]_pcount[25]_ptime[60-1000000]_length[2-100]_recent[100]
checkpoint_dir = saved/GRU4Rec_30music__days[245-185]_pcount[25]_ptime[60-1000000]_length[2-100]_recent[100]
show_progress = True
save_dataset = False
dataset_save_path = None
save_dataloaders = False
dataloaders_save_path = None
log_wandb = False
wandb_project = recbole
shuffle = True
epochs = 20
train_batch_size = 2048
learner = adam
learning_rate = 0.001
train_neg_sample_args = {'distribution': 'none', 'sample_num': 'none', 'alpha': 'none', 'dynamic': False, 'candidate_num': 0}
eval_step = 1
stopping_step = 3
clip_grad_norm = None
weight_decay = 0.0
loss_decimal_place = 4
require_pow = False
enable_amp = False
enable_scaler = False
transform = None
eval_args = {'split': {'RS': [8, 1, 1]}, 'order': 'TO', 'group_by': 'user', 'mode': {'valid': 'full', 'test': 'full'}}
repeatable = True
metrics = ['Recall', 'Precision', 'MRR', 'MAP', 'Hit', 'NDCG', 'AveragePopularity', 'ItemCoverage', 'GiniIndex']
topk = [5, 10, 15, 20]
valid_metric = MRR@10
valid_metric_bigger = True
eval_batch_size = 2048
metric_decimal_place = 4
field_separator = 	
seq_separator =  
USER_ID_FIELD = session_id
ITEM_ID_FIELD = item_id
RATING_FIELD = rating
TIME_FIELD = timestamp
seq_len = None
LABEL_FIELD = label
threshold = None
NEG_PREFIX = neg_
numerical_features = []
load_col = {'inter': ['session_id', 'item_id', 'timestamp']}
unload_col = None
unused_col = None
additional_feat_suffix = None
rm_dup_inter = None
val_interval = None
filter_inter_by_user_or_item = True
user_inter_num_interval = [0,inf)
item_inter_num_interval = [0,inf)
alias_of_user_id = None
alias_of_item_id = None
alias_of_entity_id = None
alias_of_relation_id = None
preload_weight = None
normalize_field = None
normalize_all = None
discretization = None
ITEM_LIST_LENGTH_FIELD = item_length
LIST_SUFFIX = _list
MAX_ITEM_LIST_LENGTH = 100
POSITION_FIELD = position_id
HEAD_ENTITY_ID_FIELD = head_id
TAIL_ENTITY_ID_FIELD = tail_id
RELATION_ID_FIELD = relation_id
ENTITY_ID_FIELD = entity_id
benchmark_filename = None

Other Hyper Parameters: 
embedding_size = 64
hidden_size = 128
num_layers = 1
dropout_prob = 0.3
loss_type = CE
kg_reverse_r = False
entity_kg_num_interval = [0,inf)
relation_kg_num_interval = [0,inf)
MODEL_TYPE = ModelType.SEQUENTIAL
neg_sampling = None
MODEL_INPUT_TYPE = InputType.POINTWISE
eval_type = EvaluatorType.RANKING
single_spec = True
local_rank = 0
device = cuda
valid_neg_sample_args = {'distribution': 'uniform', 'sample_num': 'none'}
test_neg_sample_args = {'distribution': 'uniform', 'sample_num': 'none'}


Sat 09 May 2026 13:19:44 INFO  30music__days[245-185]_pcount[25]_ptime[60-1000000]_length[2-100]_recent[100]
The number of users: 202927
Average actions of users: 9.951238382464544
The number of items: 121356
Average actions of items: 16.64014667710436
The number of inters: 2019365
The sparsity of the dataset: 99.99180000218864%
Remain Fields: ['session_id', 'item_id', 'timestamp']
Sat 09 May 2026 13:20:10 INFO  [Training]: train_batch_size = [2048] train_neg_sample_args: [{'distribution': 'none', 'sample_num': 'none', 'alpha': 'none', 'dynamic': False, 'candidate_num': 0}]
Sat 09 May 2026 13:20:10 INFO  [Evaluation]: eval_batch_size = [2048] eval_args: [{'split': {'RS': [8, 1, 1]}, 'order': 'TO', 'group_by': 'user', 'mode': {'valid': 'full', 'test': 'full'}}]
Sat 09 May 2026 13:20:10 INFO  GRU4Rec(
  (item_embedding): Embedding(121356, 64, padding_idx=0)
  (emb_dropout): Dropout(p=0.3, inplace=False)
  (gru_layers): GRU(64, 128, bias=False, batch_first=True)
  (dense): Linear(in_features=128, out_features=64, bias=True)
  (loss_fct): CrossEntropyLoss()
)
Trainable parameters: 7848768
Sat 09 May 2026 13:21:39 INFO  epoch 0 training [time: 88.35s, train loss: 7327.0670]
Sat 09 May 2026 13:21:49 INFO  epoch 0 evaluating [time: 10.48s, valid_score: 0.007600]
Sat 09 May 2026 13:21:49 INFO  valid result: 
recall@5 : 0.0132
recall@10 : 0.0215
recall@15 : 0.0286
recall@20 : 0.0334
precision@5 : 0.0026
precision@10 : 0.0021
precision@15 : 0.0019
precision@20 : 0.0017
mrr@5 : 0.0065
mrr@10 : 0.0076
mrr@15 : 0.0081
mrr@20 : 0.0084
map@5 : 0.0065
map@10 : 0.0076
map@15 : 0.0081
map@20 : 0.0084
hit@5 : 0.0132
hit@10 : 0.0215
hit@15 : 0.0286
hit@20 : 0.0334
ndcg@5 : 0.0081
ndcg@10 : 0.0108
ndcg@15 : 0.0127
ndcg@20 : 0.0138
averagepopularity@5 : 338.7673
averagepopularity@10 : 300.3447
averagepopularity@15 : 277.3701
averagepopularity@20 : 260.7879
itemcoverage@5 : 0.0085
itemcoverage@10 : 0.0137
itemcoverage@15 : 0.0183
itemcoverage@20 : 0.0221
giniindex@5 : 0.9988
giniindex@10 : 0.9981
giniindex@15 : 0.9975
giniindex@20 : 0.9969
Sat 09 May 2026 13:21:49 INFO  Saving current: saved/GRU4Rec_30music__days[245-185]_pcount[25]_ptime[60-1000000]_length[2-100]_recent[100]/GRU4Rec-May-09-2026_13-20-10.pth
Sat 09 May 2026 13:23:18 INFO  epoch 1 training [time: 88.42s, train loss: 6495.4315]
Sat 09 May 2026 13:23:29 INFO  epoch 1 evaluating [time: 10.67s, valid_score: 0.050100]
Sat 09 May 2026 13:23:29 INFO  valid result: 
recall@5 : 0.0781
recall@10 : 0.1052
recall@15 : 0.1225
recall@20 : 0.1363
precision@5 : 0.0156
precision@10 : 0.0105
precision@15 : 0.0082
precision@20 : 0.0068
mrr@5 : 0.0465
mrr@10 : 0.0501
mrr@15 : 0.0514
mrr@20 : 0.0522
map@5 : 0.0465
map@10 : 0.0501
map@15 : 0.0514
map@20 : 0.0522
hit@5 : 0.0781
hit@10 : 0.1052
hit@15 : 0.1225
hit@20 : 0.1363
ndcg@5 : 0.0543
ndcg@10 : 0.0631
ndcg@15 : 0.0676
ndcg@20 : 0.0709
averagepopularity@5 : 186.481
averagepopularity@10 : 171.5246
averagepopularity@15 : 162.1895
averagepopularity@20 : 155.0722
itemcoverage@5 : 0.0576
itemcoverage@10 : 0.0789
itemcoverage@15 : 0.0947
itemcoverage@20 : 0.1075
giniindex@5 : 0.9888
giniindex@10 : 0.9844
giniindex@15 : 0.9811
giniindex@20 : 0.9783
Sat 09 May 2026 13:23:29 INFO  Saving current: saved/GRU4Rec_30music__days[245-185]_pcount[25]_ptime[60-1000000]_length[2-100]_recent[100]/GRU4Rec-May-09-2026_13-20-10.pth
Sat 09 May 2026 13:25:03 INFO  epoch 2 training [time: 93.92s, train loss: 5676.8351]
Sat 09 May 2026 13:25:15 INFO  epoch 2 evaluating [time: 11.67s, valid_score: 0.113600]
Sat 09 May 2026 13:25:15 INFO  valid result: 
recall@5 : 0.1686
recall@10 : 0.2121
recall@15 : 0.2362
recall@20 : 0.2543
precision@5 : 0.0337
precision@10 : 0.0212
precision@15 : 0.0157
precision@20 : 0.0127
mrr@5 : 0.1078
mrr@10 : 0.1136
mrr@15 : 0.1155
mrr@20 : 0.1165
map@5 : 0.1078
map@10 : 0.1136
map@15 : 0.1155
map@20 : 0.1165
hit@5 : 0.1686
hit@10 : 0.2121
hit@15 : 0.2362
hit@20 : 0.2543
ndcg@5 : 0.1229
ndcg@10 : 0.137
ndcg@15 : 0.1434
ndcg@20 : 0.1477
averagepopularity@5 : 142.5224
averagepopularity@10 : 131.6542
averagepopularity@15 : 125.0527
averagepopularity@20 : 119.9576
itemcoverage@5 : 0.1752
itemcoverage@10 : 0.2265
itemcoverage@15 : 0.2599
itemcoverage@20 : 0.2856
giniindex@5 : 0.9603
giniindex@10 : 0.9499
giniindex@15 : 0.9428
giniindex@20 : 0.9371
Sat 09 May 2026 13:25:15 INFO  Saving current: saved/GRU4Rec_30music__days[245-185]_pcount[25]_ptime[60-1000000]_length[2-100]_recent[100]/GRU4Rec-May-09-2026_13-20-10.pth
Sat 09 May 2026 13:26:48 INFO  epoch 3 training [time: 92.74s, train loss: 5059.4827]
Sat 09 May 2026 13:26:59 INFO  epoch 3 evaluating [time: 11.29s, valid_score: 0.162700]
Sat 09 May 2026 13:26:59 INFO  valid result: 
recall@5 : 0.2374
recall@10 : 0.2871
recall@15 : 0.3148
recall@20 : 0.334
precision@5 : 0.0475
precision@10 : 0.0287
precision@15 : 0.021
precision@20 : 0.0167
mrr@5 : 0.1561
mrr@10 : 0.1627
mrr@15 : 0.1649
mrr@20 : 0.166
map@5 : 0.1561
map@10 : 0.1627
map@15 : 0.1649
map@20 : 0.166
hit@5 : 0.2374
hit@10 : 0.2871
hit@15 : 0.3148
hit@20 : 0.334
ndcg@5 : 0.1763
ndcg@10 : 0.1924
ndcg@15 : 0.1998
ndcg@20 : 0.2043
averagepopularity@5 : 126.3299
averagepopularity@10 : 118.5971
averagepopularity@15 : 113.3118
averagepopularity@20 : 109.102
itemcoverage@5 : 0.3026
itemcoverage@10 : 0.3728
itemcoverage@15 : 0.4164
itemcoverage@20 : 0.4466
giniindex@5 : 0.9246
giniindex@10 : 0.9109
giniindex@15 : 0.9021
giniindex@20 : 0.8953
Sat 09 May 2026 13:26:59 INFO  Saving current: saved/GRU4Rec_30music__days[245-185]_pcount[25]_ptime[60-1000000]_length[2-100]_recent[100]/GRU4Rec-May-09-2026_13-20-10.pth
Sat 09 May 2026 13:28:30 INFO  epoch 4 training [time: 90.23s, train loss: 4662.9272]
Sat 09 May 2026 13:28:41 INFO  epoch 4 evaluating [time: 11.35s, valid_score: 0.194600]
Sat 09 May 2026 13:28:41 INFO  valid result: 
recall@5 : 0.2794
recall@10 : 0.3312
recall@15 : 0.3594
recall@20 : 0.3787
precision@5 : 0.0559
precision@10 : 0.0331
precision@15 : 0.024
precision@20 : 0.0189
mrr@5 : 0.1876
mrr@10 : 0.1946
mrr@15 : 0.1968
mrr@20 : 0.1979
map@5 : 0.1876
map@10 : 0.1946
map@15 : 0.1968
map@20 : 0.1979
hit@5 : 0.2794
hit@10 : 0.3312
hit@15 : 0.3594
hit@20 : 0.3787
ndcg@5 : 0.2105
ndcg@10 : 0.2274
ndcg@15 : 0.2348
ndcg@20 : 0.2394
averagepopularity@5 : 109.7144
averagepopularity@10 : 104.5906
averagepopularity@15 : 100.6692
averagepopularity@20 : 97.4091
itemcoverage@5 : 0.4094
itemcoverage@10 : 0.4917
itemcoverage@15 : 0.5378
itemcoverage@20 : 0.5699
giniindex@5 : 0.8897
giniindex@10 : 0.8738
giniindex@15 : 0.8639
giniindex@20 : 0.8563
Sat 09 May 2026 13:28:41 INFO  Saving current: saved/GRU4Rec_30music__days[245-185]_pcount[25]_ptime[60-1000000]_length[2-100]_recent[100]/GRU4Rec-May-09-2026_13-20-10.pth
Sat 09 May 2026 13:30:11 INFO  epoch 5 training [time: 89.74s, train loss: 4396.1795]
Sat 09 May 2026 13:30:22 INFO  epoch 5 evaluating [time: 11.19s, valid_score: 0.218200]
Sat 09 May 2026 13:30:22 INFO  valid result: 
recall@5 : 0.3072
recall@10 : 0.3589
recall@15 : 0.3867
recall@20 : 0.4055
precision@5 : 0.0614
precision@10 : 0.0359
precision@15 : 0.0258
precision@20 : 0.0203
mrr@5 : 0.2112
mrr@10 : 0.2182
mrr@15 : 0.2204
mrr@20 : 0.2214
map@5 : 0.2112
map@10 : 0.2182
map@15 : 0.2204
map@20 : 0.2214
hit@5 : 0.3072
hit@10 : 0.3589
hit@15 : 0.3867
hit@20 : 0.4055
ndcg@5 : 0.2352
ndcg@10 : 0.252
ndcg@15 : 0.2594
ndcg@20 : 0.2638
averagepopularity@5 : 111.0341
averagepopularity@10 : 105.3511
averagepopularity@15 : 100.975
averagepopularity@20 : 97.4309
itemcoverage@5 : 0.4822
itemcoverage@10 : 0.5725
itemcoverage@15 : 0.6206
itemcoverage@20 : 0.6521
giniindex@5 : 0.8652
giniindex@10 : 0.8489
giniindex@15 : 0.8388
giniindex@20 : 0.8308
Sat 09 May 2026 13:30:23 INFO  Saving current: saved/GRU4Rec_30music__days[245-185]_pcount[25]_ptime[60-1000000]_length[2-100]_recent[100]/GRU4Rec-May-09-2026_13-20-10.pth
Sat 09 May 2026 13:31:52 INFO  epoch 6 training [time: 89.52s, train loss: 4198.3069]
Sat 09 May 2026 13:32:03 INFO  epoch 6 evaluating [time: 11.10s, valid_score: 0.238300]
Sat 09 May 2026 13:32:03 INFO  valid result: 
recall@5 : 0.3258
recall@10 : 0.3763
recall@15 : 0.4039
recall@20 : 0.4223
precision@5 : 0.0652
precision@10 : 0.0376
precision@15 : 0.0269
precision@20 : 0.0211
mrr@5 : 0.2315
mrr@10 : 0.2383
mrr@15 : 0.2405
mrr@20 : 0.2415
map@5 : 0.2315
map@10 : 0.2383
map@15 : 0.2405
map@20 : 0.2415
hit@5 : 0.3258
hit@10 : 0.3763
hit@15 : 0.4039
hit@20 : 0.4223
ndcg@5 : 0.2551
ndcg@10 : 0.2715
ndcg@15 : 0.2788
ndcg@20 : 0.2832
averagepopularity@5 : 103.091
averagepopularity@10 : 98.5656
averagepopularity@15 : 94.7895
averagepopularity@20 : 91.717
itemcoverage@5 : 0.5389
itemcoverage@10 : 0.6304
itemcoverage@15 : 0.6773
itemcoverage@20 : 0.7092
giniindex@5 : 0.843
giniindex@10 : 0.8262
giniindex@15 : 0.8158
giniindex@20 : 0.8076
Sat 09 May 2026 13:32:04 INFO  Saving current: saved/GRU4Rec_30music__days[245-185]_pcount[25]_ptime[60-1000000]_length[2-100]_recent[100]/GRU4Rec-May-09-2026_13-20-10.pth
Sat 09 May 2026 13:33:34 INFO  epoch 7 training [time: 90.68s, train loss: 4041.6692]
Sat 09 May 2026 13:33:46 INFO  epoch 7 evaluating [time: 11.19s, valid_score: 0.253500]
Sat 09 May 2026 13:33:46 INFO  valid result: 
recall@5 : 0.3389
recall@10 : 0.3883
recall@15 : 0.4151
recall@20 : 0.4329
precision@5 : 0.0678
precision@10 : 0.0388
precision@15 : 0.0277
precision@20 : 0.0216
mrr@5 : 0.2469
mrr@10 : 0.2535
mrr@15 : 0.2556
mrr@20 : 0.2566
map@5 : 0.2469
map@10 : 0.2535
map@15 : 0.2556
map@20 : 0.2566
hit@5 : 0.3389
hit@10 : 0.3883
hit@15 : 0.4151
hit@20 : 0.4329
ndcg@5 : 0.27
ndcg@10 : 0.286
ndcg@15 : 0.2931
ndcg@20 : 0.2973
averagepopularity@5 : 98.387
averagepopularity@10 : 94.7785
averagepopularity@15 : 91.6224
averagepopularity@20 : 88.9518
itemcoverage@5 : 0.5793
itemcoverage@10 : 0.6712
itemcoverage@15 : 0.7183
itemcoverage@20 : 0.7496
giniindex@5 : 0.8277
giniindex@10 : 0.8119
giniindex@15 : 0.8017
giniindex@20 : 0.7938
Sat 09 May 2026 13:33:46 INFO  Saving current: saved/GRU4Rec_30music__days[245-185]_pcount[25]_ptime[60-1000000]_length[2-100]_recent[100]/GRU4Rec-May-09-2026_13-20-10.pth
Sat 09 May 2026 13:35:17 INFO  epoch 8 training [time: 91.31s, train loss: 3911.2665]
Sat 09 May 2026 13:35:29 INFO  epoch 8 evaluating [time: 11.40s, valid_score: 0.267300]
Sat 09 May 2026 13:35:29 INFO  valid result: 
recall@5 : 0.3503
recall@10 : 0.3969
recall@15 : 0.4226
recall@20 : 0.4402
precision@5 : 0.0701
precision@10 : 0.0397
precision@15 : 0.0282
precision@20 : 0.022
mrr@5 : 0.2611
mrr@10 : 0.2673
mrr@15 : 0.2694
mrr@20 : 0.2704
map@5 : 0.2611
map@10 : 0.2673
map@15 : 0.2694
map@20 : 0.2704
hit@5 : 0.3503
hit@10 : 0.3969
hit@15 : 0.4226
hit@20 : 0.4402
ndcg@5 : 0.2834
ndcg@10 : 0.2985
ndcg@15 : 0.3053
ndcg@20 : 0.3095
averagepopularity@5 : 92.1514
averagepopularity@10 : 89.2773
averagepopularity@15 : 86.4785
averagepopularity@20 : 84.0804
itemcoverage@5 : 0.6184
itemcoverage@10 : 0.71
itemcoverage@15 : 0.7578
itemcoverage@20 : 0.7873
giniindex@5 : 0.8077
giniindex@10 : 0.7914
giniindex@15 : 0.7808
giniindex@20 : 0.7725
Sat 09 May 2026 13:35:29 INFO  Saving current: saved/GRU4Rec_30music__days[245-185]_pcount[25]_ptime[60-1000000]_length[2-100]_recent[100]/GRU4Rec-May-09-2026_13-20-10.pth
Sat 09 May 2026 13:36:59 INFO  epoch 9 training [time: 90.48s, train loss: 3798.8068]
Sat 09 May 2026 13:37:11 INFO  epoch 9 evaluating [time: 12.02s, valid_score: 0.278200]
Sat 09 May 2026 13:37:11 INFO  valid result: 
recall@5 : 0.3567
recall@10 : 0.4026
recall@15 : 0.4278
recall@20 : 0.445
precision@5 : 0.0713
precision@10 : 0.0403
precision@15 : 0.0285
precision@20 : 0.0222
mrr@5 : 0.2721
mrr@10 : 0.2782
mrr@15 : 0.2802
mrr@20 : 0.2812
map@5 : 0.2721
map@10 : 0.2782
map@15 : 0.2802
map@20 : 0.2812
hit@5 : 0.3567
hit@10 : 0.4026
hit@15 : 0.4278
hit@20 : 0.445
ndcg@5 : 0.2933
ndcg@10 : 0.3081
ndcg@15 : 0.3148
ndcg@20 : 0.3189
averagepopularity@5 : 91.5119
averagepopularity@10 : 88.3561
averagepopularity@15 : 85.2527
averagepopularity@20 : 82.8428
itemcoverage@5 : 0.6449
itemcoverage@10 : 0.7373
itemcoverage@15 : 0.7836
itemcoverage@20 : 0.8134
giniindex@5 : 0.7946
giniindex@10 : 0.7787
giniindex@15 : 0.7683
giniindex@20 : 0.7601
Sat 09 May 2026 13:37:12 INFO  Saving current: saved/GRU4Rec_30music__days[245-185]_pcount[25]_ptime[60-1000000]_length[2-100]_recent[100]/GRU4Rec-May-09-2026_13-20-10.pth
Sat 09 May 2026 13:38:45 INFO  epoch 10 training [time: 93.50s, train loss: 3701.8967]
Sat 09 May 2026 13:38:57 INFO  epoch 10 evaluating [time: 11.29s, valid_score: 0.287500]
Sat 09 May 2026 13:38:57 INFO  valid result: 
recall@5 : 0.3628
recall@10 : 0.4075
recall@15 : 0.4321
recall@20 : 0.4495
precision@5 : 0.0726
precision@10 : 0.0408
precision@15 : 0.0288
precision@20 : 0.0225
mrr@5 : 0.2815
mrr@10 : 0.2875
mrr@15 : 0.2895
mrr@20 : 0.2904
map@5 : 0.2815
map@10 : 0.2875
map@15 : 0.2895
map@20 : 0.2904
hit@5 : 0.3628
hit@10 : 0.4075
hit@15 : 0.4321
hit@20 : 0.4495
ndcg@5 : 0.3019
ndcg@10 : 0.3164
ndcg@15 : 0.3229
ndcg@20 : 0.327
averagepopularity@5 : 89.6402
averagepopularity@10 : 86.7574
averagepopularity@15 : 83.9871
averagepopularity@20 : 81.6857
itemcoverage@5 : 0.6689
itemcoverage@10 : 0.76
itemcoverage@15 : 0.8059
itemcoverage@20 : 0.8345
giniindex@5 : 0.7851
giniindex@10 : 0.769
giniindex@15 : 0.7582
giniindex@20 : 0.7499
Sat 09 May 2026 13:38:57 INFO  Saving current: saved/GRU4Rec_30music__days[245-185]_pcount[25]_ptime[60-1000000]_length[2-100]_recent[100]/GRU4Rec-May-09-2026_13-20-10.pth
Sat 09 May 2026 13:40:30 INFO  epoch 11 training [time: 92.78s, train loss: 3613.6666]
Sat 09 May 2026 13:40:42 INFO  epoch 11 evaluating [time: 11.67s, valid_score: 0.293700]
Sat 09 May 2026 13:40:42 INFO  valid result: 
recall@5 : 0.3662
recall@10 : 0.4105
recall@15 : 0.4348
recall@20 : 0.4515
precision@5 : 0.0732
precision@10 : 0.041
precision@15 : 0.029
precision@20 : 0.0226
mrr@5 : 0.2878
mrr@10 : 0.2937
mrr@15 : 0.2956
mrr@20 : 0.2966
map@5 : 0.2878
map@10 : 0.2937
map@15 : 0.2956
map@20 : 0.2966
hit@5 : 0.3662
hit@10 : 0.4105
hit@15 : 0.4348
hit@20 : 0.4515
ndcg@5 : 0.3074
ndcg@10 : 0.3218
ndcg@15 : 0.3282
ndcg@20 : 0.3321
averagepopularity@5 : 88.8307
averagepopularity@10 : 86.1308
averagepopularity@15 : 83.2977
averagepopularity@20 : 81.0496
itemcoverage@5 : 0.6828
itemcoverage@10 : 0.7752
itemcoverage@15 : 0.8208
itemcoverage@20 : 0.849
giniindex@5 : 0.7787
giniindex@10 : 0.7627
giniindex@15 : 0.7524
giniindex@20 : 0.7443
Sat 09 May 2026 13:40:42 INFO  Saving current: saved/GRU4Rec_30music__days[245-185]_pcount[25]_ptime[60-1000000]_length[2-100]_recent[100]/GRU4Rec-May-09-2026_13-20-10.pth
Sat 09 May 2026 13:42:14 INFO  epoch 12 training [time: 92.30s, train loss: 3534.5127]
Sat 09 May 2026 13:42:26 INFO  epoch 12 evaluating [time: 11.46s, valid_score: 0.298800]
Sat 09 May 2026 13:42:26 INFO  valid result: 
recall@5 : 0.3695
recall@10 : 0.4132
recall@15 : 0.4377
recall@20 : 0.4542
precision@5 : 0.0739
precision@10 : 0.0413
precision@15 : 0.0292
precision@20 : 0.0227
mrr@5 : 0.2929
mrr@10 : 0.2988
mrr@15 : 0.3007
mrr@20 : 0.3017
map@5 : 0.2929
map@10 : 0.2988
map@15 : 0.3007
map@20 : 0.3017
hit@5 : 0.3695
hit@10 : 0.4132
hit@15 : 0.4377
hit@20 : 0.4542
ndcg@5 : 0.3121
ndcg@10 : 0.3263
ndcg@15 : 0.3328
ndcg@20 : 0.3367
averagepopularity@5 : 83.6222
averagepopularity@10 : 81.9774
averagepopularity@15 : 79.7124
averagepopularity@20 : 77.8973
itemcoverage@5 : 0.7
itemcoverage@10 : 0.7928
itemcoverage@15 : 0.8365
itemcoverage@20 : 0.8635
giniindex@5 : 0.7683
giniindex@10 : 0.7521
giniindex@15 : 0.7418
giniindex@20 : 0.7339
Sat 09 May 2026 13:42:26 INFO  Saving current: saved/GRU4Rec_30music__days[245-185]_pcount[25]_ptime[60-1000000]_length[2-100]_recent[100]/GRU4Rec-May-09-2026_13-20-10.pth
Sat 09 May 2026 13:43:58 INFO  epoch 13 training [time: 91.50s, train loss: 3463.3131]
Sat 09 May 2026 13:44:09 INFO  epoch 13 evaluating [time: 11.65s, valid_score: 0.303900]
Sat 09 May 2026 13:44:09 INFO  valid result: 
recall@5 : 0.3725
recall@10 : 0.4157
recall@15 : 0.439
recall@20 : 0.4551
precision@5 : 0.0745
precision@10 : 0.0416
precision@15 : 0.0293
precision@20 : 0.0228
mrr@5 : 0.2981
mrr@10 : 0.3039
mrr@15 : 0.3057
mrr@20 : 0.3066
map@5 : 0.2981
map@10 : 0.3039
map@15 : 0.3057
map@20 : 0.3066
hit@5 : 0.3725
hit@10 : 0.4157
hit@15 : 0.439
hit@20 : 0.4551
ndcg@5 : 0.3167
ndcg@10 : 0.3307
ndcg@15 : 0.3369
ndcg@20 : 0.3407
averagepopularity@5 : 88.9508
averagepopularity@10 : 86.7805
averagepopularity@15 : 84.2852
averagepopularity@20 : 82.1923
itemcoverage@5 : 0.7107
itemcoverage@10 : 0.8041
itemcoverage@15 : 0.8474
itemcoverage@20 : 0.8733
giniindex@5 : 0.7651
giniindex@10 : 0.7495
giniindex@15 : 0.7398
giniindex@20 : 0.7322
Sat 09 May 2026 13:44:10 INFO  Saving current: saved/GRU4Rec_30music__days[245-185]_pcount[25]_ptime[60-1000000]_length[2-100]_recent[100]/GRU4Rec-May-09-2026_13-20-10.pth
Sat 09 May 2026 13:45:47 INFO  epoch 14 training [time: 97.01s, train loss: 3396.9936]
Sat 09 May 2026 13:45:59 INFO  epoch 14 evaluating [time: 12.29s, valid_score: 0.308100]
Sat 09 May 2026 13:45:59 INFO  valid result: 
recall@5 : 0.3753
recall@10 : 0.4171
recall@15 : 0.4402
recall@20 : 0.4563
precision@5 : 0.0751
precision@10 : 0.0417
precision@15 : 0.0293
precision@20 : 0.0228
mrr@5 : 0.3026
mrr@10 : 0.3081
mrr@15 : 0.31
mrr@20 : 0.3109
map@5 : 0.3026
map@10 : 0.3081
map@15 : 0.31
map@20 : 0.3109
hit@5 : 0.3753
hit@10 : 0.4171
hit@15 : 0.4402
hit@20 : 0.4563
ndcg@5 : 0.3208
ndcg@10 : 0.3343
ndcg@15 : 0.3404
ndcg@20 : 0.3442
averagepopularity@5 : 81.2414
averagepopularity@10 : 79.7631
averagepopularity@15 : 77.8427
averagepopularity@20 : 76.0552
itemcoverage@5 : 0.7329
itemcoverage@10 : 0.8236
itemcoverage@15 : 0.8647
itemcoverage@20 : 0.8896
giniindex@5 : 0.7473
giniindex@10 : 0.7308
giniindex@15 : 0.7207
giniindex@20 : 0.7128
Sat 09 May 2026 13:45:59 INFO  Saving current: saved/GRU4Rec_30music__days[245-185]_pcount[25]_ptime[60-1000000]_length[2-100]_recent[100]/GRU4Rec-May-09-2026_13-20-10.pth
Sat 09 May 2026 13:47:32 INFO  epoch 15 training [time: 92.77s, train loss: 3336.3265]
Sat 09 May 2026 13:47:44 INFO  epoch 15 evaluating [time: 11.80s, valid_score: 0.311000]
Sat 09 May 2026 13:47:44 INFO  valid result: 
recall@5 : 0.376
recall@10 : 0.4177
recall@15 : 0.4414
recall@20 : 0.4575
precision@5 : 0.0752
precision@10 : 0.0418
precision@15 : 0.0294
precision@20 : 0.0229
mrr@5 : 0.3054
mrr@10 : 0.311
mrr@15 : 0.3128
mrr@20 : 0.3138
map@5 : 0.3054
map@10 : 0.311
map@15 : 0.3128
map@20 : 0.3138
hit@5 : 0.376
hit@10 : 0.4177
hit@15 : 0.4414
hit@20 : 0.4575
ndcg@5 : 0.3231
ndcg@10 : 0.3366
ndcg@15 : 0.3429
ndcg@20 : 0.3467
averagepopularity@5 : 82.1779
averagepopularity@10 : 80.739
averagepopularity@15 : 78.8134
averagepopularity@20 : 77.0813
itemcoverage@5 : 0.737
itemcoverage@10 : 0.8281
itemcoverage@15 : 0.8691
itemcoverage@20 : 0.8928
giniindex@5 : 0.7474
giniindex@10 : 0.7315
giniindex@15 : 0.7216
giniindex@20 : 0.714
Sat 09 May 2026 13:47:44 INFO  Saving current: saved/GRU4Rec_30music__days[245-185]_pcount[25]_ptime[60-1000000]_length[2-100]_recent[100]/GRU4Rec-May-09-2026_13-20-10.pth
Sat 09 May 2026 13:49:17 INFO  epoch 16 training [time: 92.67s, train loss: 3279.9929]
Sat 09 May 2026 13:49:29 INFO  epoch 16 evaluating [time: 11.95s, valid_score: 0.313400]
Sat 09 May 2026 13:49:29 INFO  valid result: 
recall@5 : 0.3778
recall@10 : 0.4185
recall@15 : 0.4418
recall@20 : 0.4572
precision@5 : 0.0756
precision@10 : 0.0418
precision@15 : 0.0295
precision@20 : 0.0229
mrr@5 : 0.308
mrr@10 : 0.3134
mrr@15 : 0.3153
mrr@20 : 0.3161
map@5 : 0.308
map@10 : 0.3134
map@15 : 0.3153
map@20 : 0.3161
hit@5 : 0.3778
hit@10 : 0.4185
hit@15 : 0.4418
hit@20 : 0.4572
ndcg@5 : 0.3255
ndcg@10 : 0.3387
ndcg@15 : 0.3448
ndcg@20 : 0.3485
averagepopularity@5 : 79.5406
averagepopularity@10 : 78.4625
averagepopularity@15 : 76.7703
averagepopularity@20 : 75.1079
itemcoverage@5 : 0.7467
itemcoverage@10 : 0.8375
itemcoverage@15 : 0.8768
itemcoverage@20 : 0.9001
giniindex@5 : 0.7401
giniindex@10 : 0.7244
giniindex@15 : 0.7149
giniindex@20 : 0.7077
Sat 09 May 2026 13:49:29 INFO  Saving current: saved/GRU4Rec_30music__days[245-185]_pcount[25]_ptime[60-1000000]_length[2-100]_recent[100]/GRU4Rec-May-09-2026_13-20-10.pth
Sat 09 May 2026 13:51:03 INFO  epoch 17 training [time: 93.29s, train loss: 3227.5823]
Sat 09 May 2026 13:51:14 INFO  epoch 17 evaluating [time: 11.71s, valid_score: 0.316500]
Sat 09 May 2026 13:51:14 INFO  valid result: 
recall@5 : 0.3793
recall@10 : 0.4197
recall@15 : 0.4426
recall@20 : 0.4584
precision@5 : 0.0759
precision@10 : 0.042
precision@15 : 0.0295
precision@20 : 0.0229
mrr@5 : 0.3111
mrr@10 : 0.3165
mrr@15 : 0.3183
mrr@20 : 0.3192
map@5 : 0.3111
map@10 : 0.3165
map@15 : 0.3183
map@20 : 0.3192
hit@5 : 0.3793
hit@10 : 0.4197
hit@15 : 0.4426
hit@20 : 0.4584
ndcg@5 : 0.3282
ndcg@10 : 0.3413
ndcg@15 : 0.3473
ndcg@20 : 0.3511
averagepopularity@5 : 78.5453
averagepopularity@10 : 77.3781
averagepopularity@15 : 75.6576
averagepopularity@20 : 73.9831
itemcoverage@5 : 0.7553
itemcoverage@10 : 0.8442
itemcoverage@15 : 0.8835
itemcoverage@20 : 0.9053
giniindex@5 : 0.7353
giniindex@10 : 0.7197
giniindex@15 : 0.7099
giniindex@20 : 0.7026
Sat 09 May 2026 13:51:15 INFO  Saving current: saved/GRU4Rec_30music__days[245-185]_pcount[25]_ptime[60-1000000]_length[2-100]_recent[100]/GRU4Rec-May-09-2026_13-20-10.pth
Sat 09 May 2026 13:52:48 INFO  epoch 18 training [time: 93.11s, train loss: 3177.9311]
Sat 09 May 2026 13:52:59 INFO  epoch 18 evaluating [time: 11.65s, valid_score: 0.317800]
Sat 09 May 2026 13:52:59 INFO  valid result: 
recall@5 : 0.3804
recall@10 : 0.4202
recall@15 : 0.443
recall@20 : 0.4583
precision@5 : 0.0761
precision@10 : 0.042
precision@15 : 0.0295
precision@20 : 0.0229
mrr@5 : 0.3125
mrr@10 : 0.3178
mrr@15 : 0.3196
mrr@20 : 0.3205
map@5 : 0.3125
map@10 : 0.3178
map@15 : 0.3196
map@20 : 0.3205
hit@5 : 0.3804
hit@10 : 0.4202
hit@15 : 0.443
hit@20 : 0.4583
ndcg@5 : 0.3295
ndcg@10 : 0.3424
ndcg@15 : 0.3484
ndcg@20 : 0.352
averagepopularity@5 : 77.1442
averagepopularity@10 : 76.0785
averagepopularity@15 : 74.4977
averagepopularity@20 : 72.9414
itemcoverage@5 : 0.7615
itemcoverage@10 : 0.8496
itemcoverage@15 : 0.888
itemcoverage@20 : 0.9092
giniindex@5 : 0.7303
giniindex@10 : 0.715
giniindex@15 : 0.7054
giniindex@20 : 0.6984
Sat 09 May 2026 13:53:00 INFO  Saving current: saved/GRU4Rec_30music__days[245-185]_pcount[25]_ptime[60-1000000]_length[2-100]_recent[100]/GRU4Rec-May-09-2026_13-20-10.pth
Sat 09 May 2026 13:54:31 INFO  epoch 19 training [time: 91.24s, train loss: 3132.5092]
Sat 09 May 2026 13:54:43 INFO  epoch 19 evaluating [time: 11.51s, valid_score: 0.319300]
Sat 09 May 2026 13:54:43 INFO  valid result: 
recall@5 : 0.3813
recall@10 : 0.4211
recall@15 : 0.4432
recall@20 : 0.4588
precision@5 : 0.0763
precision@10 : 0.0421
precision@15 : 0.0295
precision@20 : 0.0229
mrr@5 : 0.3139
mrr@10 : 0.3193
mrr@15 : 0.321
mrr@20 : 0.3219
map@5 : 0.3139
map@10 : 0.3193
map@15 : 0.321
map@20 : 0.3219
hit@5 : 0.3813
hit@10 : 0.4211
hit@15 : 0.4432
hit@20 : 0.4588
ndcg@5 : 0.3308
ndcg@10 : 0.3437
ndcg@15 : 0.3495
ndcg@20 : 0.3532
averagepopularity@5 : 78.5916
averagepopularity@10 : 77.9283
averagepopularity@15 : 76.3322
averagepopularity@20 : 74.7617
itemcoverage@5 : 0.7674
itemcoverage@10 : 0.8549
itemcoverage@15 : 0.8918
itemcoverage@20 : 0.9129
giniindex@5 : 0.727
giniindex@10 : 0.7124
giniindex@15 : 0.7037
giniindex@20 : 0.6967
Sat 09 May 2026 13:54:43 INFO  Saving current: saved/GRU4Rec_30music__days[245-185]_pcount[25]_ptime[60-1000000]_length[2-100]_recent[100]/GRU4Rec-May-09-2026_13-20-10.pth
Sat 09 May 2026 13:54:43 INFO  Loading model structure and parameters from saved/GRU4Rec_30music__days[245-185]_pcount[25]_ptime[60-1000000]_length[2-100]_recent[100]/GRU4Rec-May-09-2026_13-20-10.pth
