Sat 09 May 2026 14:39:51 INFO  
General Hyper Parameters:
gpu_id = 0
use_gpu = True
seed = 2020
state = INFO
reproducibility = True
data_path = dataset/30music__days[365-305]_pcount[25]_ptime[60-1000000]_length[2-100]_recent[100]
checkpoint_dir = saved/GRU4Rec_30music__days[365-305]_pcount[25]_ptime[60-1000000]_length[2-100]_recent[100]
show_progress = True
save_dataset = False
dataset_save_path = None
save_dataloaders = False
dataloaders_save_path = None
log_wandb = False

Training Hyper Parameters:
epochs = 20
train_batch_size = 2048
learner = adam
learning_rate = 0.001
train_neg_sample_args = {'distribution': 'none', 'sample_num': 'none', 'alpha': 'none', 'dynamic': False, 'candidate_num': 0}
eval_step = 1
stopping_step = 3
clip_grad_norm = None
weight_decay = 0.0
loss_decimal_place = 4

Evaluation Hyper Parameters:
eval_args = {'split': {'RS': [8, 1, 1]}, 'order': 'TO', 'group_by': 'user', 'mode': {'valid': 'full', 'test': 'full'}}
repeatable = True
metrics = ['Recall', 'Precision', 'MRR', 'MAP', 'Hit', 'NDCG', 'AveragePopularity', 'ItemCoverage', 'GiniIndex']
topk = [5, 10, 15, 20]
valid_metric = MRR@10
valid_metric_bigger = True
eval_batch_size = 2048
metric_decimal_place = 4

Dataset Hyper Parameters:
gpu_id = 0
worker = 0
use_gpu = True
seed = 2020
state = INFO
reproducibility = True
data_path = dataset/30music__days[365-305]_pcount[25]_ptime[60-1000000]_length[2-100]_recent[100]
checkpoint_dir = saved/GRU4Rec_30music__days[365-305]_pcount[25]_ptime[60-1000000]_length[2-100]_recent[100]
show_progress = True
save_dataset = False
dataset_save_path = None
save_dataloaders = False
dataloaders_save_path = None
log_wandb = False
wandb_project = recbole
shuffle = True
epochs = 20
train_batch_size = 2048
learner = adam
learning_rate = 0.001
train_neg_sample_args = {'distribution': 'none', 'sample_num': 'none', 'alpha': 'none', 'dynamic': False, 'candidate_num': 0}
eval_step = 1
stopping_step = 3
clip_grad_norm = None
weight_decay = 0.0
loss_decimal_place = 4
require_pow = False
enable_amp = False
enable_scaler = False
transform = None
eval_args = {'split': {'RS': [8, 1, 1]}, 'order': 'TO', 'group_by': 'user', 'mode': {'valid': 'full', 'test': 'full'}}
repeatable = True
metrics = ['Recall', 'Precision', 'MRR', 'MAP', 'Hit', 'NDCG', 'AveragePopularity', 'ItemCoverage', 'GiniIndex']
topk = [5, 10, 15, 20]
valid_metric = MRR@10
valid_metric_bigger = True
eval_batch_size = 2048
metric_decimal_place = 4
field_separator = 	
seq_separator =  
USER_ID_FIELD = session_id
ITEM_ID_FIELD = item_id
RATING_FIELD = rating
TIME_FIELD = timestamp
seq_len = None
LABEL_FIELD = label
threshold = None
NEG_PREFIX = neg_
numerical_features = []
load_col = {'inter': ['session_id', 'item_id', 'timestamp']}
unload_col = None
unused_col = None
additional_feat_suffix = None
rm_dup_inter = None
val_interval = None
filter_inter_by_user_or_item = True
user_inter_num_interval = [0,inf)
item_inter_num_interval = [0,inf)
alias_of_user_id = None
alias_of_item_id = None
alias_of_entity_id = None
alias_of_relation_id = None
preload_weight = None
normalize_field = None
normalize_all = None
discretization = None
ITEM_LIST_LENGTH_FIELD = item_length
LIST_SUFFIX = _list
MAX_ITEM_LIST_LENGTH = 100
POSITION_FIELD = position_id
HEAD_ENTITY_ID_FIELD = head_id
TAIL_ENTITY_ID_FIELD = tail_id
RELATION_ID_FIELD = relation_id
ENTITY_ID_FIELD = entity_id
benchmark_filename = None

Other Hyper Parameters: 
embedding_size = 64
hidden_size = 128
num_layers = 1
dropout_prob = 0.3
loss_type = CE
kg_reverse_r = False
entity_kg_num_interval = [0,inf)
relation_kg_num_interval = [0,inf)
MODEL_TYPE = ModelType.SEQUENTIAL
neg_sampling = None
MODEL_INPUT_TYPE = InputType.POINTWISE
eval_type = EvaluatorType.RANKING
single_spec = True
local_rank = 0
device = cuda
valid_neg_sample_args = {'distribution': 'uniform', 'sample_num': 'none'}
test_neg_sample_args = {'distribution': 'uniform', 'sample_num': 'none'}


Sat 09 May 2026 14:40:05 INFO  30music__days[365-305]_pcount[25]_ptime[60-1000000]_length[2-100]_recent[100]
The number of users: 222038
Average actions of users: 9.921346442259624
The number of items: 115198
Average actions of items: 19.12294591004974
The number of inters: 2202906
The sparsity of the dataset: 99.99138760936896%
Remain Fields: ['session_id', 'item_id', 'timestamp']
Sat 09 May 2026 14:40:38 INFO  [Training]: train_batch_size = [2048] train_neg_sample_args: [{'distribution': 'none', 'sample_num': 'none', 'alpha': 'none', 'dynamic': False, 'candidate_num': 0}]
Sat 09 May 2026 14:40:38 INFO  [Evaluation]: eval_batch_size = [2048] eval_args: [{'split': {'RS': [8, 1, 1]}, 'order': 'TO', 'group_by': 'user', 'mode': {'valid': 'full', 'test': 'full'}}]
Sat 09 May 2026 14:40:38 INFO  GRU4Rec(
  (item_embedding): Embedding(115198, 64, padding_idx=0)
  (emb_dropout): Dropout(p=0.3, inplace=False)
  (gru_layers): GRU(64, 128, bias=False, batch_first=True)
  (dense): Linear(in_features=128, out_features=64, bias=True)
  (loss_fct): CrossEntropyLoss()
)
Trainable parameters: 7454656
Sat 09 May 2026 14:42:42 INFO  epoch 0 training [time: 122.90s, train loss: 7935.5758]
Sat 09 May 2026 14:42:54 INFO  epoch 0 evaluating [time: 12.33s, valid_score: 0.007700]
Sat 09 May 2026 14:42:54 INFO  valid result: 
recall@5 : 0.0125
recall@10 : 0.0218
recall@15 : 0.0285
recall@20 : 0.0348
precision@5 : 0.0025
precision@10 : 0.0022
precision@15 : 0.0019
precision@20 : 0.0017
mrr@5 : 0.0064
mrr@10 : 0.0077
mrr@15 : 0.0082
mrr@20 : 0.0085
map@5 : 0.0064
map@10 : 0.0077
map@15 : 0.0082
map@20 : 0.0085
hit@5 : 0.0125
hit@10 : 0.0218
hit@15 : 0.0285
hit@20 : 0.0348
ndcg@5 : 0.0079
ndcg@10 : 0.0109
ndcg@15 : 0.0127
ndcg@20 : 0.0142
averagepopularity@5 : 363.1353
averagepopularity@10 : 317.3885
averagepopularity@15 : 291.6568
averagepopularity@20 : 273.8666
itemcoverage@5 : 0.0095
itemcoverage@10 : 0.0146
itemcoverage@15 : 0.0187
itemcoverage@20 : 0.0226
giniindex@5 : 0.9985
giniindex@10 : 0.9976
giniindex@15 : 0.9968
giniindex@20 : 0.9961
Sat 09 May 2026 14:42:54 INFO  Saving current: saved/GRU4Rec_30music__days[365-305]_pcount[25]_ptime[60-1000000]_length[2-100]_recent[100]/GRU4Rec-May-09-2026_14-40-38.pth
Sat 09 May 2026 14:44:46 INFO  epoch 1 training [time: 112.11s, train loss: 7099.8707]
Sat 09 May 2026 14:44:59 INFO  epoch 1 evaluating [time: 13.00s, valid_score: 0.040100]
Sat 09 May 2026 14:44:59 INFO  valid result: 
recall@5 : 0.0639
recall@10 : 0.0874
recall@15 : 0.103
recall@20 : 0.115
precision@5 : 0.0128
precision@10 : 0.0087
precision@15 : 0.0069
precision@20 : 0.0058
mrr@5 : 0.037
mrr@10 : 0.0401
mrr@15 : 0.0413
mrr@20 : 0.042
map@5 : 0.037
map@10 : 0.0401
map@15 : 0.0413
map@20 : 0.042
hit@5 : 0.0639
hit@10 : 0.0874
hit@15 : 0.103
hit@20 : 0.115
ndcg@5 : 0.0437
ndcg@10 : 0.0512
ndcg@15 : 0.0553
ndcg@20 : 0.0582
averagepopularity@5 : 224.782
averagepopularity@10 : 202.7545
averagepopularity@15 : 188.7481
averagepopularity@20 : 178.659
itemcoverage@5 : 0.0485
itemcoverage@10 : 0.067
itemcoverage@15 : 0.081
itemcoverage@20 : 0.093
giniindex@5 : 0.991
giniindex@10 : 0.9871
giniindex@15 : 0.9841
giniindex@20 : 0.9815
Sat 09 May 2026 14:45:00 INFO  Saving current: saved/GRU4Rec_30music__days[365-305]_pcount[25]_ptime[60-1000000]_length[2-100]_recent[100]/GRU4Rec-May-09-2026_14-40-38.pth
Sat 09 May 2026 14:46:50 INFO  epoch 2 training [time: 110.12s, train loss: 6296.9096]
Sat 09 May 2026 14:47:03 INFO  epoch 2 evaluating [time: 13.29s, valid_score: 0.103200]
Sat 09 May 2026 14:47:03 INFO  valid result: 
recall@5 : 0.1532
recall@10 : 0.1939
recall@15 : 0.218
recall@20 : 0.2362
precision@5 : 0.0306
precision@10 : 0.0194
precision@15 : 0.0145
precision@20 : 0.0118
mrr@5 : 0.0978
mrr@10 : 0.1032
mrr@15 : 0.1051
mrr@20 : 0.1062
map@5 : 0.0978
map@10 : 0.1032
map@15 : 0.1051
map@20 : 0.1062
hit@5 : 0.1532
hit@10 : 0.1939
hit@15 : 0.218
hit@20 : 0.2362
ndcg@5 : 0.1116
ndcg@10 : 0.1247
ndcg@15 : 0.1311
ndcg@20 : 0.1354
averagepopularity@5 : 163.0415
averagepopularity@10 : 148.9301
averagepopularity@15 : 140.4177
averagepopularity@20 : 134.4954
itemcoverage@5 : 0.1533
itemcoverage@10 : 0.1999
itemcoverage@15 : 0.2306
itemcoverage@20 : 0.2543
giniindex@5 : 0.9648
giniindex@10 : 0.9548
giniindex@15 : 0.9478
giniindex@20 : 0.9422
Sat 09 May 2026 14:47:04 INFO  Saving current: saved/GRU4Rec_30music__days[365-305]_pcount[25]_ptime[60-1000000]_length[2-100]_recent[100]/GRU4Rec-May-09-2026_14-40-38.pth
Sat 09 May 2026 14:48:53 INFO  epoch 3 training [time: 108.88s, train loss: 5630.9037]
Sat 09 May 2026 14:49:06 INFO  epoch 3 evaluating [time: 12.92s, valid_score: 0.154000]
Sat 09 May 2026 14:49:06 INFO  valid result: 
recall@5 : 0.2257
recall@10 : 0.276
recall@15 : 0.3038
recall@20 : 0.3238
precision@5 : 0.0451
precision@10 : 0.0276
precision@15 : 0.0203
precision@20 : 0.0162
mrr@5 : 0.1473
mrr@10 : 0.154
mrr@15 : 0.1562
mrr@20 : 0.1573
map@5 : 0.1473
map@10 : 0.154
map@15 : 0.1562
map@20 : 0.1573
hit@5 : 0.2257
hit@10 : 0.276
hit@15 : 0.3038
hit@20 : 0.3238
ndcg@5 : 0.1668
ndcg@10 : 0.183
ndcg@15 : 0.1904
ndcg@20 : 0.1951
averagepopularity@5 : 148.0155
averagepopularity@10 : 136.2435
averagepopularity@15 : 128.9623
averagepopularity@20 : 123.5561
itemcoverage@5 : 0.2852
itemcoverage@10 : 0.3547
itemcoverage@15 : 0.3977
itemcoverage@20 : 0.4284
giniindex@5 : 0.9308
giniindex@10 : 0.9166
giniindex@15 : 0.9074
giniindex@20 : 0.9003
Sat 09 May 2026 14:49:06 INFO  Saving current: saved/GRU4Rec_30music__days[365-305]_pcount[25]_ptime[60-1000000]_length[2-100]_recent[100]/GRU4Rec-May-09-2026_14-40-38.pth
Sat 09 May 2026 14:50:52 INFO  epoch 4 training [time: 105.93s, train loss: 5195.0487]
Sat 09 May 2026 14:51:05 INFO  epoch 4 evaluating [time: 13.40s, valid_score: 0.189700]
Sat 09 May 2026 14:51:05 INFO  valid result: 
recall@5 : 0.274
recall@10 : 0.3264
recall@15 : 0.3546
recall@20 : 0.3737
precision@5 : 0.0548
precision@10 : 0.0326
precision@15 : 0.0236
precision@20 : 0.0187
mrr@5 : 0.1826
mrr@10 : 0.1897
mrr@15 : 0.1919
mrr@20 : 0.193
map@5 : 0.1826
map@10 : 0.1897
map@15 : 0.1919
map@20 : 0.193
hit@5 : 0.274
hit@10 : 0.3264
hit@15 : 0.3546
hit@20 : 0.3737
ndcg@5 : 0.2054
ndcg@10 : 0.2224
ndcg@15 : 0.2299
ndcg@20 : 0.2344
averagepopularity@5 : 140.1469
averagepopularity@10 : 130.1547
averagepopularity@15 : 123.4095
averagepopularity@20 : 118.3097
itemcoverage@5 : 0.3868
itemcoverage@10 : 0.4666
itemcoverage@15 : 0.5122
itemcoverage@20 : 0.5444
giniindex@5 : 0.9002
giniindex@10 : 0.8844
giniindex@15 : 0.8744
giniindex@20 : 0.8668
Sat 09 May 2026 14:51:06 INFO  Saving current: saved/GRU4Rec_30music__days[365-305]_pcount[25]_ptime[60-1000000]_length[2-100]_recent[100]/GRU4Rec-May-09-2026_14-40-38.pth
Sat 09 May 2026 14:52:52 INFO  epoch 5 training [time: 105.95s, train loss: 4901.2109]
Sat 09 May 2026 14:53:05 INFO  epoch 5 evaluating [time: 13.31s, valid_score: 0.214700]
Sat 09 May 2026 14:53:05 INFO  valid result: 
recall@5 : 0.3056
recall@10 : 0.3591
recall@15 : 0.387
recall@20 : 0.4056
precision@5 : 0.0611
precision@10 : 0.0359
precision@15 : 0.0258
precision@20 : 0.0203
mrr@5 : 0.2075
mrr@10 : 0.2147
mrr@15 : 0.2169
mrr@20 : 0.218
map@5 : 0.2075
map@10 : 0.2147
map@15 : 0.2169
map@20 : 0.218
hit@5 : 0.3056
hit@10 : 0.3591
hit@15 : 0.387
hit@20 : 0.4056
ndcg@5 : 0.232
ndcg@10 : 0.2494
ndcg@15 : 0.2568
ndcg@20 : 0.2612
averagepopularity@5 : 120.1727
averagepopularity@10 : 113.5837
averagepopularity@15 : 108.8602
averagepopularity@20 : 105.1912
itemcoverage@5 : 0.4691
itemcoverage@10 : 0.5552
itemcoverage@15 : 0.6008
itemcoverage@20 : 0.632
giniindex@5 : 0.8689
giniindex@10 : 0.8519
giniindex@15 : 0.8413
giniindex@20 : 0.8333
Sat 09 May 2026 14:53:05 INFO  Saving current: saved/GRU4Rec_30music__days[365-305]_pcount[25]_ptime[60-1000000]_length[2-100]_recent[100]/GRU4Rec-May-09-2026_14-40-38.pth
Sat 09 May 2026 14:54:52 INFO  epoch 6 training [time: 106.89s, train loss: 4683.8408]
Sat 09 May 2026 14:55:06 INFO  epoch 6 evaluating [time: 13.65s, valid_score: 0.234700]
Sat 09 May 2026 14:55:06 INFO  valid result: 
recall@5 : 0.3278
recall@10 : 0.3807
recall@15 : 0.4073
recall@20 : 0.4249
precision@5 : 0.0656
precision@10 : 0.0381
precision@15 : 0.0272
precision@20 : 0.0212
mrr@5 : 0.2276
mrr@10 : 0.2347
mrr@15 : 0.2368
mrr@20 : 0.2378
map@5 : 0.2276
map@10 : 0.2347
map@15 : 0.2368
map@20 : 0.2378
hit@5 : 0.3278
hit@10 : 0.3807
hit@15 : 0.4073
hit@20 : 0.4249
ndcg@5 : 0.2527
ndcg@10 : 0.2698
ndcg@15 : 0.2769
ndcg@20 : 0.281
averagepopularity@5 : 121.874
averagepopularity@10 : 113.9163
averagepopularity@15 : 108.5257
averagepopularity@20 : 104.4683
itemcoverage@5 : 0.5277
itemcoverage@10 : 0.6133
itemcoverage@15 : 0.659
itemcoverage@20 : 0.6895
giniindex@5 : 0.8499
giniindex@10 : 0.8332
giniindex@15 : 0.8229
giniindex@20 : 0.8147
Sat 09 May 2026 14:55:06 INFO  Saving current: saved/GRU4Rec_30music__days[365-305]_pcount[25]_ptime[60-1000000]_length[2-100]_recent[100]/GRU4Rec-May-09-2026_14-40-38.pth
Sat 09 May 2026 14:56:52 INFO  epoch 7 training [time: 105.58s, train loss: 4510.1968]
Sat 09 May 2026 14:57:05 INFO  epoch 7 evaluating [time: 13.52s, valid_score: 0.253000]
Sat 09 May 2026 14:57:05 INFO  valid result: 
recall@5 : 0.3449
recall@10 : 0.395
recall@15 : 0.4212
recall@20 : 0.4386
precision@5 : 0.069
precision@10 : 0.0395
precision@15 : 0.0281
precision@20 : 0.0219
mrr@5 : 0.2462
mrr@10 : 0.253
mrr@15 : 0.255
mrr@20 : 0.256
map@5 : 0.2462
map@10 : 0.253
map@15 : 0.255
map@20 : 0.256
hit@5 : 0.3449
hit@10 : 0.395
hit@15 : 0.4212
hit@20 : 0.4386
ndcg@5 : 0.271
ndcg@10 : 0.2872
ndcg@15 : 0.2941
ndcg@20 : 0.2983
averagepopularity@5 : 117.1827
averagepopularity@10 : 110.0769
averagepopularity@15 : 105.0694
averagepopularity@20 : 101.3218
itemcoverage@5 : 0.5762
itemcoverage@10 : 0.6628
itemcoverage@15 : 0.7066
itemcoverage@20 : 0.736
giniindex@5 : 0.829
giniindex@10 : 0.8132
giniindex@15 : 0.8031
giniindex@20 : 0.7952
Sat 09 May 2026 14:57:06 INFO  Saving current: saved/GRU4Rec_30music__days[365-305]_pcount[25]_ptime[60-1000000]_length[2-100]_recent[100]/GRU4Rec-May-09-2026_14-40-38.pth
Sat 09 May 2026 14:58:52 INFO  epoch 8 training [time: 106.23s, train loss: 4365.7464]
Sat 09 May 2026 14:59:06 INFO  epoch 8 evaluating [time: 13.67s, valid_score: 0.267000]
Sat 09 May 2026 14:59:06 INFO  valid result: 
recall@5 : 0.3555
recall@10 : 0.4041
recall@15 : 0.4303
recall@20 : 0.4471
precision@5 : 0.0711
precision@10 : 0.0404
precision@15 : 0.0287
precision@20 : 0.0224
mrr@5 : 0.2605
mrr@10 : 0.267
mrr@15 : 0.2691
mrr@20 : 0.2701
map@5 : 0.2605
map@10 : 0.267
map@15 : 0.2691
map@20 : 0.2701
hit@5 : 0.3555
hit@10 : 0.4041
hit@15 : 0.4303
hit@20 : 0.4471
ndcg@5 : 0.2843
ndcg@10 : 0.3001
ndcg@15 : 0.307
ndcg@20 : 0.311
averagepopularity@5 : 105.0198
averagepopularity@10 : 99.8634
averagepopularity@15 : 95.9602
averagepopularity@20 : 92.7493
itemcoverage@5 : 0.6175
itemcoverage@10 : 0.7024
itemcoverage@15 : 0.7466
itemcoverage@20 : 0.7755
giniindex@5 : 0.8102
giniindex@10 : 0.7942
giniindex@15 : 0.7838
giniindex@20 : 0.7752
Sat 09 May 2026 14:59:06 INFO  Saving current: saved/GRU4Rec_30music__days[365-305]_pcount[25]_ptime[60-1000000]_length[2-100]_recent[100]/GRU4Rec-May-09-2026_14-40-38.pth
Sat 09 May 2026 15:00:55 INFO  epoch 9 training [time: 108.48s, train loss: 4240.7510]
Sat 09 May 2026 15:01:08 INFO  epoch 9 evaluating [time: 13.56s, valid_score: 0.278800]
Sat 09 May 2026 15:01:08 INFO  valid result: 
recall@5 : 0.3638
recall@10 : 0.4108
recall@15 : 0.4356
recall@20 : 0.453
precision@5 : 0.0728
precision@10 : 0.0411
precision@15 : 0.029
precision@20 : 0.0226
mrr@5 : 0.2725
mrr@10 : 0.2788
mrr@15 : 0.2808
mrr@20 : 0.2817
map@5 : 0.2725
map@10 : 0.2788
map@15 : 0.2808
map@20 : 0.2817
hit@5 : 0.3638
hit@10 : 0.4108
hit@15 : 0.4356
hit@20 : 0.453
ndcg@5 : 0.2954
ndcg@10 : 0.3106
ndcg@15 : 0.3172
ndcg@20 : 0.3213
averagepopularity@5 : 109.7439
averagepopularity@10 : 104.8229
averagepopularity@15 : 100.733
averagepopularity@20 : 97.4965
itemcoverage@5 : 0.6416
itemcoverage@10 : 0.7285
itemcoverage@15 : 0.7733
itemcoverage@20 : 0.8015
giniindex@5 : 0.8034
giniindex@10 : 0.7884
giniindex@15 : 0.778
giniindex@20 : 0.7701
Sat 09 May 2026 15:01:09 INFO  Saving current: saved/GRU4Rec_30music__days[365-305]_pcount[25]_ptime[60-1000000]_length[2-100]_recent[100]/GRU4Rec-May-09-2026_14-40-38.pth
Sat 09 May 2026 15:02:57 INFO  epoch 10 training [time: 108.32s, train loss: 4131.2202]
Sat 09 May 2026 15:03:11 INFO  epoch 10 evaluating [time: 14.08s, valid_score: 0.290600]
Sat 09 May 2026 15:03:11 INFO  valid result: 
recall@5 : 0.3723
recall@10 : 0.4181
recall@15 : 0.4427
recall@20 : 0.4592
precision@5 : 0.0745
precision@10 : 0.0418
precision@15 : 0.0295
precision@20 : 0.023
mrr@5 : 0.2845
mrr@10 : 0.2906
mrr@15 : 0.2926
mrr@20 : 0.2935
map@5 : 0.2845
map@10 : 0.2906
map@15 : 0.2926
map@20 : 0.2935
hit@5 : 0.3723
hit@10 : 0.4181
hit@15 : 0.4427
hit@20 : 0.4592
ndcg@5 : 0.3065
ndcg@10 : 0.3213
ndcg@15 : 0.3279
ndcg@20 : 0.3318
averagepopularity@5 : 108.7545
averagepopularity@10 : 104.15
averagepopularity@15 : 100.2067
averagepopularity@20 : 97.0294
itemcoverage@5 : 0.6716
itemcoverage@10 : 0.7568
itemcoverage@15 : 0.7992
itemcoverage@20 : 0.8256
giniindex@5 : 0.7895
giniindex@10 : 0.7744
giniindex@15 : 0.7642
giniindex@20 : 0.7561
Sat 09 May 2026 15:03:12 INFO  Saving current: saved/GRU4Rec_30music__days[365-305]_pcount[25]_ptime[60-1000000]_length[2-100]_recent[100]/GRU4Rec-May-09-2026_14-40-38.pth
Sat 09 May 2026 15:05:01 INFO  epoch 11 training [time: 109.15s, train loss: 4035.2401]
Sat 09 May 2026 15:05:15 INFO  epoch 11 evaluating [time: 14.07s, valid_score: 0.299200]
Sat 09 May 2026 15:05:15 INFO  valid result: 
recall@5 : 0.3769
recall@10 : 0.4223
recall@15 : 0.4466
recall@20 : 0.4627
precision@5 : 0.0754
precision@10 : 0.0422
precision@15 : 0.0298
precision@20 : 0.0231
mrr@5 : 0.2931
mrr@10 : 0.2992
mrr@15 : 0.3011
mrr@20 : 0.302
map@5 : 0.2931
map@10 : 0.2992
map@15 : 0.3011
map@20 : 0.302
hit@5 : 0.3769
hit@10 : 0.4223
hit@15 : 0.4466
hit@20 : 0.4627
ndcg@5 : 0.3141
ndcg@10 : 0.3288
ndcg@15 : 0.3352
ndcg@20 : 0.3391
averagepopularity@5 : 101.2094
averagepopularity@10 : 97.6577
averagepopularity@15 : 94.4507
averagepopularity@20 : 91.8087
itemcoverage@5 : 0.6907
itemcoverage@10 : 0.7767
itemcoverage@15 : 0.8183
itemcoverage@20 : 0.8444
giniindex@5 : 0.7787
giniindex@10 : 0.7634
giniindex@15 : 0.7534
giniindex@20 : 0.7453
Sat 09 May 2026 15:05:15 INFO  Saving current: saved/GRU4Rec_30music__days[365-305]_pcount[25]_ptime[60-1000000]_length[2-100]_recent[100]/GRU4Rec-May-09-2026_14-40-38.pth
Sat 09 May 2026 15:07:05 INFO  epoch 12 training [time: 109.51s, train loss: 3948.9205]
Sat 09 May 2026 15:07:19 INFO  epoch 12 evaluating [time: 14.14s, valid_score: 0.305300]
Sat 09 May 2026 15:07:19 INFO  valid result: 
recall@5 : 0.3814
recall@10 : 0.4251
recall@15 : 0.4494
recall@20 : 0.4651
precision@5 : 0.0763
precision@10 : 0.0425
precision@15 : 0.03
precision@20 : 0.0233
mrr@5 : 0.2995
mrr@10 : 0.3053
mrr@15 : 0.3072
mrr@20 : 0.3081
map@5 : 0.2995
map@10 : 0.3053
map@15 : 0.3072
map@20 : 0.3081
hit@5 : 0.3814
hit@10 : 0.4251
hit@15 : 0.4494
hit@20 : 0.4651
ndcg@5 : 0.32
ndcg@10 : 0.3341
ndcg@15 : 0.3406
ndcg@20 : 0.3443
averagepopularity@5 : 103.746
averagepopularity@10 : 99.734
averagepopularity@15 : 96.077
averagepopularity@20 : 93.2702
itemcoverage@5 : 0.7056
itemcoverage@10 : 0.7902
itemcoverage@15 : 0.8317
itemcoverage@20 : 0.8575
giniindex@5 : 0.7745
giniindex@10 : 0.76
giniindex@15 : 0.7502
giniindex@20 : 0.7426
Sat 09 May 2026 15:07:19 INFO  Saving current: saved/GRU4Rec_30music__days[365-305]_pcount[25]_ptime[60-1000000]_length[2-100]_recent[100]/GRU4Rec-May-09-2026_14-40-38.pth
Sat 09 May 2026 15:09:11 INFO  epoch 13 training [time: 111.86s, train loss: 3871.8106]
Sat 09 May 2026 15:09:25 INFO  epoch 13 evaluating [time: 14.29s, valid_score: 0.311400]
Sat 09 May 2026 15:09:25 INFO  valid result: 
recall@5 : 0.3838
recall@10 : 0.4281
recall@15 : 0.452
recall@20 : 0.4677
precision@5 : 0.0768
precision@10 : 0.0428
precision@15 : 0.0301
precision@20 : 0.0234
mrr@5 : 0.3055
mrr@10 : 0.3114
mrr@15 : 0.3133
mrr@20 : 0.3142
map@5 : 0.3055
map@10 : 0.3114
map@15 : 0.3133
map@20 : 0.3142
hit@5 : 0.3838
hit@10 : 0.4281
hit@15 : 0.452
hit@20 : 0.4677
ndcg@5 : 0.3251
ndcg@10 : 0.3395
ndcg@15 : 0.3458
ndcg@20 : 0.3495
averagepopularity@5 : 99.5317
averagepopularity@10 : 96.0172
averagepopularity@15 : 92.8134
averagepopularity@20 : 90.1601
itemcoverage@5 : 0.7266
itemcoverage@10 : 0.8106
itemcoverage@15 : 0.8504
itemcoverage@20 : 0.8747
giniindex@5 : 0.7598
giniindex@10 : 0.7452
giniindex@15 : 0.7351
giniindex@20 : 0.7271
Sat 09 May 2026 15:09:26 INFO  Saving current: saved/GRU4Rec_30music__days[365-305]_pcount[25]_ptime[60-1000000]_length[2-100]_recent[100]/GRU4Rec-May-09-2026_14-40-38.pth
Sat 09 May 2026 15:11:16 INFO  epoch 14 training [time: 110.62s, train loss: 3800.5434]
Sat 09 May 2026 15:11:31 INFO  epoch 14 evaluating [time: 14.44s, valid_score: 0.315800]
Sat 09 May 2026 15:11:31 INFO  valid result: 
recall@5 : 0.3859
recall@10 : 0.4295
recall@15 : 0.4538
recall@20 : 0.4695
precision@5 : 0.0772
precision@10 : 0.0429
precision@15 : 0.0303
precision@20 : 0.0235
mrr@5 : 0.31
mrr@10 : 0.3158
mrr@15 : 0.3177
mrr@20 : 0.3186
map@5 : 0.31
map@10 : 0.3158
map@15 : 0.3177
map@20 : 0.3186
hit@5 : 0.3859
hit@10 : 0.4295
hit@15 : 0.4538
hit@20 : 0.4695
ndcg@5 : 0.329
ndcg@10 : 0.3431
ndcg@15 : 0.3495
ndcg@20 : 0.3532
averagepopularity@5 : 94.0316
averagepopularity@10 : 91.5926
averagepopularity@15 : 88.9342
averagepopularity@20 : 86.6713
itemcoverage@5 : 0.7384
itemcoverage@10 : 0.8223
itemcoverage@15 : 0.8606
itemcoverage@20 : 0.8846
giniindex@5 : 0.7551
giniindex@10 : 0.7398
giniindex@15 : 0.7299
giniindex@20 : 0.722
Sat 09 May 2026 15:11:31 INFO  Saving current: saved/GRU4Rec_30music__days[365-305]_pcount[25]_ptime[60-1000000]_length[2-100]_recent[100]/GRU4Rec-May-09-2026_14-40-38.pth
Sat 09 May 2026 15:13:25 INFO  epoch 15 training [time: 113.27s, train loss: 3736.0635]
Sat 09 May 2026 15:13:39 INFO  epoch 15 evaluating [time: 14.64s, valid_score: 0.320100]
Sat 09 May 2026 15:13:39 INFO  valid result: 
recall@5 : 0.3889
recall@10 : 0.4316
recall@15 : 0.4553
recall@20 : 0.4713
precision@5 : 0.0778
precision@10 : 0.0432
precision@15 : 0.0304
precision@20 : 0.0236
mrr@5 : 0.3143
mrr@10 : 0.3201
mrr@15 : 0.3219
mrr@20 : 0.3228
map@5 : 0.3143
map@10 : 0.3201
map@15 : 0.3219
map@20 : 0.3228
hit@5 : 0.3889
hit@10 : 0.4316
hit@15 : 0.4553
hit@20 : 0.4713
ndcg@5 : 0.333
ndcg@10 : 0.3468
ndcg@15 : 0.3531
ndcg@20 : 0.3569
averagepopularity@5 : 93.5929
averagepopularity@10 : 91.1349
averagepopularity@15 : 88.4908
averagepopularity@20 : 86.2745
itemcoverage@5 : 0.7519
itemcoverage@10 : 0.837
itemcoverage@15 : 0.8748
itemcoverage@20 : 0.8978
giniindex@5 : 0.7455
giniindex@10 : 0.7306
giniindex@15 : 0.7206
giniindex@20 : 0.7128
Sat 09 May 2026 15:13:40 INFO  Saving current: saved/GRU4Rec_30music__days[365-305]_pcount[25]_ptime[60-1000000]_length[2-100]_recent[100]/GRU4Rec-May-09-2026_14-40-38.pth
Sat 09 May 2026 15:15:33 INFO  epoch 16 training [time: 113.78s, train loss: 3674.9620]
Sat 09 May 2026 15:15:49 INFO  epoch 16 evaluating [time: 15.25s, valid_score: 0.324200]
Sat 09 May 2026 15:15:49 INFO  valid result: 
recall@5 : 0.3908
recall@10 : 0.4332
recall@15 : 0.4565
recall@20 : 0.4721
precision@5 : 0.0782
precision@10 : 0.0433
precision@15 : 0.0304
precision@20 : 0.0236
mrr@5 : 0.3186
mrr@10 : 0.3242
mrr@15 : 0.3261
mrr@20 : 0.3269
map@5 : 0.3186
map@10 : 0.3242
map@15 : 0.3261
map@20 : 0.3269
hit@5 : 0.3908
hit@10 : 0.4332
hit@15 : 0.4565
hit@20 : 0.4721
ndcg@5 : 0.3367
ndcg@10 : 0.3504
ndcg@15 : 0.3565
ndcg@20 : 0.3602
averagepopularity@5 : 91.083
averagepopularity@10 : 88.7961
averagepopularity@15 : 86.4217
averagepopularity@20 : 84.3554
itemcoverage@5 : 0.7599
itemcoverage@10 : 0.844
itemcoverage@15 : 0.8815
itemcoverage@20 : 0.9035
giniindex@5 : 0.7415
giniindex@10 : 0.7264
giniindex@15 : 0.7168
giniindex@20 : 0.7092
Sat 09 May 2026 15:15:49 INFO  Saving current: saved/GRU4Rec_30music__days[365-305]_pcount[25]_ptime[60-1000000]_length[2-100]_recent[100]/GRU4Rec-May-09-2026_14-40-38.pth
Sat 09 May 2026 15:17:45 INFO  epoch 17 training [time: 115.56s, train loss: 3619.1614]
Sat 09 May 2026 15:18:03 INFO  epoch 17 evaluating [time: 18.56s, valid_score: 0.325800]
Sat 09 May 2026 15:18:03 INFO  valid result: 
recall@5 : 0.3915
recall@10 : 0.4336
recall@15 : 0.4568
recall@20 : 0.4724
precision@5 : 0.0783
precision@10 : 0.0434
precision@15 : 0.0305
precision@20 : 0.0236
mrr@5 : 0.3201
mrr@10 : 0.3258
mrr@15 : 0.3276
mrr@20 : 0.3285
map@5 : 0.3201
map@10 : 0.3258
map@15 : 0.3276
map@20 : 0.3285
hit@5 : 0.3915
hit@10 : 0.4336
hit@15 : 0.4568
hit@20 : 0.4724
ndcg@5 : 0.338
ndcg@10 : 0.3516
ndcg@15 : 0.3578
ndcg@20 : 0.3615
averagepopularity@5 : 90.2977
averagepopularity@10 : 88.3722
averagepopularity@15 : 85.9684
averagepopularity@20 : 83.9386
itemcoverage@5 : 0.7704
itemcoverage@10 : 0.8522
itemcoverage@15 : 0.8881
itemcoverage@20 : 0.9092
giniindex@5 : 0.7352
giniindex@10 : 0.7203
giniindex@15 : 0.7105
giniindex@20 : 0.7027
Sat 09 May 2026 15:18:04 INFO  Saving current: saved/GRU4Rec_30music__days[365-305]_pcount[25]_ptime[60-1000000]_length[2-100]_recent[100]/GRU4Rec-May-09-2026_14-40-38.pth
Sat 09 May 2026 15:19:44 INFO  epoch 18 training [time: 100.10s, train loss: 3566.1435]
Sat 09 May 2026 15:19:56 INFO  epoch 18 evaluating [time: 12.67s, valid_score: 0.328400]
Sat 09 May 2026 15:19:56 INFO  valid result: 
recall@5 : 0.3929
recall@10 : 0.4349
recall@15 : 0.4579
recall@20 : 0.4734
precision@5 : 0.0786
precision@10 : 0.0435
precision@15 : 0.0305
precision@20 : 0.0237
mrr@5 : 0.3228
mrr@10 : 0.3284
mrr@15 : 0.3302
mrr@20 : 0.3311
map@5 : 0.3228
map@10 : 0.3284
map@15 : 0.3302
map@20 : 0.3311
hit@5 : 0.3929
hit@10 : 0.4349
hit@15 : 0.4579
hit@20 : 0.4734
ndcg@5 : 0.3404
ndcg@10 : 0.3539
ndcg@15 : 0.36
ndcg@20 : 0.3637
averagepopularity@5 : 93.854
averagepopularity@10 : 91.7116
averagepopularity@15 : 89.3412
averagepopularity@20 : 87.2615
itemcoverage@5 : 0.7725
itemcoverage@10 : 0.8538
itemcoverage@15 : 0.8908
itemcoverage@20 : 0.9118
giniindex@5 : 0.7384
giniindex@10 : 0.7245
giniindex@15 : 0.7155
giniindex@20 : 0.7085
Sat 09 May 2026 15:19:57 INFO  Saving current: saved/GRU4Rec_30music__days[365-305]_pcount[25]_ptime[60-1000000]_length[2-100]_recent[100]/GRU4Rec-May-09-2026_14-40-38.pth
Sat 09 May 2026 15:21:37 INFO  epoch 19 training [time: 100.51s, train loss: 3516.0414]
Sat 09 May 2026 15:21:51 INFO  epoch 19 evaluating [time: 13.69s, valid_score: 0.330200]
Sat 09 May 2026 15:21:51 INFO  valid result: 
recall@5 : 0.3941
recall@10 : 0.4357
recall@15 : 0.459
recall@20 : 0.4746
precision@5 : 0.0788
precision@10 : 0.0436
precision@15 : 0.0306
precision@20 : 0.0237
mrr@5 : 0.3246
mrr@10 : 0.3302
mrr@15 : 0.332
mrr@20 : 0.3329
map@5 : 0.3246
map@10 : 0.3302
map@15 : 0.332
map@20 : 0.3329
hit@5 : 0.3941
hit@10 : 0.4357
hit@15 : 0.459
hit@20 : 0.4746
ndcg@5 : 0.342
ndcg@10 : 0.3555
ndcg@15 : 0.3616
ndcg@20 : 0.3653
averagepopularity@5 : 88.5747
averagepopularity@10 : 87.0125
averagepopularity@15 : 84.9236
averagepopularity@20 : 83.1702
itemcoverage@5 : 0.7834
itemcoverage@10 : 0.8645
itemcoverage@15 : 0.8992
itemcoverage@20 : 0.9191
giniindex@5 : 0.728
giniindex@10 : 0.7144
giniindex@15 : 0.7055
giniindex@20 : 0.6984
Sat 09 May 2026 15:21:51 INFO  Saving current: saved/GRU4Rec_30music__days[365-305]_pcount[25]_ptime[60-1000000]_length[2-100]_recent[100]/GRU4Rec-May-09-2026_14-40-38.pth
Sat 09 May 2026 15:21:52 INFO  Loading model structure and parameters from saved/GRU4Rec_30music__days[365-305]_pcount[25]_ptime[60-1000000]_length[2-100]_recent[100]/GRU4Rec-May-09-2026_14-40-38.pth
